04-11 00:27:44.439 D/Navbar.Store( 3535): ------------apply(0) NavBarStoreAction$UpdateRemoteViewContainer
04-11 00:27:44.439 D/Navbar.Store( 3535): ------------apply(0) NavBarStoreAction$UpdateRemoteViewDarkIntensity
04-11 00:27:44.439 D/Navbar.Store( 3535): --------handleEvent(1) OnUpdateRemoteViewContainer(rotation=0, leftContainer=android.widget.LinearLayout{e7dfe08 I.E...... ......I. 0,0-0,0 #7f0a0624 app:id/left_remoteview}, rightContainer=android.widget.LinearLayout{68ea387 I.E...... ......I. 0,0-0,0 #7f0a09df app:id/right_remoteview}, contextualButtonVisible=true, darkIntensity=0.0, displayId=0) [Module] SamsungNavigationBarView
04-11 00:27:44.439 D/NavBarView( 3535): disableBack=false (useAltBack=false, handlingGestures=false, disabledFlagBack=false, isBottomGesture=false, isImeRenderingNavButtons=false)
04-11 00:27:44.440 D/Navbar.Store( 3535): ----handleEvent(0) OnUpdateSysUiStateFlag(noArguments=true) [Module] SamsungNavigationBarView
04-11 00:27:44.440 D/Navbar.Store( 3535): ------[Band]GESTURE_PACK_UPDATE_SYSTEMUI_STATE_FLAG
04-11 00:27:44.440 D/Navbar.Store( 3535): ------[Band] (afterAction) GESTURE_PACK_UPDATE_SYSTEMUI_STATE_FLAG
04-11 00:27:44.440 D/HoneySpace.TISBinder( 4205): onActiveNavBarRegionChanges: Not yet implemented
04-11 00:27:44.440 D/NavBarStateManager( 3535): NavBarStates(0) canUseNavBarBackgroundFrame: false
04-11 00:27:44.440 D/SoundCraft.PlayingAudioConditionHandler( 3535): onPlaybackConfigChanged : lastStartedPackageName=null, lastStartedUid=-1, newStartedUid=-1, newStartPackageName=null, thread=Thread[RoutineHandlerThread,5,main]
04-11 00:27:44.440 D/HoneySpace.TISBinder( 4205): onActiveNavBarRegionChanges: Not yet implemented
04-11 00:27:44.440 D/SecVolume.VolumePanelStore( 3535): dispatch [ACTION_STATE_CHANGED with [STATE_NO_DISPATCH], currentAction={isVoiceCapble : true, isFromOutside : true, activeStream : -1}, currentState={activeStream=10(vol=1), stream=10(vol=1) } isHasVibrator : true, isMediaDefaultEnabled : true, isConfigurationChanged : true, isSetupWizardComplete : true, isVoiceCapable : true, timeOutControls : 10000, cutoutHeight : 71, stream : 10, earProtectLevel : 909, iconTargetState : 2, ringerModeInternal : 2, activeStream : 10, iconCurrentState : 2, timeOutControlsText : 10000, pinDevice : 0, timeOut : 10000, systemTimeNow : 1574329968}
04-11 00:27:44.441 I/BtGatt.ScanHelper( 3694): onScanResult to scannerId: 9- eventType=0x1b, addressType=1, address=XX:XX:XX:XX:9B:1D, primaryPhy=1, secondaryPhy=0, advertisingSid=0xff, txPower=127, rssi=-54, periodicAdvInt=0x0
04-11 00:27:44.441 D/SecVolume.SmartViewInteractor( 3535): isSmartView=false
04-11 00:27:44.441 D/SecVolume.VolumePanelStore( 3535):   > New State : [STATE_UPDATE]
04-11 00:27:44.441 D/SecVolume.JSonLogger( 3535): applyVolumeRow 10: {"boolMap":{"SLIDER_ENABLED":true,"IMPORTANT":false,"ICON_CLICKABLE":true,"VISIBILITY":true,"MUTED":false,"DYNAMIC":false,"ROUTED_TO_BLUETOOTH":false,"ICON_ENABLED":false,"ACTIVE_NOW":false},"intMap":{"ORIGINAL_PRIORITY":4,"REAL_LEVEL":6,"LEVEL_MAX":15,"ICON_TYPE":3,"EAR_PROTECT_LEVEL":-1,"AUDIBLE_LEVEL":6,"PRIORITY":0,"LEVEL":6,"LEVEL_MIN":1},"longMap":{},"streamType":10,"stringMap":{"REMOTE_LABEL":"","DUAL_BT_DEVICE_NAME":"","NAME_RES":"com.android.systemui:string/stream_accessibility","SMART_VIEW_LABEL":"","DUAL_BT_DEVICE_ADDRESS":""}}
04-11 00:27:44.441 D/SGM:GameManager( 2531): onDisplayChanged. displyId: 0, state: 2
04-11 00:27:44.441 D/AudioFlinger( 1665): ro.audio.silent is ignored since no output device is set
04-11 00:27:44.441 D/SGM:FgCheckThread( 2531): onLooperPrepared(), msg: MSG_LCD_ON
04-11 00:27:44.441 D/AODManagerService( 2531): requestReCalToTSP IsSingleTouchMode = falserequestedReCalToTSP = false / previousDisplayState = ON
04-11 00:27:44.442 D/AudioFlinger( 1665): ro.audio.silent is ignored since no output device is set
04-11 00:27:44.442 D/LiftUpHandler( 2531): [LTW] Stopped already.
04-11 00:27:44.442 D/BrightnessThermalClamper( 2531): Thermal status observer already started
04-11 00:27:44.442 I/SoundAlive_SRC384 arch64( 1665): ~SoundAlive_SRC384(): instance 38957
04-11 00:27:44.442 I/SoundAlive_SRC384 arch64( 1665): ~SoundAlive_SRC384(): instance 38929
04-11 00:27:44.442 I/SoundAlive_SRC384 arch64( 1665): ~SoundAlive_SRC384(): instance 38981
04-11 00:27:44.443 I/SoundAlive_SRC384 arch64( 1665): ~SoundAlive_SRC384(): instance 38982
04-11 00:27:44.443 I/AudioFlinger( 1665): updateStageIndex new -2901
04-11 00:27:44.443 D/audioserver( 1665): logFgsApiBegin: FGS Logger Transaction failed, -129
04-11 00:27:44.443 I/VRI[PointerLocation - display 0]@f6c4ddd( 2531): onDisplayChanged oldDisplayState=2 newDisplayState=2
04-11 00:27:44.443 V/AS.PlaybackActivityMon( 2531): BLA portEvent(portId=33924, event=PLAYER_UPDATE_FORMAT, extras=PersistableBundle[mParcelledData.dataSize=316])
04-11 00:27:44.443 I/SoundBoosterEffectPlus( 1665): SB_setVolume(0xb4000073dff784d0)
04-11 00:27:44.443 I/SoundBoosterEffectPlus( 1665): command EFFECT_CMD_SET_VOLUME left = 1.000000, right =1.000000
04-11 00:27:44.443 I/SAG_EQ a64( 1665): SetVolumeFloat() inst_num [1649760492] VolumeFloat [0.000087] mModeFW [0] mMode [0]
04-11 00:27:44.443 I/SAG_EQ a64( 1665): mIsVolumeTableValid yes 
04-11 00:27:44.443 I/SAG_EQ a64( 1665): SetVolume() VolumeIndexInt [15] 
04-11 00:27:44.443 V/AS.PlaybackActivityMon( 2531): dispatchPlaybackChange to 9 clients
04-11 00:27:44.444 I/AHAL: AudioStream( 1530): out_update_source_metadata_v7: 1265: track count is 1
04-11 00:27:44.444 D/AHAL: AudioStream( 1530): out_update_source_metadata_v7: 1310: Source metadata usage:11 content_type:0
04-11 00:27:44.444 D/AHAL: AudioStream( 1530): SetAggregateSourceMetadata: 4666: Aggregated Source metadata usage:11 content_type:0
04-11 00:27:44.444 V/AS.PlaybackActivityMon( 2531): playerEvent(piid=229127, event=PLAYER_UPDATE_DEVICE_ID, eventValue=3)
04-11 00:27:44.444 V/AS.PlaybackActivityMon( 2531): dispatchPlaybackChange to 9 clients
04-11 00:27:44.444 D/AHAL: AudioStream( 1530): AutoPerfLock: 157: (Acquired) perf_lock_handle: 0x24d24, count: 1
04-11 00:27:44.444 I/AHAL: AudioStream( 1530): Open: 3437: Enter: OutPrimary usecase(2: low-latency-playback)
04-11 00:27:44.444 D/AHAL: AudioStream( 1530): Open: 3443: no_of_devices 1
04-11 00:27:44.444 I/AHAL: AudioStream( 1530): Open: 3457:  flags_:0x4, mAndroidOutDevices 2
04-11 00:27:44.444 D/AHAL: AudioStream( 1530): Open: 3530: halInputFormat 4 halOutputFormat 4 palformat 22
04-11 00:27:44.444 I/AHAL: SecAudioStream( 1530): SetCustomKey: 341: set custom key for SPEAKER_LEFT_AMP_OFF
04-11 00:27:44.444 I/AHAL: SecAudioStream( 1530): SetCustomKey: 352: Setting custom key as speaker_left_amp_off
04-11 00:27:44.444 D/AHAL: AudioStream( 1530): Open: 3621: channels 2 samplerate 48000 format id 22, stream type 1  stream bitwidth 32
04-11 00:27:44.444 D/AHAL: AudioStream( 1530): Open: 3622: msample_rate 0 mchannels 0 mNoOfOutDevices 1
04-11 00:27:44.445 I/BWU@AudioPlaybackControlManager(20408): playerType : 1, clientPid : 16138, usage : 11, playerState : 2 isMusicActive false
04-11 00:27:44.445 I/PAL: API( 1530): pal_stream_open: 228: Enter, stream type:1
04-11 00:27:44.445 I/BWU@AudioPlaybackControlManager(20408): com.samsung.SMT is now playing
04-11 00:27:44.445 I/PAL: Device( 1530): setDeviceAttributes: 396: DeviceAttributes for Device Id 3 updated
04-11 00:27:44.445 I/PAL: Device( 1530): open: 476: Enter. deviceCount 0 for device id 3 (PAL_DEVICE_OUT_SPEAKER)
04-11 00:27:44.445 I/PAL: SessionAlsaUtils( 1530): setDeviceMediaConfig: 1063: TDM-LPAIF-RX-PRIMARY rate ch fmt data_fmt 48000 2 6 1
04-11 00:27:44.445 I/BWU@AudioPlaybackControlManager(20408): currentDeviceType : 2
04-11 00:27:44.445 D/audio_route( 1530): Apply path: speaker-mono-right
04-11 00:27:44.445 I/PAL: Device( 1530): open: 511: Exit. deviceCount 1 for device id 3 (PAL_DEVICE_OUT_SPEAKER), exit status: 0
04-11 00:27:44.445 I/PAL: ResourceManager( 1530): allocateFrontEndIds: 7106: allocateFrontEndIds: front end 126
04-11 00:27:44.445 I/PAL: PayloadBuilder( 1530): populateStreamKV: 3154: stream type 1
04-11 00:27:44.445 I/PAL: PayloadBuilder( 1530): getSelectorValues: 2976: Direction: 1
04-11 00:27:44.445 I/PAL: PayloadBuilder( 1530): getSelectorValues: 2992: Instance: 1
04-11 00:27:44.445 I/vendor.qti.bluetooth@1.1-ibs_handler( 1531): DeviceSleep: TX Awake, Sending SLEEP_IND
04-11 00:27:44.445 I/PAL: PayloadBuilder( 1530): findKVs: 2866: key: 0xa1000000 value: 0xa100000e
04-11 00:27:44.445 I/PAL: PayloadBuilder( 1530): findKVs: 2866: key: 0xab000000 value: 0x1
04-11 00:27:44.445 I/PAL: PayloadBuilder( 1530): populateStreamCkv: 3496: Entered default a4000000 f
04-11 00:27:44.445 D/SepAudioManager3.1.30(20408): getRemoteSubmixType:25
04-11 00:27:44.445 I/BWU@MediaControlObject(20408): isRemoteSubmix() false
04-11 00:27:44.445 I/BWU@AudioPlaybackControlManager(20408): startAECRecording. aecType : 100
04-11 00:27:44.445 I/BWU@AecWakeupService(20408): IMediaControlListener - onStartRecording() with aecType : 100 appLaunch false
04-11 00:27:44.445 I/BWU@AecWakeupService(20408): stopRecording! isAECProcessStarted : false, requestForceStop : false, info : aecType : 100, info : null InternalCascadeSuccess false, mIsAppLaunched : false
04-11 00:27:44.445 D/RefreshRateModeManager( 2531): updateDefaultDisplayToken: android.os.BinderProxy@a8c68b1, isChanged: false
04-11 00:27:44.445 I/PAL: PayloadBuilder( 1530): populateDeviceKV: 3278: Enter device id:3
04-11 00:27:44.445 I/PAL: PayloadBuilder( 1530): findKVs: 2879: key: 0xa2000000 value: 0xa2000001
04-11 00:27:44.446 I/BWU@AecWakeupService(20408): add History 20260411_002744 (stopRecording) aecType : -1 aecType : 100, info : null, isAecRecording?false, shouldMaintainRecord?false
04-11 00:27:44.446 I/PAL: PayloadBuilder( 1530): populateDeviceKV: 3306: Exit device id:3, status 0
04-11 00:27:44.446 I/BWU@AecWakeupService(20408): VoiceWakeup isn't supported when media is played.
04-11 00:27:44.446 W/BWU@AecWakeupService(20408): startRecording requested by playing media, but aec recording was not started. notifyStopAecRecording!!
04-11 00:27:44.446 I/BWU@AudioPlaybackControlManager(20408): notifyStopAecRecording, so set false as mIsAecRecording
04-11 00:27:44.446 I/PAL: PayloadBuilder( 1530): populateDevicePPKV: 3419: Rx device id:3
04-11 00:27:44.446 I/PAL: PayloadBuilder( 1530): getSelectorValues: 3052: stream type: 1
04-11 00:27:44.446 I/PAL: PayloadBuilder( 1530): getSelectorValues: 3071: custom config key:speaker_left_amp_off
04-11 00:27:44.446 I/PAL: PayloadBuilder( 1530): retrieveKVs: 2909: Fallback to find KVs without custom config speaker_left_amp_off
04-11 00:27:44.446 I/PAL: PayloadBuilder( 1530): findKVs: 2866: key: 0xa2000000 value: 0xa2000001
04-11 00:27:44.446 I/PAL: PayloadBuilder( 1530): findKVs: 2866: key: 0xac000000 value: 0xac000002
04-11 00:27:44.446 I/PAL: PayloadBuilder( 1530): populateDevicePPCkv: 3588: SpeakerProt Status[0], RAS Status[0]
04-11 00:27:44.446 D/agm_server_wrapper( 1530): Aif id 32 already added to session list of 126
04-11 00:27:44.446 I/AGM: session( 1530): session_obj_set_sess_aif_metadata: 1782 Exit
04-11 00:27:44.446 D/agm_server_wrapper( 1530): Aif id 32 already added to session list of 126
04-11 00:27:44.446 I/AGM: API( 1530): agm_session_aif_connect: 658 connecting aifid:32 with session id=126
04-11 00:27:44.446 I/PAL: API( 1530): pal_stream_open: 274: Exit. Value of stream_handle 0xb400007583917730K, status 0 : PAL_STREAM_LOW_LATENCY(1)
04-11 00:27:44.446 D/AHAL: AudioStream( 1530): GetBufferSize: 3376: type 1
04-11 00:27:44.446 D/AHAL: AudioStream( 1530): Open: 3837: fragment_size_ 1536 fragments_ 2
04-11 00:27:44.446 D/AHAL: AudioStream( 1530): Open: 3897: Exit ret: 0
04-11 00:27:44.446 D/AHAL: AudioStream( 1530): ~AutoPerfLock: 167: (release) perf_lock_handle: 0x24d24, count: 1
04-11 00:27:44.446 D/AHAL: AudioStream( 1530): ~AutoPerfLock: 171: Releasing perf_lock_handle: 0x24d24
04-11 00:27:44.446 I/VRI[LauncherActivity]@e0db0e9(29619): onDisplayChanged oldDisplayState=2 newDisplayState=2
04-11 00:27:44.446 D/SoundCraft.PlayingAudioConditionHandler( 3535): onPlaybackConfigChanged : lastStartedPackageName=null, lastStartedUid=-1, newStartedUid=-1, newStartPackageName=null, thread=Thread[RoutineHandlerThread,5,main]
04-11 00:27:44.446 D/SoundCraft.PlayingAudioConditionHandler( 3535): onPlaybackConfigChanged : lastStartedPackageName=null, lastStartedUid=-1, newStartedUid=-1, newStartPackageName=null, thread=Thread[RoutineHandlerThread,5,main]
04-11 00:27:44.447 D/AHAL: AudioStream( 1530): AutoPerfLock: 157: (Acquired) perf_lock_handle: 0x24d26, count: 1
04-11 00:27:44.447 I/PAL: API( 1530): pal_stream_start: 347: Enter. Stream handle 0xb400007583917730K
04-11 00:27:44.447 I/PAL: SpeakerProtectionTI( 1530): spkrProtProcessingMode: 391: Flag 1
04-11 00:27:44.447 I/PAL: PayloadBuilder( 1530): findKVs: 2879: key: 0xa3000000 value: 0xa3000009
04-11 00:27:44.447 I/PAL: SessionAlsaUtils( 1530): setDeviceMediaConfig: 1063: TDM-LPAIF-TX-PRIMARY rate ch fmt data_fmt 48000 4 6 1
04-11 00:27:44.447 I/PAL: ResourceManager( 1530): allocateFrontEndIds: 7139: allocateFrontEndIds: front end 121
04-11 00:27:44.447 D/agm_server_wrapper( 1530): Aif id 33 already added to session list of 121
04-11 00:27:44.447 I/AGM: API( 1530): agm_session_aif_connect: 658 connecting aifid:33 with session id=121
04-11 00:27:44.447 I/VRI[RecentsTransitionOverlay]@5f3b691( 4205): onDisplayChanged oldDisplayState=2 newDisplayState=2
04-11 00:27:44.447 I/PAL: Device( 1530): updateCustomPayload: 429: customPayloadSize = 40
04-11 00:27:44.447 I/BWU@AudioPlaybackControlManager(20408): playerType : 1, clientPid : 16138, usage : 11, playerState : 2 isMusicActive false
04-11 00:27:44.447 I/BWU@AudioPlaybackControlManager(20408): com.samsung.SMT is now playing
04-11 00:27:44.448 I/VRI[LauncherActivity]@ea77e0a( 4205): onDisplayChanged oldDisplayState=2 newDisplayState=2
04-11 00:27:44.448 I/BWU@AudioPlaybackControlManager(20408): currentDeviceType : 2
04-11 00:27:44.448 I/VRI[CocktailBarService]@d02f544( 4205): onDisplayChanged oldDisplayState=2 newDisplayState=2
04-11 00:27:44.448 I/VRI[RecentsActivity]@85b79c3( 4205): onDisplayChanged oldDisplayState=2 newDisplayState=2
04-11 00:27:44.448 I/HoneySpace.Memory-Monitor( 4205): current state = 2, didTrim = false
04-11 00:27:44.448 I/HoneySpace.RefreshRateSource( 4205): singleFrameMs 8
04-11 00:27:44.448 I/VRI[InputMethod]@d7ba765(14535): onDisplayChanged oldDisplayState=2 newDisplayState=2
04-11 00:27:44.448 D/SepAudioManager3.1.30(20408): getRemoteSubmixType:25
04-11 00:27:44.448 I/BWU@MediaControlObject(20408): isRemoteSubmix() false
04-11 00:27:44.448 I/BWU@AudioPlaybackControlManager(20408): startAECRecording. aecType : 100
04-11 00:27:44.448 I/BWU@AecWakeupService(20408): IMediaControlListener - onStartRecording() with aecType : 100 appLaunch false
04-11 00:27:44.448 I/BWU@AecWakeupService(20408): stopRecording! isAECProcessStarted : false, requestForceStop : false, info : aecType : 100, info : null InternalCascadeSuccess false, mIsAppLaunched : false
04-11 00:27:44.448 I/BWU@AecWakeupService(20408): add History 20260411_002744 (stopRecording) aecType : -1 aecType : 100, info : null, isAecRecording?false, shouldMaintainRecord?false
04-11 00:27:44.448 I/BWU@AecWakeupService(20408): VoiceWakeup isn't supported when media is played.
04-11 00:27:44.448 W/BWU@AecWakeupService(20408): startRecording requested by playing media, but aec recording was not started. notifyStopAecRecording!!
04-11 00:27:44.448 I/BWU@AudioPlaybackControlManager(20408): notifyStopAecRecording, so set false as mIsAecRecording
04-11 00:27:44.448 D/DisplayLifecycle( 3535): updateDisplay id = 0
04-11 00:27:44.448 D/AudioFlinger( 1665): setParameters: filtered dev setParameters keyvalue screen_state=on
04-11 00:27:44.448 D/agm_client_wrapper( 1530): agm_session_open called with handle = ec1423d0 , *handle = 0
04-11 00:27:44.448 D/AHAL: AudioDevice( 1530): SetParameters: 1865: enter
04-11 00:27:44.448 D/AHAL: AudioVoice( 1530): VoiceSetParameters: 200: Enter
04-11 00:27:44.448 D/AHAL: AudioVoice( 1530): VoiceSetParameters: 479: Exit ret: 0
04-11 00:27:44.448 D/AHAL: hfp( 1530): hfp_set_parameters: 444: enter
04-11 00:27:44.448 D/AHAL: AudioDevice( 1530): SetParameters: 1945:  - screen = on
04-11 00:27:44.448 I/PAL: ResourceManager( 1530): setParameter: 10683: Screen State:1
04-11 00:27:44.448 D/AHAL: AudioDevice( 1530): SetParameters: 2798: exit: screen_state=on
04-11 00:27:44.449 I/VRI[SCMainActivity]@2ee7f94(23826): onDisplayChanged oldDisplayState=2 newDisplayState=2
04-11 00:27:44.449 I/BWU@AudioPlaybackControlManager(20408): playerType : 1, clientPid : 16138, usage : 11, playerState : 2 isMusicActive false
04-11 00:27:44.449 I/BWU@AudioPlaybackControlManager(20408): com.samsung.SMT is now playing
04-11 00:27:44.449 I/BWU@AudioPlaybackControlManager(20408): currentDeviceType : 2
04-11 00:27:44.449 I/VRI[ShellDropTarget]@7c0d3f( 3535): onDisplayChanged oldDisplayState=2 newDisplayState=2
04-11 00:27:44.449 D/SepAudioManager3.1.30(20408): getRemoteSubmixType:25
04-11 00:27:44.449 I/BWU@MediaControlObject(20408): isRemoteSubmix() false
04-11 00:27:44.449 I/BWU@AudioPlaybackControlManager(20408): startAECRecording. aecType : 100
04-11 00:27:44.449 I/BWU@AecWakeupService(20408): IMediaControlListener - onStartRecording() with aecType : 100 appLaunch false
04-11 00:27:44.449 I/BWU@AecWakeupService(20408): stopRecording! isAECProcessStarted : false, requestForceStop : false, info : aecType : 100, info : null InternalCascadeSuccess false, mIsAppLaunched : false
04-11 00:27:44.449 I/BWU@AecWakeupService(20408): add History 20260411_002744 (stopRecording) aecType : -1 aecType : 100, info : null, isAecRecording?false, shouldMaintainRecord?false
04-11 00:27:44.449 I/BWU@AecWakeupService(20408): VoiceWakeup isn't supported when media is played.
04-11 00:27:44.449 W/BWU@AecWakeupService(20408): startRecording requested by playing media, but aec recording was not started. notifyStopAecRecording!!
04-11 00:27:44.449 I/BWU@AudioPlaybackControlManager(20408): notifyStopAecRecording, so set false as mIsAecRecording
04-11 00:27:44.449 D/WifiDisplayAdapter( 2531): isFitToActiveDisplayLocked : false
04-11 00:27:44.450 D/StackScroller( 3535): onDisplayChanged for predraw skip to 2
04-11 00:27:44.450 I/VRI[LockscreenShortcutBlur]@58e08b1( 3535): onDisplayChanged oldDisplayState=2 newDisplayState=2
04-11 00:27:44.450 I/VRI[NavigationBar0]@fa5d5fb( 3535): onDisplayChanged oldDisplayState=2 newDisplayState=2
04-11 00:27:44.450 I/VRI[NotificationShade]@f9f75bb( 3535): onDisplayChanged oldDisplayState=2 newDisplayState=2
04-11 00:27:44.450 I/VRI[StatusBar]@fa8e133( 3535): onDisplayChanged oldDisplayState=2 newDisplayState=2
04-11 00:27:44.450 I/VRI[Bouncer]@82a8255( 3535): onDisplayChanged oldDisplayState=2 newDisplayState=2
04-11 00:27:44.454 I/BtGatt.ScanHelper( 3694): onScanResult to scannerId: 9- eventType=0x1b, addressType=1, address=XX:XX:XX:XX:7E:E9, primaryPhy=1, secondaryPhy=0, advertisingSid=0xff, txPower=127, rssi=-54, periodicAdvInt=0x0
04-11 00:27:44.455 I/VSyncReactor( 1674): Current= 24, Period= 120, hwcPeriod= 120
04-11 00:27:44.456 D/AGM: graph( 1530): graph_open: 575 entry
04-11 00:27:44.456 D/AGM: metadata( 1530): metadata_print: 79 *************************Metadata*************************
04-11 00:27:44.456 D/AGM: metadata( 1530): metadata_print: 80 GKV size:1
04-11 00:27:44.456 D/AGM: metadata( 1530): metadata_print: 83 key:0xa3000000, value:0xa3000009 
04-11 00:27:44.456 D/AGM: metadata( 1530): metadata_print: 87 
04-11 00:27:44.456 D/AGM: metadata( 1530): CKV count:1
04-11 00:27:44.456 D/AGM: metadata( 1530): metadata_print: 90 key:0xbf000000, value:0x2 
04-11 00:27:44.456 D/AGM: metadata( 1530): metadata_print: 92 
04-11 00:27:44.456 D/AGM: metadata( 1530): metadata_print: 94 Property ID:134217744
04-11 00:27:44.456 D/AGM: metadata( 1530): metadata_print: 95 property count:1
04-11 00:27:44.456 D/AGM: metadata( 1530): metadata_print: 98 Property Values: 
04-11 00:27:44.456 D/AGM: metadata( 1530): metadata_print: 100 0x2 
04-11 00:27:44.456 D/AGM: metadata( 1530): metadata_print: 102 
04-11 00:27:44.456 D/AGM: metadata( 1530): metadata_print: 103 ****************Metadata Done***************************
04-11 00:27:44.456 D/AGM: metadata( 1530): 
04-11 00:27:44.456 I/AGM: graph( 1530): print_graph_alias: 2362 GKV Alias 11 | DeviceTX_VI_TX
04-11 00:27:44.456 D/AGM: graph( 1530): graph_open: 703 miid 4589 mid 700100f tag c0000005
04-11 00:27:44.456 I/GPR:    ( 1530): vendor/qcom/proprietary/args/gpr/core/src/gpr_drv.c:__gpr_cmd_register_v2:931 GPR Register: Source Port is 8209 heap_index: 0
04-11 00:27:44.457 I/[+0900]oneconnect[1.8.41.23_01][MAIN_UI](23826): ChildAccount.isChildAccountSupported - providerVersion=1.7
04-11 00:27:44.458 I/ActivityManager( 2531): Changes in 10133 8 to 3, 0 to 56
04-11 00:27:44.458 I/ActivityManager( 2531): Changes in 10121 8 to 3, 0 to 16
04-11 00:27:44.458 I/ActivityManager( 2531): Changes in 5278 8 to 3, 0 to 56
04-11 00:27:44.459 E/ACDB    ( 1530): vendor/qcom/proprietary/args/acdb/src/acdb_command.c:AcdbCmdGetProcSubgraphCalDataPersist:8247 Error[19]: No calibration found
04-11 00:27:44.459 D/AGM: graph( 1530): graph_open: 735 graph_handle 0x147534c
04-11 00:27:44.459 D/AGM: graph( 1530): graph_open: 771 exit, ret 0
04-11 00:27:44.459 D/AGM: graph( 1530): graph_set_config: 1137 entry graph_handle 0x147534c
04-11 00:27:44.460 D/AGM: graph( 1530): graph_set_config: 1145 exit, graph handle 0x147534c, ret 0
04-11 00:27:44.460 D/agm_client_wrapper( 1530): agm_session_open Received handle = 0x73ec1423d0 , *handle = b40000745390d490
04-11 00:27:44.460 D/PLUGIN: pcm( 1530): agm_pcm_hw_params: 491 agm_pcm_hw_params: mode: 268435456
04-11 00:27:44.460 I/PAL: SpeakerProtectionTI( 1530): get_data_from_file: 151: data from file /efs/tas25xx/calib_re: 06.01(string) 06.01(float)
04-11 00:27:44.460 I/PAL: SpeakerProtectionTI( 1530): get_data_from_file: 160: data from file /efs/tas25xx/amb_temp: 27(string) 27(int)
04-11 00:27:44.460 I/PAL: SpeakerProtectionTI( 1530): get_data_from_file: 151: data from file /efs/tas25xx/calib_re_r: 06.17(string) 06.17(float)
04-11 00:27:44.460 I/PAL: SpeakerProtectionTI( 1530): get_data_from_file: 160: data from file /efs/tas25xx/amb_temp_r: 27(string) 27(int)
04-11 00:27:44.460 I/PAL: Device( 1530): updateCustomPayload: 429: customPayloadSize = 80
04-11 00:27:44.460 I/PAL: SpeakerProtectionTI( 1530): get_data_from_file: 169: data from file /sys/class/tas25xx_dev/cmd/iv_vbat: 0x10010(string) 0x10010(hex)
04-11 00:27:44.460 I/PAL: Device( 1530): updateCustomPayload: 429: customPayloadSize = 104
04-11 00:27:44.460 I/PAL: SpeakerProtectionTI( 1530): get_data_from_file: 169: data from file /sys/class/tas25xx_dev/cmd/drv_opmode: 0x2(string) 0x2(hex)
04-11 00:27:44.460 I/PAL: Device( 1530): updateCustomPayload: 429: customPayloadSize = 128
04-11 00:27:44.460 D/audio_route( 1530): Apply path: vi-feedback
04-11 00:27:44.460 I/PAL: SpeakerProtectionTI( 1530): spkrProtProcessingMode: 792: pcm start for TX
04-11 00:27:44.460 D/AGM: graph( 1530): graph_prepare: 833 entry graph_handle 0x147534c
04-11 00:27:44.460 D/AGM: graph_module( 1530): configure_hw_ep_media_config: 640 entry mod tag c0000005 miid 4589 mid 700100f
04-11 00:27:44.460 D/AGM: graph_module( 1530): configure_hw_ep_media_config: 670 rate 48000 bw 24 ch 4, data_fmt 1
04-11 00:27:44.461 D/AGM: graph_module( 1530): configure_hw_ep_media_config: 680 exit, ret 0
04-11 00:27:44.461 D/AGM: graph_module( 1530): configure_tdm_ep: 456 exit, ret 0
04-11 00:27:44.462 D/AGM: graph( 1530): graph_prepare: 911 exit, ret 0
04-11 00:27:44.462 D/AGM: graph( 1530): graph_start: 925 entry graph_handle 0x147534c
04-11 00:27:44.463 I/SamsungAccount(12029): [AccountManagerProvider] isChildAccount
04-11 00:27:44.463 I/SamsungAccount(12029): [AccountManagerProvider] Calling package : android.oneconnect.
04-11 00:27:44.464 D/AGM: graph( 1530): graph_start: 938 exit, ret 0
04-11 00:27:44.464 I/PAL: SessionAlsaUtils( 1530): setDeviceMediaConfig: 1063: TDM-LPAIF-RX-PRIMARY rate ch fmt data_fmt 48000 2 6 1
04-11 00:27:44.464 I/PAL: ResourceManager( 1530): voteSleepMonitor: 2233: Voting done for nlpi use case, lpi votes 1, nlpi votes : 1
04-11 00:27:44.464 D/agm_client_wrapper( 1530): agm_session_open called with handle = ec142bb0 , *handle = 0
04-11 00:27:44.468 I/BtGatt.ScanHelper( 3694): onScanResult to scannerId: 9- eventType=0x1b, addressType=0, address=XX:XX:XX:XX:C0:CC, primaryPhy=1, secondaryPhy=0, advertisingSid=0xff, txPower=127, rssi=-77, periodicAdvInt=0x0
04-11 00:27:44.468 I/[+0900]oneconnect[1.8.41.23_01][CORE](23577): BleParserForSamsungConnect.parseSamsungConnectPacket_V3 - |name:($)-D(11)|deviceType:SAMSUNG_OCF_SETUP|discoverType:_BLE|services:None|connected:false[Status]6[OcfInfo]7[SetupNet]4[Calm] false false false[Tx]-2147483648 not set
04-11 00:27:44.470 D/AGM: graph( 1530): graph_open: 575 entry
04-11 00:27:44.470 D/AGM: metadata( 1530): metadata_print: 79 *************************Metadata*************************
04-11 00:27:44.470 D/AGM: metadata( 1530): metadata_print: 80 GKV size:4
04-11 00:27:44.470 D/AGM: metadata( 1530): metadata_print: 83 key:0xa1000000, value:0xa100000e 
04-11 00:27:44.470 D/AGM: metadata( 1530): metadata_print: 83 key:0xab000000, value:0x1 
04-11 00:27:44.470 D/AGM: metadata( 1530): metadata_print: 83 key:0xa2000000, value:0xa2000001 
04-11 00:27:44.470 D/AGM: metadata( 1530): metadata_print: 83 key:0xac000000, value:0xac000002 
04-11 00:27:44.470 D/AGM: metadata( 1530): metadata_print: 87 
04-11 00:27:44.470 D/AGM: metadata( 1530): CKV count:2
04-11 00:27:44.470 D/AGM: metadata( 1530): metadata_print: 90 key:0xa4000000, value:0xf 
04-11 00:27:44.470 D/AGM: metadata( 1530): metadata_print: 90 key:0xd2000000, value:0x0 
04-11 00:27:44.470 D/AGM: metadata( 1530): metadata_print: 92 
04-11 00:27:44.470 D/AGM: metadata( 1530): metadata_print: 94 Property ID:134217744
04-11 00:27:44.470 D/AGM: metadata( 1530): metadata_print: 95 property count:4
04-11 00:27:44.470 D/AGM: metadata( 1530): metadata_print: 98 Property Values: 
04-11 00:27:44.470 D/AGM: metadata( 1530): metadata_print: 100 0x1 
04-11 00:27:44.470 D/AGM: metadata( 1530): metadata_print: 100 0x3 
04-11 00:27:44.470 D/AGM: metadata( 1530): metadata_print: 100 0x2 
04-11 00:27:44.470 D/AGM: metadata( 1530): metadata_print: 100 0x5 
04-11 00:27:44.470 D/AGM: metadata( 1530): metadata_print: 102 
04-11 00:27:44.470 D/AGM: metadata( 1530): metadata_print: 103 ****************Metadata Done***************************
04-11 00:27:44.470 D/AGM: metadata( 1530): 
04-11 00:27:44.470 I/AGM: graph( 1530): print_graph_alias: 2362 GKV Alias 32 | StreamRX_PCM_LL_Playback_DeviceRX_Speaker_Instance_Instance_1_DevicePP_Rx_Audio_MBDRC
04-11 00:27:44.470 D/AGM: graph( 1530): graph_open: 655 miid 40bd mid 7001000 tag c0000002
04-11 00:27:44.470 D/AGM: graph( 1530): graph_open: 703 miid 43b1 mid 700100e tag c0000004
04-11 00:27:44.470 D/AGM: graph( 1530): graph_open: 655 miid 40c4 mid 7001019 tag c0000006
04-11 00:27:44.470 D/AGM: graph( 1530): graph_open: 655 miid 40bf mid 7001005 tag c000000e
04-11 00:27:44.470 D/AGM: graph( 1530): graph_open: 655 miid 40c0 mid 7001003 tag c0000010
04-11 00:27:44.470 D/AGM: graph( 1530): graph_open: 655 miid 4165 mid 7001032 tag c0000013
04-11 00:27:44.470 I/GPR:    ( 1530): vendor/qcom/proprietary/args/gpr/core/src/gpr_drv.c:__gpr_cmd_register_v2:931 GPR Register: Source Port is 8210 heap_index: 0
04-11 00:27:44.471 I/SurfaceFlinger( 1674): destroyed WindowToken{9f718ed type=2032 android.os.Binder@81b0b04}#47673
04-11 00:27:44.471 I/SurfaceFlinger( 1674): destroyed WindowToken{d711582 type=2032 android.os.Binder@fc578cd}#48072
04-11 00:27:44.472 I/Layer   ( 1674): id=47673 Destroyed WindowToken{9f718ed type=2032 android.os.Binder@81b0b04}#47673
04-11 00:27:44.472 I/Layer   ( 1674): id=48072 Destroyed WindowToken{d711582 type=2032 android.os.Binder@fc578cd}#48072
04-11 00:27:44.473 E/ACDB    ( 1530): vendor/qcom/proprietary/args/acdb/src/acdb_command.c:AcdbCmdGetProcSubgraphCalDataPersist:8247 Error[19]: No calibration found
04-11 00:27:44.473 E/ACDB    ( 1530): vendor/qcom/proprietary/args/acdb/src/acdb_command.c:AcdbCmdGetProcSubgraphCalDataPersist:8247 Error[19]: No calibration found
04-11 00:27:44.473 E/ACDB    ( 1530): vendor/qcom/proprietary/args/acdb/src/acdb_command.c:AcdbCmdGetProcSubgraphCalDataPersist:8247 Error[19]: No calibration found
04-11 00:27:44.473 E/ACDB    ( 1530): vendor/qcom/proprietary/args/acdb/src/acdb_command.c:AcdbCmdGetProcSubgraphCalDataPersist:8247 Error[19]: No calibration found
04-11 00:27:44.473 D/AGM: graph( 1530): graph_open: 735 graph_handle 0x247534c
04-11 00:27:44.473 D/AGM: graph( 1530): graph_open: 771 exit, ret 0
04-11 00:27:44.473 D/AGM: graph( 1530): graph_set_config: 1137 entry graph_handle 0x247534c
04-11 00:27:44.474 D/AGM: graph( 1530): graph_set_config: 1145 exit, graph handle 0x247534c, ret 0
04-11 00:27:44.474 D/agm_client_wrapper( 1530): agm_session_open Received handle = 0x73ec142bb0 , *handle = b40000745390d2d0
04-11 00:27:44.474 D/PLUGIN: pcm( 1530): agm_pcm_hw_params: 491 agm_pcm_hw_params: mode: 0
04-11 00:27:44.474 I/PAL: PayloadBuilder( 1530): payloadMFCConfig: 826: sample_rate:48000 bit_width:24 num_channels:2 Miid:16584
04-11 00:27:44.474 I/PAL: Session( 1530): updateCustomPayload: 621: customPayloadSize = 32
04-11 00:27:44.474 D/AGM: graph( 1530): graph_set_config: 1137 entry graph_handle 0x247534c
04-11 00:27:44.474 D/AGM: graph( 1530): graph_set_config: 1145 exit, graph handle 0x247534c, ret 0
04-11 00:27:44.474 I/PAL: Session( 1530): updateCustomPayload: 621: customPayloadSize = 40
04-11 00:27:44.474 D/AGM: graph( 1530): graph_set_config: 1137 entry graph_handle 0x247534c
04-11 00:27:44.474 D/AGM: graph( 1530): graph_set_config: 1145 exit, graph handle 0x247534c, ret 0
04-11 00:27:44.474 E/ACDB    ( 1530): vendor/qcom/proprietary/args/acdb/src/acdb_command.c:AcdbCmdGetProcSubgraphCalDataPersist:8247 Error[19]: No calibration found
04-11 00:27:44.475 E/ACDB    ( 1530): vendor/qcom/proprietary/args/acdb/src/acdb_command.c:AcdbCmdGetProcSubgraphCalDataPersist:8247 Error[19]: No calibration found
04-11 00:27:44.475 E/ACDB    ( 1530): vendor/qcom/proprietary/args/acdb/src/acdb_command.c:AcdbCmdGetProcSubgraphCalDataPersist:8247 Error[19]: No calibration found
04-11 00:27:44.475 E/ACDB    ( 1530): vendor/qcom/proprietary/args/acdb/src/acdb_command.c:AcdbCmdGetProcSubgraphCalDataPersist:8247 Error[19]: No calibration found
04-11 00:27:44.475 D/AGM: graph( 1530): graph_prepare: 833 entry graph_handle 0x247534c
04-11 00:27:44.475 D/AGM: graph_module( 1530): configure_pcm_shared_mem_ep: 1704 entry mod tag c0000002 miid 40bd mid 7001000
04-11 00:27:44.475 D/AGM: graph_module( 1530): configure_pcm_shared_mem_ep: 1780 exit, ret 0
04-11 00:27:44.475 D/AGM: graph_module( 1530): configure_hw_ep_media_config: 640 entry mod tag c0000004 miid 43b1 mid 700100e
04-11 00:27:44.475 D/AGM: graph_module( 1530): configure_hw_ep_media_config: 670 rate 48000 bw 24 ch 2, data_fmt 1
04-11 00:27:44.475 D/AGM: graph_module( 1530): configure_hw_ep_media_config: 680 exit, ret 0
04-11 00:27:44.475 D/AGM: graph_module( 1530): configure_tdm_ep: 456 exit, ret 0
04-11 00:27:44.475 D/AGM: graph_module( 1530): configure_output_media_format: 763 entry mod tag c000000e miid 40bf mid 7001005
04-11 00:27:44.475 D/AGM: graph_module( 1530): configure_output_media_format: 894 exit, ret 0
04-11 00:27:44.475 D/AGM: graph_module( 1530): configure_output_media_format: 763 entry mod tag c0000010 miid 40c0 mid 7001003
04-11 00:27:44.475 D/AGM: graph_module( 1530): configure_output_media_format: 894 exit, ret 0
04-11 00:27:44.475 D/AGM: graph_module( 1530): configure_spr: 1908 SPR module IID 4165
04-11 00:27:44.475 D/AGM: graph_module( 1530): configure_spr: 1931 HW EP module IID 43b1
04-11 00:27:44.475 D/AGM: graph( 1530): configure_buffer_params: 204 Enter
04-11 00:27:44.475 D/AGM: graph( 1530): configure_buffer_params: 267 Playback sess buf_sz 1536 num_bufs 2
04-11 00:27:44.475 E/AGM: graph( 1530): configure_buffer_params: 300 Unsupported buffer mode : 0, Default to Blocking
04-11 00:27:44.476 D/AGM: graph( 1530): configure_buffer_params: 320 exit, ret 0
04-11 00:27:44.478 D/AGM: graph( 1530): graph_prepare: 911 exit, ret 0
04-11 00:27:44.478 D/AGM: graph( 1530): graph_start: 925 entry graph_handle 0x247534c
04-11 00:27:44.480 D/AGM: graph( 1530): graph_start: 938 exit, ret 0
04-11 00:27:44.482 I/SamsungAccount(12029): [SignatureInfoDbHelper] searchOnUser(fromDb) - [10/6iado][android.oneconnect.][64/3291d] => matched
04-11 00:27:44.482 I/SamsungAccount(12029): [AccountManagerProvider] This is the access of the allowed application
04-11 00:27:44.482 I/SamsungAccount(12029): [AccountManagerUtil] isSamsungAccountSignedIn : true
04-11 00:27:44.483 I/SamsungAccount(12029): [TPMU]  SIMState     :SIM_STATE_ABSENT
04-11 00:27:44.483 I/PAL: API( 1530): pal_stream_start: 396: Exit. status 0
04-11 00:27:44.483 I/AHAL: AudioStream( 1530): configurePalOutputStream: 4113: notify GEF client of device config
04-11 00:27:44.483 D/AHAL: AudioStream( 1530): ~AutoPerfLock: 167: (release) perf_lock_handle: 0x24d26, count: 1
04-11 00:27:44.483 D/AHAL: AudioStream( 1530): ~AutoPerfLock: 171: Releasing perf_lock_handle: 0x24d26
04-11 00:27:44.483 I/AudioFlinger::DualSpkControl( 1665): setAmpPower sensor status 0, enableAmp 1
04-11 00:27:44.483 I/SamsungAccount(12029): [ChildAccountSupportedListManager] getSupportedListFromLocal from cache
04-11 00:27:44.484 I/SamsungAccount(12029): [TPMU]  SIMState     :SIM_STATE_ABSENT
04-11 00:27:44.484 V/sec_audio_hw( 1530): sec_stream_set_parameters(13:0) : l_dual_speaker_amp_left_power_enable=true
04-11 00:27:44.484 I/SamsungAccount(12029): [FamilyGroupUtil] meetKoreaCountryCondition(beforeSignUp=false): true
04-11 00:27:44.484 D/AHAL: AudioStream( 1530): astream_out_set_parameters: 1076: enter: usecase(1: primary-playback) kvpairs: l_dual_speaker_amp_left_power_enable=true
04-11 00:27:44.484 D/AHAL: AudioStream( 1530): SetParameters: 2998: enter 
04-11 00:27:44.484 D/AHAL: AudioStream( 1530): SetParameters: 3043: exit 0
04-11 00:27:44.484 D/AHAL: AudioStream( 1530): astream_out_set_parameters: 1097: Exit ret: 0
04-11 00:27:44.484 I/SamsungAccount(12029): [TPMU]  SIMState     :SIM_STATE_ABSENT
04-11 00:27:44.484 I/SamsungAccount(12029): [FamilyGroupUtil] meetKoreaOneUiCondition: true
04-11 00:27:44.484 I/SamsungAccount(12029): [FamilyGroupUtil] isSupportFamilyService: true
04-11 00:27:44.484 I/SamsungAccount(12029): [AccountManagerUtil] isSamsungAccountSignedIn : true
04-11 00:27:44.484 I/SamsungAccount(12029): [ChildAccount] isChildAccount : false
04-11 00:27:44.484 I/SamsungAccount(12029): [AccountManagerProvider] makeResultBundle - resultCode : 0
04-11 00:27:44.484 V/sec_audio_hw( 1530): sec_stream_set_parameters(21:0) : l_dual_speaker_amp_left_power_enable=true
04-11 00:27:44.484 D/AHAL: AudioStream( 1530): astream_out_set_parameters: 1076: enter: usecase(0: deep-buffer-playback) kvpairs: l_dual_speaker_amp_left_power_enable=true
04-11 00:27:44.484 D/AHAL: AudioStream( 1530): SetParameters: 2998: enter 
04-11 00:27:44.484 D/AHAL: AudioStream( 1530): SetParameters: 3043: exit 0
04-11 00:27:44.484 D/AHAL: AudioStream( 1530): astream_out_set_parameters: 1097: Exit ret: 0
04-11 00:27:44.485 I/[+0900]oneconnect[1.8.41.23_01][MAIN_UI](23826): ChildAccount.isChild - result_code = 0, result_message = false
04-11 00:27:44.485 V/sec_audio_hw( 1530): sec_stream_set_parameters(29:0) : l_dual_speaker_amp_left_power_enable=true
04-11 00:27:44.485 D/AHAL: AudioStream( 1530): astream_out_set_parameters: 1076: enter: usecase(2: low-latency-playback) kvpairs: l_dual_speaker_amp_left_power_enable=true
04-11 00:27:44.485 D/AHAL: AudioStream( 1530): SetParameters: 2998: enter 
04-11 00:27:44.485 D/AHAL: AudioStream( 1530): SetParameters: 3043: exit 0
04-11 00:27:44.492 D/AHAL: AudioDevice( 1530): GetPalDeviceIds: 3058: haldeviceIds: 1
04-11 00:27:44.492 D/AHAL: AudioDevice( 1530): GetPalDeviceIds: 3065: Found haldeviceId: 2 and PAL Device ID 3
04-11 00:27:44.492 D/AHAL: AudioDevice( 1530): GetPalDeviceIds: 3084: devices allocated 1, pal device ids before returning 1
04-11 00:27:44.492 D/AHAL: AudioStream( 1530): ForceRouteStream: 6862: pal_stream_handle_ 0xb400007583917730 mPalOutDevice id 3
04-11 00:27:44.492 I/PAL: API( 1530): pal_stream_set_device: 1179: Enter. Stream handle :0xb400007583917730K
04-11 00:27:44.493 I/PAL: Stream( 1530): switchDevice: 1860: number of active devices 1, new devices 1
04-11 00:27:44.493 I/PAL: ResourceManager( 1530): compareSharedBEStreamDevAttr: 7665: switchStreams is 1
04-11 00:27:44.493 I/PAL: ResourceManager( 1530): streamDevSwitch: 8139: Enter
04-11 00:27:44.493 I/AGM: API( 1530): agm_session_aif_connect: 658 disconnecting aifid:32 with session id=126
04-11 00:27:44.493 D/AGM: graph( 1530): graph_stop: 954 entry graph_handle 0x247534c
04-11 00:27:44.494 I/[+0900]oneconnect[1.8.41.23_01][MAIN_UI](23826): IntelligenceSuggestionDomainTransformResource.setResource - [Updated] status : SUCCESS(current), SUCCESS(new), count : 0, message : null
04-11 00:27:44.498 D/AGM: graph( 1530): graph_stop: 1002 exit, ret 0
04-11 00:27:44.501 I/BtGatt.ScanHelper( 3694): onScanResult to scannerId: 9- eventType=0x10, addressType=0, address=XX:XX:XX:XX:39:BD, primaryPhy=1, secondaryPhy=0, advertisingSid=0xff, txPower=127, rssi=-81, periodicAdvInt=0x0
04-11 00:27:44.504 I/[+0900]oneconnect[1.8.41.23_01][CORE](23577): DataConvert.parseBleVd - deviceBle : |name:|deviceType:TV|discoverType:_BLE|services:None|connected:false[TvStatusString]POWER_OFF[TvStatus]-128[TvService]96[TvMirrorChannel]1[TvRegisteredDB][98, -106, 45, -14, -105, 126][TvYear]2016[TvOcfInfo]0[TvAcmStatus]0[ExTvStatus]0[ExtendedStatus]-1[ModuloSn]-1
04-11 00:27:44.529 I/BtGatt.ScanHelper( 3694): onScanResult to scannerId: 9- eventType=0x1b, addressType=1, address=XX:XX:XX:XX:EE:B6, primaryPhy=1, secondaryPhy=0, advertisingSid=0xff, txPower=127, rssi=-54, periodicAdvInt=0x0
04-11 00:27:44.531 I/HYPER-HAL( 1549): [RequestManager.cpp]acquire(): Acquired ID : 1245855  [1554 / 24]    HINT :      list : [UCLAMP_MIN_BOOST / 0] [TID / 3755] [TID / 3756] [TID / 3535] [TID / 3753] 
04-11 00:27:44.534 I/BtGatt.ScanHelper( 3694): onScanResult to scannerId: 9- eventType=0x1b, addressType=1, address=XX:XX:XX:XX:B8:83, primaryPhy=1, secondaryPhy=0, advertisingSid=0xff, txPower=127, rssi=-54, periodicAdvInt=0x0
04-11 00:27:44.540 I/AGM: device( 1530): device_close: 568 PCM device 32 closed
04-11 00:27:44.540 I/AGM: session( 1530): session_obj_set_sess_aif_metadata: 1782 Exit
04-11 00:27:44.540 I/PAL: SpeakerProtectionTI( 1530): spkrProtProcessingMode: 391: Flag 0
04-11 00:27:44.540 E/ACDB    ( 1530): vendor/qcom/proprietary/args/acdb/src/acdb_command.c:AcdbGetUsecaseSubgraphList:3715 Error[19]: Unable to find the graph key vector
04-11 00:27:44.540 E/ACDB    ( 1530): vendor/qcom/proprietary/args/acdb/src/acdb_command.c:AcdbCmdGetTagsFromGkv:10632 Error[19]: Unable to get subgraphs from graph key vector
04-11 00:27:44.540 E/gsl     ( 1530): vendor/qcom/proprietary/args/gsl/src/gsl_graph.c:gsl_graph_get_tags_with_module_info:4985 acdb get tags from gkv failed with 19
04-11 00:27:44.540 E/AGM: session( 1530): session_obj_get_tag_with_module_info: 1852 Error getting tag with module info from graph for                  session_id:126 aif_id:32
04-11 00:27:44.541 E/AGM: API( 1530): agm_session_aif_get_tag_module_info: 320 Error:-19 setting parameters for session obj with                       session id=126, aif_id=32
04-11 00:27:44.541 E/PLUGIN: mixer( 1530): amp_pcm_tag_info_get: 1555 amp_pcm_tag_info_get: failed with err -19, tlv_size 1024, get_size 1024 for PCM126 getTaggedInfo
04-11 00:27:44.541 E/PAL: SessionAlsaUtils( 1530): getModuleInstanceId: 1182: Failed to mixer_ctl_get_array
04-11 00:27:44.541 E/PAL: SessionAlsaPcm( 1530): getMIID: 576: Failed to get tag info c0000029, status = -19
04-11 00:27:44.541 E/PAL: SpeakerProtectionTI( 1530): smartpa_get_bigdata: 1732: Failed to get tag info c0000029, status = -19
04-11 00:27:44.541 I/PAL: SpeakerProtectionTI( 1530): spkrProtSetSpkrStatus: 235: Speaker used last time 2219343
04-11 00:27:44.541 I/PAL: SpeakerProtectionTI( 1530): spkrProtProcessingMode: 816: Closing VI path
04-11 00:27:44.541 I/BtGatt.ScanHelper( 3694): onScanResult to scannerId: 9- eventType=0x10, addressType=1, address=XX:XX:XX:XX:40:66, primaryPhy=1, secondaryPhy=0, advertisingSid=0xff, txPower=127, rssi=-55, periodicAdvInt=0x0
04-11 00:27:44.541 D/AGM: graph( 1530): graph_stop: 954 entry graph_handle 0x147534c
04-11 00:27:44.543 D/AGM: graph( 1530): graph_stop: 1002 exit, ret 0
04-11 00:27:44.543 I/AGM: API( 1530): agm_session_aif_connect: 658 disconnecting aifid:33 with session id=121
04-11 00:27:44.543 D/AGM: graph( 1530): graph_stop: 954 entry graph_handle 0x147534c
04-11 00:27:44.544 D/AGM: graph( 1530): graph_stop: 1002 exit, ret 0
04-11 00:27:44.545 I/AGM: device( 1530): device_close: 568 PCM device 33 closed
04-11 00:27:44.545 I/PAL: ResourceManager( 1530): freeFrontEndIds: 7308: stream type 1, freeing 121
04-11 00:27:44.546 D/AGM: session( 1530): session_close: 1265 enter
04-11 00:27:44.546 D/AGM: graph( 1530): graph_close: 788 entry handle 0x147534c
04-11 00:27:44.546 D/AGM: graph( 1530): graph_close: 809 exit, ret 0
04-11 00:27:44.546 D/AGM: session( 1530): session_close: 1321 exit, ret 0
04-11 00:27:44.546 I/PAL: Device( 1530): close: 521: Enter. deviceCount 1 for device id 3 (PAL_DEVICE_OUT_SPEAKER)
04-11 00:27:44.546 I/PAL: Device( 1530): close: 533: Exit. deviceCount 0 for device id 3 (PAL_DEVICE_OUT_SPEAKER), exit status 0
04-11 00:27:44.546 I/PAL: Device( 1530): setDeviceAttributes: 396: DeviceAttributes for Device Id 3 updated
04-11 00:27:44.547 I/PAL: Device( 1530): open: 476: Enter. deviceCount 0 for device id 3 (PAL_DEVICE_OUT_SPEAKER)
04-11 00:27:44.547 I/PAL: SessionAlsaUtils( 1530): setDeviceMediaConfig: 1063: TDM-LPAIF-RX-PRIMARY rate ch fmt data_fmt 48000 2 6 1
04-11 00:27:44.547 D/audio_route( 1530): Apply path: speaker
04-11 00:27:44.547 I/PAL: Device( 1530): open: 511: Exit. deviceCount 1 for device id 3 (PAL_DEVICE_OUT_SPEAKER), exit status: 0
04-11 00:27:44.547 I/PAL: PayloadBuilder( 1530): populateStreamKV: 2727: stream type 1
04-11 00:27:44.547 I/PAL: PayloadBuilder( 1530): populateDeviceKV: 3278: Enter device id:3
04-11 00:27:44.547 I/PAL: PayloadBuilder( 1530): findKVs: 2879: key: 0xa2000000 value: 0xa2000001
04-11 00:27:44.547 I/PAL: PayloadBuilder( 1530): populateDeviceKV: 3306: Exit device id:3, status 0
04-11 00:27:44.547 I/PAL: PayloadBuilder( 1530): populateDeviceKV: 3278: Enter device id:0
04-11 00:27:44.547 I/PAL: PayloadBuilder( 1530): populateDeviceKV: 3306: Exit device id:0, status 0
04-11 00:27:44.547 I/PAL: PayloadBuilder( 1530): populateDeviceKV: 3278: Enter device id:3
04-11 00:27:44.547 I/PAL: PayloadBuilder( 1530): findKVs: 2879: key: 0xa2000000 value: 0xa2000001
04-11 00:27:44.548 I/PAL: PayloadBuilder( 1530): populateDeviceKV: 3306: Exit device id:3, status 0
04-11 00:27:44.548 I/PAL: PayloadBuilder( 1530): populateDevicePPKV: 3419: Rx device id:3
04-11 00:27:44.548 I/PAL: PayloadBuilder( 1530): getSelectorValues: 3052: stream type: 1
04-11 00:27:44.548 I/PAL: PayloadBuilder( 1530): findKVs: 2866: key: 0xa2000000 value: 0xa2000001
04-11 00:27:44.548 I/PAL: PayloadBuilder( 1530): findKVs: 2866: key: 0xac000000 value: 0xac000002
04-11 00:27:44.548 I/PAL: PayloadBuilder( 1530): populateDevicePPCkv: 3588: SpeakerProt Status[0], RAS Status[0]
04-11 00:27:44.548 I/AGM: session( 1530): session_obj_set_sess_aif_metadata: 1782 Exit
04-11 00:27:44.548 I/PAL: SpeakerProtectionTI( 1530): spkrProtProcessingMode: 391: Flag 1
04-11 00:27:44.548 I/PAL: PayloadBuilder( 1530): findKVs: 2879: key: 0xa3000000 value: 0xa3000009
04-11 00:27:44.548 I/PAL: SessionAlsaUtils( 1530): setDeviceMediaConfig: 1063: TDM-LPAIF-TX-PRIMARY rate ch fmt data_fmt 48000 4 6 1
04-11 00:27:44.549 I/PAL: ResourceManager( 1530): allocateFrontEndIds: 7139: allocateFrontEndIds: front end 121
04-11 00:27:44.549 I/AGM: API( 1530): agm_session_aif_connect: 658 connecting aifid:33 with session id=121
04-11 00:27:44.549 I/PAL: Device( 1530): updateCustomPayload: 429: customPayloadSize = 40
04-11 00:27:44.550 I/SamsungTTS(16138): [Synthesize] generation done. [261360503][DOWNLOAD][AE:512508201][V:312504000][24000hz][67600b/1.41s][FE:13ms][F:37ms][E:150ms][0.11xRT]
04-11 00:27:44.550 D/agm_client_wrapper( 1530): agm_session_open called with handle = a276b70 , *handle = 0
04-11 00:27:44.553 I/BtGatt.ScanHelper( 3694): onScanResult to scannerId: 9- eventType=0x10, addressType=1, address=XX:XX:XX:XX:E1:90, primaryPhy=1, secondaryPhy=0, advertisingSid=0xff, txPower=127, rssi=-65, periodicAdvInt=0x0
04-11 00:27:44.559 D/AGM: graph( 1530): graph_open: 575 entry
04-11 00:27:44.559 D/AGM: metadata( 1530): metadata_print: 79 *************************Metadata*************************
04-11 00:27:44.559 D/AGM: metadata( 1530): metadata_print: 80 GKV size:1
04-11 00:27:44.559 D/AGM: metadata( 1530): metadata_print: 83 key:0xa3000000, value:0xa3000009 
04-11 00:27:44.559 D/AGM: metadata( 1530): metadata_print: 87 
04-11 00:27:44.559 D/AGM: metadata( 1530): CKV count:1
04-11 00:27:44.559 D/AGM: metadata( 1530): metadata_print: 90 key:0xbf000000, value:0x2 
04-11 00:27:44.559 D/AGM: metadata( 1530): metadata_print: 92 
04-11 00:27:44.559 D/AGM: metadata( 1530): metadata_print: 94 Property ID:134217744
04-11 00:27:44.559 D/AGM: metadata( 1530): metadata_print: 95 property count:1
04-11 00:27:44.559 D/AGM: metadata( 1530): metadata_print: 98 Property Values: 
04-11 00:27:44.559 D/AGM: metadata( 1530): metadata_print: 100 0x2 
04-11 00:27:44.559 D/AGM: metadata( 1530): metadata_print: 102 
04-11 00:27:44.559 D/AGM: metadata( 1530): metadata_print: 103 ****************Metadata Done***************************
04-11 00:27:44.559 D/AGM: metadata( 1530): 
04-11 00:27:44.559 I/AGM: graph( 1530): print_graph_alias: 2362 GKV Alias 11 | DeviceTX_VI_TX
04-11 00:27:44.559 D/AGM: graph( 1530): graph_open: 703 miid 4589 mid 700100f tag c0000005
04-11 00:27:44.560 I/GPR:    ( 1530): vendor/qcom/proprietary/args/gpr/core/src/gpr_drv.c:__gpr_cmd_register_v2:931 GPR Register: Source Port is 8209 heap_index: 0
04-11 00:27:44.562 E/ACDB    ( 1530): vendor/qcom/proprietary/args/acdb/src/acdb_command.c:AcdbCmdGetProcSubgraphCalDataPersist:8247 Error[19]: No calibration found
04-11 00:27:44.562 D/AGM: graph( 1530): graph_open: 735 graph_handle 0x147534c
04-11 00:27:44.562 D/AGM: graph( 1530): graph_open: 771 exit, ret 0
04-11 00:27:44.562 D/AGM: graph( 1530): graph_set_config: 1137 entry graph_handle 0x147534c
04-11 00:27:44.562 D/AGM: graph( 1530): graph_set_config: 1145 exit, graph handle 0x147534c, ret 0
04-11 00:27:44.562 D/agm_client_wrapper( 1530): agm_session_open Received handle = 0x740a276b70 , *handle = b40000745390d490
04-11 00:27:44.563 D/PLUGIN: pcm( 1530): agm_pcm_hw_params: 491 agm_pcm_hw_params: mode: 268435456
04-11 00:27:44.563 I/PAL: SpeakerProtectionTI( 1530): get_data_from_file: 151: data from file /efs/tas25xx/calib_re: 06.01(string) 06.01(float)
04-11 00:27:44.563 I/PAL: SpeakerProtectionTI( 1530): get_data_from_file: 160: data from file /efs/tas25xx/amb_temp: 27(string) 27(int)
04-11 00:27:44.563 I/PAL: SpeakerProtectionTI( 1530): get_data_from_file: 151: data from file /efs/tas25xx/calib_re_r: 06.17(string) 06.17(float)
04-11 00:27:44.563 I/PAL: SpeakerProtectionTI( 1530): get_data_from_file: 160: data from file /efs/tas25xx/amb_temp_r: 27(string) 27(int)
04-11 00:27:44.563 I/PAL: Device( 1530): updateCustomPayload: 429: customPayloadSize = 80
04-11 00:27:44.563 I/PAL: SpeakerProtectionTI( 1530): get_data_from_file: 169: data from file /sys/class/tas25xx_dev/cmd/iv_vbat: 0x10010(string) 0x10010(hex)
04-11 00:27:44.563 I/PAL: Device( 1530): updateCustomPayload: 429: customPayloadSize = 104
04-11 00:27:44.564 I/PAL: SpeakerProtectionTI( 1530): get_data_from_file: 169: data from file /sys/class/tas25xx_dev/cmd/drv_opmode: 0x3(string) 0x3(hex)
04-11 00:27:44.564 I/PAL: Device( 1530): updateCustomPayload: 429: customPayloadSize = 128
04-11 00:27:44.564 D/audio_route( 1530): Apply path: vi-feedback
04-11 00:27:44.564 I/PAL: SpeakerProtectionTI( 1530): spkrProtProcessingMode: 792: pcm start for TX
04-11 00:27:44.564 D/AGM: graph( 1530): graph_prepare: 833 entry graph_handle 0x147534c
04-11 00:27:44.564 D/AGM: graph_module( 1530): configure_hw_ep_media_config: 640 entry mod tag c0000005 miid 4589 mid 700100f
04-11 00:27:44.564 D/AGM: graph_module( 1530): configure_hw_ep_media_config: 670 rate 48000 bw 24 ch 4, data_fmt 1
04-11 00:27:44.564 D/AGM: graph_module( 1530): configure_hw_ep_media_config: 680 exit, ret 0
04-11 00:27:44.565 D/AGM: graph_module( 1530): configure_tdm_ep: 456 exit, ret 0
04-11 00:27:44.565 D/AGM: graph( 1530): graph_prepare: 911 exit, ret 0
04-11 00:27:44.565 D/AGM: graph( 1530): graph_start: 925 entry graph_handle 0x147534c
04-11 00:27:44.568 D/AGM: graph( 1530): graph_start: 938 exit, ret 0
04-11 00:27:44.569 I/BtGatt.ScanHelper( 3694): onScanResult to scannerId: 9- eventType=0x1b, addressType=1, address=XX:XX:XX:XX:D7:FD, primaryPhy=1, secondaryPhy=0, advertisingSid=0xff, txPower=127, rssi=-65, periodicAdvInt=0x0
04-11 00:27:44.569 I/PAL: SessionAlsaUtils( 1530): setDeviceMediaConfig: 1063: TDM-LPAIF-RX-PRIMARY rate ch fmt data_fmt 48000 2 6 1
04-11 00:27:44.570 I/PAL: PayloadBuilder( 1530): payloadMFCConfig: 826: sample_rate:48000 bit_width:24 num_channels:2 Miid:16584
04-11 00:27:44.570 I/PAL: Session( 1530): updateCustomPayload: 621: customPayloadSize = 32
04-11 00:27:44.570 D/agm_server_wrapper( 1530): Aif id 32 already added to session list of 126
04-11 00:27:44.570 I/AGM: API( 1530): agm_session_aif_connect: 658 connecting aifid:32 with session id=126
