04-11 00:27:46.062 I/AccessibilityManagerService( 2531): semIsAccessibilityServiceEnabled()
04-11 00:27:46.065 I/AccessibilityManagerService( 2531): semIsAccessibilityServiceEnabled()
04-11 00:27:46.065 D/talkback: BrailleDisplay(16118): BtConnectManager: disconnect
04-11 00:27:46.065 I/talkback: BrailleDisplay(16118): UsbConnectManager: disconnect: false
04-11 00:27:46.065 D/AS.AudioService( 2531): Accessibility volume enabled = false
04-11 00:27:46.065 D/Navbar.Store( 3535): ----handleEvent(0) GetDefaultLayout(noArguments=true) [Module] SamsungNavigationBarInflaterView
04-11 00:27:46.065 D/Navbar.Store( 3535): ------[Band]STABLE_LAYOUT_PACK_GET_DEFAULT_LAYOUT
04-11 00:27:46.065 D/NavBarStateManager( 3535): NavBarStates(0) getDefaultLayout: left,recent;home;back,right
04-11 00:27:46.065 D/Navbar.Store( 3535): ----handleEvent(0) value= left,recent;home;back,right
04-11 00:27:46.065 V/talkback: FullScreenReadActor(16118): Continuous reading switching to mode: 0
04-11 00:27:46.065 V/talkback: CustomLabelManager(16118): Shutdown requested.
04-11 00:27:46.065 V/APM_AudioPolicyManager( 1665): getOutputForAttrInt() attributes={ Content type: AUDIO_CONTENT_TYPE_UNKNOWN Usage: AUDIO_USAGE_ASSISTANCE_ACCESSIBILITY Source: AUDIO_SOURCE_INVALID Flags: 0x900 Tags:  } stream=AUDIO_STREAM_ACCESSIBILITY session 271257 selectedDeviceId 0
04-11 00:27:46.065 V/APM_AudioPolicyManager( 1665): getOutputForAttrInt() device {AUDIO_DEVICE_OUT_SPEAKER, @:}, sampling rate 24000, format 0x1, channel mask 0x1, flags 0x4 stream AUDIO_STREAM_ACCESSIBILITY
04-11 00:27:46.066 V/APM_AudioPolicyManager( 1665): selectOutput new bestOutput 13 criteria 0 100 0 0 0 0 4 2 
04-11 00:27:46.066 V/APM_AudioPolicyManager( 1665): selectOutput new bestOutput 29 criteria 0 100 0 0 0 1 2 0 
04-11 00:27:46.066 V/APM_AudioPolicyManager( 1665): getOutputForAttrInt returns output 29 selectedDeviceId 3
04-11 00:27:46.066 D/Navbar.Store( 3535): ----handleEvent(0) GetInflateButtonWidth(buttonSpec=left, landscape=false) [Module] SamsungNavigationBarInflaterView
04-11 00:27:46.066 V/APM_AudioPolicyManager( 1665): getOutputForAttr() returns output 29 requestedPortId 0 selectedDeviceId 3 for port ID 33925
04-11 00:27:46.066 D/Navbar.Store( 3535): ------[Band]STABLE_LAYOUT_PACK_INFLATE_NAVBAR
04-11 00:27:46.066 D/NavBarStateManager( 3535): NavBarStates(0) getSpaceWidth(land: false): 118
04-11 00:27:46.066 I/AudioFlinger( 1665): nonSecFlag 4, secFlag 0, outputFlags 4
04-11 00:27:46.066 D/Navbar.Store( 3535): ----handleEvent(0) value= 118
04-11 00:27:46.066 D/AudioFlinger( 1665): AUDIO_OUTPUT_FLAG_FAST denied: sharedBuffer=0x0 frameCount=4096 mFrameCount=192 format=0x1 mFormat=0x5 isLinear=1 channelMask=0x1 sampleRate=24000 mSampleRate=48000 hasFastMixer=1 tid=-1 fastTrackAvailMask=0xe4
04-11 00:27:46.066 V/talkback: CustomLabelManager(16118): All tasks completed and shutdown requested.  Releasing database.
04-11 00:27:46.066 I/AudioFlinger( 1665): FastTrack denied, resize fc 1440
04-11 00:27:46.066 D/AudioFlinger( 1665): Client defaulted notificationFrames to 480 for frameCount 4096
04-11 00:27:46.066 D/Navbar.Store( 3535): ----handleEvent(0) GetInflateButtonWidth(buttonSpec=recent, landscape=false) [Module] SamsungNavigationBarInflaterView
04-11 00:27:46.066 D/Navbar.Store( 3535): ------[Band]STABLE_LAYOUT_PACK_INFLATE_NAVBAR
04-11 00:27:46.066 D/NavBarStateManager( 3535): NavBarStates(0) getButtonWidth(land: false): 239
04-11 00:27:46.066 D/Navbar.Store( 3535): ----handleEvent(0) value= 239
04-11 00:27:46.067 I/BtGatt.ScanHelper( 3694): onScanResult to scannerId: 9- eventType=0x1b, addressType=1, address=XX:XX:XX:XX:B8:83, primaryPhy=1, secondaryPhy=0, advertisingSid=0xff, txPower=127, rssi=-53, periodicAdvInt=0x0
04-11 00:27:46.067 D/Navbar.Store( 3535): ----handleEvent(0) GetInflateButtonWidth(buttonSpec=left, landscape=true) [Module] SamsungNavigationBarInflaterView
04-11 00:27:46.067 I/BtGatt.ScanHelper( 3694): onScanResult to scannerId: 9- eventType=0x1b, addressType=0, address=XX:XX:XX:XX:B8:40, primaryPhy=1, secondaryPhy=0, advertisingSid=0xff, txPower=127, rssi=-92, periodicAdvInt=0x0
04-11 00:27:46.067 D/Navbar.Store( 3535): ------[Band]STABLE_LAYOUT_PACK_INFLATE_NAVBAR
04-11 00:27:46.067 D/NavBarStateManager( 3535): NavBarStates(0) getSpaceWidth(land: true): 118
04-11 00:27:46.067 D/Navbar.Store( 3535): ----handleEvent(0) value= 118
04-11 00:27:46.068 I/BtGatt.ScanHelper( 3694): onScanResult to scannerId: 1- eventType=0x1b, addressType=1, address=XX:XX:XX:XX:B6:E9, primaryPhy=1, secondaryPhy=0, advertisingSid=0xff, txPower=127, rssi=-66, periodicAdvInt=0x0
04-11 00:27:46.068 W/[+0900]oneconnect[1.8.41.23_01][CORE](23577): BleParser.parseBlePacket - invalid version 7
04-11 00:27:46.068 D/Navbar.Store( 3535): ----handleEvent(0) GetInflateButtonWidth(buttonSpec=recent, landscape=true) [Module] SamsungNavigationBarInflaterView
04-11 00:27:46.068 D/Navbar.Store( 3535): ------[Band]STABLE_LAYOUT_PACK_INFLATE_NAVBAR
04-11 00:27:46.068 D/NavBarStateManager( 3535): NavBarStates(0) getButtonWidth(land: true): 239
04-11 00:27:46.068 D/Navbar.Store( 3535): ----handleEvent(0) value= 239
04-11 00:27:46.068 I/AF::Track( 1665): setMixerOutConfig expectKey 202
04-11 00:27:46.068 I/AF::Track( 1665): setMixerOutConfig select, mixer out f 5, s 48000, thread out f 5, s 48000
04-11 00:27:46.068 D/Navbar.Store( 3535): ----handleEvent(0) GetInflateButtonWidth(buttonSpec=home, landscape=false) [Module] SamsungNavigationBarInflaterView
04-11 00:27:46.068 D/Navbar.Store( 3535): ------[Band]STABLE_LAYOUT_PACK_INFLATE_NAVBAR
04-11 00:27:46.069 D/NavBarStateManager( 3535): NavBarStates(0) getButtonWidth(land: false): 239
04-11 00:27:46.069 D/Navbar.Store( 3535): ----handleEvent(0) value= 239
04-11 00:27:46.069 I/BtGatt.ScanHelper( 3694): onScanResult to scannerId: 9- eventType=0x1b, addressType=1, address=XX:XX:XX:XX:B6:E9, primaryPhy=1, secondaryPhy=0, advertisingSid=0xff, txPower=127, rssi=-66, periodicAdvInt=0x0
04-11 00:27:46.069 D/Navbar.Store( 3535): ----handleEvent(0) GetInflateButtonWidth(buttonSpec=home, landscape=true) [Module] SamsungNavigationBarInflaterView
04-11 00:27:46.069 D/Navbar.Store( 3535): ------[Band]STABLE_LAYOUT_PACK_INFLATE_NAVBAR
04-11 00:27:46.069 D/NavBarStateManager( 3535): NavBarStates(0) getButtonWidth(land: true): 239
04-11 00:27:46.069 D/Navbar.Store( 3535): ----handleEvent(0) value= 239
04-11 00:27:46.070 D/Navbar.Store( 3535): ----handleEvent(0) GetInflateButtonWidth(buttonSpec=back, landscape=false) [Module] SamsungNavigationBarInflaterView
04-11 00:27:46.070 D/Navbar.Store( 3535): ------[Band]STABLE_LAYOUT_PACK_INFLATE_NAVBAR
04-11 00:27:46.070 D/NavBarStateManager( 3535): NavBarStates(0) getButtonWidth(land: false): 239
04-11 00:27:46.070 D/Navbar.Store( 3535): ----handleEvent(0) value= 239
04-11 00:27:46.070 I/[+0900]oneconnect[1.8.41.23_01][CORE](23577): BleParserForDaDevice.parseBlePacket - DeviceBleDa : [name]($)-[(22)[BleMac]($)70:2C[DeviceType]REFRIGERATOR[DeviceInfoVersion]0[DeviceStatus]4,1,3,1,42,18,1,3,0,21,18,3,1,-16,4,1,-16,
04-11 00:27:46.071 D/Navbar.Store( 3535): ----handleEvent(0) GetInflateButtonWidth(buttonSpec=right, landscape=false) [Module] SamsungNavigationBarInflaterView
04-11 00:27:46.071 V/AS.PlaybackActivityMon( 2531): trackPlayer() new piid=229135
04-11 00:27:46.071 D/Navbar.Store( 3535): ------[Band]STABLE_LAYOUT_PACK_INFLATE_NAVBAR
04-11 00:27:46.071 D/NavBarStateManager( 3535): NavBarStates(0) getSpaceWidth(land: false): 118
04-11 00:27:46.071 D/Navbar.Store( 3535): ----handleEvent(0) value= 118
04-11 00:27:46.072 D/AudioTrack(16138): setVolume(1.000000, 1.000000) pid : 16138
04-11 00:27:46.072 D/Navbar.Store( 3535): ----handleEvent(0) GetInflateButtonWidth(buttonSpec=back, landscape=true) [Module] SamsungNavigationBarInflaterView
04-11 00:27:46.072 V/AS.PlaybackActivityMon( 2531): playerEvent(piid=229135, event=PLAYER_UPDATE_PORT_ID, eventValue=33925)
04-11 00:27:46.072 D/Navbar.Store( 3535): ------[Band]STABLE_LAYOUT_PACK_INFLATE_NAVBAR
04-11 00:27:46.072 D/NavBarStateManager( 3535): NavBarStates(0) getButtonWidth(land: true): 239
04-11 00:27:46.072 D/Navbar.Store( 3535): ----handleEvent(0) value= 239
04-11 00:27:46.072 V/AS.PlaybackActivityMon( 2531): playerEvent(piid=229135, event=PLAYER_STATE_STOPPED, eventValue=0)
04-11 00:27:46.072 V/AS.PlaybackActivityMon( 2531): dispatchPlaybackChange to 8 clients
04-11 00:27:46.073 D/Navbar.Store( 3535): ----handleEvent(0) GetInflateButtonWidth(buttonSpec=right, landscape=true) [Module] SamsungNavigationBarInflaterView
04-11 00:27:46.073 D/Navbar.Store( 3535): ------[Band]STABLE_LAYOUT_PACK_INFLATE_NAVBAR
04-11 00:27:46.073 D/NavBarStateManager( 3535): NavBarStates(0) getSpaceWidth(land: true): 118
04-11 00:27:46.073 D/Navbar.Store( 3535): ----handleEvent(0) value= 118
04-11 00:27:46.073 D/Navbar.Store( 3535): ----handleEvent(0) GetInflateButtonWidth(buttonSpec=left_remote_view, landscape=false) [Module] SamsungNavigationBarInflaterView
04-11 00:27:46.073 D/Navbar.Store( 3535): ------[Band]STABLE_LAYOUT_PACK_INFLATE_NAVBAR
04-11 00:27:46.073 D/NavBarStateManager( 3535): NavBarStates(0) getSpaceWidth(land: false): 118
04-11 00:27:46.073 D/Navbar.Store( 3535): ----handleEvent(0) value= 118
04-11 00:27:46.073 D/Navbar.Store( 3535): ----handleEvent(0) GetInflateButtonWidth(buttonSpec=right_remote_view, landscape=false) [Module] SamsungNavigationBarInflaterView
04-11 00:27:46.073 D/Navbar.Store( 3535): ------[Band]STABLE_LAYOUT_PACK_INFLATE_NAVBAR
04-11 00:27:46.073 D/NavBarStateManager( 3535): NavBarStates(0) getSpaceWidth(land: false): 118
04-11 00:27:46.073 D/Navbar.Store( 3535): ----handleEvent(0) value= 118
04-11 00:27:46.073 W/BWU@AudioPlaybackControlManager(20408): ignore isMusicPlaying - 0 configs counts - 8 mIsAecRecording false
04-11 00:27:46.073 V/AS.PlaybackActivityMon( 2531): playerEvent(piid=229135, event=PLAYER_STATE_STOPPED, eventValue=0)
04-11 00:27:46.074 V/AS.PlaybackActivityMon( 2531): releasePlayer() for piid=229135
04-11 00:27:46.074 V/AS.PlaybackActivityMon( 2531): DuckingManager: removedReleased() player piid: 229135 uid:1000
04-11 00:27:46.074 D/SoundCraft.PlayingAudioConditionHandler( 3535): onPlaybackConfigChanged : lastStartedPackageName=null, lastStartedUid=-1, newStartedUid=-1, newStartPackageName=null, thread=Thread[RoutineHandlerThread,5,main]
04-11 00:27:46.074 V/AS.FadeOutManager( 2531): removedReleased() player piid: 229135 uid:1000
04-11 00:27:46.074 D/Navbar.Store( 3535): ----handleEvent(0) GetInflateButtonWidth(buttonSpec=left_remote_view, landscape=true) [Module] SamsungNavigationBarInflaterView
04-11 00:27:46.074 D/Navbar.Store( 3535): ------[Band]STABLE_LAYOUT_PACK_INFLATE_NAVBAR
04-11 00:27:46.074 D/NavBarStateManager( 3535): NavBarStates(0) getSpaceWidth(land: true): 118
04-11 00:27:46.074 V/AS.PlaybackActivityMon( 2531): dispatchPlaybackChange to 8 clients
04-11 00:27:46.074 D/Navbar.Store( 3535): ----handleEvent(0) value= 118
04-11 00:27:46.074 D/Navbar.Store( 3535): ----handleEvent(0) GetInflateButtonWidth(buttonSpec=right_remote_view, landscape=true) [Module] SamsungNavigationBarInflaterView
04-11 00:27:46.074 D/Navbar.Store( 3535): ------[Band]STABLE_LAYOUT_PACK_INFLATE_NAVBAR
04-11 00:27:46.074 D/NavBarStateManager( 3535): NavBarStates(0) getSpaceWidth(land: true): 118
04-11 00:27:46.074 D/Navbar.Store( 3535): ----handleEvent(0) value= 118
04-11 00:27:46.074 D/Navbar.Store( 3535): ----handleEvent(0) GetNavBarSidePadding(landscape=false) [Module] SamsungNavigationBarInflaterView
04-11 00:27:46.074 D/Navbar.Store( 3535): ------[Band]STABLE_LAYOUT_PACK_INFLATE_NAVBAR_SIDE_PADDING
04-11 00:27:46.074 D/NavBarStateManager( 3535): NavBarStates(0) getNavBarSidePadding: 0
04-11 00:27:46.074 D/Navbar.Store( 3535): ----handleEvent(0) value= 0
04-11 00:27:46.074 D/Navbar.Store( 3535): ----handleEvent(0) GetNavBarSidePadding(landscape=true) [Module] SamsungNavigationBarInflaterView
04-11 00:27:46.074 D/Navbar.Store( 3535): ------[Band]STABLE_LAYOUT_PACK_INFLATE_NAVBAR_SIDE_PADDING
04-11 00:27:46.074 D/NavBarStateManager( 3535): NavBarStates(0) getNavBarSidePadding: 0
04-11 00:27:46.074 D/Navbar.Store( 3535): ----handleEvent(0) value= 0
04-11 00:27:46.074 D/Navbar.Store( 3535): ----handleEvent(0) GetNavBarSidePadding(landscape=false) [Module] SamsungNavigationBarInflaterView
04-11 00:27:46.074 D/Navbar.Store( 3535): ------[Band]STABLE_LAYOUT_PACK_INFLATE_NAVBAR_SIDE_PADDING
04-11 00:27:46.074 D/NavBarStateManager( 3535): NavBarStates(0) getNavBarSidePadding: 0
04-11 00:27:46.074 D/Navbar.Store( 3535): ----handleEvent(0) value= 0
04-11 00:27:46.074 D/Navbar.Store( 3535): ----handleEvent(0) GetNavBarSidePadding(landscape=true) [Module] SamsungNavigationBarInflaterView
04-11 00:27:46.074 D/Navbar.Store( 3535): ------[Band]STABLE_LAYOUT_PACK_INFLATE_NAVBAR_SIDE_PADDING
04-11 00:27:46.074 D/NavBarStateManager( 3535): NavBarStates(0) getNavBarSidePadding: 0
04-11 00:27:46.074 D/Navbar.Store( 3535): ----handleEvent(0) value= 0
04-11 00:27:46.074 D/Navbar.Store( 3535): ----handleEvent(0) OnUpdateRemoteViewContainer(rotation=0, leftContainer=android.widget.LinearLayout{baaa872 V.E...... ......I. 0,0-0,0 #7f0a0624 app:id/left_remoteview}, rightContainer=android.widget.LinearLayout{a0af879 V.E...... ......I. 0,0-0,0 #7f0a09df app:id/right_remoteview}, contextualButtonVisible=true, darkIntensity=0.0, displayId=0) [Module] SamsungNavigationBarView
04-11 00:27:46.075 D/Navbar.Store( 3535): ------[Band]REMOTE_VIEW_PACK_SET_REMOTEVIEW_CONTAINER
04-11 00:27:46.075 D/Navbar.Store( 3535): --------apply(0) NavBarStoreAction$UpdateRemoteViewContainer
04-11 00:27:46.075 D/Navbar.Store( 3535): --------apply(0) NavBarStoreAction$UpdateRemoteViewDarkIntensity
04-11 00:27:46.075 V/APM_AudioPolicyManager( 1665): releaseOutput portId 33925
04-11 00:27:46.075 V/APM_AudioPolicyManager( 1665): releaseOutput() 29
04-11 00:27:46.075 D/Navbar.Store( 3535): ----handleEvent(1) OnUpdateRemoteViewContainer(rotation=0, leftContainer=android.widget.LinearLayout{baaa872 I.E...... ......I. 0,0-0,0 #7f0a0624 app:id/left_remoteview}, rightContainer=android.widget.LinearLayout{a0af879 I.E...... ......I. 0,0-0,0 #7f0a09df app:id/right_remoteview}, contextualButtonVisible=true, darkIntensity=0.0, displayId=0) [Module] SamsungNavigationBarView
04-11 00:27:46.075 D/Navbar.Store( 3535): ----apply(0) NavBarStoreAction$UpdateNavBarIconAndHints
04-11 00:27:46.075 W/BWU@AudioPlaybackControlManager(20408): ignore isMusicPlaying - 0 configs counts - 7 mIsAecRecording false
04-11 00:27:46.075 D/audioserver( 1665): logFgsApiEnd: FGS Logger Transaction failed, -129
04-11 00:27:46.076 D/SoundCraft.PlayingAudioConditionHandler( 3535): onPlaybackConfigChanged : lastStartedPackageName=null, lastStartedUid=-1, newStartedUid=-1, newStartPackageName=null, thread=Thread[RoutineHandlerThread,5,main]
04-11 00:27:46.076 V/talkback: ImageCaptioner(16118): shutdownImageDescription isImageDescriptionProcessorInitializing=false
04-11 00:27:46.076 D/VibratorManagerService( 2531): Canceling vibration
04-11 00:27:46.077 V/talkback: SpeechControllerImpl(16118): interrupt, stopTtsSpeechCompletely=false
04-11 00:27:46.077 I/SamsungTTS(16138): [Synthesize] request = en-US-default
04-11 00:27:46.078 I/SamsungTTS(16138): [loadLanguage] : eng-USA-[l03]
04-11 00:27:46.078 I/SamsungTTS(16138): [Synthesize] Empty input. Caller[10155-com.samsung.android.accessibility.talkback]
04-11 00:27:46.078 W/ContextImpl(16138): Calling a method in the system process without a qualified user: android.app.ContextImpl.sendBroadcast:1314 android.content.ContextWrapper.sendBroadcast:515 android.speech.tts.TextToSpeechService$SynthThread.broadcastTtsQueueProcessingCompleted:471 android.speech.tts.TextToSpeechService$SynthThread.queueIdle:463 android.os.MessageQueue.next:424 
04-11 00:27:46.078 V/APM_AudioPolicyManager( 1665): selectOutput new bestOutput 13 criteria 0 100 0 0 0 0 0 2 
04-11 00:27:46.078 V/APM_AudioPolicyManager( 1665): selectOutput new bestOutput 21 criteria 0 100 0 0 0 1 0 0 
04-11 00:27:46.078 V/APM_AudioPolicyManager( 1665): getOutput() stream 3 selected devices {AUDIO_DEVICE_OUT_SPEAKER, @:}, output 21
04-11 00:27:46.079 V/APM_AudioPolicyManager( 1665): selectOutput new bestOutput 13 criteria 0 100 0 0 0 0 0 2 
04-11 00:27:46.079 V/APM_AudioPolicyManager( 1665): selectOutput new bestOutput 21 criteria 0 100 0 0 0 1 0 0 
04-11 00:27:46.079 V/APM_AudioPolicyManager( 1665): getOutput() stream 3 selected devices {AUDIO_DEVICE_OUT_SPEAKER, @:}, output 21
04-11 00:27:46.079 V/APM_AudioPolicyManager( 1665): selectOutput new bestOutput 13 criteria 0 100 0 0 0 0 0 2 
04-11 00:27:46.079 V/APM_AudioPolicyManager( 1665): selectOutput new bestOutput 21 criteria 0 100 0 0 0 1 0 0 
04-11 00:27:46.079 V/APM_AudioPolicyManager( 1665): getOutput() stream 3 selected devices {AUDIO_DEVICE_OUT_SPEAKER, @:}, output 21
04-11 00:27:46.079 W/ContextImpl(16138): Calling a method in the system process without a qualified user: android.app.ContextImpl.sendBroadcast:1314 android.content.ContextWrapper.sendBroadcast:515 android.speech.tts.TextToSpeechService$SynthThread.broadcastTtsQueueProcessingCompleted:471 android.speech.tts.TextToSpeechService$SynthThread.queueIdle:463 android.os.MessageQueue.next:424 
04-11 00:27:46.080 D/TextToSpeechManagerPerUserService( 2531): Unbinding TTS engine: com.samsung.SMT. Reason: client disconnection request
04-11 00:27:46.080 V/talkback: SpeechControllerObserverInterpreter(16118): Shutdown requested.
04-11 00:27:46.080 D/Navbar.Store( 3535): --------handleEvent(0) OnUpdateRemoteViewContainer(rotation=0, leftContainer=android.widget.LinearLayout{baaa872 I.E...... ......I. 0,0-0,0 #7f0a0624 app:id/left_remoteview}, rightContainer=android.widget.LinearLayout{a0af879 I.E...... ......I. 0,0-0,0 #7f0a09df app:id/right_remoteview}, contextualButtonVisible=true, darkIntensity=0.0, displayId=0) [Module] SamsungNavigationBarView
04-11 00:27:46.080 D/Navbar.Store( 3535): ----------[Band]REMOTE_VIEW_PACK_SET_REMOTEVIEW_CONTAINER
04-11 00:27:46.080 D/Navbar.Store( 3535): ------------apply(0) NavBarStoreAction$UpdateRemoteViewContainer
04-11 00:27:46.080 I/VRI[Screen search]@1c97192(16118): onDisplayChanged oldDisplayState=2 newDisplayState=2
04-11 00:27:46.080 D/Navbar.Store( 3535): ------------apply(0) NavBarStoreAction$UpdateRemoteViewDarkIntensity
04-11 00:27:46.080 I/VRI[Screen search]@4fae0fb(16118): onDisplayChanged oldDisplayState=2 newDisplayState=2
04-11 00:27:46.080 I/VRI[Screen search]@ab84d41(16118): onDisplayChanged oldDisplayState=2 newDisplayState=2
04-11 00:27:46.080 I/VRI[Screen search]@39a1fc9(16118): onDisplayChanged oldDisplayState=2 newDisplayState=2
04-11 00:27:46.080 D/Navbar.Store( 3535): --------handleEvent(1) OnUpdateRemoteViewContainer(rotation=0, leftContainer=android.widget.LinearLayout{baaa872 I.E...... ......I. 0,0-0,0 #7f0a0624 app:id/left_remoteview}, rightContainer=android.widget.LinearLayout{a0af879 I.E...... ......I. 0,0-0,0 #7f0a09df app:id/right_remoteview}, contextualButtonVisible=true, darkIntensity=0.0, displayId=0) [Module] SamsungNavigationBarView
04-11 00:27:46.080 I/VRI[Screen search]@4d2c008(16118): onDisplayChanged oldDisplayState=2 newDisplayState=2
04-11 00:27:46.080 D/NavBarView( 3535): disableBack=false (useAltBack=false, handlingGestures=false, disabledFlagBack=false, isBottomGesture=false, isImeRenderingNavButtons=false)
04-11 00:27:46.080 I/VRI[Screen search]@375e37(16118): onDisplayChanged oldDisplayState=2 newDisplayState=2
04-11 00:27:46.080 I/VRI[Screen search]@447d7ba(16118): onDisplayChanged oldDisplayState=2 newDisplayState=2
04-11 00:27:46.080 I/VRI[Screen search]@41a6fa4(16118): onDisplayChanged oldDisplayState=2 newDisplayState=2
04-11 00:27:46.080 D/Navbar.Store( 3535): ----handleEvent(0) OnUpdateSysUiStateFlag(noArguments=true) [Module] SamsungNavigationBarView
04-11 00:27:46.080 D/Navbar.Store( 3535): ------[Band]GESTURE_PACK_UPDATE_SYSTEMUI_STATE_FLAG
04-11 00:27:46.080 D/Navbar.Store( 3535): ------[Band] (afterAction) GESTURE_PACK_UPDATE_SYSTEMUI_STATE_FLAG
04-11 00:27:46.080 D/HoneySpace.TISBinder( 4205): onActiveNavBarRegionChanges: Not yet implemented
04-11 00:27:46.081 D/HoneySpace.TISBinder( 4205): onActiveNavBarRegionChanges: Not yet implemented
04-11 00:27:46.081 D/NavBarStateManager( 3535): NavBarStates(0) canUseNavBarBackgroundFrame: false
04-11 00:27:46.081 V/APM_AudioPolicyManager( 1665): getOutputForAttrInt() attributes={ Content type: AUDIO_CONTENT_TYPE_UNKNOWN Usage: AUDIO_USAGE_ASSISTANCE_ACCESSIBILITY Source: AUDIO_SOURCE_INVALID Flags: 0x900 Tags:  } stream=AUDIO_STREAM_ACCESSIBILITY session 271265 selectedDeviceId 0
04-11 00:27:46.081 D/MARsPolicyManager( 2531): clearTTSPkgInfo
04-11 00:27:46.081 V/APM_AudioPolicyManager( 1665): getOutputForAttrInt() device {AUDIO_DEVICE_OUT_SPEAKER, @:}, sampling rate 24000, format 0x1, channel mask 0x1, flags 0x4 stream AUDIO_STREAM_ACCESSIBILITY
04-11 00:27:46.081 V/APM_AudioPolicyManager( 1665): selectOutput new bestOutput 13 criteria 0 100 0 0 0 0 4 2 
04-11 00:27:46.081 V/APM_AudioPolicyManager( 1665): selectOutput new bestOutput 29 criteria 0 100 0 0 0 1 2 0 
04-11 00:27:46.081 V/APM_AudioPolicyManager( 1665): getOutputForAttrInt returns output 29 selectedDeviceId 3
04-11 00:27:46.081 V/APM_AudioPolicyManager( 1665): getOutputForAttr() returns output 29 requestedPortId 0 selectedDeviceId 3 for port ID 33926
04-11 00:27:46.081 I/SamsungTTS(16138): Service unbound.
04-11 00:27:46.081 I/AudioFlinger( 1665): nonSecFlag 4, secFlag 0, outputFlags 4
04-11 00:27:46.081 D/AudioFlinger( 1665): AUDIO_OUTPUT_FLAG_FAST denied: sharedBuffer=0x0 frameCount=4096 mFrameCount=192 format=0x1 mFormat=0x5 isLinear=1 channelMask=0x1 sampleRate=24000 mSampleRate=48000 hasFastMixer=1 tid=-1 fastTrackAvailMask=0xe4
04-11 00:27:46.081 I/SamsungTTS(16138): unloadEngine : eng-USA-l03
04-11 00:27:46.082 I/AudioFlinger( 1665): FastTrack denied, resize fc 1440
04-11 00:27:46.082 D/AudioFlinger( 1665): Client defaulted notificationFrames to 480 for frameCount 4096
04-11 00:27:46.082 W/TextToSpeechManagerPerUserService( 2531): Disconnected from TTS engine
04-11 00:27:46.083 E/BRListParser( 2531): isInAllowList() Intent=android.intent.action.BOOT_COMPLETED Package=com.samsung.android.accessibility.talkback is not in allowlist!
04-11 00:27:46.083 I/AF::Track( 1665): setMixerOutConfig expectKey 202
04-11 00:27:46.083 I/AF::Track( 1665): setMixerOutConfig select, mixer out f 5, s 48000, thread out f 5, s 48000
04-11 00:27:46.083 D/ActivityManagerServiceExt( 2531): action:android.intent.action.BOOT_COMPLETED callerPackage:com.samsung.android.accessibility.talkback is not registered!
04-11 00:27:46.083 I/TextToSpeech(16118): Disconnected from TTS engine
04-11 00:27:46.084 V/AS.PlaybackActivityMon( 2531): trackPlayer() new piid=229143
04-11 00:27:46.084 W/ServiceConnector.Impl( 2531): mayInterruptIfRunning not supported - ignoring
04-11 00:27:46.084 D/AudioTrack(16138): setVolume(1.000000, 1.000000) pid : 16138
04-11 00:27:46.084 V/AS.PlaybackActivityMon( 2531): playerEvent(piid=229143, event=PLAYER_UPDATE_PORT_ID, eventValue=33926)
04-11 00:27:46.085 V/AS.PlaybackActivityMon( 2531): playerEvent(piid=229143, event=PLAYER_STATE_STOPPED, eventValue=0)
04-11 00:27:46.085 V/AS.PlaybackActivityMon( 2531): dispatchPlaybackChange to 8 clients
04-11 00:27:46.085 D/audioserver( 1665): logFgsApiEnd: FGS Logger Transaction failed, -129
04-11 00:27:46.085 V/AS.PlaybackActivityMon( 2531): releasePlayer() for piid=229143
04-11 00:27:46.085 V/AS.PlaybackActivityMon( 2531): DuckingManager: removedReleased() player piid: 229143 uid:1000
04-11 00:27:46.085 V/AS.FadeOutManager( 2531): removedReleased() player piid: 229143 uid:1000
04-11 00:27:46.085 V/AS.PlaybackActivityMon( 2531): dispatchPlaybackChange to 8 clients
04-11 00:27:46.087 I/VSyncReactor( 1674): Current= 120, Period= 120, Distance= 2
04-11 00:27:46.088 W/BWU@AudioPlaybackControlManager(20408): ignore isMusicPlaying - 0 configs counts - 8 mIsAecRecording false
04-11 00:27:46.085 V/APM_AudioPolicyManager( 1665): releaseOutput portId 33926
04-11 00:27:46.088 W/BWU@AudioPlaybackControlManager(20408): ignore isMusicPlaying - 0 configs counts - 7 mIsAecRecording false
04-11 00:27:46.088 I/LayerHistory( 1674): NavigationBar0$_3535#129 Max (can't resolve refresh rate)
04-11 00:27:46.088 I/SurfaceFlinger( 1674): Weight ignores NavigationBar0$_3535#129 (type=Max, weight=0.05, seamlessness=Default) 0.00 Hz's 96.00 Hz
04-11 00:27:46.088 I/SurfaceFlinger( 1674): Weight ignores NavigationBar0$_3535#129 (type=Max, weight=0.05, seamlessness=Default) 0.00 Hz's 120.00 Hz
04-11 00:27:46.088 I/SurfaceFlinger( 1674): scored - choose 60.00 Hz
04-11 00:27:46.088 I/HWComposer( 1674): [4630946564756762243] ActiveConfigToHWC, ID : 2
04-11 00:27:46.089 I/SurfaceFlinger( 1674): id=48208 createSurf, flag=84004, WindowToken{c8a132 type=2032 android.os.Binder@ba253d}#48208
04-11 00:27:46.089 V/APM_AudioPolicyManager( 1665): releaseOutput() 29
04-11 00:27:46.090 D/SoundCraft.PlayingAudioConditionHandler( 3535): onPlaybackConfigChanged : lastStartedPackageName=null, lastStartedUid=-1, newStartedUid=-1, newStartPackageName=null, thread=Thread[RoutineHandlerThread,5,main]
04-11 00:27:46.090 D/SoundCraft.PlayingAudioConditionHandler( 3535): onPlaybackConfigChanged : lastStartedPackageName=null, lastStartedUid=-1, newStartedUid=-1, newStartPackageName=null, thread=Thread[RoutineHandlerThread,5,main]
04-11 00:27:46.091 I/SurfaceFlinger( 1674): id=48209 createSurf, flag=84004, WindowToken{cc24800 type=2032 android.os.Binder@5360e83}#48209
04-11 00:27:46.091 W/EnhancedConfirmationService( 2531): The packageName should not be null.
04-11 00:27:46.091 D/KNOX_MDM_SettingsProvider( 2531): isChangeAllowed() : name = accessibility_enabled
04-11 00:27:46.091 D/KNOX_MDM_SettingsProvider( 2531): isChangeAllowed() : name = touch_exploration_enabled
04-11 00:27:46.092 D/SettingsProvider( 2531): PUT_ret(/secure/touch_exploration_enabled), callingPackage:android
04-11 00:27:46.092 D/MagnificationConnectionManager( 2531): requestConnection :true mConnectionState : 3
04-11 00:27:46.093 D/Navbar.Store( 3535): ----handleEvent(0) OnUpdateRemoteViewContainer(rotation=0, leftContainer=android.widget.LinearLayout{baaa872 I.E...... ......I. 0,0-118,144 #7f0a0624 app:id/left_remoteview}, rightContainer=android.widget.LinearLayout{a0af879 I.E...... ......I. 962,0-1080,144 #7f0a09df app:id/right_remoteview}, contextualButtonVisible=true, darkIntensity=0.0, displayId=0) [Module] SamsungNavigationBarView
04-11 00:27:46.093 D/Navbar.Store( 3535): ------[Band]REMOTE_VIEW_PACK_SET_REMOTEVIEW_CONTAINER
04-11 00:27:46.093 D/Navbar.Store( 3535): --------apply(0) NavBarStoreAction$UpdateRemoteViewContainer
04-11 00:27:46.093 D/Navbar.Store( 3535): --------apply(0) NavBarStoreAction$UpdateRemoteViewDarkIntensity
04-11 00:27:46.093 D/Navbar.Store( 3535): ----handleEvent(1) OnUpdateRemoteViewContainer(rotation=0, leftContainer=android.widget.LinearLayout{baaa872 I.E...... ......I. 0,0-118,144 #7f0a0624 app:id/left_remoteview}, rightContainer=android.widget.LinearLayout{a0af879 I.E...... ......I. 962,0-1080,144 #7f0a09df app:id/right_remoteview}, contextualButtonVisible=true, darkIntensity=0.0, displayId=0) [Module] SamsungNavigationBarView
04-11 00:27:46.093 D/Navbar.Store( 3535): handleEvent(0) OnNavBarUpdateA11YService(clickable=true, longClickable=true) [Module] NavigationBar
04-11 00:27:46.093 D/Navbar.Store( 3535): --[Band]SETUPWIZARD_PACK_UPDATE_A11Y_SERVICE
04-11 00:27:46.093 D/Navbar.Store( 3535): handleEvent(0) OnButtonOrderChanged(noArguments=true) [Module] NavigationBar
04-11 00:27:46.093 D/Navbar.Store( 3535): --[Band]CONFIG_PACK_KEY_ORDER_CHANGED
04-11 00:27:46.093 D/Navbar.Store( 3535): ----apply(0) NavBarStoreAction$ReinflateNavBar
04-11 00:27:46.093 D/Navbar.Store( 3535): ----handleEvent(0) GetInflateLayoutID(vertical=false) [Module] SamsungNavigationBarInflaterView
04-11 00:27:46.093 I/SamsungTTS:JNI(16138): [closeEngine][ID:261360503] Finalized done.
04-11 00:27:46.093 D/Navbar.Store( 3535): ------[Band]STABLE_LAYOUT_PACK_GET_INFLATE_LAYOUT_ID
04-11 00:27:46.093 D/NavBarStateManager( 3535): NavBarStates(0) getLayoutID(vertical: false): 2131559221
04-11 00:27:46.093 D/Navbar.Store( 3535): ----handleEvent(0) value= 2131559221
04-11 00:27:46.093 I/SamsungTTS:JNI(16138): [closeEngine][ID:261360503] Delete done.
04-11 00:27:46.094 D/Navbar.Store( 3535): ----handleEvent(0) GetInflateLayoutID(vertical=true) [Module] SamsungNavigationBarInflaterView
04-11 00:27:46.094 D/Navbar.Store( 3535): ------[Band]STABLE_LAYOUT_PACK_GET_INFLATE_LAYOUT_ID
04-11 00:27:46.094 D/NavBarStateManager( 3535): NavBarStates(0) getLayoutID(vertical: true): 2131559223
04-11 00:27:46.094 D/Navbar.Store( 3535): ----handleEvent(0) value= 2131559223
04-11 00:27:46.094 D/Navbar.Store( 3535): ----handleEvent(0) GetDefaultLayout(noArguments=true) [Module] SamsungNavigationBarInflaterView
04-11 00:27:46.094 D/Navbar.Store( 3535): ------[Band]STABLE_LAYOUT_PACK_GET_DEFAULT_LAYOUT
04-11 00:27:46.094 D/NavBarStateManager( 3535): NavBarStates(0) getDefaultLayout: left,recent;home;back,right
04-11 00:27:46.094 D/Navbar.Store( 3535): ----handleEvent(0) value= left,recent;home;back,right
04-11 00:27:46.095 I/AccessibilityManagerService( 2531): semIsAccessibilityServiceEnabled()
04-11 00:27:46.095 I/AccessibilityManagerService( 2531): semIsAccessibilityServiceEnabled()
04-11 00:27:46.095 D/Navbar.Store( 3535): ----handleEvent(0) GetInflateButtonWidth(buttonSpec=left, landscape=false) [Module] SamsungNavigationBarInflaterView
04-11 00:27:46.095 D/Navbar.Store( 3535): ------[Band]STABLE_LAYOUT_PACK_INFLATE_NAVBAR
04-11 00:27:46.095 D/NavBarStateManager( 3535): NavBarStates(0) getSpaceWidth(land: false): 118
04-11 00:27:46.095 D/Navbar.Store( 3535): ----handleEvent(0) value= 118
04-11 00:27:46.095 D/AS.AudioService( 2531): Accessibility volume enabled = true
04-11 00:27:46.095 I/Telecom ( 2531): SamsungTelecomServiceImpl : isInCall - callingPackage : android / callingUser : UserHandle{0} / hasCrossUserAccess : true
04-11 00:27:46.095 D/Navbar.Store( 3535): ----handleEvent(0) GetInflateButtonWidth(buttonSpec=recent, landscape=false) [Module] SamsungNavigationBarInflaterView
04-11 00:27:46.095 D/Navbar.Store( 3535): ------[Band]STABLE_LAYOUT_PACK_INFLATE_NAVBAR
04-11 00:27:46.095 D/NavBarStateManager( 3535): NavBarStates(0) getButtonWidth(land: false): 239
04-11 00:27:46.095 D/Navbar.Store( 3535): ----handleEvent(0) value= 239
04-11 00:27:46.096 V/talkback: TalkBackService(16118): System bound to service.
04-11 00:27:46.096 D/Navbar.Store( 3535): ----handleEvent(0) GetInflateButtonWidth(buttonSpec=left, landscape=true) [Module] SamsungNavigationBarInflaterView
04-11 00:27:46.096 D/Navbar.Store( 3535): ------[Band]STABLE_LAYOUT_PACK_INFLATE_NAVBAR
04-11 00:27:46.096 D/NavBarStateManager( 3535): NavBarStates(0) getSpaceWidth(land: true): 118
04-11 00:27:46.096 D/Navbar.Store( 3535): ----handleEvent(0) value= 118
04-11 00:27:46.096 D/Navbar.Store( 3535): ----handleEvent(0) GetInflateButtonWidth(buttonSpec=recent, landscape=true) [Module] SamsungNavigationBarInflaterView
04-11 00:27:46.096 D/Navbar.Store( 3535): ------[Band]STABLE_LAYOUT_PACK_INFLATE_NAVBAR
04-11 00:27:46.096 D/NavBarStateManager( 3535): NavBarStates(0) getButtonWidth(land: true): 239
04-11 00:27:46.096 D/Navbar.Store( 3535): ----handleEvent(0) value= 239
04-11 00:27:46.096 D/Navbar.Store( 3535): ----handleEvent(0) GetInflateButtonWidth(buttonSpec=home, landscape=false) [Module] SamsungNavigationBarInflaterView
04-11 00:27:46.096 D/Navbar.Store( 3535): ------[Band]STABLE_LAYOUT_PACK_INFLATE_NAVBAR
04-11 00:27:46.096 D/NavBarStateManager( 3535): NavBarStates(0) getButtonWidth(land: false): 239
04-11 00:27:46.096 D/Navbar.Store( 3535): ----handleEvent(0) value= 239
04-11 00:27:46.096 D/Navbar.Store( 3535): ----handleEvent(0) GetInflateButtonWidth(buttonSpec=home, landscape=true) [Module] SamsungNavigationBarInflaterView
04-11 00:27:46.096 V/APM_AudioPolicyManager( 1665): setForceUse() usage 7, config 0, mPhoneState 0
04-11 00:27:46.096 W/APM_AudioPolicyManager( 1665): setForceUse() usage 7, config 0 is already set
04-11 00:27:46.096 D/Navbar.Store( 3535): ------[Band]STABLE_LAYOUT_PACK_INFLATE_NAVBAR
04-11 00:27:46.096 D/NavBarStateManager( 3535): NavBarStates(0) getButtonWidth(land: true): 239
04-11 00:27:46.096 D/Navbar.Store( 3535): ----handleEvent(0) value= 239
04-11 00:27:46.097 D/Navbar.Store( 3535): ----handleEvent(0) GetInflateButtonWidth(buttonSpec=back, landscape=false) [Module] SamsungNavigationBarInflaterView
04-11 00:27:46.097 D/Navbar.Store( 3535): ------[Band]STABLE_LAYOUT_PACK_INFLATE_NAVBAR
04-11 00:27:46.097 D/NavBarStateManager( 3535): NavBarStates(0) getButtonWidth(land: false): 239
04-11 00:27:46.097 D/Navbar.Store( 3535): ----handleEvent(0) value= 239
04-11 00:27:46.097 V/APM_AudioPolicyManager( 1665): canBeSpatializedInt check can be spatialized devices[AUDIO_DEVICE_OUT_SPEAKER, @:]
04-11 00:27:46.097 I/APM_AudioPolicyManager( 1665): getSpatializerOutput getSpatializerOutput[21]
04-11 00:27:46.097 D/Navbar.Store( 3535): ----handleEvent(0) GetInflateButtonWidth(buttonSpec=right, landscape=false) [Module] SamsungNavigationBarInflaterView
04-11 00:27:46.097 D/Navbar.Store( 3535): ------[Band]STABLE_LAYOUT_PACK_INFLATE_NAVBAR
04-11 00:27:46.097 D/NavBarStateManager( 3535): NavBarStates(0) getSpaceWidth(land: false): 118
04-11 00:27:46.097 D/Navbar.Store( 3535): ----handleEvent(0) value= 118
04-11 00:27:46.097 D/Navbar.Store( 3535): ----handleEvent(0) GetInflateButtonWidth(buttonSpec=back, landscape=true) [Module] SamsungNavigationBarInflaterView
04-11 00:27:46.097 D/Navbar.Store( 3535): ------[Band]STABLE_LAYOUT_PACK_INFLATE_NAVBAR
04-11 00:27:46.097 D/NavBarStateManager( 3535): NavBarStates(0) getButtonWidth(land: true): 239
04-11 00:27:46.097 D/Navbar.Store( 3535): ----handleEvent(0) value= 239
04-11 00:27:46.098 D/Navbar.Store( 3535): ----handleEvent(0) GetInflateButtonWidth(buttonSpec=right, landscape=true) [Module] SamsungNavigationBarInflaterView
04-11 00:27:46.098 D/Navbar.Store( 3535): ------[Band]STABLE_LAYOUT_PACK_INFLATE_NAVBAR
04-11 00:27:46.098 D/NavBarStateManager( 3535): NavBarStates(0) getSpaceWidth(land: true): 118
04-11 00:27:46.098 D/Navbar.Store( 3535): ----handleEvent(0) value= 118
04-11 00:27:46.098 D/Navbar.Store( 3535): ----handleEvent(0) GetInflateButtonWidth(buttonSpec=left_remote_view, landscape=false) [Module] SamsungNavigationBarInflaterView
04-11 00:27:46.098 D/Navbar.Store( 3535): ------[Band]STABLE_LAYOUT_PACK_INFLATE_NAVBAR
04-11 00:27:46.098 D/NavBarStateManager( 3535): NavBarStates(0) getSpaceWidth(land: false): 118
04-11 00:27:46.098 D/Navbar.Store( 3535): ----handleEvent(0) value= 118
04-11 00:27:46.098 D/AS.AudioService( 2531): setStreamVolumeIndexAS(8, 11, 2)
04-11 00:27:46.098 V/APM_AudioPolicyManager( 1665): setVolumeCurveIndex stream AUDIO_STREAM_DTMF, device 0x00000002, index 11
04-11 00:27:46.098 D/Navbar.Store( 3535): ----handleEvent(0) GetInflateButtonWidth(buttonSpec=right_remote_view, landscape=false) [Module] SamsungNavigationBarInflaterView
04-11 00:27:46.098 D/Navbar.Store( 3535): ------[Band]STABLE_LAYOUT_PACK_INFLATE_NAVBAR
04-11 00:27:46.098 D/NavBarStateManager( 3535): NavBarStates(0) getSpaceWidth(land: false): 118
04-11 00:27:46.098 D/Navbar.Store( 3535): ----handleEvent(0) value= 118
04-11 00:27:46.098 D/Navbar.Store( 3535): ----handleEvent(0) GetInflateButtonWidth(buttonSpec=left_remote_view, landscape=true) [Module] SamsungNavigationBarInflaterView
04-11 00:27:46.098 D/Navbar.Store( 3535): ------[Band]STABLE_LAYOUT_PACK_INFLATE_NAVBAR
04-11 00:27:46.098 D/NavBarStateManager( 3535): NavBarStates(0) getSpaceWidth(land: true): 118
04-11 00:27:46.098 D/Navbar.Store( 3535): ----handleEvent(0) value= 118
04-11 00:27:46.099 D/AS.AudioService( 2531): setStreamVolumeIndexAS(8, 11, 1073741824)
04-11 00:27:46.099 D/Navbar.Store( 3535): ----handleEvent(0) GetInflateButtonWidth(buttonSpec=right_remote_view, landscape=true) [Module] SamsungNavigationBarInflaterView
04-11 00:27:46.099 V/APM_AudioPolicyManager( 1665): setVolumeCurveIndex stream AUDIO_STREAM_DTMF, device 0x40000000, index 11
04-11 00:27:46.099 D/Navbar.Store( 3535): ------[Band]STABLE_LAYOUT_PACK_INFLATE_NAVBAR
04-11 00:27:46.099 D/NavBarStateManager( 3535): NavBarStates(0) getSpaceWidth(land: true): 118
04-11 00:27:46.099 D/Navbar.Store( 3535): ----handleEvent(0) value= 118
04-11 00:27:46.099 D/Navbar.Store( 3535): ----handleEvent(0) GetNavBarSidePadding(landscape=false) [Module] SamsungNavigationBarInflaterView
04-11 00:27:46.099 D/Navbar.Store( 3535): ------[Band]STABLE_LAYOUT_PACK_INFLATE_NAVBAR_SIDE_PADDING
04-11 00:27:46.099 D/NavBarStateManager( 3535): NavBarStates(0) getNavBarSidePadding: 0
04-11 00:27:46.099 D/Navbar.Store( 3535): ----handleEvent(0) value= 0
04-11 00:27:46.099 D/Navbar.Store( 3535): ----handleEvent(0) GetNavBarSidePadding(landscape=true) [Module] SamsungNavigationBarInflaterView
04-11 00:27:46.099 D/Navbar.Store( 3535): ------[Band]STABLE_LAYOUT_PACK_INFLATE_NAVBAR_SIDE_PADDING
04-11 00:27:46.099 D/NavBarStateManager( 3535): NavBarStates(0) getNavBarSidePadding: 0
04-11 00:27:46.099 D/Navbar.Store( 3535): ----handleEvent(0) value= 0
04-11 00:27:46.099 D/Navbar.Store( 3535): ----handleEvent(0) GetNavBarSidePadding(landscape=false) [Module] SamsungNavigationBarInflaterView
04-11 00:27:46.099 D/Navbar.Store( 3535): ------[Band]STABLE_LAYOUT_PACK_INFLATE_NAVBAR_SIDE_PADDING
04-11 00:27:46.099 D/NavBarStateManager( 3535): NavBarStates(0) getNavBarSidePadding: 0
04-11 00:27:46.099 D/Navbar.Store( 3535): ----handleEvent(0) value= 0
04-11 00:27:46.099 D/Navbar.Store( 3535): ----handleEvent(0) GetNavBarSidePadding(landscape=true) [Module] SamsungNavigationBarInflaterView
04-11 00:27:46.099 D/Navbar.Store( 3535): ------[Band]STABLE_LAYOUT_PACK_INFLATE_NAVBAR_SIDE_PADDING
04-11 00:27:46.099 D/NavBarStateManager( 3535): NavBarStates(0) getNavBarSidePadding: 0
04-11 00:27:46.099 D/Navbar.Store( 3535): ----handleEvent(0) value= 0
04-11 00:27:46.099 D/Navbar.Store( 3535): ----handleEvent(0) OnUpdateRemoteViewContainer(rotation=0, leftContainer=android.widget.LinearLayout{6c698c9 V.E...... ......I. 0,0-0,0 #7f0a0624 app:id/left_remoteview}, rightContainer=android.widget.LinearLayout{3c6c9fc V.E...... ......I. 0,0-0,0 #7f0a09df app:id/right_remoteview}, contextualButtonVisible=true, darkIntensity=0.0, displayId=0) [Module] SamsungNavigationBarView
04-11 00:27:46.099 D/Navbar.Store( 3535): ------[Band]REMOTE_VIEW_PACK_SET_REMOTEVIEW_CONTAINER
04-11 00:27:46.099 D/Navbar.Store( 3535): --------apply(0) NavBarStoreAction$UpdateRemoteViewContainer
04-11 00:27:46.099 D/AS.AudioService( 2531): setStreamVolumeIndexAS(10, 1, 1)
04-11 00:27:46.099 D/Navbar.Store( 3535): --------apply(0) NavBarStoreAction$UpdateRemoteViewDarkIntensity
04-11 00:27:46.099 D/Navbar.Store( 3535): ----handleEvent(1) OnUpdateRemoteViewContainer(rotation=0, leftContainer=android.widget.LinearLayout{6c698c9 I.E...... ......I. 0,0-0,0 #7f0a0624 app:id/left_remoteview}, rightContainer=android.widget.LinearLayout{3c6c9fc I.E...... ......I. 0,0-0,0 #7f0a09df app:id/right_remoteview}, contextualButtonVisible=true, darkIntensity=0.0, displayId=0) [Module] SamsungNavigationBarView
04-11 00:27:46.099 D/Navbar.Store( 3535): ----apply(0) NavBarStoreAction$UpdateNavBarIconAndHints
04-11 00:27:46.099 V/APM_AudioPolicyManager( 1665): setVolumeCurveIndex stream AUDIO_STREAM_ACCESSIBILITY, device 0x00000001, index 1
04-11 00:27:46.099 D/AS.AudioService( 2531): setStreamVolumeIndexAS(10, 1, 2)
04-11 00:27:46.100 V/APM_AudioPolicyManager( 1665): setVolumeCurveIndex stream AUDIO_STREAM_ACCESSIBILITY, device 0x00000002, index 1
04-11 00:27:46.100 V/APM_AudioPolicyManager( 1665): checkAndSetVolume: output 29, stream 10, index 1, devices 0x2, volume 0.002818
04-11 00:27:46.100 D/BluetoothA2dp( 3535): getActiveDevice()
04-11 00:27:46.100 D/AS.AudioService( 2531): setStreamVolumeIndexAS(10, 9, 4)
04-11 00:27:46.100 V/APM_AudioPolicyManager( 1665): setVolumeCurveIndex stream AUDIO_STREAM_ACCESSIBILITY, device 0x00000004, index 9
04-11 00:27:46.101 D/AS.AudioService( 2531): setStreamVolumeIndexAS(10, 9, 8)
04-11 00:27:46.101 V/APM_AudioPolicyManager( 1665): setVolumeCurveIndex stream AUDIO_STREAM_ACCESSIBILITY, device 0x00000008, index 9
04-11 00:27:46.101 I/VSyncReactor( 1674): Current= 120, Period= 60, hwcPeriod= 60
04-11 00:27:46.101 D/BluetoothA2dp( 3535): getActiveDevice()
04-11 00:27:46.101 D/LocalDisplayAdapter( 2531): updateActiveModeLocked for d=4630946564756762243, mActiveModeId=3, mActiveSfDisplayMode=DisplayMode{id=2, width=1080, height=2640, xDpi=428.625, yDpi=424.405, peakRefreshRate=60.000004, vsyncRate=60.000004, appVsyncOffsetNanos=0, presentationDeadlineNanos=17666666, supportedHdrTypes=[4, 2, 3], group=1080}
04-11 00:27:46.101 I/SDM     ( 1568): HWDeviceDRM::SetDisplaySwitchMode: [DispConfigs] check hs_mode 1
04-11 00:27:46.101 W/SDM     ( 1568): HWDeviceDRM::GetSupportedBitClkRate: Requested rate not supported: 954000000
04-11 00:27:46.101 I/SDM     ( 1568): HWDeviceDRM::SetDisplaySwitchMode: [DispConfigs] Set mode index:2 1080x2640x60xcmdHS, hs_mode(1), found_mode(1)
04-11 00:27:46.102 I/SDM     ( 1568): HWDeviceDRM::UpdateMixerAttributes: Mixer WxH 1080x2640-1 for Peripheral
04-11 00:27:46.102 I/SDM     ( 1568): HWCDisplay::SubmitDisplayConfig: Active configuration changed from config 0 to 2
04-11 00:27:46.102 D/AS.AudioService( 2531): setStreamVolumeIndexAS(10, 9, 128)
04-11 00:27:46.102 I/DisplayDeviceRepository( 2531): Display device changed render timings: "Built-in Screen", renderFrameRate=60.000004, presentationDeadlineNanos=17666666, appVsyncOffsetNanos=0
04-11 00:27:46.102 V/APM_AudioPolicyManager( 1665): setVolumeCurveIndex stream AUDIO_STREAM_ACCESSIBILITY, device 0x00000080, index 9
04-11 00:27:46.103 I/SurfaceFlinger( 1674): Layer [WindowToken{c8a132 type=2032 android.os.Binder@ba253d}#48208] hidden!! flag(0)
04-11 00:27:46.103 I/SurfaceFlinger( 1674): Layer [WindowToken{cc24800 type=2032 android.os.Binder@5360e83}#48209] hidden!! flag(0)
04-11 00:27:46.103 I/SurfaceFlinger( 1674): [WindowToken{c8a132 type=2032 android.os.Binder@ba253d}#48208] attach to parent LayerHierarchy{RequestedLayerState{Leaf:29:31#39 parentId=38} 3 children}
04-11 00:27:46.103 I/SurfaceFlinger( 1674): [WindowToken{cc24800 type=2032 android.os.Binder@5360e83}#48209] attach to parent LayerHierarchy{RequestedLayerState{Leaf:29:31#69 parentId=68} 2 children}
04-11 00:27:46.103 D/AS.AudioService( 2531): setStreamVolumeIndexAS(10, 15, 32768)
04-11 00:27:46.103 D/Navbar.Store( 3535): --------handleEvent(0) OnUpdateRemoteViewContainer(rotation=0, leftContainer=android.widget.LinearLayout{6c698c9 I.E...... ......I. 0,0-0,0 #7f0a0624 app:id/left_remoteview}, rightContainer=android.widget.LinearLayout{3c6c9fc I.E...... ......I. 0,0-0,0 #7f0a09df app:id/right_remoteview}, contextualButtonVisible=true, darkIntensity=0.0, displayId=0) [Module] SamsungNavigationBarView
04-11 00:27:46.103 D/Navbar.Store( 3535): ----------[Band]REMOTE_VIEW_PACK_SET_REMOTEVIEW_CONTAINER
04-11 00:27:46.103 D/Navbar.Store( 3535): ------------apply(0) NavBarStoreAction$UpdateRemoteViewContainer
04-11 00:27:46.103 D/Navbar.Store( 3535): ------------apply(0) NavBarStoreAction$UpdateRemoteViewDarkIntensity
04-11 00:27:46.103 I/AccessibilityManagerService( 2531): isScreenReaderEnable : true, accesibilityService : com.samsung.android.accessibility.talkback/com.samsung.android.marvin.talkback.TalkBackService:com.iotpart.sqe.talkbackhelper/com.iotpart.sqe.talkbackhelper.A11yHelperService
04-11 00:27:46.103 D/Navbar.Store( 3535): --------handleEvent(1) OnUpdateRemoteViewContainer(rotation=0, leftContainer=android.widget.LinearLayout{6c698c9 I.E...... ......I. 0,0-0,0 #7f0a0624 app:id/left_remoteview}, rightContainer=android.widget.LinearLayout{3c6c9fc I.E...... ......I. 0,0-0,0 #7f0a09df app:id/right_remoteview}, contextualButtonVisible=true, darkIntensity=0.0, displayId=0) [Module] SamsungNavigationBarView
04-11 00:27:46.103 D/NavBarView( 3535): disableBack=false (useAltBack=false, handlingGestures=false, disabledFlagBack=false, isBottomGesture=false, isImeRenderingNavButtons=false)
04-11 00:27:46.103 V/APM_AudioPolicyManager( 1665): setVolumeCurveIndex stream AUDIO_STREAM_ACCESSIBILITY, device 0x00008000, index 15
04-11 00:27:46.103 D/Navbar.Store( 3535): ----handleEvent(0) OnUpdateSysUiStateFlag(noArguments=true) [Module] SamsungNavigationBarView
04-11 00:27:46.103 D/Navbar.Store( 3535): ------[Band]GESTURE_PACK_UPDATE_SYSTEMUI_STATE_FLAG
04-11 00:27:46.103 D/Navbar.Store( 3535): ------[Band] (afterAction) GESTURE_PACK_UPDATE_SYSTEMUI_STATE_FLAG
04-11 00:27:46.103 I/AccessibilityManagerService( 2531): isScreenReaderEnable : true, accesibilityService : com.samsung.android.accessibility.talkback/com.samsung.android.marvin.talkback.TalkBackService:com.iotpart.sqe.talkbackhelper/com.iotpart.sqe.talkbackhelper.A11yHelperService
04-11 00:27:46.104 D/HoneySpace.TISBinder( 4205): onActiveNavBarRegionChanges: Not yet implemented
04-11 00:27:46.104 D/HoneySpace.TISBinder( 4205): onActiveNavBarRegionChanges: Not yet implemented
04-11 00:27:46.104 D/NavBarStateManager( 3535): NavBarStates(0) canUseNavBarBackgroundFrame: false
04-11 00:27:46.104 D/AS.AudioService( 2531): Touch exploration enabled=true stream override delay is now 1000 ms
04-11 00:27:46.104 V/AS.PlaybackActivityMon( 2531): trackPlayer() new piid=229151
04-11 00:27:46.104 D/SecVolume.VolumePanelStore( 3535): dispatch [ACTION_ACCESSIBILITY_MODE_CHANGED with [STATE_UPDATE], currentAction={isFromOutside : true, isShowA11yStream : true}, currentState={activeStream=10(vol=6), stream=10(vol=6) } isHasVibrator : true, isMediaDefaultEnabled : true, isConfigurationChanged : true, isSetupWizardComplete : true, isVoiceCapable : true, timeOutControls : 10000, cutoutHeight : 71, stream : 10, earProtectLevel : 909, iconTargetState : 2, ringerModeInternal : 2, activeStream : 10, iconCurrentState : 2, timeOutControlsText : 10000, pinDevice : 0, timeOut : 10000, systemTimeNow : 1576825575}
04-11 00:27:46.104 D/SecVolume.VolumePanelStore( 3535):   > New State : [STATE_NO_DISPATCH]
04-11 00:27:46.105 D/SGM:GameManager( 2531): onDisplayChanged. displyId: 0, state: 2
04-11 00:27:46.106 D/AODManagerService( 2531): requestReCalToTSP IsSingleTouchMode = falserequestedReCalToTSP = false / previousDisplayState = ON
04-11 00:27:46.106 D/LiftUpHandler( 2531): [LTW] Stopped already.
04-11 00:27:46.106 I/talkback: FailoverTextToSpeech(16118): Bad TextToSpeech instance detected. Re-creating.
04-11 00:27:46.106 I/talkback: FailoverTextToSpeech(16118): Switching to TTS engine: com.samsung.SMT (0)
04-11 00:27:46.106 I/TextToSpeech(16118): Create TextToSpeech : caller process id[16118] / name[com.samsung.android.accessibility.talkback] / target[com.samsung.SMT]
04-11 00:27:46.106 D/SGM:FgCheckThread( 2531): onLooperPrepared(), msg: MSG_LCD_ON
04-11 00:27:46.107 I/VRI[InputMethod]@d7ba765(14535): onDisplayChanged oldDisplayState=2 newDisplayState=2
04-11 00:27:46.107 I/VRI[RecentsTransitionOverlay]@5f3b691( 4205): onDisplayChanged oldDisplayState=2 newDisplayState=2
04-11 00:27:46.107 I/VRI[LauncherActivity]@ea77e0a( 4205): onDisplayChanged oldDisplayState=2 newDisplayState=2
04-11 00:27:46.107 I/VRI[CocktailBarService]@d02f544( 4205): onDisplayChanged oldDisplayState=2 newDisplayState=2
04-11 00:27:46.107 I/VRI[RecentsActivity]@85b79c3( 4205): onDisplayChanged oldDisplayState=2 newDisplayState=2
04-11 00:27:46.108 D/BrightnessThermalClamper( 2531): Thermal status observer already started
04-11 00:27:46.108 I/VRI[PointerLocation - display 0]@f6c4ddd( 2531): onDisplayChanged oldDisplayState=2 newDisplayState=2
04-11 00:27:46.108 I/SamsungTTS(16138): [check_allowed_package] com.samsung.android.accessibility.talkback is allowed. [2]
04-11 00:27:46.108 I/VRI[SCMainActivity]@2ee7f94(23826): onDisplayChanged oldDisplayState=2 newDisplayState=2
04-11 00:27:46.108 I/HoneySpace.Memory-Monitor( 4205): current state = 2, didTrim = false
04-11 00:27:46.109 I/HoneySpace.RefreshRateSource( 4205): singleFrameMs 16
04-11 00:27:46.109 I/TextToSpeech(16118): com.samsung.android.accessibility.talkback is allowed to bind to private engine.
04-11 00:27:46.109 D/RefreshRateModeManager( 2531): updateDefaultDisplayToken: android.os.BinderProxy@a8c68b1, isChanged: false
04-11 00:27:46.109 I/TextToSpeech(16118): Sucessfully bound to com.samsung.SMT
04-11 00:27:46.109 D/DisplayLifecycle( 3535): updateDisplay id = 0
04-11 00:27:46.109 D/TextToSpeechManagerPerUserService( 2531): Trying to start connection to TTS engine: com.samsung.SMT
04-11 00:27:46.109 I/VRI[LockscreenShortcutBlur]@58e08b1( 3535): onDisplayChanged oldDisplayState=2 newDisplayState=2
04-11 00:27:46.109 I/VRI[NavigationBar0]@fa5d5fb( 3535): onDisplayChanged oldDisplayState=2 newDisplayState=2
04-11 00:27:46.109 I/VRI[NotificationShade]@f9f75bb( 3535): onDisplayChanged oldDisplayState=2 newDisplayState=2
04-11 00:27:46.109 I/VRI[ShellDropTarget]@7c0d3f( 3535): onDisplayChanged oldDisplayState=2 newDisplayState=2
04-11 00:27:46.110 I/VRI[StatusBar]@fa8e133( 3535): onDisplayChanged oldDisplayState=2 newDisplayState=2
04-11 00:27:46.110 I/VRI[Bouncer]@82a8255( 3535): onDisplayChanged oldDisplayState=2 newDisplayState=2
04-11 00:27:46.110 D/talkback: GestureShortcutMapping(16118): loadActionToGestureIdMap - isMultiFingerOn : true isFingerprintOn : false
04-11 00:27:46.110 I/vendor.qti.bluetooth@1.1-ibs_handler( 1531): ProcessIbsCmd: Received IBS_SLEEP_IND: 0xFE
04-11 00:27:46.110 D/vendor.qti.bluetooth@1.1-ibs_handler( 1531): SerialClockVote: vote for UART CLK OFF
04-11 00:27:46.110 D/talkback: NewGestureDescriptionMapping(16118): loadGestureIdToDescriptionMap
04-11 00:27:46.111 D/AS.AudioService( 2531): setStreamVolumeIndexAS(10, 9, 67108864)
04-11 00:27:46.111 D/StackScroller( 3535): onDisplayChanged for predraw skip to 2
04-11 00:27:46.111 V/talkback: CustomLabelManager(16118): Task com.google.android.accessibility.talkback.labeling.LabelsFetchRequest@7852204 starting.
