04-11 00:27:45.465 V/WindowManager( 2531): Computed rotation=ROTATION_0 (0) for display id=1 based on lastOrientation=SCREEN_ORIENTATION_NOSENSOR (5) and oldRotation=ROTATION_0 (0), caller=com.android.server.wm.WindowManagerService.updateRotationUnchecked:84 com.android.server.wm.WindowManagerService.thawDisplayRotation:125 com.android.server.wm.WindowManagerService.thawRotation:2 android.view.IWindowManager$Stub.onTransact:2874 com.android.server.wm.WindowManagerService.onTransact:1 android.os.Binder.execTransactInternal:1536 
04-11 00:27:45.465 V/WindowManager( 2531): Computed rotation=ROTATION_0 (0) for display id=0 based on lastOrientation=SCREEN_ORIENTATION_UNSPECIFIED (-1) and oldRotation=ROTATION_0 (0), caller=com.android.server.wm.WindowManagerService.updateRotationUnchecked:84 com.android.server.wm.WindowManagerService.thawDisplayRotation:125 com.android.server.wm.WindowManagerService.thawRotation:2 android.view.IWindowManager$Stub.onTransact:2874 com.android.server.wm.WindowManagerService.onTransact:1 android.os.Binder.execTransactInternal:1536 
04-11 00:27:45.467 I/BtGatt.ScanHelper( 3694): onScanResult to scannerId: 9- eventType=0x1b, addressType=1, address=XX:XX:XX:XX:9B:1D, primaryPhy=1, secondaryPhy=0, advertisingSid=0xff, txPower=127, rssi=-54, periodicAdvInt=0x0
04-11 00:27:45.470 D/AndroidRuntime(13179): Shutting down VM
04-11 00:27:45.470 I/SurfaceFlinger( 1674): id=48206 createSurf, flag=84004, WindowToken{b9caac9 type=2032 android.os.Binder@b4e8ad0}#48206
04-11 00:27:45.471 I/SurfaceFlinger( 1674): id=48207 createSurf, flag=84004, WindowToken{b0d0cef type=2032 android.os.Binder@e3425ce}#48207
04-11 00:27:45.471 I/VSyncReactor( 1674): Current= 120, Period= 120, Distance= 120
04-11 00:27:45.471 I/SurfaceFlinger( 1674): destroyed WindowToken{9c81c22 type=2032 android.os.Binder@acff5ed}#48205
04-11 00:27:45.471 I/SurfaceFlinger( 1674): destroyed WindowToken{5893c04 type=2032 android.os.Binder@c980017}#48204
04-11 00:27:45.471 I/SurfaceFlinger( 1674): [WindowToken{b0d0cef type=2032 android.os.Binder@e3425ce}#48207] attach to parent LayerHierarchy{RequestedLayerState{Leaf:29:31#69 parentId=68} 1 children}
04-11 00:27:45.471 I/SurfaceFlinger( 1674): [WindowToken{b9caac9 type=2032 android.os.Binder@b4e8ad0}#48206] attach to parent LayerHierarchy{RequestedLayerState{Leaf:29:31#39 parentId=38} 2 children}
04-11 00:27:45.472 I/Layer   ( 1674): id=48204 Destroyed WindowToken{5893c04 type=2032 android.os.Binder@c980017}#48204
04-11 00:27:45.472 I/Layer   ( 1674): id=48205 Destroyed WindowToken{9c81c22 type=2032 android.os.Binder@acff5ed}#48205
04-11 00:27:45.473 D/KNOX_MDM_SettingsProvider( 2531): isChangeAllowed() : name = accessibility_enabled
04-11 00:27:45.474 D/MagnificationConnectionManager( 2531): requestConnection :false mConnectionState : 3
04-11 00:27:45.474 W/MagnificationConnectionManager( 2531): requestConnection duplicated request: connect=false, mConnectionState=DISCONNECTED
04-11 00:27:45.475 I/BtGatt.ScanHelper( 3694): onScanResult to scannerId: 9- eventType=0x1b, addressType=1, address=XX:XX:XX:XX:3D:10, primaryPhy=1, secondaryPhy=0, advertisingSid=0xff, txPower=127, rssi=-83, periodicAdvInt=0x0
04-11 00:27:45.477 I/AccessibilityManagerService( 2531): semIsAccessibilityServiceEnabled()
04-11 00:27:45.477 I/AccessibilityManagerService( 2531): semIsAccessibilityServiceEnabled()
04-11 00:27:45.477 D/AS.AudioService( 2531): Accessibility volume enabled = false
04-11 00:27:45.478 D/Navbar.Store( 3535): ----handleEvent(0) OnUpdateRemoteViewContainer(rotation=0, leftContainer=android.widget.LinearLayout{e7dfe08 I.E...... ......I. 0,0-118,144 #7f0a0624 app:id/left_remoteview}, rightContainer=android.widget.LinearLayout{68ea387 I.E...... ......I. 962,0-1080,144 #7f0a09df app:id/right_remoteview}, contextualButtonVisible=true, darkIntensity=0.0, displayId=0) [Module] SamsungNavigationBarView
04-11 00:27:45.478 D/Navbar.Store( 3535): ------[Band]REMOTE_VIEW_PACK_SET_REMOTEVIEW_CONTAINER
04-11 00:27:45.478 D/Navbar.Store( 3535): --------apply(0) NavBarStoreAction$UpdateRemoteViewContainer
04-11 00:27:45.479 D/Navbar.Store( 3535): --------apply(0) NavBarStoreAction$UpdateRemoteViewDarkIntensity
04-11 00:27:45.479 D/Navbar.Store( 3535): ----handleEvent(1) OnUpdateRemoteViewContainer(rotation=0, leftContainer=android.widget.LinearLayout{e7dfe08 I.E...... ......I. 0,0-118,144 #7f0a0624 app:id/left_remoteview}, rightContainer=android.widget.LinearLayout{68ea387 I.E...... ......I. 962,0-1080,144 #7f0a09df app:id/right_remoteview}, contextualButtonVisible=true, darkIntensity=0.0, displayId=0) [Module] SamsungNavigationBarView
04-11 00:27:45.479 I/SurfaceFlinger( 1674): Layer [WindowToken{b9caac9 type=2032 android.os.Binder@b4e8ad0}#48206] hidden!! flag(0)
04-11 00:27:45.479 I/SurfaceFlinger( 1674): Layer [WindowToken{b0d0cef type=2032 android.os.Binder@e3425ce}#48207] hidden!! flag(0)
04-11 00:27:45.479 D/Navbar.Store( 3535): handleEvent(0) OnNavBarUpdateA11YService(clickable=true, longClickable=true) [Module] NavigationBar
04-11 00:27:45.480 D/Navbar.Store( 3535): --[Band]SETUPWIZARD_PACK_UPDATE_A11Y_SERVICE
04-11 00:27:45.480 I/A11Y_HELPER(23237): Service connected
04-11 00:27:45.480 D/Navbar.Store( 3535): handleEvent(0) OnButtonOrderChanged(noArguments=true) [Module] NavigationBar
04-11 00:27:45.480 D/Navbar.Store( 3535): --[Band]CONFIG_PACK_KEY_ORDER_CHANGED
04-11 00:27:45.480 D/Navbar.Store( 3535): ----apply(0) NavBarStoreAction$ReinflateNavBar
04-11 00:27:45.480 I/BtGatt.ScanHelper( 3694): onScanResult to scannerId: 8- eventType=0x10, addressType=1, address=XX:XX:XX:XX:CB:EF, primaryPhy=1, secondaryPhy=0, advertisingSid=0xff, txPower=127, rssi=-79, periodicAdvInt=0x0
04-11 00:27:45.480 I/BtGatt.ScanHelper( 3694): onScanResult to scannerId: 9- eventType=0x10, addressType=1, address=XX:XX:XX:XX:CB:EF, primaryPhy=1, secondaryPhy=0, advertisingSid=0xff, txPower=127, rssi=-79, periodicAdvInt=0x0
04-11 00:27:45.481 D/Navbar.Store( 3535): ----handleEvent(0) GetInflateLayoutID(vertical=false) [Module] SamsungNavigationBarInflaterView
04-11 00:27:45.481 D/Navbar.Store( 3535): ------[Band]STABLE_LAYOUT_PACK_GET_INFLATE_LAYOUT_ID
04-11 00:27:45.481 D/NavBarStateManager( 3535): NavBarStates(0) getLayoutID(vertical: false): 2131559221
04-11 00:27:45.481 D/Navbar.Store( 3535): ----handleEvent(0) value= 2131559221
04-11 00:27:45.482 D/Navbar.Store( 3535): ----handleEvent(0) GetInflateLayoutID(vertical=true) [Module] SamsungNavigationBarInflaterView
04-11 00:27:45.482 D/Navbar.Store( 3535): ------[Band]STABLE_LAYOUT_PACK_GET_INFLATE_LAYOUT_ID
04-11 00:27:45.483 D/NavBarStateManager( 3535): NavBarStates(0) getLayoutID(vertical: true): 2131559223
04-11 00:27:45.483 D/Navbar.Store( 3535): ----handleEvent(0) value= 2131559223
04-11 00:27:45.483 I/BtGatt.ScanHelper( 3694): onScanResult to scannerId: 9- eventType=0x10, addressType=1, address=XX:XX:XX:XX:40:66, primaryPhy=1, secondaryPhy=0, advertisingSid=0xff, txPower=127, rssi=-55, periodicAdvInt=0x0
04-11 00:27:45.483 D/Navbar.Store( 3535): ----handleEvent(0) GetDefaultLayout(noArguments=true) [Module] SamsungNavigationBarInflaterView
04-11 00:27:45.483 D/Navbar.Store( 3535): ------[Band]STABLE_LAYOUT_PACK_GET_DEFAULT_LAYOUT
04-11 00:27:45.483 D/NavBarStateManager( 3535): NavBarStates(0) getDefaultLayout: left,recent;home;back,right
04-11 00:27:45.483 D/Navbar.Store( 3535): ----handleEvent(0) value= left,recent;home;back,right
04-11 00:27:45.483 I/HYPER-HAL( 1549): [RequestManager.cpp]acquire(): Acquired ID : 1245855  [1554 / 24]    HINT :      list : [UCLAMP_MIN_BOOST / 50] [TID / 3755] [TID / 3756] [TID / 3535] [TID / 3753] 
04-11 00:27:45.484 D/Navbar.Store( 3535): ----handleEvent(0) GetInflateButtonWidth(buttonSpec=left, landscape=false) [Module] SamsungNavigationBarInflaterView
04-11 00:27:45.484 D/Navbar.Store( 3535): ------[Band]STABLE_LAYOUT_PACK_INFLATE_NAVBAR
04-11 00:27:45.484 D/NavBarStateManager( 3535): NavBarStates(0) getSpaceWidth(land: false): 118
04-11 00:27:45.484 D/Navbar.Store( 3535): ----handleEvent(0) value= 118
04-11 00:27:45.485 D/Navbar.Store( 3535): ----handleEvent(0) GetInflateButtonWidth(buttonSpec=recent, landscape=false) [Module] SamsungNavigationBarInflaterView
04-11 00:27:45.485 D/Navbar.Store( 3535): ------[Band]STABLE_LAYOUT_PACK_INFLATE_NAVBAR
04-11 00:27:45.485 D/NavBarStateManager( 3535): NavBarStates(0) getButtonWidth(land: false): 239
04-11 00:27:45.485 D/Navbar.Store( 3535): ----handleEvent(0) value= 239
04-11 00:27:45.487 D/Navbar.Store( 3535): ----handleEvent(0) GetInflateButtonWidth(buttonSpec=left, landscape=true) [Module] SamsungNavigationBarInflaterView
04-11 00:27:45.487 D/Navbar.Store( 3535): ------[Band]STABLE_LAYOUT_PACK_INFLATE_NAVBAR
04-11 00:27:45.487 D/NavBarStateManager( 3535): NavBarStates(0) getSpaceWidth(land: true): 118
04-11 00:27:45.487 D/Navbar.Store( 3535): ----handleEvent(0) value= 118
04-11 00:27:45.487 D/Navbar.Store( 3535): ----handleEvent(0) GetInflateButtonWidth(buttonSpec=recent, landscape=true) [Module] SamsungNavigationBarInflaterView
04-11 00:27:45.488 D/Navbar.Store( 3535): ------[Band]STABLE_LAYOUT_PACK_INFLATE_NAVBAR
04-11 00:27:45.488 D/NavBarStateManager( 3535): NavBarStates(0) getButtonWidth(land: true): 239
04-11 00:27:45.488 D/Navbar.Store( 3535): ----handleEvent(0) value= 239
04-11 00:27:45.488 D/Navbar.Store( 3535): ----handleEvent(0) GetInflateButtonWidth(buttonSpec=home, landscape=false) [Module] SamsungNavigationBarInflaterView
04-11 00:27:45.488 D/Navbar.Store( 3535): ------[Band]STABLE_LAYOUT_PACK_INFLATE_NAVBAR
04-11 00:27:45.488 D/NavBarStateManager( 3535): NavBarStates(0) getButtonWidth(land: false): 239
04-11 00:27:45.488 D/Navbar.Store( 3535): ----handleEvent(0) value= 239
04-11 00:27:45.488 D/Navbar.Store( 3535): ----handleEvent(0) GetInflateButtonWidth(buttonSpec=home, landscape=true) [Module] SamsungNavigationBarInflaterView
04-11 00:27:45.488 D/Navbar.Store( 3535): ------[Band]STABLE_LAYOUT_PACK_INFLATE_NAVBAR
04-11 00:27:45.488 D/NavBarStateManager( 3535): NavBarStates(0) getButtonWidth(land: true): 239
04-11 00:27:45.488 D/Navbar.Store( 3535): ----handleEvent(0) value= 239
04-11 00:27:45.489 D/Navbar.Store( 3535): ----handleEvent(0) GetInflateButtonWidth(buttonSpec=back, landscape=false) [Module] SamsungNavigationBarInflaterView
04-11 00:27:45.489 D/Navbar.Store( 3535): ------[Band]STABLE_LAYOUT_PACK_INFLATE_NAVBAR
04-11 00:27:45.489 D/NavBarStateManager( 3535): NavBarStates(0) getButtonWidth(land: false): 239
04-11 00:27:45.489 D/Navbar.Store( 3535): ----handleEvent(0) value= 239
04-11 00:27:45.490 D/Navbar.Store( 3535): ----handleEvent(0) GetInflateButtonWidth(buttonSpec=right, landscape=false) [Module] SamsungNavigationBarInflaterView
04-11 00:27:45.490 D/Navbar.Store( 3535): ------[Band]STABLE_LAYOUT_PACK_INFLATE_NAVBAR
04-11 00:27:45.490 D/NavBarStateManager( 3535): NavBarStates(0) getSpaceWidth(land: false): 118
04-11 00:27:45.490 D/Navbar.Store( 3535): ----handleEvent(0) value= 118
04-11 00:27:45.490 D/Navbar.Store( 3535): ----handleEvent(0) GetInflateButtonWidth(buttonSpec=back, landscape=true) [Module] SamsungNavigationBarInflaterView
04-11 00:27:45.490 D/Navbar.Store( 3535): ------[Band]STABLE_LAYOUT_PACK_INFLATE_NAVBAR
04-11 00:27:45.490 D/NavBarStateManager( 3535): NavBarStates(0) getButtonWidth(land: true): 239
04-11 00:27:45.490 D/Navbar.Store( 3535): ----handleEvent(0) value= 239
04-11 00:27:45.491 D/Navbar.Store( 3535): ----handleEvent(0) GetInflateButtonWidth(buttonSpec=right, landscape=true) [Module] SamsungNavigationBarInflaterView
04-11 00:27:45.491 D/Navbar.Store( 3535): ------[Band]STABLE_LAYOUT_PACK_INFLATE_NAVBAR
04-11 00:27:45.491 D/NavBarStateManager( 3535): NavBarStates(0) getSpaceWidth(land: true): 118
04-11 00:27:45.491 D/Navbar.Store( 3535): ----handleEvent(0) value= 118
04-11 00:27:45.491 D/Navbar.Store( 3535): ----handleEvent(0) GetInflateButtonWidth(buttonSpec=left_remote_view, landscape=false) [Module] SamsungNavigationBarInflaterView
04-11 00:27:45.491 D/Navbar.Store( 3535): ------[Band]STABLE_LAYOUT_PACK_INFLATE_NAVBAR
04-11 00:27:45.491 D/NavBarStateManager( 3535): NavBarStates(0) getSpaceWidth(land: false): 118
04-11 00:27:45.491 D/Navbar.Store( 3535): ----handleEvent(0) value= 118
04-11 00:27:45.491 D/Navbar.Store( 3535): ----handleEvent(0) GetInflateButtonWidth(buttonSpec=right_remote_view, landscape=false) [Module] SamsungNavigationBarInflaterView
04-11 00:27:45.491 D/Navbar.Store( 3535): ------[Band]STABLE_LAYOUT_PACK_INFLATE_NAVBAR
04-11 00:27:45.491 D/NavBarStateManager( 3535): NavBarStates(0) getSpaceWidth(land: false): 118
04-11 00:27:45.491 D/Navbar.Store( 3535): ----handleEvent(0) value= 118
04-11 00:27:45.492 D/Navbar.Store( 3535): ----handleEvent(0) GetInflateButtonWidth(buttonSpec=left_remote_view, landscape=true) [Module] SamsungNavigationBarInflaterView
04-11 00:27:45.492 D/Navbar.Store( 3535): ------[Band]STABLE_LAYOUT_PACK_INFLATE_NAVBAR
04-11 00:27:45.492 D/NavBarStateManager( 3535): NavBarStates(0) getSpaceWidth(land: true): 118
04-11 00:27:45.492 D/Navbar.Store( 3535): ----handleEvent(0) value= 118
04-11 00:27:45.492 D/Navbar.Store( 3535): ----handleEvent(0) GetInflateButtonWidth(buttonSpec=right_remote_view, landscape=true) [Module] SamsungNavigationBarInflaterView
04-11 00:27:45.492 D/Navbar.Store( 3535): ------[Band]STABLE_LAYOUT_PACK_INFLATE_NAVBAR
04-11 00:27:45.492 D/NavBarStateManager( 3535): NavBarStates(0) getSpaceWidth(land: true): 118
04-11 00:27:45.492 D/Navbar.Store( 3535): ----handleEvent(0) value= 118
04-11 00:27:45.492 D/Navbar.Store( 3535): ----handleEvent(0) GetNavBarSidePadding(landscape=false) [Module] SamsungNavigationBarInflaterView
04-11 00:27:45.492 D/Navbar.Store( 3535): ------[Band]STABLE_LAYOUT_PACK_INFLATE_NAVBAR_SIDE_PADDING
04-11 00:27:45.492 D/NavBarStateManager( 3535): NavBarStates(0) getNavBarSidePadding: 0
04-11 00:27:45.492 D/Navbar.Store( 3535): ----handleEvent(0) value= 0
04-11 00:27:45.492 D/Navbar.Store( 3535): ----handleEvent(0) GetNavBarSidePadding(landscape=true) [Module] SamsungNavigationBarInflaterView
04-11 00:27:45.492 D/Navbar.Store( 3535): ------[Band]STABLE_LAYOUT_PACK_INFLATE_NAVBAR_SIDE_PADDING
04-11 00:27:45.492 D/NavBarStateManager( 3535): NavBarStates(0) getNavBarSidePadding: 0
04-11 00:27:45.492 D/Navbar.Store( 3535): ----handleEvent(0) value= 0
04-11 00:27:45.492 D/Navbar.Store( 3535): ----handleEvent(0) GetNavBarSidePadding(landscape=false) [Module] SamsungNavigationBarInflaterView
04-11 00:27:45.492 D/Navbar.Store( 3535): ------[Band]STABLE_LAYOUT_PACK_INFLATE_NAVBAR_SIDE_PADDING
04-11 00:27:45.492 D/NavBarStateManager( 3535): NavBarStates(0) getNavBarSidePadding: 0
04-11 00:27:45.492 D/Navbar.Store( 3535): ----handleEvent(0) value= 0
04-11 00:27:45.492 D/Navbar.Store( 3535): ----handleEvent(0) GetNavBarSidePadding(landscape=true) [Module] SamsungNavigationBarInflaterView
04-11 00:27:45.492 D/Navbar.Store( 3535): ------[Band]STABLE_LAYOUT_PACK_INFLATE_NAVBAR_SIDE_PADDING
04-11 00:27:45.492 D/NavBarStateManager( 3535): NavBarStates(0) getNavBarSidePadding: 0
04-11 00:27:45.492 D/Navbar.Store( 3535): ----handleEvent(0) value= 0
04-11 00:27:45.492 D/Navbar.Store( 3535): ----handleEvent(0) OnUpdateRemoteViewContainer(rotation=0, leftContainer=android.widget.LinearLayout{d868257 V.E...... ......I. 0,0-0,0 #7f0a0624 app:id/left_remoteview}, rightContainer=android.widget.LinearLayout{3513362 V.E...... ......I. 0,0-0,0 #7f0a09df app:id/right_remoteview}, contextualButtonVisible=true, darkIntensity=0.0, displayId=0) [Module] SamsungNavigationBarView
04-11 00:27:45.492 D/Navbar.Store( 3535): ------[Band]REMOTE_VIEW_PACK_SET_REMOTEVIEW_CONTAINER
04-11 00:27:45.493 D/Navbar.Store( 3535): --------apply(0) NavBarStoreAction$UpdateRemoteViewContainer
04-11 00:27:45.493 D/Navbar.Store( 3535): --------apply(0) NavBarStoreAction$UpdateRemoteViewDarkIntensity
04-11 00:27:45.493 D/Navbar.Store( 3535): ----handleEvent(1) OnUpdateRemoteViewContainer(rotation=0, leftContainer=android.widget.LinearLayout{d868257 I.E...... ......I. 0,0-0,0 #7f0a0624 app:id/left_remoteview}, rightContainer=android.widget.LinearLayout{3513362 I.E...... ......I. 0,0-0,0 #7f0a09df app:id/right_remoteview}, contextualButtonVisible=true, darkIntensity=0.0, displayId=0) [Module] SamsungNavigationBarView
04-11 00:27:45.493 D/Navbar.Store( 3535): ----apply(0) NavBarStoreAction$UpdateNavBarIconAndHints
04-11 00:27:45.495 I/BtGatt.ScanHelper( 3694): onScanResult to scannerId: 1- eventType=0x1b, addressType=1, address=XX:XX:XX:XX:B6:E9, primaryPhy=1, secondaryPhy=0, advertisingSid=0xff, txPower=127, rssi=-67, periodicAdvInt=0x0
04-11 00:27:45.495 I/BtGatt.ScanHelper( 3694): onScanResult to scannerId: 9- eventType=0x1b, addressType=1, address=XX:XX:XX:XX:B6:E9, primaryPhy=1, secondaryPhy=0, advertisingSid=0xff, txPower=127, rssi=-67, periodicAdvInt=0x0
04-11 00:27:45.498 D/Navbar.Store( 3535): --------handleEvent(0) OnUpdateRemoteViewContainer(rotation=0, leftContainer=android.widget.LinearLayout{d868257 I.E...... ......I. 0,0-0,0 #7f0a0624 app:id/left_remoteview}, rightContainer=android.widget.LinearLayout{3513362 I.E...... ......I. 0,0-0,0 #7f0a09df app:id/right_remoteview}, contextualButtonVisible=true, darkIntensity=0.0, displayId=0) [Module] SamsungNavigationBarView
04-11 00:27:45.498 D/Navbar.Store( 3535): ----------[Band]REMOTE_VIEW_PACK_SET_REMOTEVIEW_CONTAINER
04-11 00:27:45.498 D/Navbar.Store( 3535): ------------apply(0) NavBarStoreAction$UpdateRemoteViewContainer
04-11 00:27:45.498 D/Navbar.Store( 3535): ------------apply(0) NavBarStoreAction$UpdateRemoteViewDarkIntensity
04-11 00:27:45.498 D/Navbar.Store( 3535): --------handleEvent(1) OnUpdateRemoteViewContainer(rotation=0, leftContainer=android.widget.LinearLayout{d868257 I.E...... ......I. 0,0-0,0 #7f0a0624 app:id/left_remoteview}, rightContainer=android.widget.LinearLayout{3513362 I.E...... ......I. 0,0-0,0 #7f0a09df app:id/right_remoteview}, contextualButtonVisible=true, darkIntensity=0.0, displayId=0) [Module] SamsungNavigationBarView
04-11 00:27:45.498 D/NavBarView( 3535): disableBack=false (useAltBack=false, handlingGestures=false, disabledFlagBack=false, isBottomGesture=false, isImeRenderingNavButtons=false)
04-11 00:27:45.498 D/Navbar.Store( 3535): ----handleEvent(0) OnUpdateSysUiStateFlag(noArguments=true) [Module] SamsungNavigationBarView
04-11 00:27:45.498 D/Navbar.Store( 3535): ------[Band]GESTURE_PACK_UPDATE_SYSTEMUI_STATE_FLAG
04-11 00:27:45.498 D/Navbar.Store( 3535): ------[Band] (afterAction) GESTURE_PACK_UPDATE_SYSTEMUI_STATE_FLAG
04-11 00:27:45.498 D/HoneySpace.TISBinder( 4205): onActiveNavBarRegionChanges: Not yet implemented
04-11 00:27:45.499 D/NavBarStateManager( 3535): NavBarStates(0) canUseNavBarBackgroundFrame: false
04-11 00:27:45.499 D/HoneySpace.TISBinder( 4205): onActiveNavBarRegionChanges: Not yet implemented
04-11 00:27:45.501 I/BtGatt.ScanHelper( 3694): onScanResult to scannerId: 9- eventType=0x1b, addressType=0, address=XX:XX:XX:XX:B8:40, primaryPhy=1, secondaryPhy=0, advertisingSid=0xff, txPower=127, rssi=-91, periodicAdvInt=0x0
04-11 00:27:45.532 I/BtGatt.ScanHelper( 3694): onScanResult to scannerId: 9- eventType=0x1b, addressType=1, address=XX:XX:XX:XX:EE:B6, primaryPhy=1, secondaryPhy=0, advertisingSid=0xff, txPower=127, rssi=-54, periodicAdvInt=0x0
04-11 00:27:45.538 I/BtGatt.ScanHelper( 3694): onScanResult to scannerId: 9- eventType=0x10, addressType=0, address=XX:XX:XX:XX:F2:35, primaryPhy=1, secondaryPhy=0, advertisingSid=0xff, txPower=127, rssi=-73, periodicAdvInt=0x0
04-11 00:27:45.543 I/[+0900]oneconnect[1.8.41.23_01][CORE](23577): DataConvert.parseBleVd - deviceBle : |name:|deviceType:TV|discoverType:_BLE|services:None|connected:false[TvStatusString]POWER_OFF[TvStatus]-128[TvService]96[TvMirrorChannel]1[TvRegisteredDB][77, 48, -55, -27, 42, 0][TvYear]2016[TvOcfInfo]0[TvAcmStatus]0[ExTvStatus]0[ExtendedStatus]-1[ModuloSn]-1
04-11 00:27:45.551 I/BtGatt.ScanHelper( 3694): onScanResult to scannerId: 9- eventType=0x1b, addressType=1, address=XX:XX:XX:XX:B8:83, primaryPhy=1, secondaryPhy=0, advertisingSid=0xff, txPower=127, rssi=-58, periodicAdvInt=0x0
04-11 00:27:45.572 I/BtGatt.ScanHelper( 3694): onScanResult to scannerId: 9- eventType=0x1b, addressType=0, address=XX:XX:XX:XX:B8:40, primaryPhy=1, secondaryPhy=0, advertisingSid=0xff, txPower=127, rssi=-86, periodicAdvInt=0x0
04-11 00:27:45.573 W/[+0900]oneconnect[1.8.41.23_01][CORE](23577): BleParser.parseBlePacket - invalid version 7
04-11 00:27:45.576 I/[+0900]oneconnect[1.8.41.23_01][CORE](23577): BleParserForDaDevice.parseBlePacket - DeviceBleDa : [name]($)-[(22)[BleMac]($)70:2C[DeviceType]REFRIGERATOR[DeviceInfoVersion]0[DeviceStatus]4,1,3,1,42,18,1,3,0,21,18,3,1,-16,4,1,-16,
04-11 00:27:45.583 I/BtGatt.ScanHelper( 3694): onScanResult to scannerId: 9- eventType=0x10, addressType=1, address=XX:XX:XX:XX:40:66, primaryPhy=1, secondaryPhy=0, advertisingSid=0xff, txPower=127, rssi=-63, periodicAdvInt=0x0
04-11 00:27:45.586 E/BatteryStatsService( 2531): Invalid uid for waking network packet: -1
04-11 00:27:45.591 I/BtGatt.ScanHelper( 3694): onScanResult to scannerId: 9- eventType=0x10, addressType=0, address=XX:XX:XX:XX:39:BD, primaryPhy=1, secondaryPhy=0, advertisingSid=0xff, txPower=127, rssi=-85, periodicAdvInt=0x0
04-11 00:27:45.594 I/[+0900]oneconnect[1.8.41.23_01][CORE](23577): DataConvert.parseBleVd - deviceBle : |name:|deviceType:TV|discoverType:_BLE|services:None|connected:false[TvStatusString]POWER_OFF[TvStatus]-128[TvService]96[TvMirrorChannel]1[TvRegisteredDB][98, -106, 45, -14, -105, 126][TvYear]2016[TvOcfInfo]0[TvAcmStatus]0[ExTvStatus]0[ExtendedStatus]-1[ModuloSn]-1
04-11 00:27:45.601 I/BtGatt.ScanHelper( 3694): onScanResult to scannerId: 9- eventType=0x10, addressType=0, address=XX:XX:XX:XX:C0:CC, primaryPhy=1, secondaryPhy=0, advertisingSid=0xff, txPower=127, rssi=-76, periodicAdvInt=0x0
04-11 00:27:45.604 I/BtGatt.ScanHelper( 3694): onScanResult to scannerId: 9- eventType=0x1b, addressType=0, address=XX:XX:XX:XX:6C:F8, primaryPhy=1, secondaryPhy=0, advertisingSid=0xff, txPower=127, rssi=-66, periodicAdvInt=0x0
04-11 00:27:45.605 I/BtGatt.ScanHelper( 3694): onScanResult to scannerId: 9- eventType=0x10, addressType=0, address=XX:XX:XX:XX:C2:A3, primaryPhy=1, secondaryPhy=0, advertisingSid=0xff, txPower=127, rssi=-53, periodicAdvInt=0x0
04-11 00:27:45.608 I/[+0900]oneconnect[1.8.41.23_01][CORE](23577): BleParserForDaDevice.parseBlePacket - DeviceBleDa : [name]($)-D(11)[BleMac]($)1C:E8[DeviceType]DEHUMIDIFIER[DeviceInfoVersion]0[DeviceStatus]-128,
04-11 00:27:45.608 I/BtGatt.ScanHelper( 3694): onScanResult to scannerId: 9- eventType=0x1b, addressType=1, address=XX:XX:XX:XX:7E:E9, primaryPhy=1, secondaryPhy=0, advertisingSid=0xff, txPower=127, rssi=-54, periodicAdvInt=0x0
04-11 00:27:45.609 I/[+0900]oneconnect[1.8.41.23_01][CORE](23577): BleParserForSamsungConnect.parseSamsungConnectPacket_V3 - |name:($)-A(11)|deviceType:SAMSUNG_OCF_SETUP|discoverType:_BLE|services:None|connected:false[Status]6[OcfInfo]7[SetupNet]4[Calm] false false false[Tx]-2147483648 not set
04-11 00:27:45.612 I/[+0900]oneconnect[1.8.41.23_01][CORE](23577): BleParserForDaDevice.parseBlePacket - DeviceBleDa : [name]($)-A(11)[BleMac]($)40:CA[DeviceType]AIR_PURIFIER[DeviceInfoVersion]0[DeviceStatus]-127,
04-11 00:27:45.634 I/HYPER-HAL( 1549): [RequestManager.cpp]acquire(): Acquired ID : 1245855  [1554 / 24]    HINT :      list : [UCLAMP_MIN_BOOST / 0] [TID / 3755] [TID / 3756] [TID / 3535] [TID / 3753] 
04-11 00:27:45.636 I/BtGatt.ScanHelper( 3694): onScanResult to scannerId: 9- eventType=0x1b, addressType=1, address=XX:XX:XX:XX:D7:FD, primaryPhy=1, secondaryPhy=0, advertisingSid=0xff, txPower=127, rssi=-65, periodicAdvInt=0x0
04-11 00:27:45.638 I/[+0900]oneconnect[1.8.41.23_01][CORE](23577): BleParserForSamsungConnect.parseSamsungConnectPacket_V2 - |name:($)-G(23)|deviceType:SAMSUNG_OCF_SETUP|discoverType:_BLE|services:None|connected:false[Type]40[Index]2[Status]1[OcfInfo]7[SetupNet]4[Calm] false false false[Tx]-1
04-11 00:27:45.648 I/BtGatt.ScanHelper( 3694): onScanResult to scannerId: 9- eventType=0x1b, addressType=0, address=XX:XX:XX:XX:14:6B, primaryPhy=1, secondaryPhy=0, advertisingSid=0xff, txPower=127, rssi=-63, periodicAdvInt=0x0
04-11 00:27:45.654 I/BtGatt.ScanHelper( 3694): onScanResult to scannerId: 9- eventType=0x1b, addressType=1, address=XX:XX:XX:XX:EE:B6, primaryPhy=1, secondaryPhy=0, advertisingSid=0xff, txPower=127, rssi=-54, periodicAdvInt=0x0
04-11 00:27:45.656 I/BtGatt.ScanHelper( 3694): onScanResult to scannerId: 1- eventType=0x1b, addressType=1, address=XX:XX:XX:XX:8B:28, primaryPhy=1, secondaryPhy=0, advertisingSid=0xff, txPower=127, rssi=-83, periodicAdvInt=0x0
04-11 00:27:45.657 I/BtGatt.ScanHelper( 3694): onScanResult to scannerId: 9- eventType=0x1b, addressType=1, address=XX:XX:XX:XX:8B:28, primaryPhy=1, secondaryPhy=0, advertisingSid=0xff, txPower=127, rssi=-83, periodicAdvInt=0x0
04-11 00:27:45.670 I/BtGatt.ScanHelper( 3694): onScanResult to scannerId: 8- eventType=0x0, addressType=1, address=XX:XX:XX:XX:D6:80, primaryPhy=1, secondaryPhy=1, advertisingSid=0x1, txPower=127, rssi=-79, periodicAdvInt=0x0
04-11 00:27:45.687 I/BtGatt.ScanHelper( 3694): onScanResult to scannerId: 9- eventType=0x1b, addressType=0, address=XX:XX:XX:XX:89:D9, primaryPhy=1, secondaryPhy=0, advertisingSid=0xff, txPower=127, rssi=-56, periodicAdvInt=0x0
04-11 00:27:45.714 I/BtGatt.ScanHelper( 3694): onScanResult to scannerId: 9- eventType=0x1b, addressType=1, address=XX:XX:XX:XX:9B:1D, primaryPhy=1, secondaryPhy=0, advertisingSid=0xff, txPower=127, rssi=-54, periodicAdvInt=0x0
04-11 00:27:45.734 I/BtGatt.ScanHelper( 3694): onScanResult to scannerId: 9- eventType=0x1b, addressType=1, address=XX:XX:XX:XX:7E:E9, primaryPhy=1, secondaryPhy=0, advertisingSid=0xff, txPower=127, rssi=-54, periodicAdvInt=0x0
04-11 00:27:45.748 I/BtGatt.ScanHelper( 3694): onScanResult to scannerId: 9- eventType=0x10, addressType=0, address=XX:XX:XX:XX:39:BD, primaryPhy=1, secondaryPhy=0, advertisingSid=0xff, txPower=127, rssi=-85, periodicAdvInt=0x0
04-11 00:27:45.752 I/[+0900]oneconnect[1.8.41.23_01][CORE](23577): DataConvert.parseBleVd - deviceBle : |name:|deviceType:TV|discoverType:_BLE|services:None|connected:false[TvStatusString]POWER_OFF[TvStatus]-128[TvService]96[TvMirrorChannel]1[TvRegisteredDB][98, -106, 45, -14, -105, 126][TvYear]2016[TvOcfInfo]0[TvAcmStatus]0[ExTvStatus]0[ExtendedStatus]-1[ModuloSn]-1
04-11 00:27:45.760 I/BtGatt.ScanHelper( 3694): onScanResult to scannerId: 1- eventType=0x1b, addressType=1, address=XX:XX:XX:XX:B4:5E, primaryPhy=1, secondaryPhy=0, advertisingSid=0xff, txPower=127, rssi=-66, periodicAdvInt=0x0
04-11 00:27:45.761 I/BtGatt.ScanHelper( 3694): onScanResult to scannerId: 9- eventType=0x1b, addressType=1, address=XX:XX:XX:XX:B4:5E, primaryPhy=1, secondaryPhy=0, advertisingSid=0xff, txPower=127, rssi=-66, periodicAdvInt=0x0
04-11 00:27:45.779 I/ASF_UPNP[3.3.20.40](15993): StringUtils.parseURI -  
04-11 00:27:45.780 D/ASF_UPNP[3.3.20.40](15993): Request.start -  Trying to send GET message for /description.xml
04-11 00:27:45.780 I/ASF_UPNP[3.3.20.40](15993): StringUtils.parseURI -  
04-11 00:27:45.781 I/ASF_UPNP[3.3.20.40](15993): DiscoveryListener.onUDPRequestReceived -  [ALIVE][WAITING] [uuid:********-****-****-****-001788b12f0b] clientIp = [***.***.***.39]
04-11 00:27:45.782 I/ASF_UPNP[3.3.20.40](15993): ClientManager.getNextOutgoingTcpSession -  Get next TCP session! Session[597] Packet : GET /description.xml HTTP/1.1

04-11 00:27:45.782 I/ASF_UPNP[3.3.20.40](15993): HOST: ***.***.***.39:80

04-11 00:27:45.782 I/ASF_UPNP[3.3.20.40](15993): ACCEPT-LANGUAGE: en-us

04-11 00:27:45.782 I/ASF_UPNP[3.3.20.40](15993): Connection: Keep-Alive

04-11 00:27:45.782 I/ASF_UPNP[3.3.20.40](15993): USER-AGENT: DLNADOC/1.51 SEC_HHP_Samsung Mobile/1.0 UPnP/1.0

04-11 00:27:45.782 I/ASF_UPNP[3.3.20.40](15993): Content-Length: 0

04-11 00:27:45.782 I/ASF_UPNP[3.3.20.40](15993): 

04-11 00:27:45.782 I/ASF_UPNP[3.3.20.40](15993): OutgoingTcpSession.connect -  Trying to connect to address
04-11 00:27:45.783 D/ASF_UPNP[3.3.20.40](15993): ClientManager.sendTCPPacket -  Connect TCP! Session[597]
04-11 00:27:45.783 I/ASF_UPNP[3.3.20.40](15993): OutgoingTcpSession.connect -  [597]Trying to connect to address : /***.***.***.39:80
04-11 00:27:45.784 I/ASF_UPNP[3.3.20.40](15993): Request.start -  [597]Requesting description of : 80 /description.xml
04-11 00:27:45.784 I/ASF_UPNP[3.3.20.40](15993): DiscoveryListener.sendDeviceDescriptionRequest -  [597]Sent description request for [uuid:********-****-****-****-001788b12f0b+wlan0]
04-11 00:27:45.785 I/ASF_UPNP[3.3.20.40](15993): DiscoveryListener.onUDPRequestReceived -  [ALIVE][NEW], [uuid:********-****-****-****-001788b12f0b] clientIp = [***.***.***.39]
04-11 00:27:45.786 I/BtGatt.ScanHelper( 3694): onScanResult to scannerId: 9- eventType=0x1b, addressType=1, address=XX:XX:XX:XX:EE:B6, primaryPhy=1, secondaryPhy=0, advertisingSid=0xff, txPower=127, rssi=-54, periodicAdvInt=0x0
04-11 00:27:45.788 I/BtGatt.ScanHelper( 3694): onScanResult to scannerId: 9- eventType=0x1b, addressType=1, address=XX:XX:XX:XX:D7:FD, primaryPhy=1, secondaryPhy=0, advertisingSid=0xff, txPower=127, rssi=-65, periodicAdvInt=0x0
04-11 00:27:45.788 I/BtGatt.ScanHelper( 3694): onScanResult to scannerId: 9- eventType=0x10, addressType=1, address=XX:XX:XX:XX:40:66, primaryPhy=1, secondaryPhy=0, advertisingSid=0xff, txPower=127, rssi=-55, periodicAdvInt=0x0
04-11 00:27:45.789 I/[+0900]oneconnect[1.8.41.23_01][CORE](23577): BleParserForSamsungConnect.parseSamsungConnectPacket_V2 - |name:($)-G(23)|deviceType:SAMSUNG_OCF_SETUP|discoverType:_BLE|services:None|connected:false[Type]40[Index]2[Status]1[OcfInfo]7[SetupNet]4[Calm] false false false[Tx]-1
04-11 00:27:45.805 V/ASF_UPNP[3.3.20.40](15993): PacketReader.read -  start
04-11 00:27:45.806 I/BtGatt.ScanHelper( 3694): onScanResult to scannerId: 9- eventType=0x1b, addressType=1, address=XX:XX:XX:XX:B8:83, primaryPhy=1, secondaryPhy=0, advertisingSid=0xff, txPower=127, rssi=-54, periodicAdvInt=0x0
04-11 00:27:45.812 I/BtGatt.ScanHelper( 3694): onScanResult to scannerId: 9- eventType=0x1b, addressType=1, address=XX:XX:XX:XX:67:39, primaryPhy=1, secondaryPhy=0, advertisingSid=0xff, txPower=127, rssi=-82, periodicAdvInt=0x0
04-11 00:27:45.815 V/ASF_UPNP[3.3.20.40](15993): PacketReader.read -  end
04-11 00:27:45.816 D/ASF_UPNP[3.3.20.40](15993): CallbackHandler.invokeUpperLayerResponseHandler -  Handling the TCP packet!
04-11 00:27:45.816 V/ASF_UPNP[3.3.20.40](15993): Request.onResponseReceived -  [597]Enter
04-11 00:27:45.817 D/ASF_UPNP[3.3.20.40](15993): Request.onResponseReceived -  [597]Stopped NowRequesting
04-11 00:27:45.817 E/ASF_UPNP[3.3.20.40](15993): CpDeviceDescriptionRequest.onResponseReceived -  [597]Unable to fetch device description for device uuid:********-****-****-****-001788b12f0b+wlan0. Reason => 'HTTP/1.1 200 OK'
04-11 00:27:45.818 D/ASF_UPNP[3.3.20.40](15993): CpDiscoveryManager.removeRequest -  Still processing 0 requests
04-11 00:27:45.846 I/BtGatt.ScanHelper( 3694): onScanResult to scannerId: 9- eventType=0x1b, addressType=1, address=XX:XX:XX:XX:9B:1D, primaryPhy=1, secondaryPhy=0, advertisingSid=0xff, txPower=127, rssi=-54, periodicAdvInt=0x0
04-11 00:27:45.850 I/BtGatt.ScanHelper( 3694): onScanResult to scannerId: 9- eventType=0x10, addressType=1, address=XX:XX:XX:XX:E1:90, primaryPhy=1, secondaryPhy=0, advertisingSid=0xff, txPower=127, rssi=-66, periodicAdvInt=0x0
04-11 00:27:45.855 I/BtGatt.ScanHelper( 3694): onScanResult to scannerId: 1- eventType=0x1b, addressType=1, address=XX:XX:XX:XX:F7:DF, primaryPhy=1, secondaryPhy=0, advertisingSid=0xff, txPower=127, rssi=-66, periodicAdvInt=0x0
04-11 00:27:45.856 I/BtGatt.ScanHelper( 3694): onScanResult to scannerId: 9- eventType=0x1b, addressType=1, address=XX:XX:XX:XX:F7:DF, primaryPhy=1, secondaryPhy=0, advertisingSid=0xff, txPower=127, rssi=-66, periodicAdvInt=0x0
04-11 00:27:45.859 I/BtGatt.ScanHelper( 3694): onScanResult to scannerId: 1- eventType=0x1b, addressType=1, address=XX:XX:XX:XX:B7:49, primaryPhy=1, secondaryPhy=0, advertisingSid=0xff, txPower=127, rssi=-84, periodicAdvInt=0x0
04-11 00:27:45.860 I/BtGatt.ScanHelper( 3694): onScanResult to scannerId: 9- eventType=0x1b, addressType=1, address=XX:XX:XX:XX:B7:49, primaryPhy=1, secondaryPhy=0, advertisingSid=0xff, txPower=127, rssi=-84, periodicAdvInt=0x0
04-11 00:27:45.878 I/BtGatt.ScanHelper( 3694): onScanResult to scannerId: 9- eventType=0x1b, addressType=1, address=XX:XX:XX:XX:5C:8C, primaryPhy=1, secondaryPhy=0, advertisingSid=0xff, txPower=127, rssi=-88, periodicAdvInt=0x0
04-11 00:27:45.895 I/BtGatt.ScanHelper( 3694): onScanResult to scannerId: 9- eventType=0x1b, addressType=0, address=XX:XX:XX:XX:6C:F8, primaryPhy=1, secondaryPhy=0, advertisingSid=0xff, txPower=127, rssi=-67, periodicAdvInt=0x0
04-11 00:27:45.896 I/[+0900]oneconnect[1.8.41.23_01][CORE](23577): BleParserForSamsungConnect.parseSamsungConnectPacket_V3 - |name:($)-A(11)|deviceType:SAMSUNG_OCF_SETUP|discoverType:_BLE|services:None|connected:false[Status]6[OcfInfo]7[SetupNet]4[Calm] false false false[Tx]-2147483648 not set
04-11 00:27:45.904 I/BtGatt.ScanHelper( 3694): onScanResult to scannerId: 9- eventType=0x10, addressType=0, address=XX:XX:XX:XX:C0:CC, primaryPhy=1, secondaryPhy=0, advertisingSid=0xff, txPower=127, rssi=-77, periodicAdvInt=0x0
04-11 00:27:45.906 I/BtGatt.ScanHelper( 3694): onScanResult to scannerId: 9- eventType=0x10, addressType=0, address=XX:XX:XX:XX:39:BD, primaryPhy=1, secondaryPhy=0, advertisingSid=0xff, txPower=127, rssi=-81, periodicAdvInt=0x0
04-11 00:27:45.908 I/[+0900]oneconnect[1.8.41.23_01][CORE](23577): BleParserForDaDevice.parseBlePacket - DeviceBleDa : [name]($)-D(11)[BleMac]($)1C:E8[DeviceType]DEHUMIDIFIER[DeviceInfoVersion]0[DeviceStatus]-128,
04-11 00:27:45.910 I/BtGatt.ScanHelper( 3694): onScanResult to scannerId: 9- eventType=0x1b, addressType=1, address=XX:XX:XX:XX:EE:B6, primaryPhy=1, secondaryPhy=0, advertisingSid=0xff, txPower=127, rssi=-54, periodicAdvInt=0x0
04-11 00:27:45.911 I/[+0900]oneconnect[1.8.41.23_01][CORE](23577): DataConvert.parseBleVd - deviceBle : |name:|deviceType:TV|discoverType:_BLE|services:None|connected:false[TvStatusString]POWER_OFF[TvStatus]-128[TvService]96[TvMirrorChannel]1[TvRegisteredDB][98, -106, 45, -14, -105, 126][TvYear]2016[TvOcfInfo]0[TvAcmStatus]0[ExTvStatus]0[ExtendedStatus]-1[ModuloSn]-1
04-11 00:27:45.912 I/BtGatt.ScanHelper( 3694): onScanResult to scannerId: 9- eventType=0x1a, addressType=0, address=XX:XX:XX:XX:70:92, primaryPhy=1, secondaryPhy=0, advertisingSid=0xff, txPower=127, rssi=-78, periodicAdvInt=0x0
04-11 00:27:45.915 I/BtGatt.ScanHelper( 3694): onScanResult to scannerId: 9- eventType=0x10, addressType=0, address=XX:XX:XX:XX:C2:A3, primaryPhy=1, secondaryPhy=0, advertisingSid=0xff, txPower=127, rssi=-53, periodicAdvInt=0x0
04-11 00:27:45.918 I/[+0900]oneconnect[1.8.41.23_01][CORE](23577): BleParserForDaDevice.parseBlePacket - DeviceBleDa : [name]($)-A(11)[BleMac]($)40:CA[DeviceType]AIR_PURIFIER[DeviceInfoVersion]0[DeviceStatus]-127,
04-11 00:27:45.924 I/BtGatt.ScanHelper( 3694): onScanResult to scannerId: 9- eventType=0x1b, addressType=0, address=XX:XX:XX:XX:6C:F8, primaryPhy=1, secondaryPhy=0, advertisingSid=0xff, txPower=127, rssi=-66, periodicAdvInt=0x0
04-11 00:27:45.925 I/[+0900]oneconnect[1.8.41.23_01][CORE](23577): BleParserForSamsungConnect.parseSamsungConnectPacket_V3 - |name:($)-A(11)|deviceType:SAMSUNG_OCF_SETUP|discoverType:_BLE|services:None|connected:false[Status]6[OcfInfo]7[SetupNet]4[Calm] false false false[Tx]-2147483648 not set
04-11 00:27:45.927 I/BtGatt.ScanHelper( 3694): onScanResult to scannerId: 9- eventType=0x1b, addressType=1, address=XX:XX:XX:XX:B8:83, primaryPhy=1, secondaryPhy=0, advertisingSid=0xff, txPower=127, rssi=-53, periodicAdvInt=0x0
04-11 00:27:45.966 I/vendor.qti.bluetooth@1.1-ibs_handler( 1531): ProcessIbsCmd: Received IBS_SLEEP_IND: 0xFE
04-11 00:27:45.966 D/vendor.qti.bluetooth@1.1-ibs_handler( 1531): SerialClockVote: vote for UART CLK OFF
04-11 00:27:45.987 I/vendor.qti.bluetooth@1.1-ibs_handler( 1531): ProcessIbsCmd: Received IBS_WAKE_IND: 0xFD
04-11 00:27:45.987 D/vendor.qti.bluetooth@1.1-ibs_handler( 1531): SerialClockVote: vote for UART CLK ON
04-11 00:27:45.987 I/vendor.qti.bluetooth@1.1-ibs_handler( 1531): ProcessIbsCmd: Writing IBS_WAKE_ACK
04-11 00:27:45.991 I/BtGatt.ScanHelper( 3694): onScanResult to scannerId: 9- eventType=0x1b, addressType=1, address=XX:XX:XX:XX:7E:E9, primaryPhy=1, secondaryPhy=0, advertisingSid=0xff, txPower=127, rssi=-54, periodicAdvInt=0x0
04-11 00:27:45.994 I/BtGatt.ScanHelper( 3694): onScanResult to scannerId: 9- eventType=0x10, addressType=0, address=XX:XX:XX:XX:F2:35, primaryPhy=1, secondaryPhy=0, advertisingSid=0xff, txPower=127, rssi=-70, periodicAdvInt=0x0
04-11 00:27:45.997 I/[+0900]oneconnect[1.8.41.23_01][CORE](23577): DataConvert.parseBleVd - deviceBle : |name:|deviceType:TV|discoverType:_BLE|services:None|connected:false[TvStatusString]POWER_OFF[TvStatus]-128[TvService]96[TvMirrorChannel]1[TvRegisteredDB][77, 48, -55, -27, 42, 0][TvYear]2016[TvOcfInfo]0[TvAcmStatus]0[ExTvStatus]0[ExtendedStatus]-1[ModuloSn]-1
04-11 00:27:45.999 I/BtGatt.ScanHelper( 3694): onScanResult to scannerId: 9- eventType=0x1b, addressType=0, address=XX:XX:XX:XX:6C:F8, primaryPhy=1, secondaryPhy=0, advertisingSid=0xff, txPower=127, rssi=-66, periodicAdvInt=0x0
04-11 00:27:46.000 I/[+0900]oneconnect[1.8.41.23_01][CORE](23577): BleParserForSamsungConnect.parseSamsungConnectPacket_V3 - |name:($)-A(11)|deviceType:SAMSUNG_OCF_SETUP|discoverType:_BLE|services:None|connected:false[Status]6[OcfInfo]7[SetupNet]4[Calm] false false false[Tx]-2147483648 not set
04-11 00:27:46.003 I/BtGatt.ScanHelper( 3694): onScanResult to scannerId: 9- eventType=0x10, addressType=1, address=XX:XX:XX:XX:40:66, primaryPhy=1, secondaryPhy=0, advertisingSid=0xff, txPower=127, rssi=-54, periodicAdvInt=0x0
04-11 00:27:46.012 I/BtGatt.ScanHelper( 3694): onScanResult to scannerId: 9- eventType=0x1b, addressType=1, address=XX:XX:XX:XX:3D:10, primaryPhy=1, secondaryPhy=0, advertisingSid=0xff, txPower=127, rssi=-82, periodicAdvInt=0x0
04-11 00:27:46.018 I/SoundAlive_SRC384 arch64( 1665): SoundAlive_SRC384: Instance 38984 Init(outFs 8, InFs 5, chnum 1, outBW 3, inBW 3)
04-11 00:27:46.018 I/Samsung_SoundAlive_SRC arch64( 1665): SRC384 version Samsung SoundAlive SRC ver320 arch64  2021.08.04 (Cppref for ARM64, ver.300.c 32bit 07_10_2016 based)
04-11 00:27:46.032 I/BtGatt.ScanHelper( 3694): onScanResult to scannerId: 1- eventType=0x1b, addressType=1, address=XX:XX:XX:XX:C9:57, primaryPhy=1, secondaryPhy=0, advertisingSid=0xff, txPower=127, rssi=-86, periodicAdvInt=0x0
04-11 00:27:46.033 I/BtGatt.ScanHelper( 3694): onScanResult to scannerId: 9- eventType=0x1b, addressType=1, address=XX:XX:XX:XX:C9:57, primaryPhy=1, secondaryPhy=0, advertisingSid=0xff, txPower=127, rssi=-86, periodicAdvInt=0x0
04-11 00:27:46.036 D/AudioTrack(16138): stop(33924): called with 33800 frames delivered
04-11 00:27:46.036 I/BtGatt.ScanHelper( 3694): onScanResult to scannerId: 9- eventType=0x10, addressType=1, address=XX:XX:XX:XX:E1:90, primaryPhy=1, secondaryPhy=0, advertisingSid=0xff, txPower=127, rssi=-68, periodicAdvInt=0x0
04-11 00:27:46.039 V/AS.PlaybackActivityMon( 2531): playerEvent(piid=229127, event=PLAYER_STATE_STOPPED, eventValue=0)
04-11 00:27:46.039 V/AS.PlaybackActivityMon( 2531): dispatchPlaybackChange to 9 clients
04-11 00:27:46.040 D/MediaSessionService( 2531): Audio playback is changed, config=AudioPlaybackConfiguration piid:229127 deviceId:3 type:android.media.AudioTrack u/pid:1000/16138 state:stopped attr:AudioAttributes: usage=USAGE_ASSISTANCE_ACCESSIBILITY content=CONTENT_TYPE_UNKNOWN flags=0x900 tags= bundle=null sessionId:271249 mutedState:none  FormatInfo{isSpatialized=false, channelMask=0x1, sampleRate=24000}, removed=false
04-11 00:27:46.040 D/MediaSessionStack( 2531): updateMediaButtonSessionIfNeeded, callers=com.android.server.media.AudioPlayerStateMonitor$MessageHandler.handleMessage:19 android.os.Handler.dispatchMessage:107 
04-11 00:27:46.040 D/MediaSessionStack( 2531): updateMediaButtonSessionIfNeeded, skipping uid=1000
04-11 00:27:46.040 D/MediaSessionStack( 2531): updateMediaButtonSessionIfNeeded, skipping uid=10049
04-11 00:27:46.040 D/MediaSessionStack( 2531): updateMediaButtonSessionIfNeeded, skipping uid=10330
04-11 00:27:46.041 D/SoundCraft.PlayingAudioConditionHandler( 3535): onPlaybackConfigChanged : lastStartedPackageName=null, lastStartedUid=-1, newStartedUid=-1, newStartPackageName=null, thread=Thread[RoutineHandlerThread,5,main]
04-11 00:27:46.041 D/MediaRouterService( 2531): onAudioPlayerActiveStateChanged: uid=1000, active=false, delaying
04-11 00:27:46.042 V/AS.PlaybackActivityMon( 2531): releasePlayer() for piid=229127
04-11 00:27:46.043 V/AS.PlaybackActivityMon( 2531): DuckingManager: removedReleased() player piid: 229127 uid:1000
04-11 00:27:46.043 V/AS.FadeOutManager( 2531): removedReleased() player piid: 229127 uid:1000
04-11 00:27:46.043 V/AS.PlaybackActivityMon( 2531): dispatchPlaybackChange to 9 clients
04-11 00:27:46.043 W/BWU@AudioPlaybackControlManager(20408): ignore isMusicPlaying - 0 configs counts - 8 mIsAecRecording false
04-11 00:27:46.044 D/talkback: FailoverTextToSpeech(16118): Received callback for "talkback_98", returned true
04-11 00:27:46.044 V/talkback: SpeechControllerImpl(16118): No next item, stopping speech queue
04-11 00:27:46.045 W/BWU@AudioPlaybackControlManager(20408): ignore isMusicPlaying - 0 configs counts - 7 mIsAecRecording false
04-11 00:27:46.045 I/MediaFocusControl( 2531): abandonAudioFocus() from uid/pid 10155/16118 clientId=android.media.AudioManager@96e90c5com.google.android.accessibility.utils.output.SpeechControllerImpl$5@18dda1a callingPack=com.samsung.android.accessibility.talkback
04-11 00:27:46.045 D/AS.AudioService( 2531): [Android Auto] isConnectedAndroidAuto = false
04-11 00:27:46.045 D/MediaFocusControl( 2531): abandonAudioFocus, clientId = android.media.AudioManager@96e90c5com.google.android.accessibility.utils.output.SpeechControllerImpl$5@18dda1a
04-11 00:27:46.045 D/MediaFocusControl( 2531): selectFocusStack, uid = 10155, appDevice = 0, device = 2
04-11 00:27:46.045 I/MediaFocusControl( 2531): removeFocusStackEntry client:android.media.AudioManager@96e90c5com.google.android.accessibility.utils.output.SpeechControllerImpl$5@18dda1a
04-11 00:27:46.047 D/SoundCraft.PlayingAudioConditionHandler( 3535): onPlaybackConfigChanged : lastStartedPackageName=null, lastStartedUid=-1, newStartedUid=-1, newStartPackageName=null, thread=Thread[RoutineHandlerThread,5,main]
04-11 00:27:46.047 I/BtGatt.ScanHelper( 3694): onScanResult to scannerId: 9- eventType=0x1b, addressType=1, address=XX:XX:XX:XX:EE:B6, primaryPhy=1, secondaryPhy=0, advertisingSid=0xff, txPower=127, rssi=-54, periodicAdvInt=0x0
04-11 00:27:46.049 D/talkback: CallStateMonitor(16118): Stop monitoring call state.
04-11 00:27:46.050 I/BtGatt.ScanHelper( 3694): onScanResult to scannerId: 8- eventType=0x10, addressType=1, address=XX:XX:XX:XX:CB:EF, primaryPhy=1, secondaryPhy=0, advertisingSid=0xff, txPower=127, rssi=-79, periodicAdvInt=0x0
04-11 00:27:46.050 I/BtGatt.ScanHelper( 3694): onScanResult to scannerId: 9- eventType=0x10, addressType=1, address=XX:XX:XX:XX:CB:EF, primaryPhy=1, secondaryPhy=0, advertisingSid=0xff, txPower=127, rssi=-79, periodicAdvInt=0x0
04-11 00:27:46.051 D/talkback: Pipeline(16118): execute() feedback=Feedback{eventId=null, failovers=[Part= speech= action=SPEAK  text="Showing screen"  hint= null  hintSpeakOptions= null    ]}
04-11 00:27:46.051 D/talkback: Actors(16118): act() eventId=null part=Part= speech= action=SPEAK  text="Showing screen"  hint= null  hintSpeakOptions= null    
04-11 00:27:46.051 V/talkback: SpeechControllerImpl(16118): Voice feedback is off.
04-11 00:27:46.051 V/talkback: Pipeline(16118): execute() success=true for part=Part= speech= action=SPEAK  text="Showing screen"  hint= null  hintSpeakOptions= null    
04-11 00:27:46.052 V/talkback: FullScreenReadActor(16118): Continuous reading switching to mode: 0
04-11 00:27:46.052 V/talkback: SpeechControllerImpl(16118): interrupt, stopTtsSpeechCompletely=false
04-11 00:27:46.053 W/ContextImpl(16138): Calling a method in the system process without a qualified user: android.app.ContextImpl.sendBroadcast:1314 android.content.ContextWrapper.sendBroadcast:515 android.speech.tts.TextToSpeechService$SynthThread.broadcastTtsQueueProcessingCompleted:471 android.speech.tts.TextToSpeechService$SynthThread.queueIdle:463 android.os.MessageQueue.next:424 
04-11 00:27:46.053 D/VibratorManagerService( 2531): Canceling vibration
04-11 00:27:46.054 I/SamsungTTS(16138): [Synthesize] request = en-US-default
04-11 00:27:46.054 I/SamsungTTS(16138): [loadLanguage] : eng-USA-[l03]
04-11 00:27:46.055 I/SamsungTTS(16138): [Synthesize] Empty input. Caller[10155-com.samsung.android.accessibility.talkback]
04-11 00:27:46.055 V/talkback: TalkBackService(16118): Accessibility Service flag changed: 0xBCF1
04-11 00:27:46.055 W/ContextImpl(16138): Calling a method in the system process without a qualified user: android.app.ContextImpl.sendBroadcast:1314 android.content.ContextWrapper.sendBroadcast:515 android.speech.tts.TextToSpeechService$SynthThread.broadcastTtsQueueProcessingCompleted:471 android.speech.tts.TextToSpeechService$SynthThread.queueIdle:463 android.os.MessageQueue.next:424 
04-11 00:27:46.055 V/APM_AudioPolicyManager( 1665): selectOutput new bestOutput 13 criteria 0 100 0 0 0 0 0 2 
04-11 00:27:46.055 V/APM_AudioPolicyManager( 1665): selectOutput new bestOutput 21 criteria 0 100 0 0 0 1 0 0 
04-11 00:27:46.055 V/APM_AudioPolicyManager( 1665): getOutput() stream 3 selected devices {AUDIO_DEVICE_OUT_SPEAKER, @:}, output 21
04-11 00:27:46.056 V/APM_AudioPolicyManager( 1665): selectOutput new bestOutput 13 criteria 0 100 0 0 0 0 0 2 
04-11 00:27:46.056 V/APM_AudioPolicyManager( 1665): selectOutput new bestOutput 21 criteria 0 100 0 0 0 1 0 0 
04-11 00:27:46.056 V/APM_AudioPolicyManager( 1665): getOutput() stream 3 selected devices {AUDIO_DEVICE_OUT_SPEAKER, @:}, output 21
04-11 00:27:46.056 W/EnhancedConfirmationService( 2531): The packageName should not be null.
04-11 00:27:46.057 D/KNOX_MDM_SettingsProvider( 2531): isChangeAllowed() : name = accessibility_enabled
04-11 00:27:46.057 D/MagnificationConnectionManager( 2531): requestConnection :false mConnectionState : 3
04-11 00:27:46.057 W/MagnificationConnectionManager( 2531): requestConnection duplicated request: connect=false, mConnectionState=DISCONNECTED
04-11 00:27:46.058 V/APM_AudioPolicyManager( 1665): selectOutput new bestOutput 13 criteria 0 100 0 0 0 0 0 2 
04-11 00:27:46.058 V/APM_AudioPolicyManager( 1665): selectOutput new bestOutput 21 criteria 0 100 0 0 0 1 0 0 
04-11 00:27:46.058 V/APM_AudioPolicyManager( 1665): getOutput() stream 3 selected devices {AUDIO_DEVICE_OUT_SPEAKER, @:}, output 21
04-11 00:27:46.061 D/Navbar.Store( 3535): ----handleEvent(0) OnUpdateRemoteViewContainer(rotation=0, leftContainer=android.widget.LinearLayout{d868257 I.E...... ......I. 0,0-118,144 #7f0a0624 app:id/left_remoteview}, rightContainer=android.widget.LinearLayout{3513362 I.E...... ......I. 962,0-1080,144 #7f0a09df app:id/right_remoteview}, contextualButtonVisible=true, darkIntensity=0.0, displayId=0) [Module] SamsungNavigationBarView
04-11 00:27:46.061 D/Navbar.Store( 3535): ------[Band]REMOTE_VIEW_PACK_SET_REMOTEVIEW_CONTAINER
04-11 00:27:46.061 D/Navbar.Store( 3535): --------apply(0) NavBarStoreAction$UpdateRemoteViewContainer
04-11 00:27:46.061 D/Navbar.Store( 3535): --------apply(0) NavBarStoreAction$UpdateRemoteViewDarkIntensity
04-11 00:27:46.061 D/Navbar.Store( 3535): ----handleEvent(1) OnUpdateRemoteViewContainer(rotation=0, leftContainer=android.widget.LinearLayout{d868257 I.E...... ......I. 0,0-118,144 #7f0a0624 app:id/left_remoteview}, rightContainer=android.widget.LinearLayout{3513362 I.E...... ......I. 962,0-1080,144 #7f0a09df app:id/right_remoteview}, contextualButtonVisible=true, darkIntensity=0.0, displayId=0) [Module] SamsungNavigationBarView
04-11 00:27:46.062 D/Navbar.Store( 3535): handleEvent(0) OnNavBarUpdateA11YService(clickable=true, longClickable=true) [Module] NavigationBar
04-11 00:27:46.062 D/Navbar.Store( 3535): --[Band]SETUPWIZARD_PACK_UPDATE_A11Y_SERVICE
04-11 00:27:46.062 D/Navbar.Store( 3535): handleEvent(0) OnButtonOrderChanged(noArguments=true) [Module] NavigationBar
04-11 00:27:46.062 D/Navbar.Store( 3535): --[Band]CONFIG_PACK_KEY_ORDER_CHANGED
04-11 00:27:46.062 D/Navbar.Store( 3535): ----apply(0) NavBarStoreAction$ReinflateNavBar
04-11 00:27:46.062 D/Navbar.Store( 3535): ----handleEvent(0) GetInflateLayoutID(vertical=false) [Module] SamsungNavigationBarInflaterView
04-11 00:27:46.063 D/Navbar.Store( 3535): ------[Band]STABLE_LAYOUT_PACK_GET_INFLATE_LAYOUT_ID
04-11 00:27:46.063 D/NavBarStateManager( 3535): NavBarStates(0) getLayoutID(vertical: false): 2131559221
04-11 00:27:46.063 D/Navbar.Store( 3535): ----handleEvent(0) value= 2131559221
04-11 00:27:46.063 D/talkback: BrailleDisplay(16118): BrailleDisplay: stop
04-11 00:27:46.064 D/Navbar.Store( 3535): ----handleEvent(0) GetInflateLayoutID(vertical=true) [Module] SamsungNavigationBarInflaterView
04-11 00:27:46.064 D/Navbar.Store( 3535): ------[Band]STABLE_LAYOUT_PACK_GET_INFLATE_LAYOUT_ID
04-11 00:27:46.064 I/talkback: BrailleDisplay(16118): UsbConnectManager: disconnect: false
04-11 00:27:46.064 D/NavBarStateManager( 3535): NavBarStates(0) getLayoutID(vertical: true): 2131559223
04-11 00:27:46.064 D/Navbar.Store( 3535): ----handleEvent(0) value= 2131559223
04-11 00:27:46.064 I/HYPER-HAL( 1549): [RequestManager.cpp]acquire(): Acquired ID : 1245855  [1554 / 24]    HINT :      list : [UCLAMP_MIN_BOOST / 50] [TID / 3755] [TID / 3756] [TID / 3535] [TID / 3753] 
04-11 00:27:46.064 D/talkback: BrailleDisplay(16118): Connectioneer: serviceEnabled: false, userSettingEnabled: false
04-11 00:27:46.064 D/talkback: BrailleDisplay(16118): BtConnectManager: stopScan STOP_STOPPED
