04-11 00:27:46.591 V/APM_AudioPolicyManager( 1665): getOutputForAttrInt() attributes={ Content type: AUDIO_CONTENT_TYPE_UNKNOWN Usage: AUDIO_USAGE_ASSISTANCE_ACCESSIBILITY Source: AUDIO_SOURCE_INVALID Flags: 0x900 Tags:  } stream=AUDIO_STREAM_ACCESSIBILITY session 271273 selectedDeviceId 0
04-11 00:27:46.591 V/APM_AudioPolicyManager( 1665): getOutputForAttrInt() device {AUDIO_DEVICE_OUT_SPEAKER, @:}, sampling rate 24000, format 0x1, channel mask 0x1, flags 0x4 stream AUDIO_STREAM_ACCESSIBILITY
04-11 00:27:46.591 V/APM_AudioPolicyManager( 1665): selectOutput new bestOutput 13 criteria 0 100 0 0 0 0 4 2 
04-11 00:27:46.591 V/APM_AudioPolicyManager( 1665): selectOutput new bestOutput 29 criteria 0 100 0 0 0 1 2 0 
04-11 00:27:46.591 I/HYPER-HAL( 1549): [RequestManager.cpp]acquire(): Acquired ID : -804595803  [1554 / 50269]    HINT :      list : [TID_LOW_LATENCY / 1] [TID / 16174] [TID / 16175] [TID / 16118] [TID / 16172] 
04-11 00:27:46.591 V/APM_AudioPolicyManager( 1665): getOutputForAttrInt returns output 29 selectedDeviceId 3
04-11 00:27:46.591 V/APM_AudioPolicyManager( 1665): getOutputForAttr() returns output 29 requestedPortId 0 selectedDeviceId 3 for port ID 33927
04-11 00:27:46.592 I/AudioFlinger( 1665): nonSecFlag 4, secFlag 0, outputFlags 4
04-11 00:27:46.592 D/AudioFlinger( 1665): AUDIO_OUTPUT_FLAG_FAST denied: sharedBuffer=0x0 frameCount=4096 mFrameCount=192 format=0x1 mFormat=0x5 isLinear=1 channelMask=0x1 sampleRate=24000 mSampleRate=48000 hasFastMixer=1 tid=-1 fastTrackAvailMask=0xe4
04-11 00:27:46.592 I/AudioFlinger( 1665): FastTrack denied, resize fc 1440
04-11 00:27:46.592 D/AudioFlinger( 1665): Client defaulted notificationFrames to 480 for frameCount 4096
04-11 00:27:46.593 I/AF::Track( 1665): setMixerOutConfig expectKey 202
04-11 00:27:46.593 I/AF::Track( 1665): setMixerOutConfig select, mixer out f 5, s 48000, thread out f 5, s 48000
04-11 00:27:46.594 I/HYPER-HAL( 1549): [RequestManager.cpp]acquire(): Acquired ID : -804595803  [1554 / 50269]    HINT :      list : [TID_LOW_LATENCY / 0] [TID / 16174] [TID / 16175] [TID / 16118] [TID / 16172] 
04-11 00:27:46.594 D/NativeCustomFrequencyManager(16118): [NativeCFMS] BpCustomFrequencyManager::BpCustomFrequencyManager()
04-11 00:27:46.594 V/AS.PlaybackActivityMon( 2531): trackPlayer() new piid=229159
04-11 00:27:46.594 I/HYPER-HAL( 1549): [RequestManager.cpp]acquire(): Acquired ID : -804543978  [1554 / 50270]    HINT :      list : [UCLAMP_MIN_BOOST / 0] [TID / 16174] [TID / 16175] [TID / 16118] [TID / 16172] 
04-11 00:27:46.595 D/AudioTrack(16138): setVolume(1.000000, 1.000000) pid : 16138
04-11 00:27:46.595 V/AS.PlaybackActivityMon( 2531): playerEvent(piid=229159, event=PLAYER_UPDATE_PORT_ID, eventValue=33927)
04-11 00:27:46.595 I/HYPER-HAL( 1549): [RequestManager.cpp]releaseLocked(): Released ID : -804595803
04-11 00:27:46.595 I/HYPER-HAL( 1549): [RequestManager.cpp]releaseLocked(): Released ID : -804543978
04-11 00:27:46.596 D/HWUI    (16118): CacheManager::trimMemory(20)
04-11 00:27:46.597 D/InputTransport( 2531): Input channel constructed: '4bc39e4', fd=1211
04-11 00:27:46.597 D/InputTransport( 2531): Input channel constructed: '4bc39e4', fd=1217
04-11 00:27:46.597 D/InputTransport( 2531): Input channel constructed: '4bc39e4', fd=1120
04-11 00:27:46.597 I/SurfaceFlinger( 1674): id=48215 createSurf, flag=84004, 4bc39e4 TextToSpeechOverlay#48215
04-11 00:27:46.597 D/HWUI    (16118): CacheManager::trimMemory(20)
04-11 00:27:46.598 I/HYPER-HAL( 1549): [RequestManager.cpp]acquire(): Acquired ID : -804492152  [1554 / 50271]    HINT :      list : [TID_LOW_LATENCY / 1] [TID / 16174] [TID / 16175] [TID / 16118] [TID / 16172] 
04-11 00:27:46.598 D/RestrictionPolicy( 2531): isScreenCaptureEnabled : ret=true userId=0
04-11 00:27:46.599 D/InputTransport( 2531): Input channel destroyed: '4bc39e4', fd=1120
04-11 00:27:46.600 I/HYPER-HAL( 1549): [RequestManager.cpp]acquire(): Acquired ID : -804388497  [1554 / 50273]    HINT :      list : [TID_LOW_LATENCY / 1] [TID / 16174] [TID / 16175] [TID / 16118] [TID / 16172] 
04-11 00:27:46.600 D/InputTransport(16118): Input channel constructed: '4bc39e4', fd=149
04-11 00:27:46.600 I/InsetsController(16118): onStateChanged: host=TextToSpeechOverlay, from=android.view.ViewRootImpl.setView:1999, state=InsetsState: {mDisplayFrame=Rect(0, 0 - 1080, 2640), mDisplayCutout=DisplayCutout{insets=Rect(0, 94 - 0, 0) waterfall=Insets{left=0, top=0, right=0, bottom=0} boundingRect={Bounds=[Rect(0, 0 - 0, 0), Rect(505, 0 - 576, 94), Rect(0, 0 - 0, 0), Rect(0, 0 - 0, 0)]} cutoutPathParserInfo={CutoutPathParserInfo{displayWidth=1080 displayHeight=2640 physicalDisplayWidth=1080 physicalDisplayHeight=2640 density={3.0} cutoutSpec={M 0,0 H -11.83333333333333 V 31.33333333333333 H 11.83333333333333 V 0 H 0 Z @dp} rotation={0} scale={1.0} physicalPixelDisplaySizeRatio={1.0}}} sideOverrides={}}, mRoundedCorners=RoundedCorners{[RoundedCorner{position=TopLeft, radius=114, center=Point(114, 114)}, RoundedCorner{position=TopRight, radius=114, center=Point(966, 114)}, RoundedCorner{position=BottomRight, radius=114, center=Point(966, 2526)}, RoundedCorner{position=BottomLeft, radius=114, center=Point(114, 2526)}]}  mRoundedCornerFrame=Rect(0, 0 - 0, 0), mPrivacyIndicatorBounds=PrivacyIndicatorBounds {static bounds=Rect(948, 0 - 1080, 94) rotation=0}, mDisplayShape=DisplayShape{ spec=1406003047 displayWidth=1080 displayHeight=2640 physicalPixelDisplaySizeRatio=1.0 rotation=0 offsetX=0 offsetY=0 scale=1.0}, mSources= { InsetsSource: {27 mType=displayCutout mFrame=[0,0][1080,94] mVisible=true mFlags= mSideHint=TOP mBoundingRects=null}, InsetsSource: {17000004 mType=systemGestures mFrame=[0,0][0,0] mVisible=true mFlags= mSideHint=NONE mBoundingRects=null}, InsetsSource: {17000005 mType=mandatorySystemGestures mFrame=[0,2496][1080,2640] mVisible=true mFlags= mSideHint=BOTTOM mBoundingRects=null}, InsetsSource: {17000024 mType=systemGestures mFrame=[0,0][0,0] mVisible=true mFlags= mSideHint=NONE mBoundingRects=null}, InsetsSource: {50a20005 mType=mandatorySystemGestures mFrame=[0,0][1080,130] mVisible=true mFlags= mSideHint=TOP mBoundingRects=null} }
04-11 00:27:46.601 I/VRI[TextToSpeechOverlay]@ba4f8cd(16118): synced displayState. AttachInfo displayState=2
04-11 00:27:46.601 I/vendor.qti.bluetooth@1.1-ibs_handler( 1531): ProcessIbsCmd: Received IBS_SLEEP_IND: 0xFE
04-11 00:27:46.602 D/vendor.qti.bluetooth@1.1-ibs_handler( 1531): SerialClockVote: vote for UART CLK OFF
04-11 00:27:46.602 I/HYPER-HAL( 1549): [RequestManager.cpp]acquire(): Acquired ID : -804388497  [1554 / 50273]    HINT :      list : [TID_LOW_LATENCY / 0] [TID / 16174] [TID / 16175] [TID / 16118] [TID / 16172] 
04-11 00:27:46.602 I/HYPER-HAL( 1549): [RequestManager.cpp]acquire(): Acquired ID : -804336668  [1554 / 50274]    HINT :      list : [UCLAMP_MIN_BOOST / 0] [TID / 16174] [TID / 16175] [TID / 16118] [TID / 16172] 
04-11 00:27:46.602 I/HYPER-HAL( 1549): [RequestManager.cpp]releaseLocked(): Released ID : -804388497
04-11 00:27:46.602 I/HYPER-HAL( 1549): [RequestManager.cpp]releaseLocked(): Released ID : -804336668
04-11 00:27:46.602 I/VRI[TextToSpeechOverlay]@ba4f8cd(16118): setView = com.google.android.libraries.accessibility.widgets.simple.SimpleOverlay$1@716fe64 IsHRR=false TM=true
04-11 00:27:46.602 D/HWUI    (16118): CacheManager::trimMemory(20)
04-11 00:27:46.603 I/AdrenoUtils(13239): <ReadGpuID:357>: Reading chip ID through GSL
04-11 00:27:46.603 D/HWUI    (16118): CacheManager::trimMemory(20)
04-11 00:27:46.603 W/qdgralloc(13239): Failed to load libubwcp.so
04-11 00:27:46.603 I/SurfaceFlinger( 1674): destroyed Surface(name=d87e32b NavigationBar0)/@0x31f8707 - animation-leash of insets_animation#48212
04-11 00:27:46.603 I/SurfaceFlinger( 1674): destroyed Surface(name=6ee14fb StatusBar)/@0xd6f224b - animation-leash of insets_animation#48211
04-11 00:27:46.603 I/SurfaceFlinger( 1674): [4bc39e4 TextToSpeechOverlay#48215] attach to parent LayerHierarchy{RequestedLayerState{WindowToken{c8a132 type=2032 android.os.Binder@ba253d}#48208 parentId=39 z=2} 2 children}
04-11 00:27:46.604 I/HYPER-HAL( 1549): [RequestManager.cpp]acquire(): Acquired ID : -804284838  [1554 / 50275]    HINT :      list : [TID_LOW_LATENCY / 1] [TID / 16174] [TID / 16175] [TID / 16118] [TID / 16172] 
04-11 00:27:46.604 I/Layer   ( 1674): id=48212 Destroyed Surface(name=d87e32b NavigationBar0)/@0x31f8707 - animation-leash of insets_animation#48212
04-11 00:27:46.604 I/Layer   ( 1674): id=48211 Destroyed Surface(name=6ee14fb StatusBar)/@0xd6f224b - animation-leash of insets_animation#48211
04-11 00:27:46.604 D/HWUI    (16118): HWUI - treat SMPTE_170M as sRGB
04-11 00:27:46.605 I/HYPER-HAL( 1549): [RequestManager.cpp]acquire(): Acquired ID : -804284838  [1554 / 50275]    HINT :      list : [TID_LOW_LATENCY / 0] [TID / 16174] [TID / 16175] [TID / 16118] [TID / 16172] 
04-11 00:27:46.605 I/HYPER-HAL( 1549): [RequestManager.cpp]acquire(): Acquired ID : -804233007  [1554 / 50276]    HINT :      list : [UCLAMP_MIN_BOOST / 0] [TID / 16174] [TID / 16175] [TID / 16118] [TID / 16172] 
04-11 00:27:46.606 I/HYPER-HAL( 1549): [RequestManager.cpp]releaseLocked(): Released ID : -804284838
04-11 00:27:46.606 I/HYPER-HAL( 1549): [RequestManager.cpp]releaseLocked(): Released ID : -804233007
04-11 00:27:46.607 D/CoreBackPreview( 2531): Window{4bc39e4 u0 TextToSpeechOverlay}: Setting back callback OnBackInvokedCallbackInfo{mCallback=android.window.IOnBackInvokedCallback$Stub$Proxy@cfe74e, mPriority=0, mIsAnimationCallback=false}
04-11 00:27:46.607 V/WindowManager( 2531): Relayout Window{4bc39e4 u0 TextToSpeechOverlay}: viewVisibility=0 req=263x139 ty=2032 d0
04-11 00:27:46.608 I/SurfaceFlinger( 1674): id=48216 createSurf, flag=44004, TextToSpeechOverlay$_16118#48216
04-11 00:27:46.608 D/WindowManager( 2531): makeSurface duration=0 name=TextToSpeechOverlay$_16118
04-11 00:27:46.608 D/HWUI    (16118): CacheManager::trimMemory(20)
04-11 00:27:46.609 V/WindowManager( 2531): Relayout hash=4bc39e4, pid=16118, syncId=-1: mAttrs={(0,0)(wrapxwrap) gr=BOTTOM CENTER sim={adjust=pan} ty=ACCESSIBILITY_OVERLAY fmt=TRANSPARENT
04-11 00:27:46.609 V/WindowManager( 2531):   fl=1000018
04-11 00:27:46.609 V/WindowManager( 2531):   pfl=40000000
04-11 00:27:46.609 V/WindowManager( 2531):   bhv=1
04-11 00:27:46.609 V/WindowManager( 2531):   fitTypes=207
04-11 00:27:46.609 V/WindowManager( 2531):   frameRateBoostOnTouch=true
04-11 00:27:46.609 V/WindowManager( 2531):   dvrrWindowFrameRateHint=true naviIconColor=0}
04-11 00:27:46.609 D/HWUI    (16118): CacheManager::trimMemory(20)
04-11 00:27:46.610 I/vendor.qti.bluetooth@1.1-ibs_handler( 1531): ProcessIbsCmd: Received IBS_WAKE_IND: 0xFD
04-11 00:27:46.610 D/vendor.qti.bluetooth@1.1-ibs_handler( 1531): SerialClockVote: vote for UART CLK ON
04-11 00:27:46.610 I/vendor.qti.bluetooth@1.1-ibs_handler( 1531): ProcessIbsCmd: Writing IBS_WAKE_ACK
04-11 00:27:46.611 I/HYPER-HAL( 1549): [RequestManager.cpp]acquire(): Acquired ID : -804181175  [1554 / 50277]    HINT :      list : [TID_LOW_LATENCY / 1] [TID / 16174] [TID / 16175] [TID / 16118] [TID / 16172] 
04-11 00:27:46.613 I/BufferQueueProducer(16118): [](id:3ef60000020c,api:0,p:0,c:16118) setDequeueTimeout:2077252342
04-11 00:27:46.613 I/HYPER-HAL( 1549): [RequestManager.cpp]acquire(): Acquired ID : -804181175  [1554 / 50277]    HINT :      list : [TID_LOW_LATENCY / 0] [TID / 16174] [TID / 16175] [TID / 16118] [TID / 16172] 
04-11 00:27:46.613 I/BLASTBufferQueue_Java(16118): new BLASTBufferQueue, mName= VRI[TextToSpeechOverlay]@ba4f8cd mNativeObject= 0xb400007b4161bff0 sc.mNativeObject= 0xb400007b615f7250 caller= android.view.ViewRootImpl.updateBlastSurfaceIfNeeded:3397 android.view.ViewRootImpl.relayoutWindow:11361 android.view.ViewRootImpl.performTraversals:4544 android.view.ViewRootImpl.doTraversal:3708 android.view.ViewRootImpl$TraversalRunnable.run:12542 android.view.Choreographer$CallbackRecord.run:1751 android.view.Choreographer$CallbackRecord.run:1760 android.view.Choreographer.doCallbacks:1216 android.view.Choreographer.doFrame:1142 android.view.Choreographer$FrameDisplayEventReceiver.run:1707 
04-11 00:27:46.613 I/BLASTBufferQueue_Java(16118): update, w= 263 h= 139 mName = VRI[TextToSpeechOverlay]@ba4f8cd mNativeObject= 0xb400007b4161bff0 sc.mNativeObject= 0xb400007b615f7250 format= -2 caller= android.graphics.BLASTBufferQueue.<init>:88 android.view.ViewRootImpl.updateBlastSurfaceIfNeeded:3397 android.view.ViewRootImpl.relayoutWindow:11361 android.view.ViewRootImpl.performTraversals:4544 android.view.ViewRootImpl.doTraversal:3708 android.view.ViewRootImpl$TraversalRunnable.run:12542 
04-11 00:27:46.613 I/HYPER-HAL( 1549): [RequestManager.cpp]acquire(): Acquired ID : -804129342  [1554 / 50278]    HINT :      list : [UCLAMP_MIN_BOOST / 0] [TID / 16174] [TID / 16175] [TID / 16118] [TID / 16172] 
04-11 00:27:46.613 I/HYPER-HAL( 1549): [RequestManager.cpp]releaseLocked(): Released ID : -804181175
04-11 00:27:46.613 I/HYPER-HAL( 1549): [RequestManager.cpp]releaseLocked(): Released ID : -804129342
04-11 00:27:46.613 W/libc    (16118): Access denied finding property "vendor.gpp.create_frc_extension"
04-11 00:27:46.614 I/VRI[TextToSpeechOverlay]@ba4f8cd(16118): Relayout returned: old=(0,94,1080,2640) new=(408,2501,671,2640) relayoutAsync=false req=(263,139)0 dur=8 res=0x3 s={true 0xb400007c5162e7c0} ch=true seqId=0
04-11 00:27:46.614 D/HWUI    (16118): CacheManager::trimMemory(20)
04-11 00:27:46.614 I/VRI[TextToSpeechOverlay]@ba4f8cd(16118): performConfigurationChange setNightDimText nightDimLevel=0
04-11 00:27:46.614 D/VRI[TextToSpeechOverlay]@ba4f8cd(16118): mThreadedRenderer.initialize() mSurface={isValid=true 0xb400007c5162e7c0} hwInitialized=true
04-11 00:27:46.614 D/VRI[TextToSpeechOverlay]@ba4f8cd(16118): reportNextDraw android.view.ViewRootImpl.performTraversals:5193 android.view.ViewRootImpl.doTraversal:3708 android.view.ViewRootImpl$TraversalRunnable.run:12542 android.view.Choreographer$CallbackRecord.run:1751 android.view.Choreographer$CallbackRecord.run:1760 
04-11 00:27:46.614 D/VRI[TextToSpeechOverlay]@ba4f8cd(16118): Setup new sync=wmsSync-VRI[TextToSpeechOverlay]@ba4f8cd#50
04-11 00:27:46.614 I/VRI[TextToSpeechOverlay]@ba4f8cd(16118): Creating new active sync group VRI[TextToSpeechOverlay]@ba4f8cd#51
04-11 00:27:46.615 I/HYPER-HAL( 1549): [RequestManager.cpp]acquire(): Acquired ID : -804077508  [1554 / 50279]    HINT :      list : [TID_LOW_LATENCY / 1] [TID / 16174] [TID / 16175] [TID / 16118] [TID / 16172] 
04-11 00:27:46.615 D/HWUI    (16118): CacheManager::trimMemory(20)
04-11 00:27:46.617 D/VRI[TextToSpeechOverlay]@ba4f8cd(16118): registerCallbacksForSync syncBuffer=false
04-11 00:27:46.617 I/HYPER-HAL( 1549): [RequestManager.cpp]acquire(): Acquired ID : -804077508  [1554 / 50279]    HINT :      list : [TID_LOW_LATENCY / 0] [TID / 16174] [TID / 16175] [TID / 16118] [TID / 16172] 
04-11 00:27:46.617 I/HYPER-HAL( 1549): [RequestManager.cpp]acquire(): Acquired ID : -804025673  [1554 / 50280]    HINT :      list : [UCLAMP_MIN_BOOST / 0] [TID / 16174] [TID / 16175] [TID / 16118] [TID / 16172] 
04-11 00:27:46.617 I/HYPER-HAL( 1549): [RequestManager.cpp]releaseLocked(): Released ID : -804077508
04-11 00:27:46.617 I/HYPER-HAL( 1549): [RequestManager.cpp]releaseLocked(): Released ID : -804025673
04-11 00:27:46.618 W/qdgralloc(16118): getInterlacedFlag: getMetaData returned 3, defaulting to interlaced_flag = 0
04-11 00:27:46.618 V/AS.PlaybackActivityMon( 2531): playerEvent(piid=229159, event=PLAYER_STATE_STARTED, eventValue=0)
04-11 00:27:46.618 I/AF::Track( 1665): setMixerOutConfig expectKey 202
04-11 00:27:46.618 I/AF::Track( 1665): setMixerOutConfig select, mixer out f 5, s 48000, thread out f 5, s 48000
04-11 00:27:46.618 V/AS.PlaybackActivityMon( 2531): DuckingManager: checkDuck() player piid:229159 uid:1000
04-11 00:27:46.618 V/AS.FadeOutManager( 2531): checkFade() player piid:229159 uid:1000
04-11 00:27:46.618 V/AS.PlaybackActivityMon( 2531): dispatchPlaybackChange to 9 clients
04-11 00:27:46.619 V/APM_AudioPolicyManager( 1665): startOutput portId 33927
04-11 00:27:46.619 V/APM_AudioPolicyManager( 1665): startOutput() output 29, stream 10, session 271273
04-11 00:27:46.619 V/APM_AudioPolicyManager( 1665): setBeaconMute(1) mBeaconMuteRefCount=1 mBeaconPlayingRefCount=0
04-11 00:27:46.619 D/AudioPlayerStateMonitor( 2531): Found a new active media playback. AudioPlaybackConfiguration piid:229159 deviceId:0 type:android.media.AudioTrack u/pid:1000/16138 state:started attr:AudioAttributes: usage=USAGE_ASSISTANCE_ACCESSIBILITY content=CONTENT_TYPE_UNKNOWN flags=0x900 tags= bundle=null sessionId:271273 mutedState:none  FormatInfo{isSpatialized=false, channelMask=0x0, sampleRate=0}
04-11 00:27:46.619 V/APM_AudioPolicyManager( 1665): getNewOutputDevices selected devices {AUDIO_DEVICE_OUT_SPEAKER, @:}
04-11 00:27:46.619 V/APM_AudioPolicyManager( 1665): setOutputDevices caller startSource[[portId:7][io:29, fast]] device {AUDIO_DEVICE_OUT_SPEAKER, @:} delayMs 0
04-11 00:27:46.619 V/APM_AudioPolicyManager( 1665): setOutputDevices: caller startSource[[portId:7][io:29, fast]] suppressing checkDeviceMuteStrategies
04-11 00:27:46.619 V/APM_AudioPolicyManager( 1665): setOutputDevices caller startSource[[portId:7][io:29, fast]] setting same device {AUDIO_DEVICE_OUT_SPEAKER, @:} or null device, force=0, patch handle=32
04-11 00:27:46.619 V/APM_AudioPolicyManager( 1665): checkAndSetVolume: output 29, stream 10, index 1, devices 0x2, volume 0.002818
04-11 00:27:46.619 D/MediaSessionService( 2531): Audio playback is changed, config=AudioPlaybackConfiguration piid:229159 deviceId:0 type:android.media.AudioTrack u/pid:1000/16138 state:started attr:AudioAttributes: usage=USAGE_ASSISTANCE_ACCESSIBILITY content=CONTENT_TYPE_UNKNOWN flags=0x900 tags= bundle=null sessionId:271273 mutedState:none  FormatInfo{isSpatialized=false, channelMask=0x0, sampleRate=0}, removed=false
04-11 00:27:46.619 I/AudioFlinger( 1665): updateStageIndex new -2901
04-11 00:27:46.619 D/audioserver( 1665): logFgsApiBegin: FGS Logger Transaction failed, -129
04-11 00:27:46.619 I/SoundBoosterEffectPlus( 1665): SB_setVolume(0xb4000073dff784d0)
04-11 00:27:46.619 I/SoundBoosterEffectPlus( 1665): command EFFECT_CMD_SET_VOLUME left = 1.000000, right =1.000000
04-11 00:27:46.619 I/SAG_EQ a64( 1665): SetVolumeFloat() inst_num [1649760492] VolumeFloat [0.000087] mModeFW [0] mMode [0]
04-11 00:27:46.619 I/SAG_EQ a64( 1665): mIsVolumeTableValid yes 
04-11 00:27:46.619 I/SAG_EQ a64( 1665): SetVolume() VolumeIndexInt [15] 
04-11 00:27:46.620 D/AudioFlinger( 1665): ro.audio.silent is ignored since no output device is set
04-11 00:27:46.620 D/AudioFlinger( 1665): ro.audio.silent is ignored since no output device is set
04-11 00:27:46.620 I/SurfaceFlinger( 1674): Layer [4bc39e4 TextToSpeechOverlay#48215] hidden!! flag(4096)
04-11 00:27:46.620 I/AHAL: AudioStream( 1530): out_update_source_metadata_v7: 1265: track count is 1
04-11 00:27:46.620 I/SurfaceFlinger( 1674): [TextToSpeechOverlay$_16118#48216] attach to parent LayerHierarchy{RequestedLayerState{4bc39e4 TextToSpeechOverlay#48215 parentId=48208 z=1} 1 children}
04-11 00:27:46.620 D/AHAL: AudioStream( 1530): out_update_source_metadata_v7: 1310: Source metadata usage:11 content_type:0
04-11 00:27:46.620 D/AHAL: AudioStream( 1530): SetAggregateSourceMetadata: 4666: Aggregated Source metadata usage:11 content_type:0
04-11 00:27:46.619 D/MediaSessionStack( 2531): updateMediaButtonSessionIfNeeded, callers=com.android.server.media.AudioPlayerStateMonitor$MessageHandler.handleMessage:19 android.os.Handler.dispatchMessage:107 
04-11 00:27:46.621 D/MediaSessionStack( 2531): updateMediaButtonSessionIfNeeded, skipping uid=1000
04-11 00:27:46.621 D/MediaSessionStack( 2531): updateMediaButtonSessionIfNeeded, skipping uid=10049
04-11 00:27:46.621 D/MediaSessionStack( 2531): updateMediaButtonSessionIfNeeded, skipping uid=10330
04-11 00:27:46.621 D/MediaRouterService( 2531): onAudioPlayerActiveStateChanged: uid=1000, active=true, restoreUid=1000
04-11 00:27:46.621 D/MediaRouter( 2531): onRestoreRoute() : route=RouteInfo{ name=Phone, description=null, status=null, category=RouteCategory{ name=System types=ROUTE_TYPE_LIVE_AUDIO ROUTE_TYPE_LIVE_VIDEO  groupable=false }, supportedTypes=ROUTE_TYPE_LIVE_AUDIO ROUTE_TYPE_LIVE_VIDEO , presentationDisplay=null }
04-11 00:27:46.621 V/MediaRouter( 2531): Selecting route: RouteInfo{ name=Phone, description=null, status=null, category=RouteCategory{ name=System types=ROUTE_TYPE_LIVE_AUDIO ROUTE_TYPE_LIVE_VIDEO  groupable=false }, supportedTypes=ROUTE_TYPE_LIVE_AUDIO ROUTE_TYPE_LIVE_VIDEO , presentationDisplay=null }
04-11 00:27:46.622 V/AS.PlaybackActivityMon( 2531): BLA portEvent(portId=33927, event=PLAYER_UPDATE_FORMAT, extras=PersistableBundle[mParcelledData.dataSize=316])
04-11 00:27:46.622 V/AS.PlaybackActivityMon( 2531): playerEvent(piid=229159, event=PLAYER_UPDATE_DEVICE_ID, eventValue=3)
04-11 00:27:46.622 V/AS.PlaybackActivityMon( 2531): dispatchPlaybackChange to 9 clients
04-11 00:27:46.623 D/AudioFlinger( 1665): ro.audio.silent is ignored since no output device is set
04-11 00:27:46.623 I/BWU@AudioPlaybackControlManager(20408): playerType : 1, clientPid : 16138, usage : 11, playerState : 2 isMusicActive false
04-11 00:27:46.623 I/BWU@AudioPlaybackControlManager(20408): com.samsung.SMT is now playing
04-11 00:27:46.623 I/BWU@AudioPlaybackControlManager(20408): currentDeviceType : 2
04-11 00:27:46.623 D/SepAudioManager3.1.30(20408): getRemoteSubmixType:25
04-11 00:27:46.623 I/BWU@MediaControlObject(20408): isRemoteSubmix() false
04-11 00:27:46.623 I/BWU@AudioPlaybackControlManager(20408): startAECRecording. aecType : 100
04-11 00:27:46.623 I/BWU@AecWakeupService(20408): IMediaControlListener - onStartRecording() with aecType : 100 appLaunch false
04-11 00:27:46.623 I/BWU@AecWakeupService(20408): stopRecording! isAECProcessStarted : false, requestForceStop : false, info : aecType : 100, info : null InternalCascadeSuccess false, mIsAppLaunched : false
04-11 00:27:46.623 D/SoundCraft.PlayingAudioConditionHandler( 3535): onPlaybackConfigChanged : lastStartedPackageName=null, lastStartedUid=-1, newStartedUid=-1, newStartPackageName=null, thread=Thread[RoutineHandlerThread,5,main]
04-11 00:27:46.623 D/SoundCraft.PlayingAudioConditionHandler( 3535): onPlaybackConfigChanged : lastStartedPackageName=null, lastStartedUid=-1, newStartedUid=-1, newStartPackageName=null, thread=Thread[RoutineHandlerThread,5,main]
04-11 00:27:46.623 I/BWU@AecWakeupService(20408): add History 20260411_002746 (stopRecording) aecType : -1 aecType : 100, info : null, isAecRecording?false, shouldMaintainRecord?false
04-11 00:27:46.623 I/BWU@AecWakeupService(20408): VoiceWakeup isn't supported when media is played.
04-11 00:27:46.623 W/BWU@AecWakeupService(20408): startRecording requested by playing media, but aec recording was not started. notifyStopAecRecording!!
04-11 00:27:46.623 I/BWU@AudioPlaybackControlManager(20408): notifyStopAecRecording, so set false as mIsAecRecording
04-11 00:27:46.624 D/AudioFlinger( 1665): ro.audio.silent is ignored since no output device is set
04-11 00:27:46.624 V/AS.PlaybackActivityMon( 2531): dispatchPlaybackChange to 9 clients
04-11 00:27:46.624 D/AudioFlinger( 1665): ro.audio.silent is ignored since no output device is set
04-11 00:27:46.624 I/BWU@AudioPlaybackControlManager(20408): playerType : 1, clientPid : 16138, usage : 11, playerState : 2 isMusicActive false
04-11 00:27:46.624 I/BWU@AudioPlaybackControlManager(20408): com.samsung.SMT is now playing
04-11 00:27:46.624 I/BWU@AudioPlaybackControlManager(20408): currentDeviceType : 2
04-11 00:27:46.624 D/SepAudioManager3.1.30(20408): getRemoteSubmixType:25
04-11 00:27:46.624 I/BWU@MediaControlObject(20408): isRemoteSubmix() false
04-11 00:27:46.624 I/BWU@AudioPlaybackControlManager(20408): startAECRecording. aecType : 100
04-11 00:27:46.624 I/BWU@AecWakeupService(20408): IMediaControlListener - onStartRecording() with aecType : 100 appLaunch false
04-11 00:27:46.624 I/BWU@AecWakeupService(20408): stopRecording! isAECProcessStarted : false, requestForceStop : false, info : aecType : 100, info : null InternalCascadeSuccess false, mIsAppLaunched : false
04-11 00:27:46.624 I/BWU@AecWakeupService(20408): add History 20260411_002746 (stopRecording) aecType : -1 aecType : 100, info : null, isAecRecording?false, shouldMaintainRecord?false
04-11 00:27:46.624 I/BWU@AecWakeupService(20408): VoiceWakeup isn't supported when media is played.
04-11 00:27:46.624 W/BWU@AecWakeupService(20408): startRecording requested by playing media, but aec recording was not started. notifyStopAecRecording!!
04-11 00:27:46.624 I/BWU@AudioPlaybackControlManager(20408): notifyStopAecRecording, so set false as mIsAecRecording
04-11 00:27:46.625 D/SoundCraft.PlayingAudioConditionHandler( 3535): onPlaybackConfigChanged : lastStartedPackageName=null, lastStartedUid=-1, newStartedUid=-1, newStartPackageName=null, thread=Thread[RoutineHandlerThread,5,main]
04-11 00:27:46.625 D/VRI[TextToSpeechOverlay]@ba4f8cd(16118): Received frameDrawingCallback syncResult=0 frameNum=1.
04-11 00:27:46.625 I/BtGatt.ScanHelper( 3694): onScanResult to scannerId: 8- eventType=0x10, addressType=1, address=XX:XX:XX:XX:CB:EF, primaryPhy=1, secondaryPhy=0, advertisingSid=0xff, txPower=127, rssi=-79, periodicAdvInt=0x0
04-11 00:27:46.625 I/BtGatt.ScanHelper( 3694): onScanResult to scannerId: 9- eventType=0x10, addressType=1, address=XX:XX:XX:XX:CB:EF, primaryPhy=1, secondaryPhy=0, advertisingSid=0xff, txPower=127, rssi=-79, periodicAdvInt=0x0
04-11 00:27:46.626 I/BWU@AudioPlaybackControlManager(20408): playerType : 1, clientPid : 16138, usage : 11, playerState : 2 isMusicActive false
04-11 00:27:46.626 I/BWU@AudioPlaybackControlManager(20408): com.samsung.SMT is now playing
04-11 00:27:46.626 I/BWU@AudioPlaybackControlManager(20408): currentDeviceType : 2
04-11 00:27:46.627 D/SepAudioManager3.1.30(20408): getRemoteSubmixType:25
04-11 00:27:46.627 I/BWU@MediaControlObject(20408): isRemoteSubmix() false
04-11 00:27:46.627 I/BWU@AudioPlaybackControlManager(20408): startAECRecording. aecType : 100
04-11 00:27:46.627 I/BWU@AecWakeupService(20408): IMediaControlListener - onStartRecording() with aecType : 100 appLaunch false
04-11 00:27:46.627 I/BWU@AecWakeupService(20408): stopRecording! isAECProcessStarted : false, requestForceStop : false, info : aecType : 100, info : null InternalCascadeSuccess false, mIsAppLaunched : false
04-11 00:27:46.627 I/BWU@AecWakeupService(20408): add History 20260411_002746 (stopRecording) aecType : -1 aecType : 100, info : null, isAecRecording?false, shouldMaintainRecord?false
04-11 00:27:46.627 I/BWU@AecWakeupService(20408): VoiceWakeup isn't supported when media is played.
04-11 00:27:46.627 W/BWU@AecWakeupService(20408): startRecording requested by playing media, but aec recording was not started. notifyStopAecRecording!!
04-11 00:27:46.627 I/BWU@AudioPlaybackControlManager(20408): notifyStopAecRecording, so set false as mIsAecRecording
04-11 00:27:46.627 I/VRI[TextToSpeechOverlay]@ba4f8cd(16118): mWNT: t=0xb400007a91651110 mBlastBufferQueue=0xb400007b4161bff0 fn= 1 HdrRenderState mRenderHdrSdrRatio=1.0 caller= android.view.ViewRootImpl$11.onFrameDraw:15016 android.view.ThreadedRenderer$1.onFrameDraw:761 <bottom of call stack> 
04-11 00:27:46.627 I/VRI[TextToSpeechOverlay]@ba4f8cd(16118): Setting up sync and frameCommitCallback
04-11 00:27:46.627 I/BLASTBufferQueue(16118): [VRI[TextToSpeechOverlay]@ba4f8cd#524](f:0,a:0,s:0) onFrameAvailable the first frame is available
04-11 00:27:46.627 I/SurfaceComposerClient(16118): apply transaction with the first frame. layerId: 48216, bufferData(ID: 69226282880312, frameNumber: 1)
04-11 00:27:46.627 I/VRI[TextToSpeechOverlay]@ba4f8cd(16118): Received frameCommittedCallback lastAttemptedDrawFrameNum=1 didProduceBuffer=true
04-11 00:27:46.628 I/SurfaceFlinger( 1674): [TextToSpeechOverlay$_16118#48216] setTransactionState with the first frame. bufferData(ID: 69226282880312, frameNumber: 1)
04-11 00:27:46.628 D/HWUI    (16118): CFMS:: SetUp Pid : 16118    Tid : 16172
04-11 00:27:46.628 D/VRI[TextToSpeechOverlay]@ba4f8cd(16118): reportDrawFinished seqId=0
04-11 00:27:46.628 D/WindowManager( 2531): finishDrawingWindow: Window{4bc39e4 u0 TextToSpeechOverlay} mDrawState=DRAW_PENDING seqId=0
04-11 00:27:46.628 V/WindowManager( 2531): performShowLocked: mDrawState=HAS_DRAWN in Window{4bc39e4 u0 TextToSpeechOverlay}
04-11 00:27:46.639 I/[+0900]oneconnect[1.8.41.23_01][MAIN_UI](23826): ChildAccount.isChildAccountSupported - providerVersion=1.7
04-11 00:27:46.639 I/SamsungAccount(12029): [AccountManagerProvider] isChildAccount
04-11 00:27:46.640 I/SamsungAccount(12029): [AccountManagerProvider] Calling package : android.oneconnect.
04-11 00:27:46.643 V/talkback: A11yEventProcessor(16118): Event listeners: Pipeline,ProcessorEventQueue
04-11 00:27:46.644 D/talkback: ProcessorEventQueue(16118): Processing event: AccessibilityEvent  TYPE_WINDOW_CONTENT_CHANGED  ContentChangeTypes=CONTENT_CHANGE_TYPE_SUBTREE  time=1576827776  class="android.widget.FrameLayout"  package="com.android.systemui"  enabled  ScrollX=0  ScrollY=0  MaxScrollX=0  MaxScrollY=0      
04-11 00:27:46.645 V/talkback: Compositor(16118): eventInterpretation= TYPE_WINDOW_CONTENT_CHANGED  
04-11 00:27:46.645 V/talkback: EventTypeWindowContentChangedFeedbackRule(16118):   computeWindowContentChangedStateText:   eventContentChangeTypes=CONTENT_CHANGE_TYPE_SUBTREE  contentChangeType=CONTENT_CHANGE_TYPE_SUBTREE, isSelfOrAncestorFocused=false
04-11 00:27:46.645 V/talkback: EventTypeWindowContentChangedFeedbackRule(16118): windowContentChanged: (118659) , ttsOutput= {}, eventSrcRole=ROLE_VIEW_GROUP, nodeRole=ROLE_VIEW_GROUP, nodeLiveRegion=0, nodeNotFrequentAnnounced=true
04-11 00:27:46.646 V/talkback: TalkBackFeedbackProvider(16118):  TYPE_WINDOW_CONTENT_CHANGED:  ttsOutput=     queueMode=0  ttsAddToHistory  forceFeedbackEvenIfAudioPlaybackActive  forceFeedbackEvenIfPhoneCallActive  ttsSkipDuplicate  
04-11 00:27:46.653 I/AudioMixer( 1665): create resampler src 24000, 1, dst 48000, 1, f 0x5, q 8
04-11 00:27:46.653 I/AHAL: AudioStream( 1530): out_update_source_metadata_v7: 1265: track count is 1
04-11 00:27:46.653 D/AHAL: AudioStream( 1530): out_update_source_metadata_v7: 1310: Source metadata usage:11 content_type:0
04-11 00:27:46.653 D/AHAL: AudioStream( 1530): SetAggregateSourceMetadata: 4666: Aggregated Source metadata usage:11 content_type:0
04-11 00:27:46.653 I/SoundAlive_SRC384 arch64( 1665): SoundAlive_SRC384() ID = 38985 GID = 38986
04-11 00:27:46.653 I/SoundAlive_SRC384 arch64( 1665): SoundAlive_SRC384: Instance 38985 Init(outFs 7, InFs 7, chnum 0, outBW 0, inBW 0)
04-11 00:27:46.653 I/Samsung_SoundAlive_SRC arch64( 1665): SRC384 version Samsung SoundAlive SRC ver320 arch64  2021.08.04 (Cppref for ARM64, ver.300.c 32bit 07_10_2016 based)
04-11 00:27:46.653 D/SoundAliveResampler( 1665): [SoundAliveResampler] Init+++
04-11 00:27:46.653 I/SoundAlive_SRC384 arch64( 1665): SoundAlive_SRC384: Instance 38985 Init(outFs 8, InFs 5, chnum 2, outBW 3, inBW 3)
04-11 00:27:46.653 I/SurfaceFlinger( 1674): Layer [TextToSpeechOverlay$_16118#48216] hidden!! flag(0)
04-11 00:27:46.654 I/Samsung_SoundAlive_SRC arch64( 1665): SRC384 version Samsung SoundAlive SRC ver320 arch64  2021.08.04 (Cppref for ARM64, ver.300.c 32bit 07_10_2016 based)
04-11 00:27:46.655 D/SurfaceFlinger( 1674): Display 4630946564756762243 HWC layers:
04-11 00:27:46.655 D/SurfaceFlinger( 1674):        DEVICE |   0xb400007da3b273f0 | 0001 | RGBA_8888    |    0.0    0.0 1080.0 2640.0 |    0    0 1080 2640 | com.samsung.android.oneconnect/com.s[...]nnect.ui.SCMainActivity$_23826#48065 (3093)
04-11 00:27:46.655 D/SurfaceFlinger( 1674):        DEVICE |   0xb400007da3b4d010 | 0001 | RGBA_8888    |    0.0    0.0 1080.0   94.0 |    0    0 1080   94 | StatusBar$_3535#133 (293906)
04-11 00:27:46.655 D/SurfaceFlinger( 1674):        DEVICE |   0xb400007da3b396c0 | 0001 | RGBA_8888    |    0.0    0.0   67.0  342.0 | 1013  538 1080  880 | com.sec.android.app.launcher/com.sam[...]l.app.CocktailBarService$_4205#46323 (71)
04-11 00:27:46.655 D/SurfaceFlinger( 1674):        DEVICE |   0xb400007da3b519c0 | 0001 | RGBA_8888    |    0.0    0.0 1080.0  144.0 |    0 2496 1080 2640 | NavigationBar0$_3535#129 (31389)
04-11 00:27:46.655 D/SurfaceFlinger( 1674):        DEVICE |   0xb400007da3b09150 | 0001 | RGBA_8888    |    0.0    0.0  263.0  139.0 |  408 2501  671 2640 | TextToSpeechOverlay$_16118#48216 (1)
04-11 00:27:46.655 D/SurfaceFlinger( 1674):        DEVICE |   0xb400007da3b0fa80 | 0001 | RGBA_8888    |    0.0    0.0 1080.0 2640.0 |    0    0 1080 2640 | PointerLocation - display 0#84 (56454)
04-11 00:27:46.655 D/SurfaceFlinger( 1674): 
04-11 00:27:46.655 D/SurfaceFlinger( 1674): 
04-11 00:27:46.655 I/SamsungAccount(12029): [SignatureInfoDbHelper] searchOnUser(fromDb) - [10/6iado][android.oneconnect.][64/3291d] => matched
04-11 00:27:46.656 I/SamsungAccount(12029): [AccountManagerProvider] This is the access of the allowed application
04-11 00:27:46.656 I/SamsungAccount(12029): [AccountManagerUtil] isSamsungAccountSignedIn : true
04-11 00:27:46.656 I/SamsungAccount(12029): [TPMU]  SIMState     :SIM_STATE_ABSENT
04-11 00:27:46.656 I/SamsungAccount(12029): [ChildAccountSupportedListManager] getSupportedListFromLocal from cache
04-11 00:27:46.657 I/SamsungAccount(12029): [TPMU]  SIMState     :SIM_STATE_ABSENT
04-11 00:27:46.657 I/SamsungAccount(12029): [FamilyGroupUtil] meetKoreaCountryCondition(beforeSignUp=false): true
04-11 00:27:46.657 I/SamsungAccount(12029): [TPMU]  SIMState     :SIM_STATE_ABSENT
04-11 00:27:46.657 I/SamsungAccount(12029): [FamilyGroupUtil] meetKoreaOneUiCondition: true
04-11 00:27:46.657 I/SamsungAccount(12029): [FamilyGroupUtil] isSupportFamilyService: true
04-11 00:27:46.657 I/SamsungAccount(12029): [AccountManagerUtil] isSamsungAccountSignedIn : true
04-11 00:27:46.657 I/SamsungAccount(12029): [ChildAccount] isChildAccount : false
04-11 00:27:46.657 I/SamsungAccount(12029): [AccountManagerProvider] makeResultBundle - resultCode : 0
04-11 00:27:46.658 I/[+0900]oneconnect[1.8.41.23_01][MAIN_UI](23826): ChildAccount.isChild - result_code = 0, result_message = false
04-11 00:27:46.660 V/talkback: FeedbackFragmentsIterator(16118): onFragmentRangeStarted ,  speak word = TalkBack
04-11 00:27:46.660 I/[+0900]oneconnect[1.8.41.23_01][MAIN_UI](23826): IntelligenceSuggestionDomainTransformResource.setResource - [Updated] status : SUCCESS(current), SUCCESS(new), count : 0, message : null
04-11 00:27:46.689 I/vendor.qti.bluetooth@1.1-ibs_handler( 1531): ProcessIbsCmd: Received IBS_SLEEP_IND: 0xFE
04-11 00:27:46.689 D/vendor.qti.bluetooth@1.1-ibs_handler( 1531): SerialClockVote: vote for UART CLK OFF
04-11 00:27:46.696 I/HYPER-HAL( 1549): [RequestManager.cpp]acquire(): Acquired ID : 1245855  [1554 / 24]    HINT :      list : [UCLAMP_MIN_BOOST / 0] [TID / 3755] [TID / 3756] [TID / 3535] [TID / 3753] 
04-11 00:27:46.705 I/vendor.qti.bluetooth@1.1-ibs_handler( 1531): ProcessIbsCmd: Received IBS_WAKE_IND: 0xFD
04-11 00:27:46.705 D/vendor.qti.bluetooth@1.1-ibs_handler( 1531): SerialClockVote: vote for UART CLK ON
04-11 00:27:46.705 I/vendor.qti.bluetooth@1.1-ibs_handler( 1531): ProcessIbsCmd: Writing IBS_WAKE_ACK
04-11 00:27:46.708 I/BtGatt.ScanHelper( 3694): onScanResult to scannerId: 9- eventType=0x1b, addressType=1, address=XX:XX:XX:XX:B8:83, primaryPhy=1, secondaryPhy=0, advertisingSid=0xff, txPower=127, rssi=-64, periodicAdvInt=0x0
04-11 00:27:46.723 I/BtGatt.ScanHelper( 3694): onScanResult to scannerId: 9- eventType=0x10, addressType=0, address=XX:XX:XX:XX:6C:F8, primaryPhy=1, secondaryPhy=0, advertisingSid=0xff, txPower=127, rssi=-68, periodicAdvInt=0x0
04-11 00:27:46.726 I/[+0900]oneconnect[1.8.41.23_01][CORE](23577): BleParserForDaDevice.parseBlePacket - DeviceBleDa : [name]($)-A(11)[BleMac]($)40:CA[DeviceType]AIR_PURIFIER[DeviceInfoVersion]0[DeviceStatus]-127,
04-11 00:27:46.738 I/BtGatt.ScanHelper( 3694): onScanResult to scannerId: 9- eventType=0x10, addressType=0, address=XX:XX:XX:XX:44:75, primaryPhy=1, secondaryPhy=0, advertisingSid=0xff, txPower=127, rssi=-88, periodicAdvInt=0x0
04-11 00:27:46.739 I/[+0900]oneconnect[1.8.41.23_01][CORE](23577): DataConvert.parseBleVd - deviceBle : |name:|deviceType:TV|discoverType:_BLE|services:None|connected:false[TvStatusString]POWER_OFF[TvStatus]-128[TvService]102[TvMirrorChannel]1[TvRegisteredDB][-58, -100, -57, -29, 0, 0][TvYear]2016[TvOcfInfo]0[TvAcmStatus]0[ExTvStatus]0[ExtendedStatus]-1[ModuloSn]-1
04-11 00:27:46.746 I/BtGatt.ScanHelper( 3694): onScanResult to scannerId: 9- eventType=0x10, addressType=1, address=XX:XX:XX:XX:40:66, primaryPhy=1, secondaryPhy=0, advertisingSid=0xff, txPower=127, rssi=-61, periodicAdvInt=0x0
04-11 00:27:46.750 I/BtGatt.ScanHelper( 3694): onScanResult to scannerId: 9- eventType=0x1b, addressType=1, address=XX:XX:XX:XX:7E:E9, primaryPhy=1, secondaryPhy=0, advertisingSid=0xff, txPower=127, rssi=-64, periodicAdvInt=0x0
04-11 00:27:46.755 I/BtGatt.ScanHelper( 3694): onScanResult to scannerId: 9- eventType=0x1b, addressType=1, address=XX:XX:XX:XX:9B:1D, primaryPhy=1, secondaryPhy=0, advertisingSid=0xff, txPower=127, rssi=-64, periodicAdvInt=0x0
04-11 00:27:46.757 I/SamsungTTS(16138): [Synthesize] generation done. [261360503][DOWNLOAD][AE:512508201][V:312504000][24000hz][64112b/1.34s][FE:2ms][F:31ms][E:170ms][0.13xRT]
04-11 00:27:46.762 I/BtGatt.ScanHelper( 3694): onScanResult to scannerId: 9- eventType=0x10, addressType=0, address=XX:XX:XX:XX:F2:35, primaryPhy=1, secondaryPhy=0, advertisingSid=0xff, txPower=127, rssi=-77, periodicAdvInt=0x0
04-11 00:27:46.765 I/[+0900]oneconnect[1.8.41.23_01][CORE](23577): DataConvert.parseBleVd - deviceBle : |name:|deviceType:TV|discoverType:_BLE|services:None|connected:false[TvStatusString]POWER_OFF[TvStatus]-128[TvService]96[TvMirrorChannel]1[TvRegisteredDB][77, 48, -55, -27, 42, 0][TvYear]2016[TvOcfInfo]0[TvAcmStatus]0[ExTvStatus]0[ExtendedStatus]-1[ModuloSn]-1
04-11 00:27:46.802 I/vendor.qti.bluetooth@1.1-ibs_handler( 1531): ProcessIbsCmd: Received IBS_SLEEP_IND: 0xFE
04-11 00:27:46.802 D/vendor.qti.bluetooth@1.1-ibs_handler( 1531): SerialClockVote: vote for UART CLK OFF
04-11 00:27:46.811 I/vendor.qti.bluetooth@1.1-ibs_handler( 1531): ProcessIbsCmd: Received IBS_WAKE_IND: 0xFD
04-11 00:27:46.811 D/vendor.qti.bluetooth@1.1-ibs_handler( 1531): SerialClockVote: vote for UART CLK ON
04-11 00:27:46.811 I/vendor.qti.bluetooth@1.1-ibs_handler( 1531): ProcessIbsCmd: Writing IBS_WAKE_ACK
04-11 00:27:46.814 I/BtGatt.ScanHelper( 3694): onScanResult to scannerId: 8- eventType=0x0, addressType=1, address=XX:XX:XX:XX:D6:80, primaryPhy=1, secondaryPhy=1, advertisingSid=0x1, txPower=127, rssi=-80, periodicAdvInt=0x0
04-11 00:27:46.836 I/SDHMS:LOAD( 5129): type: LoadsFreqs, value: 0:4:0:794880:3398400:672000:951936:3148800:499200:231:231:231
04-11 00:27:46.839 I/BtGatt.ScanHelper( 3694): onScanResult to scannerId: 9- eventType=0x10, addressType=0, address=XX:XX:XX:XX:39:BD, primaryPhy=1, secondaryPhy=0, advertisingSid=0xff, txPower=127, rssi=-80, periodicAdvInt=0x0
04-11 00:27:46.842 I/[+0900]oneconnect[1.8.41.23_01][CORE](23577): DataConvert.parseBleVd - deviceBle : |name:|deviceType:TV|discoverType:_BLE|services:None|connected:false[TvStatusString]POWER_OFF[TvStatus]-128[TvService]96[TvMirrorChannel]1[TvRegisteredDB][98, -106, 45, -14, -105, 126][TvYear]2016[TvOcfInfo]0[TvAcmStatus]0[ExTvStatus]0[ExtendedStatus]-1[ModuloSn]-1
04-11 00:27:46.844 I/BtGatt.ScanHelper( 3694): onScanResult to scannerId: 9- eventType=0x10, addressType=0, address=XX:XX:XX:XX:C2:A3, primaryPhy=1, secondaryPhy=0, advertisingSid=0xff, txPower=127, rssi=-51, periodicAdvInt=0x0
04-11 00:27:46.847 I/[+0900]oneconnect[1.8.41.23_01][CORE](23577): BleParserForDaDevice.parseBlePacket - DeviceBleDa : [name]($)-A(11)[BleMac]($)40:CA[DeviceType]AIR_PURIFIER[DeviceInfoVersion]0[DeviceStatus]-127,
04-11 00:27:46.889 I/BtGatt.ScanHelper( 3694): onScanResult to scannerId: 9- eventType=0x1b, addressType=1, address=XX:XX:XX:XX:9B:1D, primaryPhy=1, secondaryPhy=0, advertisingSid=0xff, txPower=127, rssi=-64, periodicAdvInt=0x0
04-11 00:27:46.894 I/BtGatt.ScanHelper( 3694): onScanResult to scannerId: 9- eventType=0x10, addressType=0, address=XX:XX:XX:XX:44:75, primaryPhy=1, secondaryPhy=0, advertisingSid=0xff, txPower=127, rssi=-88, periodicAdvInt=0x0
04-11 00:27:46.896 I/[+0900]oneconnect[1.8.41.23_01][CORE](23577): DataConvert.parseBleVd - deviceBle : |name:|deviceType:TV|discoverType:_BLE|services:None|connected:false[TvStatusString]POWER_OFF[TvStatus]-128[TvService]102[TvMirrorChannel]1[TvRegisteredDB][-58, -100, -57, -29, 0, 0][TvYear]2016[TvOcfInfo]0[TvAcmStatus]0[ExTvStatus]0[ExtendedStatus]-1[ModuloSn]-1
04-11 00:27:46.928 I/BtGatt.ScanHelper( 3694): onScanResult to scannerId: 1- eventType=0x1b, addressType=1, address=XX:XX:XX:XX:B6:E9, primaryPhy=1, secondaryPhy=0, advertisingSid=0xff, txPower=127, rssi=-76, periodicAdvInt=0x0
04-11 00:27:46.928 I/BtGatt.ScanHelper( 3694): onScanResult to scannerId: 9- eventType=0x1b, addressType=1, address=XX:XX:XX:XX:B6:E9, primaryPhy=1, secondaryPhy=0, advertisingSid=0xff, txPower=127, rssi=-76, periodicAdvInt=0x0
04-11 00:27:46.931 I/BtGatt.ScanHelper( 3694): onScanResult to scannerId: 9- eventType=0x1a, addressType=0, address=XX:XX:XX:XX:70:92, primaryPhy=1, secondaryPhy=0, advertisingSid=0xff, txPower=127, rssi=-87, periodicAdvInt=0x0
04-11 00:27:46.933 I/BtGatt.ScanHelper( 3694): onScanResult to scannerId: 9- eventType=0x1b, addressType=0, address=XX:XX:XX:XX:68:B2, primaryPhy=1, secondaryPhy=0, advertisingSid=0xff, txPower=127, rssi=-81, periodicAdvInt=0x0
04-11 00:27:46.935 I/BtGatt.ScanHelper( 3694): onScanResult to scannerId: 9- eventType=0x1b, addressType=1, address=XX:XX:XX:XX:EE:B6, primaryPhy=1, secondaryPhy=0, advertisingSid=0xff, txPower=127, rssi=-64, periodicAdvInt=0x0
04-11 00:27:46.963 I/BtGatt.ScanHelper( 3694): onScanResult to scannerId: 9- eventType=0x1b, addressType=1, address=XX:XX:XX:XX:B8:83, primaryPhy=1, secondaryPhy=0, advertisingSid=0xff, txPower=127, rssi=-64, periodicAdvInt=0x0
04-11 00:27:46.968 I/BtGatt.ScanHelper( 3694): onScanResult to scannerId: 9- eventType=0x10, addressType=1, address=XX:XX:XX:XX:E1:90, primaryPhy=1, secondaryPhy=0, advertisingSid=0xff, txPower=127, rssi=-77, periodicAdvInt=0x0
04-11 00:27:46.993 I/BtGatt.ScanHelper( 3694): onScanResult to scannerId: 9- eventType=0x10, addressType=0, address=XX:XX:XX:XX:39:BD, primaryPhy=1, secondaryPhy=0, advertisingSid=0xff, txPower=127, rssi=-74, periodicAdvInt=0x0
04-11 00:27:46.997 I/[+0900]oneconnect[1.8.41.23_01][CORE](23577): DataConvert.parseBleVd - deviceBle : |name:|deviceType:TV|discoverType:_BLE|services:None|connected:false[TvStatusString]POWER_OFF[TvStatus]-128[TvService]96[TvMirrorChannel]1[TvRegisteredDB][98, -106, 45, -14, -105, 126][TvYear]2016[TvOcfInfo]0[TvAcmStatus]0[ExTvStatus]0[ExtendedStatus]-1[ModuloSn]-1
04-11 00:27:47.007 I/BtGatt.ScanHelper( 3694): onScanResult to scannerId: 9- eventType=0x1b, addressType=1, address=XX:XX:XX:XX:7E:E9, primaryPhy=1, secondaryPhy=0, advertisingSid=0xff, txPower=127, rssi=-64, periodicAdvInt=0x0
04-11 00:27:47.036 I/BtGatt.ScanHelper( 3694): onScanResult to scannerId: 9- eventType=0x10, addressType=0, address=XX:XX:XX:XX:6C:F8, primaryPhy=1, secondaryPhy=0, advertisingSid=0xff, txPower=127, rssi=-64, periodicAdvInt=0x0
04-11 00:27:47.041 I/[+0900]oneconnect[1.8.41.23_01][CORE](23577): BleParserForDaDevice.parseBlePacket - DeviceBleDa : [name]($)-A(11)[BleMac]($)40:CA[DeviceType]AIR_PURIFIER[DeviceInfoVersion]0[DeviceStatus]-127,
04-11 00:27:47.044 I/ActivityManager( 2531): Broadcasting: Intent { act=android.intent.action.MEDIA_SCANNER_SCAN_FILE dat=file:///... flg=0x400000 }
04-11 00:27:47.045 I/ActivityManager( 2531): Enqueued broadcast Intent { act=android.intent.action.MEDIA_SCANNER_SCAN_FILE dat=file:///... flg=0x400000 }: 0
04-11 00:27:47.048 I/MediaServiceV2( 5047): Creating work for intent Intent { act=android.intent.action.MEDIA_SCANNER_SCAN_FILE dat=file:///... flg=0x1400010 cmp=com.google.android.providers.media.module/com.android.providers.media.MediaServiceV2 }
04-11 00:27:47.048 I/MediaServiceV2( 5047): Work enqueued for intent: Intent { act=android.intent.action.MEDIA_SCANNER_SCAN_FILE dat=file:///... flg=0x1400010 cmp=com.google.android.providers.media.module/com.android.providers.media.MediaServiceV2 }
04-11 00:27:47.049 I/ActivityManager( 2531): Broadcast completed: result=0
04-11 00:27:47.049 I/BtGatt.ScanHelper( 3694): onScanResult to scannerId: 9- eventType=0x10, addressType=0, address=XX:XX:XX:XX:44:75, primaryPhy=1, secondaryPhy=0, advertisingSid=0xff, txPower=127, rssi=-83, periodicAdvInt=0x0
04-11 00:27:47.052 I/[+0900]oneconnect[1.8.41.23_01][CORE](23577): DataConvert.parseBleVd - deviceBle : |name:|deviceType:TV|discoverType:_BLE|services:None|connected:false[TvStatusString]POWER_OFF[TvStatus]-128[TvService]102[TvMirrorChannel]1[TvRegisteredDB][-58, -100, -57, -29, 0, 0][TvYear]2016[TvOcfInfo]0[TvAcmStatus]0[ExTvStatus]0[ExtendedStatus]-1[ModuloSn]-1
04-11 00:27:47.059 D/WM-SystemJobScheduler( 5047): Scheduling work ID 145e21a1-27fa-4884-8869-6c25b6bfc19aJob ID 5745
04-11 00:27:47.062 D/WM-GreedyScheduler( 5047): Ignoring {WorkSpec: 70b9fbbc-88e5-48d0-aebe-c480681c51fb}. Requires device idle.
04-11 00:27:47.062 D/WM-GreedyScheduler( 5047): Ignoring {WorkSpec: 969728d2-c13f-4cce-93e1-58286f8724a4}. Requires device idle.
04-11 00:27:47.062 D/WM-GreedyScheduler( 5047): Ignoring {WorkSpec: 26648ac9-6d7e-4ca2-83ea-4a28d34640e4}. Requires device idle.
04-11 00:27:47.062 D/WM-GreedyScheduler( 5047): Starting work for 145e21a1-27fa-4884-8869-6c25b6bfc19a
04-11 00:27:47.063 D/WM-Processor( 5047): Processor: processing WorkGenerationalId(workSpecId=145e21a1-27fa-4884-8869-6c25b6bfc19a, generation=0)
04-11 00:27:47.064 D/WM-SystemJobService( 5047): onStartJob for WorkGenerationalId(workSpecId=145e21a1-27fa-4884-8869-6c25b6bfc19a, generation=0)
04-11 00:27:47.064 D/WM-WorkerWrapper( 5047): Starting work for com.android.providers.media.MediaServiceV2
04-11 00:27:47.064 I/MediaServiceV2( 5047): Work initiated for action [ android.intent.action.MEDIA_SCANNER_SCAN_FILE ]
04-11 00:27:47.065 D/WM-Processor( 5047): Work WorkGenerationalId(workSpecId=145e21a1-27fa-4884-8869-6c25b6bfc19a, generation=0) is already enqueued for processing
04-11 00:27:47.068 I/BtGatt.ScanHelper( 3694): onScanResult to scannerId: 9- eventType=0x10, addressType=0, address=XX:XX:XX:XX:F2:35, primaryPhy=1, secondaryPhy=0, advertisingSid=0xff, txPower=127, rssi=-77, periodicAdvInt=0x0
04-11 00:27:47.069 I/[+0900]oneconnect[1.8.41.23_01][CORE](23577): DataConvert.parseBleVd - deviceBle : |name:|deviceType:TV|discoverType:_BLE|services:None|connected:false[TvStatusString]POWER_OFF[TvStatus]-128[TvService]96[TvMirrorChannel]1[TvRegisteredDB][77, 48, -55, -27, 42, 0][TvYear]2016[TvOcfInfo]0[TvAcmStatus]0[ExTvStatus]0[ExtendedStatus]-1[ModuloSn]-1
04-11 00:27:47.071 I/MediaServiceV2( 5047): Work ended for action [ android.intent.action.MEDIA_SCANNER_SCAN_FILE ]
04-11 00:27:47.072 I/WM-WorkerWrapper( 5047): Worker result SUCCESS for Work [ id=145e21a1-27fa-4884-8869-6c25b6bfc19a, tags={ com.android.providers.media.MediaServiceV2 } ]
04-11 00:27:47.072 I/BtGatt.ScanHelper( 3694): onScanResult to scannerId: 9- eventType=0x1b, addressType=1, address=XX:XX:XX:XX:04:C6, primaryPhy=1, secondaryPhy=0, advertisingSid=0xff, txPower=127, rssi=-81, periodicAdvInt=0x0
04-11 00:27:47.072 D/WM-Processor( 5047): Processor 145e21a1-27fa-4884-8869-6c25b6bfc19a executed; reschedule = false
04-11 00:27:47.073 D/WM-SystemJobService( 5047): 145e21a1-27fa-4884-8869-6c25b6bfc19a executed on JobScheduler
04-11 00:27:47.074 I/SemWifiServiceDetector( 2531): Service det. resumed: T / T / 6229
04-11 00:27:47.075 D/SyncManager( 2531): userId - 0 auto - true
04-11 00:27:47.076 D/WM-GreedyScheduler( 5047): Cancelling work ID 145e21a1-27fa-4884-8869-6c25b6bfc19a
04-11 00:27:47.077 D/WM-GreedyScheduler( 5047): Ignoring {WorkSpec: 70b9fbbc-88e5-48d0-aebe-c480681c51fb}. Requires device idle.
04-11 00:27:47.077 D/WM-GreedyScheduler( 5047): Ignoring {WorkSpec: 969728d2-c13f-4cce-93e1-58286f8724a4}. Requires device idle.
04-11 00:27:47.077 D/WM-GreedyScheduler( 5047): Ignoring {WorkSpec: 26648ac9-6d7e-4ca2-83ea-4a28d34640e4}. Requires device idle.
04-11 00:27:47.079 D/[CE]_MediaObserver(25206): onChange - New file: /storage/emulated/0/__capture_debug_bundle_screen.png (image/png)
04-11 00:27:47.079 D/[CE]_MediaObserver(25206): onChange - It's not a newly captured file: /storage/emulated/0/__capture_debug_bundle_screen.png
04-11 00:27:47.083 D/MediaSync( 6361): loaded: 7ms, 1
04-11 00:27:47.083 D/SyncManager( 2531): userId - 0 auto - true
04-11 00:27:47.085 D/MediaParseTask( 6361): scanItem: 1
04-11 00:27:47.085 D/SecMediaProvider( 6361): UPDATE /local/metadata 6166, 18588
04-11 00:27:47.086 D/SyncManager( 2531): userId - 0 auto - true
04-11 00:27:47.098 D/LocationService( 6361): Begin: com.samsung.intent.action.UPDATE_LOCATION
04-11 00:27:47.099 D/LocationTask( 6361): delete null addr: 0
04-11 00:27:47.099 D/ModernSamsungCoreService( 6361): applyPending()
04-11 00:27:47.099 D/LocationTask( 6361): LocationTask: 1ms
04-11 00:27:47.099 D/LocationService( 6361): End: com.samsung.intent.action.UPDATE_LOCATION
04-11 00:27:47.101 D/ActivityManager( 2531): sync unfroze 9589 com.skms.android.agent:remote for 6
04-11 00:27:47.105 D/SyncManager( 2531): userId - 0 auto - true
04-11 00:27:47.107 W/ProcessStats( 2531): Tracking association SourceState{169f571 com.samsung.android.carkey/10120 ImpBg #1096251} whose proc state 6 is better than process ProcessState{84d17bd com.skms.android.agent:remote/1000 pkg=com.skms.android.agent} proc state 15 (3 skipped)
04-11 00:27:47.108 I/NetworkScheduler.Stats(11559): (REDACTED) Task %s/%s started execution. cause:%s exec_start_elapsed_seconds: %s
