04-05 22:05:06.170 D/SecVolume.VolumePanelStore( 3535): dispatch [ACTION_STATE_CHANGED with [STATE_NO_DISPATCH], currentAction={isVoiceCapble : true, isFromOutside : true, activeStream : -1}, currentState={activeStream=10(vol=1), stream=10(vol=1) } isHasVibrator : true, isMediaDefaultEnabled : true, isConfigurationChanged : true, isSetupWizardComplete : true, isVoiceCapable : true, timeOutControls : 10000, cutoutHeight : 71, stream : 10, earProtectLevel : 909, iconTargetState : 2, ringerModeInternal : 2, activeStream : 10, iconCurrentState : 2, timeOutControlsText : 10000, pinDevice : 0, timeOut : 10000, systemTimeNow : 1169497334}
04-05 22:05:06.170 D/[+0900]oneconnect[1.8.45.11_01][MAIN_UI](10006): MediaPlayContextDelegate.contextFlow - MediaPlayContext(contentType=UNKNOWN)
04-05 22:05:06.170 I/HWComposer( 1674): [4630946564756762243] ActiveConfigToHWC, ID : 2
04-05 22:05:06.170 D/SecVolume.SmartViewInteractor( 3535): isSmartView=false
04-05 22:05:06.170 D/SecVolume.VolumePanelStore( 3535):   > New State : [STATE_UPDATE]
04-05 22:05:06.170 D/SecVolume.JSonLogger( 3535): applyVolumeRow 10: {"boolMap":{"SLIDER_ENABLED":true,"IMPORTANT":false,"ICON_CLICKABLE":true,"VISIBILITY":true,"MUTED":false,"DYNAMIC":false,"ROUTED_TO_BLUETOOTH":false,"ICON_ENABLED":false,"ACTIVE_NOW":false},"intMap":{"ORIGINAL_PRIORITY":4,"REAL_LEVEL":6,"LEVEL_MAX":15,"ICON_TYPE":3,"EAR_PROTECT_LEVEL":-1,"AUDIBLE_LEVEL":6,"PRIORITY":0,"LEVEL":6,"LEVEL_MIN":1},"longMap":{},"streamType":10,"stringMap":{"REMOTE_LABEL":"","DUAL_BT_DEVICE_NAME":"","NAME_RES":"com.android.systemui:string/stream_accessibility","SMART_VIEW_LABEL":"","DUAL_BT_DEVICE_ADDRESS":""}}
04-05 22:05:06.170 I/SDM     ( 1568): HWDeviceDRM::SetDisplaySwitchMode: [DispConfigs] check hs_mode 3
04-05 22:05:06.170 W/SDM     ( 1568): HWDeviceDRM::GetSupportedBitClkRate: Requested rate not supported: 951000000
04-05 22:05:06.170 W/SDM     ( 1568): HWDeviceDRM::GetSupportedBitClkRate: Requested rate not supported: 951000000
04-05 22:05:06.170 I/SDM     ( 1568): HWDeviceDRM::SetDisplaySwitchMode: [DispConfigs] Set mode index:3 1080x2640x60xcmdPHS, hs_mode(3), found_mode(1)
04-05 22:05:06.171 D/[+0900]oneconnect[1.8.45.11_01][MAIN_UI](10006): IntelligenceSuggestionDomainTransformResource.subscribeSource.onEach - SUCCESS, null, null partial source is published
04-05 22:05:06.171 D/LocalDisplayAdapter( 2531): updateActiveModeLocked for d=4630946564756762243, mActiveModeId=3, mActiveSfDisplayMode=DisplayMode{id=2, width=1080, height=2640, xDpi=428.625, yDpi=424.405, peakRefreshRate=60.000004, vsyncRate=60.000004, appVsyncOffsetNanos=0, presentationDeadlineNanos=17666666, supportedHdrTypes=[4, 2, 3], group=1080}
04-05 22:05:06.171 I/SDM     ( 1568): HWDeviceDRM::UpdateMixerAttributes: Mixer WxH 1080x2640-1 for Peripheral
04-05 22:05:06.171 I/SDM     ( 1568): HWCDisplay::SubmitDisplayConfig: Active configuration changed from config 7 to 2
04-05 22:05:06.171 D/[+0900]oneconnect[1.8.45.11_01][MAIN_UI](10006): IntelligenceSuggestionDomainTransformResource.subscribeSource.collect - 
04-05 22:05:06.172 D/AudioFlinger( 1665): ro.audio.silent is ignored since no output device is set
04-05 22:05:06.172 D/AudioFlinger( 1665): ro.audio.silent is ignored since no output device is set
04-05 22:05:06.173 D/AudioFlinger( 1665): ro.audio.silent is ignored since no output device is set
04-05 22:05:06.173 D/AudioFlinger( 1665): ro.audio.silent is ignored since no output device is set
04-05 22:05:06.173 D/AudioFlinger( 1665): ro.audio.silent is ignored since no output device is set
04-05 22:05:06.173 I/DisplayDeviceRepository( 2531): Display device changed render timings: "Built-in Screen", renderFrameRate=60.000004, presentationDeadlineNanos=17666666, appVsyncOffsetNanos=0
04-05 22:05:06.174 I/SoundAlive_SRC384 arch64( 1665): ~SoundAlive_SRC384(): instance 26607
04-05 22:05:06.175 V/AS.PlaybackActivityMon( 2531): playerEvent(piid=161783, event=PLAYER_STATE_STARTED, eventValue=0)
04-05 22:05:06.175 V/AS.PlaybackActivityMon( 2531): DuckingManager: checkDuck() player piid:161783 uid:1000
04-05 22:05:06.175 V/AS.FadeOutManager( 2531): checkFade() player piid:161783 uid:1000
04-05 22:05:06.175 V/AS.PlaybackActivityMon( 2531): dispatchPlaybackChange to 8 clients
04-05 22:05:06.177 D/[+0900]oneconnect[1.8.45.11_01][MAIN_UI](10006): MediaPlayContextDelegate.getCurrentPlayingContent - contentType : 1
04-05 22:05:06.177 D/[+0900]oneconnect[1.8.45.11_01][MAIN_UI](10006): MediaPlayContextDelegate.getCurrentPlayingContent - contentType : 4
04-05 22:05:06.177 D/[+0900]oneconnect[1.8.45.11_01][MAIN_UI](10006): MediaPlayContextDelegate.getCurrentPlayingContent - contentType : 4
04-05 22:05:06.177 D/[+0900]oneconnect[1.8.45.11_01][MAIN_UI](10006): MediaPlayContextDelegate.getCurrentPlayingContent - contentType : 4
04-05 22:05:06.177 D/[+0900]oneconnect[1.8.45.11_01][MAIN_UI](10006): MediaPlayContextDelegate.getCurrentPlayingContent - contentType : 0
04-05 22:05:06.177 D/[+0900]oneconnect[1.8.45.11_01][MAIN_UI](10006): MediaPlayContextDelegate.getCurrentPlayingContent - contentType : 4
04-05 22:05:06.177 D/[+0900]oneconnect[1.8.45.11_01][MAIN_UI](10006): MediaPlayContextDelegate.getCurrentPlayingContent - contentType : 4
04-05 22:05:06.177 D/[+0900]oneconnect[1.8.45.11_01][MAIN_UI](10006): MediaPlayContextDelegate.getCurrentPlayingContent - contentType : 1
04-05 22:05:06.177 D/LiftUpHandler( 2531): [LTW] Stopped already.
04-05 22:05:06.177 I/VRI[PointerLocation - display 0]@f6c4ddd( 2531): onDisplayChanged oldDisplayState=2 newDisplayState=2
04-05 22:05:06.177 I/VRI[ShellDropTarget]@7c0d3f( 3535): onDisplayChanged oldDisplayState=2 newDisplayState=2
04-05 22:05:06.177 D/RefreshRateModeManager( 2531): updateDefaultDisplayToken: android.os.BinderProxy@a8c68b1, isChanged: false
04-05 22:05:06.177 D/SGM:GameManager( 2531): onDisplayChanged. displyId: 0, state: 2
04-05 22:05:06.177 I/SoundAlive_SRC384 arch64( 1665): ~SoundAlive_SRC384(): instance 26615
04-05 22:05:06.178 D/StackScroller( 3535): onDisplayChanged for predraw skip to 2
04-05 22:05:06.178 I/SoundAlive_SRC384 arch64( 1665): ~SoundAlive_SRC384(): instance 26595
04-05 22:05:06.178 D/WifiDisplayAdapter( 2531): isFitToActiveDisplayLocked : false
04-05 22:05:06.178 D/AudioPlayerStateMonitor( 2531): Found a new active media playback. AudioPlaybackConfiguration piid:161783 deviceId:0 type:android.media.AudioTrack u/pid:1000/6816 state:started attr:AudioAttributes: usage=USAGE_ASSISTANCE_ACCESSIBILITY content=CONTENT_TYPE_UNKNOWN flags=0x900 tags= bundle=null sessionId:190289 mutedState:none  FormatInfo{isSpatialized=false, channelMask=0x0, sampleRate=0}
04-05 22:05:06.178 I/SoundAlive_SRC384 arch64( 1665): ~SoundAlive_SRC384(): instance 26527
04-05 22:05:06.178 D/[+0900]oneconnect[1.8.45.11_01][MAIN_UI](10006): IntelligenceSuggestionDomainTransformResource.PartialRequestHandler.addPartialRequests - requested:[TransformRequest(isFullTransform=true, state=SUCCESS, source=IntelligenceSuggestionSource(intelligenceTemplateDomain=IntelligenceTemplateDomain(version=3.2.1, conditionDefinitions=[ExpressionDefinition(alias=airpurifier_ready_to_sleep_mode, expression=ExpressionEquation(scope=DEVICE, operands=[Alias(scope=null, name=airpurifier_support_sleep_mode, operation=null), ExpressionEquation(scope=null, operands=[Alias(scope=null, name=airpurifier_off, operation=null), Alias(scope=null, name=airpurifier_on_and_ready_to_sleep_mode, operation=null)], logicalOperator=OR)], logicalOperator=AND)), ExpressionDefinition(alias=airpurifier_on_and_ready_to_sleep_mode, expression=ExpressionEquation(scope=DEVICE, operands=[Alias(scope=null, name=airpurifier_support_sleep_mode, operation=null), Alias(scope=null, name=airpurifier_on, operation=null), Alias(scope=null, name=airpurifier_not_sleep_mode, operation=null)], logicalOperator=AND)), ExpressionDefinition(alias=airpurifier_off_with_supporting_sleep_mode, expression=ExpressionEquation(scope=DEVICE, operands=[Alias(scope=null, name=airpurifier_off, operation=null), Alias(scope=null, name=airpurifier_support_sleep_mode, operation=null)], logicalOperator=AND)), ExpressionDefinition(alias=airpurifier_on_and_ready_to_ai_purify_mode, expression=ExpressionEquation(scope=DEVICE, operands=[ExpressionEquation(scope=DEVICE, operands=[Alias(scope=null, name=airpurifier_periodic_sensing_off, operation=null), Alias(scope=null, name=airpurifier_ai_purify_off, operation=null)], logicalOperator=OR), Alias(scope=null, name=airpurifier_support_periodic_sensing, operation=null), Alias(scope=null, name=airpurifier_support_ai_purify, operation=null), Alias(scope=null, name=airpurifier_on, operation=null)], logicalOperator=AND)), ExpressionDefinition(alias=airconditioner_on_and_ready_to_windfree_mode, expression=ExpressionEquation(scope=DEVICE, operands=[Alias(scope=null, name=airconditioner_support_windfree_mode, operation=null), Alias(scope=null, name=airconditioner_on, operation=null), Alias(scope=null, name=airconditioner_not_windfree_mode, operation=null), Alias(scope=null, name=airconditioner_auto_or_ai_mode, operation=IntelligenceOperation(operator=NOT, operand=null, unit=null))], logicalOperator=AND)), ExpressionDefinition(alias=airconditioner_on_and_ready_to_ai_purify_mode, expression=ExpressionEquation(scope=DEVICE, operands=[Alias(scope=null, name=airconditioner_support_ai_purify, operation=null), Alias(scope=null, name=airconditioner_on, operation=null), Alias(scope=null, name=airconditioner_ai_purify_off, operation=null)], logicalOperator=AND)), ExpressionDefinition(alias=dehumidifier_on_and_ready_to_quiet_mode, expression=ExpressionEquation(scope=DEVICE, operands=[Alias(scope=null, name=dehumidifier_support_quiet_mode, operation=null), Alias(scope=null, name=dehumidifier_on, operation=null), Alias(scope=null, name=dehumidifier_not_quiet_mode, operation=null)], logicalOperator=AND)), ExpressionDefinition(alias=light_ready_to_adaptive, expression=ExpressionEquation(scope=DEVICE, operands=[Alias(scope=null, name=light_support_adaptive, operation=null), ExpressionEquation(scope=null, operands=[Alias(scope=null, name=light_off, operation=null), ExpressionEquation(scope=null, operands=[Alias(scope=null, name=light_on, operation=null), Alias(scope=null, name=light_adaptive_off, operation=null)], logicalOperator=AND)], logicalOperator=OR)], logicalOperator=AND)), ExpressionDefinition(alias=select_off_light_with_supporting_adaptive_mode, expression=ExpressionEquation(scope=DEVICE, operands=[Alias(scope=null, name=light_support_adaptive, operation=null), Alias(scope=null, name=light_off, operation=null)], logicalOperator=AND)), ExpressionDefinition(alias=light_support_colortemperature_3000_or_implicitly_supported, expression=ExpressionEquation(scope=DEVICE, operands=[Alias(scope=null, name=light_support_colortemperature_3000, operation=nul
04-05 22:05:06.178 D/DisplayLifecycle( 3535): updateDisplay id = 0
04-05 22:05:06.178 I/VRI[InputMethod]@d7ba765(14535): onDisplayChanged oldDisplayState=2 newDisplayState=2
04-05 22:05:06.178 I/SoundAlive_SRC384 arch64( 1665): ~SoundAlive_SRC384(): instance 26613
04-05 22:05:06.178 D/AODManagerService( 2531): requestReCalToTSP IsSingleTouchMode = falserequestedReCalToTSP = false / previousDisplayState = ON
04-05 22:05:06.178 D/SGM:FgCheckThread( 2531): onLooperPrepared(), msg: MSG_LCD_ON
04-05 22:05:06.178 D/[+0900]oneconnect[1.8.45.11_01][MAIN_UI](10006): IntelligenceSuggestionDomainTransformResource.PartialRequestHandler.getPendingRequestIdsWithPrevState - externalCondition:true, onPartialFetching:false, pending requests size:1
04-05 22:05:06.178 I/SoundAlive_SRC384 arch64( 1665): ~SoundAlive_SRC384(): instance 26618
04-05 22:05:06.178 D/[+0900]oneconnect[1.8.45.11_01][MAIN_UI](10006): IntelligenceSuggestionDomainTransformResource.subscribeSource - block partial transform case. do entire transform
04-05 22:05:06.178 D/MediaSessionService( 2531): Audio playback is changed, config=AudioPlaybackConfiguration piid:161783 deviceId:0 type:android.media.AudioTrack u/pid:1000/6816 state:started attr:AudioAttributes: usage=USAGE_ASSISTANCE_ACCESSIBILITY content=CONTENT_TYPE_UNKNOWN flags=0x900 tags= bundle=null sessionId:190289 mutedState:none  FormatInfo{isSpatialized=false, channelMask=0x0, sampleRate=0}, removed=false
04-05 22:05:06.178 D/[+0900]oneconnect[1.8.45.11_01][MAIN_UI](10006): ShmConditionResolver.clearAndAddAll - securityModeDomains:[]
04-05 22:05:06.178 D/MediaRouterService( 2531): onAudioPlayerActiveStateChanged: uid=1000, active=true, restoreUid=1000
04-05 22:05:06.178 D/SoundCraft.PlayingAudioConditionHandler( 3535): onPlaybackConfigChanged : lastStartedPackageName=null, lastStartedUid=-1, newStartedUid=-1, newStartPackageName=null, thread=Thread[RoutineHandlerThread,5,main]
04-05 22:05:06.178 D/MediaSessionStack( 2531): updateMediaButtonSessionIfNeeded, callers=com.android.server.media.AudioPlayerStateMonitor$MessageHandler.handleMessage:19 android.os.Handler.dispatchMessage:107 
04-05 22:05:06.178 D/MediaSessionStack( 2531): updateMediaButtonSessionIfNeeded, skipping uid=1000
04-05 22:05:06.178 D/MediaSessionStack( 2531): updateMediaButtonSessionIfNeeded, skipping uid=10049
04-05 22:05:06.178 D/MediaSessionStack( 2531): updateMediaButtonSessionIfNeeded, skipping uid=10330
04-05 22:05:06.178 D/[+0900]oneconnect[1.8.45.11_01][MAIN_UI](10006): ServiceConditionResolver.clearAndAddAll - serviceInfoDomains:[ServiceInfoDomain(locationId=e37e30dc-01d6-429d-abbf-731d5d8a9973, serviceCode=KITCHEN, endpointAppId=72984924-0a8b-4980-a493-8eed44b09a25, installedAppId=1cc91029-6eae-4e79-836f-8ff7b6788d66, serviceDevices=[], displayName=Food, description=Get personalized recipes and meal plans that you can use with your new oven., appIconUrl=https://montage-contents-acpt.samsungiots.com/contents/03895f91-b587-37b6-b8dd-94bd941d7a72/app/Food_service.png, cardBgImageUrl=https://montage-contents-acpt.samsungiots.com/contents/03895f91-b587-37b6-b8dd-94bd941d7a72/app/sc_aos.png, servicePlugins=[ServicePlugin(type=PPK, uri=wwst://com.samsung.kics, storeLink=null, additionalData={}), ServicePlugin(type=UNKNOWN, uri={SERVER_URL}/plugin_cooking/v1/index.html, storeLink=null, additionalData={})], principalType=LOCATION, permissions=[WRITE_INSTALLED_APPS, DELETE_INSTALLED_APPS], additionalData={UNKNOWN=["w:installedapps","d:installedapps"], SUPPORT_CHILD_ACCOUNT=false, INDOOR_MAP_ADDRESS_ID=null, CARD_ORDER=1, SERVICE_GROUP=HomeLife, FORCE_INSTALLED_CARD=false, DASHBOARD_CARD_ENABLED=true}, supportedVersion={galaxyOneUIOnly=false}), ServiceInfoDomain(locationId=e37e30dc-01d6-429d-abbf-731d5d8a9973, serviceCode=HCW, endpointAppId=adbb3797-219d-4879-b877-c78505db16cb, installedAppId=8087e2c6-d4a6-4c97-92d9-488677743086, serviceDevices=[ServiceDevice(deviceId=f53ed16b-2899-43e0-282c-dbefe195cb37, displayName=ņäĖĒāüĻĖ░, createdTime=1769660731000)], displayName=Home Care, description=Keep your home appliances in top condition., appIconUrl=https://montage-contents-acpt.samsungiots.com/contents/03895f91-b587-37b6-b8dd-94bd941d7a72/app/SmartThingsHCM.png, cardBgImageUrl=https://montage-contents-acpt.samsungiots.com/contents/03895f91-b587-37b6-b8dd-94bd941d7a72/app/img_promotion_homecare_2022.png, servicePlugins=[ServicePlugin(type=PPK, uri=wwst://com.samsung.hcw, storeLink=null, additionalData={}), ServicePlugin(type=UNKNOWN, uri={SERVER_URL}/plugin_hcw/v1/index.html, storeLink=null, additionalData={})], principalType=LOCATION, permissions=[WRITE_INSTALLED_APPS, DELETE_INSTALLED_APPS], additionalData={UNKNOWN=["w:installedapps","d:installedapps"], SUPPORT_CHILD_ACCOUNT=true, INDOOR_MAP_ADDRESS_ID=null, CARD_ORDER=6, FORCE_INSTALLED_CARD=false, DASHBOARD_CARD_ENABLED=true}, supportedVersion={galaxyOneUIOnly=false}), ServiceInfoDomain(locationId=e37e30dc-01d6-429d-abbf-731d5d8a9973, serviceCode=PUBLIC_DR, endpointAppId=4b47c998-520d-4946-974c-977564b2183c, installedAppId=783b1314-2ccb-443e-8e21-21a745aa7a00, serviceDevices=[ServiceDevice(deviceId=3523afe6-60e1-bdfe-9ce7-720c2746ab43, displayName=65" OLED, createdTime=1769659607000), ServiceDevice(deviceId=f53ed16b-2899-43e0-282c-dbefe195cb37, displayName=ņäĖĒāüĻĖ░, createdTime=1769660731000)], displayName=Energy, description=Monitor and control the energy usage of your devices., appIconUrl=https://montage-contents-acpt.samsungiots.com/contents/03895f91-b587-37b6-b8dd-94bd941d7a72/apps/icon_updated.png, cardBgImageUrl=https://montage-contents-acpt.samsungiots.com/contents/03895f91-b587-37b6-b8dd-94bd941d7a72/apps/img_promo111.png, servicePlugins=[ServicePlugin(type=PPK, uri=wwst://com.samsung.android.plugin.PublicSmartEnergyPlugin, storeLink=null, additionalData={}), ServicePlugin(type=UNKNOWN, uri={SERVER_URL}/plugin_energy/v1/index.html, storeLink=null, additionalData={})], principalType=LOCATION, permissions=[WRITE_INSTALLED_APPS, DELETE_INSTALLED_APPS], additionalData={UNKNOWN=["w:installedapps","d:installedapps"], SUPPORT_CHILD_ACCOUNT=true, INDOOR_MAP_ADDRESS_ID=null, CARD_ORDER=2, FORCE_INSTALLED_CARD=false, DASHBOARD_CARD_ENABLED=true}, supportedVersion={galaxyOneUIOnly=false}), ServiceInfoDomain(locationId=e37e30dc-01d6-429d-abbf-731d5d8a9973, serviceCode=ST_PET, endpointAppId=64d6920c-6019-4909-93a9-b99aca2f053c, installedAppId=d5c0d551-ee0d-4c52-8651-2a6efb2ac262, serviceDevices=[], displayName=Pet Care, description=Care for your furry friend even when you're not 
04-05 22:05:06.178 D/[+0900]oneconnect[1.8.45.11_01][MAIN_UI](10006): MusicSyncContextConditionResolver.clearAndAddAll - musicSyncContexts: []
04-05 22:05:06.178 D/[+0900]oneconnect[1.8.45.11_01][MAIN_UI](10006): MediaPlayContextConditionResolver.clearAndAddAll - contentType: UNKNOWN
04-05 22:05:06.178 D/[+0900]oneconnect[1.8.45.11_01][MAIN_UI](10006): SleepReportConditionResolver.clearAndAddAll - sleepSettingDomains: []
04-05 22:05:06.178 I/[+0900]oneconnect[1.8.45.11_01][MAIN_UI](10006): ChildAccount.isChildAccountSupported - providerVersion=1.7
04-05 22:05:06.178 D/MediaRouter( 2531): onRestoreRoute() : route=RouteInfo{ name=Phone, description=null, status=null, category=RouteCategory{ name=System types=ROUTE_TYPE_LIVE_AUDIO ROUTE_TYPE_LIVE_VIDEO  groupable=false }, supportedTypes=ROUTE_TYPE_LIVE_AUDIO ROUTE_TYPE_LIVE_VIDEO , presentationDisplay=null }
04-05 22:05:06.178 V/MediaRouter( 2531): Selecting route: RouteInfo{ name=Phone, description=null, status=null, category=RouteCategory{ name=System types=ROUTE_TYPE_LIVE_AUDIO ROUTE_TYPE_LIVE_VIDEO  groupable=false }, supportedTypes=ROUTE_TYPE_LIVE_AUDIO ROUTE_TYPE_LIVE_VIDEO , presentationDisplay=null }
04-05 22:05:06.179 I/AF::Track( 1665): setMixerOutConfig expectKey 202
04-05 22:05:06.179 I/AF::Track( 1665): setMixerOutConfig select, mixer out f 5, s 48000, thread out f 5, s 48000
04-05 22:05:06.179 D/BrightnessThermalClamper( 2531): Thermal status observer already started
04-05 22:05:06.179 I/VRI[LockscreenShortcutBlur]@58e08b1( 3535): onDisplayChanged oldDisplayState=2 newDisplayState=2
04-05 22:05:06.179 I/VRI[NavigationBar0]@fa5d5fb( 3535): onDisplayChanged oldDisplayState=2 newDisplayState=2
04-05 22:05:06.179 I/VRI[NotificationShade]@f9f75bb( 3535): onDisplayChanged oldDisplayState=2 newDisplayState=2
04-05 22:05:06.179 I/VRI[StatusBar]@fa8e133( 3535): onDisplayChanged oldDisplayState=2 newDisplayState=2
04-05 22:05:06.179 I/VRI[Bouncer]@82a8255( 3535): onDisplayChanged oldDisplayState=2 newDisplayState=2
04-05 22:05:06.179 V/APM_AudioPolicyManager( 1665): startOutput portId 23810
04-05 22:05:06.179 V/APM_AudioPolicyManager( 1665): startOutput() output 29, stream 10, session 190289
04-05 22:05:06.179 V/APM_AudioPolicyManager( 1665): setBeaconMute(1) mBeaconMuteRefCount=1 mBeaconPlayingRefCount=0
04-05 22:05:06.179 I/ActivityManager( 2531): Changes in 10121 8 to 3, 0 to 16
04-05 22:05:06.179 V/APM_AudioPolicyManager( 1665): getNewOutputDevices selected devices {AUDIO_DEVICE_OUT_SPEAKER, @:}
04-05 22:05:06.179 V/APM_AudioPolicyManager( 1665): setOutputDevices caller startSource[[portId:7][io:29, fast]] device {AUDIO_DEVICE_OUT_SPEAKER, @:} delayMs 0
04-05 22:05:06.179 V/APM_AudioPolicyManager( 1665): setOutputDevices: caller startSource[[portId:7][io:29, fast]] suppressing checkDeviceMuteStrategies
04-05 22:05:06.179 V/APM_AudioPolicyManager( 1665): setOutputDevices caller startSource[[portId:7][io:29, fast]] setting same device {AUDIO_DEVICE_OUT_SPEAKER, @:} or null device, force=0, patch handle=32
04-05 22:05:06.179 V/APM_AudioPolicyManager( 1665): checkAndSetVolume: output 29, stream 10, index 6, devices 0x2, volume 0.066834
04-05 22:05:06.179 I/SamsungAccount(12029): [AccountManagerProvider] isChildAccount
04-05 22:05:06.180 I/VRI[RecentsTransitionOverlay]@5f3b691( 4205): onDisplayChanged oldDisplayState=2 newDisplayState=2
04-05 22:05:06.180 D/AudioFlinger( 1665): setParameters: filtered dev setParameters keyvalue screen_state=on
04-05 22:05:06.180 I/SamsungAccount(12029): [AccountManagerProvider] Calling package : android.oneconnect.
04-05 22:05:06.180 I/VRI[LauncherActivity]@ea77e0a( 4205): onDisplayChanged oldDisplayState=2 newDisplayState=2
04-05 22:05:06.180 I/VRI[CocktailBarService]@d02f544( 4205): onDisplayChanged oldDisplayState=2 newDisplayState=2
04-05 22:05:06.180 I/VRI[RecentsActivity]@85b79c3( 4205): onDisplayChanged oldDisplayState=2 newDisplayState=2
04-05 22:05:06.180 D/AHAL: AudioDevice( 1530): SetParameters: 1865: enter
04-05 22:05:06.180 D/AHAL: AudioVoice( 1530): VoiceSetParameters: 200: Enter
04-05 22:05:06.180 D/AHAL: AudioVoice( 1530): VoiceSetParameters: 479: Exit ret: 0
04-05 22:05:06.180 D/AHAL: hfp( 1530): hfp_set_parameters: 444: enter
04-05 22:05:06.180 D/AHAL: AudioDevice( 1530): SetParameters: 1945:  - screen = on
04-05 22:05:06.180 I/PAL: ResourceManager( 1530): setParameter: 10683: Screen State:1
04-05 22:05:06.180 D/AHAL: AudioDevice( 1530): SetParameters: 2798: exit: screen_state=on
04-05 22:05:06.180 I/HoneySpace.Memory-Monitor( 4205): current state = 2, didTrim = false
04-05 22:05:06.180 I/HoneySpace.RefreshRateSource( 4205): singleFrameMs 16
04-05 22:05:06.181 I/VRI[LauncherActivity]@b936d97( 4970): onDisplayChanged oldDisplayState=2 newDisplayState=2
04-05 22:05:06.182 I/SamsungAccount(12029): [SignatureInfoDbHelper] searchOnUser(fromDb) - [10/6iado][android.oneconnect.][64/3291d] => matched
04-05 22:05:06.182 I/SamsungAccount(12029): [AccountManagerProvider] This is the access of the allowed application
04-05 22:05:06.182 I/SamsungAccount(12029): [AccountManagerUtil] isSamsungAccountSignedIn : true
04-05 22:05:06.182 I/AudioFlinger( 1665): updateStageIndex new -2901
04-05 22:05:06.182 D/audioserver( 1665): logFgsApiBegin: FGS Logger Transaction failed, -129
04-05 22:05:06.183 I/SamsungAccount(12029): [TPMU]  SIMState     :SIM_STATE_ABSENT
04-05 22:05:06.183 I/SamsungAccount(12029): [ChildAccountSupportedListManager] getSupportedListFromLocal from cache
04-05 22:05:06.183 I/SoundBoosterEffectPlus( 1665): SB_setVolume(0xb4000073dff784d0)
04-05 22:05:06.183 I/SoundBoosterEffectPlus( 1665): command EFFECT_CMD_SET_VOLUME left = 1.000000, right =1.000000
04-05 22:05:06.183 I/SAG_EQ a64( 1665): SetVolumeFloat() inst_num [1649760492] VolumeFloat [0.000087] mModeFW [0] mMode [0]
04-05 22:05:06.183 I/SAG_EQ a64( 1665): mIsVolumeTableValid yes 
04-05 22:05:06.183 I/SAG_EQ a64( 1665): SetVolume() VolumeIndexInt [15] 
04-05 22:05:06.183 I/BtGatt.ScanHelper( 3694): onScanResult to scannerId: 5- eventType=0x10, addressType=1, address=XX:XX:XX:XX:4E:75, primaryPhy=1, secondaryPhy=0, advertisingSid=0xff, txPower=127, rssi=-58, periodicAdvInt=0x0
04-05 22:05:06.183 I/AHAL: AudioStream( 1530): out_update_source_metadata_v7: 1265: track count is 1
04-05 22:05:06.183 D/AHAL: AudioStream( 1530): out_update_source_metadata_v7: 1310: Source metadata usage:11 content_type:0
04-05 22:05:06.183 D/AHAL: AudioStream( 1530): SetAggregateSourceMetadata: 4666: Aggregated Source metadata usage:11 content_type:0
04-05 22:05:06.183 I/SamsungAccount(12029): [TPMU]  SIMState     :SIM_STATE_ABSENT
04-05 22:05:06.183 I/SamsungAccount(12029): [FamilyGroupUtil] meetKoreaCountryCondition(beforeSignUp=false): true
04-05 22:05:06.183 V/AS.PlaybackActivityMon( 2531): BLA portEvent(portId=23810, event=PLAYER_UPDATE_FORMAT, extras=PersistableBundle[mParcelledData.dataSize=316])
04-05 22:05:06.183 I/SamsungAccount(12029): [TPMU]  SIMState     :SIM_STATE_ABSENT
04-05 22:05:06.183 I/SamsungAccount(12029): [FamilyGroupUtil] meetKoreaOneUiCondition: true
04-05 22:05:06.183 I/SamsungAccount(12029): [FamilyGroupUtil] isSupportFamilyService: true
04-05 22:05:06.183 I/SamsungAccount(12029): [AccountManagerUtil] isSamsungAccountSignedIn : true
04-05 22:05:06.184 I/SamsungAccount(12029): [ChildAccount] isChildAccount : false
04-05 22:05:06.184 I/SamsungAccount(12029): [AccountManagerProvider] makeResultBundle - resultCode : 0
04-05 22:05:06.184 D/AHAL: AudioStream( 1530): AutoPerfLock: 157: (Acquired) perf_lock_handle: 0x175db, count: 1
04-05 22:05:06.184 I/AHAL: AudioStream( 1530): Open: 3437: Enter: OutPrimary usecase(2: low-latency-playback)
04-05 22:05:06.184 D/AHAL: AudioStream( 1530): Open: 3443: no_of_devices 1
04-05 22:05:06.184 I/AHAL: AudioStream( 1530): Open: 3457:  flags_:0x4, mAndroidOutDevices 2
04-05 22:05:06.184 D/AHAL: AudioStream( 1530): Open: 3530: halInputFormat 4 halOutputFormat 4 palformat 22
04-05 22:05:06.184 I/AHAL: SecAudioStream( 1530): SetCustomKey: 341: set custom key for SPEAKER_LEFT_AMP_OFF
04-05 22:05:06.184 I/AHAL: SecAudioStream( 1530): SetCustomKey: 352: Setting custom key as speaker_left_amp_off
04-05 22:05:06.184 D/AHAL: AudioStream( 1530): Open: 3621: channels 2 samplerate 48000 format id 22, stream type 1  stream bitwidth 32
04-05 22:05:06.184 D/AHAL: AudioStream( 1530): Open: 3622: msample_rate 0 mchannels 0 mNoOfOutDevices 1
04-05 22:05:06.184 I/[+0900]oneconnect[1.8.45.11_01][MAIN_UI](10006): ChildAccount.isChild - result_code = 0, result_message = false
04-05 22:05:06.184 I/PAL: API( 1530): pal_stream_open: 228: Enter, stream type:1
04-05 22:05:06.184 I/PAL: Device( 1530): setDeviceAttributes: 396: DeviceAttributes for Device Id 3 updated
04-05 22:05:06.184 I/PAL: Device( 1530): open: 476: Enter. deviceCount 0 for device id 3 (PAL_DEVICE_OUT_SPEAKER)
04-05 22:05:06.184 I/PAL: SessionAlsaUtils( 1530): setDeviceMediaConfig: 1063: TDM-LPAIF-RX-PRIMARY rate ch fmt data_fmt 48000 2 6 1
04-05 22:05:06.184 I/libprocessgroup( 2531): Removed cgroup /sys/fs/cgroup/uid_10096/pid_28918
04-05 22:05:06.184 D/[+0900]oneconnect[1.8.45.11_01][MAIN_UI](10006): MobilePresenceConditionResolver.getValue - input:MobilePresenceRequest(locationId=e37e30dc-01d6-429d-abbf-731d5d8a9973, timeRange=null), result:null
04-05 22:05:06.184 D/audio_route( 1530): Apply path: speaker-mono-right
04-05 22:05:06.184 D/[+0900]oneconnect[1.8.45.11_01][MAIN_UI](10006): MobilePresenceConditionResolver.getValue - input:MobilePresenceRequest(locationId=e37e30dc-01d6-429d-abbf-731d5d8a9973, timeRange=null), result:null
04-05 22:05:06.184 D/[+0900]oneconnect[1.8.45.11_01][MAIN_UI](10006): MobilePresenceConditionResolver.getValue - input:MobilePresenceRequest(locationId=e37e30dc-01d6-429d-abbf-731d5d8a9973, timeRange=null), result:null
04-05 22:05:06.184 I/Zygote  ( 1468): Process 28918 exited due to signal 9 (Killed)
04-05 22:05:06.184 I/PAL: Device( 1530): open: 511: Exit. deviceCount 1 for device id 3 (PAL_DEVICE_OUT_SPEAKER), exit status: 0
04-05 22:05:06.184 I/PAL: ResourceManager( 1530): allocateFrontEndIds: 7106: allocateFrontEndIds: front end 126
04-05 22:05:06.184 I/PAL: PayloadBuilder( 1530): populateStreamKV: 3154: stream type 1
04-05 22:05:06.184 I/PAL: PayloadBuilder( 1530): getSelectorValues: 2976: Direction: 1
04-05 22:05:06.184 I/PAL: PayloadBuilder( 1530): getSelectorValues: 2992: Instance: 1
04-05 22:05:06.184 I/PAL: PayloadBuilder( 1530): findKVs: 2866: key: 0xa1000000 value: 0xa100000e
04-05 22:05:06.184 I/PAL: PayloadBuilder( 1530): findKVs: 2866: key: 0xab000000 value: 0x1
04-05 22:05:06.184 I/PAL: PayloadBuilder( 1530): populateStreamCkv: 3496: Entered default a4000000 f
04-05 22:05:06.184 I/PAL: PayloadBuilder( 1530): populateDeviceKV: 3278: Enter device id:3
04-05 22:05:06.184 I/PAL: PayloadBuilder( 1530): findKVs: 2879: key: 0xa2000000 value: 0xa2000001
04-05 22:05:06.184 I/PAL: PayloadBuilder( 1530): populateDeviceKV: 3306: Exit device id:3, status 0
04-05 22:05:06.184 I/PAL: PayloadBuilder( 1530): populateDevicePPKV: 3419: Rx device id:3
04-05 22:05:06.184 I/PAL: PayloadBuilder( 1530): getSelectorValues: 3052: stream type: 1
04-05 22:05:06.184 I/PAL: PayloadBuilder( 1530): getSelectorValues: 3071: custom config key:speaker_left_amp_off
04-05 22:05:06.184 I/PAL: PayloadBuilder( 1530): retrieveKVs: 2909: Fallback to find KVs without custom config speaker_left_amp_off
04-05 22:05:06.184 I/PAL: PayloadBuilder( 1530): findKVs: 2866: key: 0xa2000000 value: 0xa2000001
04-05 22:05:06.184 I/PAL: PayloadBuilder( 1530): findKVs: 2866: key: 0xac000000 value: 0xac000002
04-05 22:05:06.184 I/PAL: PayloadBuilder( 1530): populateDevicePPCkv: 3588: SpeakerProt Status[0], RAS Status[0]
04-05 22:05:06.184 D/agm_server_wrapper( 1530): Aif id 32 already added to session list of 126
04-05 22:05:06.184 I/AGM: session( 1530): session_obj_set_sess_aif_metadata: 1782 Exit
04-05 22:05:06.184 D/agm_server_wrapper( 1530): Aif id 32 already added to session list of 126
04-05 22:05:06.184 I/AGM: API( 1530): agm_session_aif_connect: 658 connecting aifid:32 with session id=126
04-05 22:05:06.185 I/PAL: API( 1530): pal_stream_open: 274: Exit. Value of stream_handle 0xb4000075839158f0K, status 0 : PAL_STREAM_LOW_LATENCY(1)
04-05 22:05:06.185 D/AHAL: AudioStream( 1530): GetBufferSize: 3376: type 1
04-05 22:05:06.185 I/BtGatt.ScanHelper( 3694): onScanResult to scannerId: 5- eventType=0x1b, addressType=1, address=XX:XX:XX:XX:90:4E, primaryPhy=1, secondaryPhy=0, advertisingSid=0xff, txPower=127, rssi=-67, periodicAdvInt=0x0
04-05 22:05:06.185 D/AHAL: AudioStream( 1530): Open: 3837: fragment_size_ 1536 fragments_ 2
04-05 22:05:06.185 D/AHAL: AudioStream( 1530): Open: 3897: Exit ret: 0
04-05 22:05:06.185 D/AHAL: AudioStream( 1530): ~AutoPerfLock: 167: (release) perf_lock_handle: 0x175db, count: 1
04-05 22:05:06.185 D/AHAL: AudioStream( 1530): ~AutoPerfLock: 171: Releasing perf_lock_handle: 0x175db
04-05 22:05:06.185 V/AS.PlaybackActivityMon( 2531): playerEvent(piid=161783, event=PLAYER_UPDATE_DEVICE_ID, eventValue=3)
04-05 22:05:06.185 V/AS.PlaybackActivityMon( 2531): dispatchPlaybackChange to 8 clients
04-05 22:05:06.185 I/ActivityManager( 2531): Changes in 10121 3 to 3, 16 to 56
04-05 22:05:06.186 D/DisplayManagerService( 2531): Drop pending events for gone uid 10096
04-05 22:05:06.186 D/SoundCraft.PlayingAudioConditionHandler( 3535): onPlaybackConfigChanged : lastStartedPackageName=null, lastStartedUid=-1, newStartedUid=-1, newStartPackageName=null, thread=Thread[RoutineHandlerThread,5,main]
04-05 22:05:06.186 D/[+0900]oneconnect[1.8.45.11_01][MAIN_UI](10006): MediaPlayContextDelegate.getCurrentPlayingContent - contentType : 1
04-05 22:05:06.186 D/[+0900]oneconnect[1.8.45.11_01][MAIN_UI](10006): MediaPlayContextDelegate.getCurrentPlayingContent - contentType : 4
04-05 22:05:06.186 D/[+0900]oneconnect[1.8.45.11_01][MAIN_UI](10006): MediaPlayContextDelegate.getCurrentPlayingContent - contentType : 4
04-05 22:05:06.186 D/[+0900]oneconnect[1.8.45.11_01][MAIN_UI](10006): MediaPlayContextDelegate.getCurrentPlayingContent - contentType : 4
04-05 22:05:06.186 D/[+0900]oneconnect[1.8.45.11_01][MAIN_UI](10006): MediaPlayContextDelegate.getCurrentPlayingContent - contentType : 0
04-05 22:05:06.186 D/[+0900]oneconnect[1.8.45.11_01][MAIN_UI](10006): MediaPlayContextDelegate.getCurrentPlayingContent - contentType : 4
04-05 22:05:06.186 D/[+0900]oneconnect[1.8.45.11_01][MAIN_UI](10006): MediaPlayContextDelegate.getCurrentPlayingContent - contentType : 4
04-05 22:05:06.186 D/[+0900]oneconnect[1.8.45.11_01][MAIN_UI](10006): MediaPlayContextDelegate.getCurrentPlayingContent - contentType : 1
04-05 22:05:06.187 I/VRI[SCMainActivity]@7225dd0(10006): onDisplayChanged oldDisplayState=2 newDisplayState=2
04-05 22:05:06.187 I/VRI[SettingsPreferencesActivity]@4fd45dd(10006): onDisplayChanged oldDisplayState=2 newDisplayState=2
04-05 22:05:06.187 V/AS.PlaybackActivityMon( 2531): dispatchPlaybackChange to 8 clients
04-05 22:05:06.188 D/SoundCraft.PlayingAudioConditionHandler( 3535): onPlaybackConfigChanged : lastStartedPackageName=null, lastStartedUid=-1, newStartedUid=-1, newStartPackageName=null, thread=Thread[RoutineHandlerThread,5,main]
04-05 22:05:06.188 D/[+0900]oneconnect[1.8.45.11_01][MAIN_UI](10006): MediaPlayContextDelegate.getCurrentPlayingContent - contentType : 1
04-05 22:05:06.188 D/[+0900]oneconnect[1.8.45.11_01][MAIN_UI](10006): MediaPlayContextDelegate.getCurrentPlayingContent - contentType : 4
04-05 22:05:06.188 D/[+0900]oneconnect[1.8.45.11_01][MAIN_UI](10006): MediaPlayContextDelegate.getCurrentPlayingContent - contentType : 4
04-05 22:05:06.188 D/[+0900]oneconnect[1.8.45.11_01][MAIN_UI](10006): MediaPlayContextDelegate.getCurrentPlayingContent - contentType : 4
04-05 22:05:06.188 D/[+0900]oneconnect[1.8.45.11_01][MAIN_UI](10006): MediaPlayContextDelegate.getCurrentPlayingContent - contentType : 0
04-05 22:05:06.188 D/[+0900]oneconnect[1.8.45.11_01][MAIN_UI](10006): MediaPlayContextDelegate.getCurrentPlayingContent - contentType : 4
04-05 22:05:06.188 D/[+0900]oneconnect[1.8.45.11_01][MAIN_UI](10006): MediaPlayContextDelegate.getCurrentPlayingContent - contentType : 4
04-05 22:05:06.188 D/[+0900]oneconnect[1.8.45.11_01][MAIN_UI](10006): MediaPlayContextDelegate.getCurrentPlayingContent - contentType : 1
04-05 22:05:06.188 I/VSyncReactor( 1674): Current= 24, Period= 60, hwcPeriod= 60
04-05 22:05:06.190 D/AHAL: AudioStream( 1530): AutoPerfLock: 157: (Acquired) perf_lock_handle: 0x175dc, count: 1
04-05 22:05:06.190 I/PAL: API( 1530): pal_stream_start: 347: Enter. Stream handle 0xb4000075839158f0K
04-05 22:05:06.190 I/PAL: SpeakerProtectionTI( 1530): spkrProtProcessingMode: 391: Flag 1
04-05 22:05:06.190 I/PAL: PayloadBuilder( 1530): findKVs: 2879: key: 0xa3000000 value: 0xa3000009
04-05 22:05:06.190 I/PAL: SessionAlsaUtils( 1530): setDeviceMediaConfig: 1063: TDM-LPAIF-TX-PRIMARY rate ch fmt data_fmt 48000 4 6 1
04-05 22:05:06.190 I/PAL: ResourceManager( 1530): allocateFrontEndIds: 7139: allocateFrontEndIds: front end 121
04-05 22:05:06.190 D/agm_server_wrapper( 1530): Aif id 33 already added to session list of 121
04-05 22:05:06.190 I/AGM: API( 1530): agm_session_aif_connect: 658 connecting aifid:33 with session id=121
04-05 22:05:06.190 I/PAL: Device( 1530): updateCustomPayload: 429: customPayloadSize = 40
04-05 22:05:06.191 I/BtGatt.ScanHelper( 3694): onScanResult to scannerId: 5- eventType=0x10, addressType=0, address=XX:XX:XX:XX:C2:A3, primaryPhy=1, secondaryPhy=0, advertisingSid=0xff, txPower=127, rssi=-50, periodicAdvInt=0x0
04-05 22:05:06.191 D/agm_client_wrapper( 1530): agm_session_open called with handle = ec1423d0 , *handle = 0
04-05 22:05:06.192 I/[+0900]oneconnect[1.8.45.11_01][CORE]( 9893): BleParserForDaDevice.parseBlePacket - DeviceBleDa : [name]($)-A(11)[BleMac]($)40:CA[DeviceType]AIR_PURIFIER[DeviceInfoVersion]0[DeviceStatus]-128,
04-05 22:05:06.194 D/[+0900]oneconnect[1.8.45.11_01][MAIN_UI](10006): IntelligenceSuggestionDomainTransformResource.cancelRefresh - next schedule does not exist
04-05 22:05:06.194 I/[+0900]oneconnect[1.8.45.11_01][MAIN_UI](10006): IntelligenceSuggestionDomainTransformResource.setResource - [Updated] status : SUCCESS(current), SUCCESS(new), count : 0, message : null
04-05 22:05:06.194 D/[+0900]oneconnect[1.8.45.11_01][MAIN_UI](10006): IntelligenceSuggestionDomainTransformResource.updateDbByDelay - data : false
04-05 22:05:06.194 D/[+0900]oneconnect[1.8.45.11_01][MAIN_UI](10006): IntelligenceSuggestionDomainTransformResource.PartialRequestHandler.setOnFetchingFalseAndGetRemained - onPartialFetching:true, remained pending requests size:0
04-05 22:05:06.195 D/[+0900]oneconnect[1.8.45.11_01][MAIN_UI](10006): IntelligenceSuggestionDomainTransformResource.updateDbByDelay - start with delay:21198
04-05 22:05:06.196 I/BtGatt.ScanHelper( 3694): onScanResult to scannerId: 5- eventType=0x10, addressType=1, address=XX:XX:XX:XX:98:F9, primaryPhy=1, secondaryPhy=0, advertisingSid=0xff, txPower=127, rssi=-70, periodicAdvInt=0x0
04-05 22:05:06.196 I/BtGatt.ScanHelper( 3694): onScanResult to scannerId: 9- eventType=0x10, addressType=1, address=XX:XX:XX:XX:98:F9, primaryPhy=1, secondaryPhy=0, advertisingSid=0xff, txPower=127, rssi=-70, periodicAdvInt=0x0
04-05 22:05:06.197 D/AGM: graph( 1530): graph_open: 575 entry
04-05 22:05:06.197 D/AGM: metadata( 1530): metadata_print: 79 *************************Metadata*************************
04-05 22:05:06.197 D/AGM: metadata( 1530): metadata_print: 80 GKV size:1
04-05 22:05:06.197 D/AGM: metadata( 1530): metadata_print: 83 key:0xa3000000, value:0xa3000009 
04-05 22:05:06.197 D/AGM: metadata( 1530): metadata_print: 87 
04-05 22:05:06.197 D/AGM: metadata( 1530): CKV count:1
04-05 22:05:06.197 D/AGM: metadata( 1530): metadata_print: 90 key:0xbf000000, value:0x2 
04-05 22:05:06.197 D/AGM: metadata( 1530): metadata_print: 92 
04-05 22:05:06.197 D/AGM: metadata( 1530): metadata_print: 94 Property ID:134217744
04-05 22:05:06.197 D/AGM: metadata( 1530): metadata_print: 95 property count:1
04-05 22:05:06.197 D/AGM: metadata( 1530): metadata_print: 98 Property Values: 
04-05 22:05:06.197 D/AGM: metadata( 1530): metadata_print: 100 0x2 
04-05 22:05:06.197 D/AGM: metadata( 1530): metadata_print: 102 
04-05 22:05:06.197 D/AGM: metadata( 1530): metadata_print: 103 ****************Metadata Done***************************
04-05 22:05:06.197 D/AGM: metadata( 1530): 
04-05 22:05:06.197 I/AGM: graph( 1530): print_graph_alias: 2362 GKV Alias 11 | DeviceTX_VI_TX
04-05 22:05:06.197 D/AGM: graph( 1530): graph_open: 703 miid 4589 mid 700100f tag c0000005
04-05 22:05:06.197 I/GPR:    ( 1530): vendor/qcom/proprietary/args/gpr/core/src/gpr_drv.c:__gpr_cmd_register_v2:931 GPR Register: Source Port is 8208 heap_index: 0
04-05 22:05:06.200 E/ACDB    ( 1530): vendor/qcom/proprietary/args/acdb/src/acdb_command.c:AcdbCmdGetProcSubgraphCalDataPersist:8247 Error[19]: No calibration found
04-05 22:05:06.200 D/AGM: graph( 1530): graph_open: 735 graph_handle 0x47534c
04-05 22:05:06.200 D/AGM: graph( 1530): graph_open: 771 exit, ret 0
04-05 22:05:06.200 D/AGM: graph( 1530): graph_set_config: 1137 entry graph_handle 0x47534c
04-05 22:05:06.200 D/AGM: graph( 1530): graph_set_config: 1145 exit, graph handle 0x47534c, ret 0
04-05 22:05:06.200 D/agm_client_wrapper( 1530): agm_session_open Received handle = 0x73ec1423d0 , *handle = b40000745390d490
04-05 22:05:06.200 D/PLUGIN: pcm( 1530): agm_pcm_hw_params: 491 agm_pcm_hw_params: mode: 268435456
04-05 22:05:06.200 I/PAL: SpeakerProtectionTI( 1530): get_data_from_file: 151: data from file /efs/tas25xx/calib_re: 06.01(string) 06.01(float)
04-05 22:05:06.200 I/PAL: SpeakerProtectionTI( 1530): get_data_from_file: 160: data from file /efs/tas25xx/amb_temp: 27(string) 27(int)
04-05 22:05:06.200 I/PAL: SpeakerProtectionTI( 1530): get_data_from_file: 151: data from file /efs/tas25xx/calib_re_r: 06.17(string) 06.17(float)
04-05 22:05:06.200 I/PAL: SpeakerProtectionTI( 1530): get_data_from_file: 160: data from file /efs/tas25xx/amb_temp_r: 27(string) 27(int)
04-05 22:05:06.200 I/PAL: Device( 1530): updateCustomPayload: 429: customPayloadSize = 80
04-05 22:05:06.200 I/PAL: SpeakerProtectionTI( 1530): get_data_from_file: 169: data from file /sys/class/tas25xx_dev/cmd/iv_vbat: 0x10010(string) 0x10010(hex)
04-05 22:05:06.200 I/PAL: Device( 1530): updateCustomPayload: 429: customPayloadSize = 104
04-05 22:05:06.200 I/PAL: SpeakerProtectionTI( 1530): get_data_from_file: 169: data from file /sys/class/tas25xx_dev/cmd/drv_opmode: 0x2(string) 0x2(hex)
04-05 22:05:06.200 I/PAL: Device( 1530): updateCustomPayload: 429: customPayloadSize = 128
04-05 22:05:06.200 D/audio_route( 1530): Apply path: vi-feedback
04-05 22:05:06.200 I/PAL: SpeakerProtectionTI( 1530): spkrProtProcessingMode: 792: pcm start for TX
04-05 22:05:06.200 D/AGM: graph( 1530): graph_prepare: 833 entry graph_handle 0x47534c
04-05 22:05:06.200 D/AGM: graph_module( 1530): configure_hw_ep_media_config: 640 entry mod tag c0000005 miid 4589 mid 700100f
04-05 22:05:06.200 D/AGM: graph_module( 1530): configure_hw_ep_media_config: 670 rate 48000 bw 24 ch 4, data_fmt 1
04-05 22:05:06.201 D/AGM: graph_module( 1530): configure_hw_ep_media_config: 680 exit, ret 0
04-05 22:05:06.201 D/AGM: graph_module( 1530): configure_tdm_ep: 456 exit, ret 0
04-05 22:05:06.201 D/AGM: graph( 1530): graph_prepare: 911 exit, ret 0
04-05 22:05:06.201 D/AGM: graph( 1530): graph_start: 925 entry graph_handle 0x47534c
04-05 22:05:06.203 D/AGM: graph( 1530): graph_start: 938 exit, ret 0
04-05 22:05:06.203 I/PAL: SessionAlsaUtils( 1530): setDeviceMediaConfig: 1063: TDM-LPAIF-RX-PRIMARY rate ch fmt data_fmt 48000 2 6 1
04-05 22:05:06.203 I/PAL: ResourceManager( 1530): voteSleepMonitor: 2233: Voting done for nlpi use case, lpi votes 0, nlpi votes : 1
04-05 22:05:06.203 I/BtGatt.ScanHelper( 3694): onScanResult to scannerId: 5- eventType=0x10, addressType=0, address=XX:XX:XX:XX:C0:CC, primaryPhy=1, secondaryPhy=0, advertisingSid=0xff, txPower=127, rssi=-75, periodicAdvInt=0x0
04-05 22:05:06.203 D/agm_client_wrapper( 1530): agm_session_open called with handle = ec142bb0 , *handle = 0
04-05 22:05:06.204 I/[+0900]oneconnect[1.8.45.11_01][CORE]( 9893): BleParserForDaDevice.parseBlePacket - DeviceBleDa : [name]($)-D(11)[BleMac]($)1C:E8[DeviceType]DEHUMIDIFIER[DeviceInfoVersion]0[DeviceStatus]-128,
04-05 22:05:06.208 D/AGM: graph( 1530): graph_open: 575 entry
04-05 22:05:06.208 D/AGM: metadata( 1530): metadata_print: 79 *************************Metadata*************************
04-05 22:05:06.208 D/AGM: metadata( 1530): metadata_print: 80 GKV size:4
04-05 22:05:06.208 D/AGM: metadata( 1530): metadata_print: 83 key:0xa1000000, value:0xa100000e 
04-05 22:05:06.208 D/AGM: metadata( 1530): metadata_print: 83 key:0xab000000, value:0x1 
04-05 22:05:06.208 D/AGM: metadata( 1530): metadata_print: 83 key:0xa2000000, value:0xa2000001 
04-05 22:05:06.208 D/AGM: metadata( 1530): metadata_print: 83 key:0xac000000, value:0xac000002 
04-05 22:05:06.208 D/AGM: metadata( 1530): metadata_print: 87 
04-05 22:05:06.208 D/AGM: metadata( 1530): CKV count:2
04-05 22:05:06.208 D/AGM: metadata( 1530): metadata_print: 90 key:0xa4000000, value:0xf 
04-05 22:05:06.208 D/AGM: metadata( 1530): metadata_print: 90 key:0xd2000000, value:0x0 
04-05 22:05:06.208 D/AGM: metadata( 1530): metadata_print: 92 
04-05 22:05:06.208 D/AGM: metadata( 1530): metadata_print: 94 Property ID:134217744
04-05 22:05:06.208 D/AGM: metadata( 1530): metadata_print: 95 property count:4
04-05 22:05:06.208 D/AGM: metadata( 1530): metadata_print: 98 Property Values: 
04-05 22:05:06.208 D/AGM: metadata( 1530): metadata_print: 100 0x1 
04-05 22:05:06.208 D/AGM: metadata( 1530): metadata_print: 100 0x3 
04-05 22:05:06.208 D/AGM: metadata( 1530): metadata_print: 100 0x2 
04-05 22:05:06.208 D/AGM: metadata( 1530): metadata_print: 100 0x5 
04-05 22:05:06.208 D/AGM: metadata( 1530): metadata_print: 102 
04-05 22:05:06.208 D/AGM: metadata( 1530): metadata_print: 103 ****************Metadata Done***************************
04-05 22:05:06.208 D/AGM: metadata( 1530): 
04-05 22:05:06.208 I/AGM: graph( 1530): print_graph_alias: 2362 GKV Alias 32 | StreamRX_PCM_LL_Playback_DeviceRX_Speaker_Instance_Instance_1_DevicePP_Rx_Audio_MBDRC
04-05 22:05:06.208 D/AGM: graph( 1530): graph_open: 655 miid 40bd mid 7001000 tag c0000002
04-05 22:05:06.208 D/AGM: graph( 1530): graph_open: 703 miid 43b1 mid 700100e tag c0000004
04-05 22:05:06.208 D/AGM: graph( 1530): graph_open: 655 miid 40c4 mid 7001019 tag c0000006
04-05 22:05:06.208 D/AGM: graph( 1530): graph_open: 655 miid 40bf mid 7001005 tag c000000e
04-05 22:05:06.208 D/AGM: graph( 1530): graph_open: 655 miid 40c0 mid 7001003 tag c0000010
04-05 22:05:06.208 D/AGM: graph( 1530): graph_open: 655 miid 4165 mid 7001032 tag c0000013
04-05 22:05:06.208 I/GPR:    ( 1530): vendor/qcom/proprietary/args/gpr/core/src/gpr_drv.c:__gpr_cmd_register_v2:931 GPR Register: Source Port is 8209 heap_index: 0
04-05 22:05:06.210 I/BtGatt.ScanHelper( 3694): onScanResult to scannerId: 5- eventType=0x1b, addressType=1, address=XX:XX:XX:XX:C9:2B, primaryPhy=1, secondaryPhy=0, advertisingSid=0xff, txPower=127, rssi=-66, periodicAdvInt=0x0
04-05 22:05:06.211 E/ACDB    ( 1530): vendor/qcom/proprietary/args/acdb/src/acdb_command.c:AcdbCmdGetProcSubgraphCalDataPersist:8247 Error[19]: No calibration found
04-05 22:05:06.211 E/ACDB    ( 1530): vendor/qcom/proprietary/args/acdb/src/acdb_command.c:AcdbCmdGetProcSubgraphCalDataPersist:8247 Error[19]: No calibration found
04-05 22:05:06.211 E/ACDB    ( 1530): vendor/qcom/proprietary/args/acdb/src/acdb_command.c:AcdbCmdGetProcSubgraphCalDataPersist:8247 Error[19]: No calibration found
04-05 22:05:06.211 E/ACDB    ( 1530): vendor/qcom/proprietary/args/acdb/src/acdb_command.c:AcdbCmdGetProcSubgraphCalDataPersist:8247 Error[19]: No calibration found
04-05 22:05:06.211 D/AGM: graph( 1530): graph_open: 735 graph_handle 0x147534c
04-05 22:05:06.211 D/AGM: graph( 1530): graph_open: 771 exit, ret 0
04-05 22:05:06.211 D/AGM: graph( 1530): graph_set_config: 1137 entry graph_handle 0x147534c
04-05 22:05:06.212 D/AGM: graph( 1530): graph_set_config: 1145 exit, graph handle 0x147534c, ret 0
04-05 22:05:06.212 D/agm_client_wrapper( 1530): agm_session_open Received handle = 0x73ec142bb0 , *handle = b40000745390d2d0
04-05 22:05:06.212 D/PLUGIN: pcm( 1530): agm_pcm_hw_params: 491 agm_pcm_hw_params: mode: 0
04-05 22:05:06.212 I/PAL: PayloadBuilder( 1530): payloadMFCConfig: 826: sample_rate:48000 bit_width:24 num_channels:2 Miid:16584
04-05 22:05:06.212 I/PAL: Session( 1530): updateCustomPayload: 621: customPayloadSize = 32
04-05 22:05:06.212 D/AGM: graph( 1530): graph_set_config: 1137 entry graph_handle 0x147534c
04-05 22:05:06.212 D/AGM: graph( 1530): graph_set_config: 1145 exit, graph handle 0x147534c, ret 0
04-05 22:05:06.212 I/PAL: Session( 1530): updateCustomPayload: 621: customPayloadSize = 40
04-05 22:05:06.212 D/AGM: graph( 1530): graph_set_config: 1137 entry graph_handle 0x147534c
04-05 22:05:06.212 D/AGM: graph( 1530): graph_set_config: 1145 exit, graph handle 0x147534c, ret 0
04-05 22:05:06.213 E/ACDB    ( 1530): vendor/qcom/proprietary/args/acdb/src/acdb_command.c:AcdbCmdGetProcSubgraphCalDataPersist:8247 Error[19]: No calibration found
04-05 22:05:06.213 E/ACDB    ( 1530): vendor/qcom/proprietary/args/acdb/src/acdb_command.c:AcdbCmdGetProcSubgraphCalDataPersist:8247 Error[19]: No calibration found
04-05 22:05:06.213 E/ACDB    ( 1530): vendor/qcom/proprietary/args/acdb/src/acdb_command.c:AcdbCmdGetProcSubgraphCalDataPersist:8247 Error[19]: No calibration found
04-05 22:05:06.213 E/ACDB    ( 1530): vendor/qcom/proprietary/args/acdb/src/acdb_command.c:AcdbCmdGetProcSubgraphCalDataPersist:8247 Error[19]: No calibration found
04-05 22:05:06.213 D/AGM: graph( 1530): graph_prepare: 833 entry graph_handle 0x147534c
04-05 22:05:06.213 D/AGM: graph_module( 1530): configure_pcm_shared_mem_ep: 1704 entry mod tag c0000002 miid 40bd mid 7001000
04-05 22:05:06.213 D/AGM: graph_module( 1530): configure_pcm_shared_mem_ep: 1780 exit, ret 0
04-05 22:05:06.213 D/AGM: graph_module( 1530): configure_hw_ep_media_config: 640 entry mod tag c0000004 miid 43b1 mid 700100e
04-05 22:05:06.213 D/AGM: graph_module( 1530): configure_hw_ep_media_config: 670 rate 48000 bw 24 ch 2, data_fmt 1
04-05 22:05:06.213 D/AGM: graph_module( 1530): configure_hw_ep_media_config: 680 exit, ret 0
04-05 22:05:06.213 D/AGM: graph_module( 1530): configure_tdm_ep: 456 exit, ret 0
04-05 22:05:06.213 D/AGM: graph_module( 1530): configure_output_media_format: 763 entry mod tag c000000e miid 40bf mid 7001005
04-05 22:05:06.213 D/AGM: graph_module( 1530): configure_output_media_format: 894 exit, ret 0
04-05 22:05:06.213 D/AGM: graph_module( 1530): configure_output_media_format: 763 entry mod tag c0000010 miid 40c0 mid 7001003
04-05 22:05:06.213 D/AGM: graph_module( 1530): configure_output_media_format: 894 exit, ret 0
04-05 22:05:06.213 D/AGM: graph_module( 1530): configure_spr: 1908 SPR module IID 4165
04-05 22:05:06.213 D/AGM: graph_module( 1530): configure_spr: 1931 HW EP module IID 43b1
04-05 22:05:06.214 D/AGM: graph( 1530): configure_buffer_params: 204 Enter
04-05 22:05:06.214 D/AGM: graph( 1530): configure_buffer_params: 267 Playback sess buf_sz 1536 num_bufs 2
04-05 22:05:06.214 E/AGM: graph( 1530): configure_buffer_params: 300 Unsupported buffer mode : 0, Default to Blocking
04-05 22:05:06.214 D/AGM: graph( 1530): configure_buffer_params: 320 exit, ret 0
04-05 22:05:06.216 I/BtGatt.ScanHelper( 3694): onScanResult to scannerId: 3- eventType=0x1b, addressType=0, address=XX:XX:XX:XX:F2:35, primaryPhy=1, secondaryPhy=0, advertisingSid=0xff, txPower=127, rssi=-71, periodicAdvInt=0x0
04-05 22:05:06.216 I/BtGatt.ScanHelper( 3694): onScanResult to scannerId: 5- eventType=0x1b, addressType=0, address=XX:XX:XX:XX:F2:35, primaryPhy=1, secondaryPhy=0, advertisingSid=0xff, txPower=127, rssi=-71, periodicAdvInt=0x0
04-05 22:05:06.216 D/AGM: graph( 1530): graph_prepare: 911 exit, ret 0
04-05 22:05:06.216 D/AGM: graph( 1530): graph_start: 925 entry graph_handle 0x147534c
04-05 22:05:06.217 D/[+0900]oneconnect[1.8.45.11_01][CORE]( 9893): BleParserForVD.parseTvPacket - (Extension)|name:($)-[(16)|deviceType:UNKNOWN|discoverType:_BLE|services:None|connected:false[Type]6[Index]1[MNID]0AJK[SETUPID]101[TvStatusString]EXTENSION[TvStatus]32[TvService]103[TvMirrorChannel]0[TvRegisteredDB]null[TvYear]2018[TvOcfInfo]7[TvAcmStatus]0[ExTvStatus]2[ExtendedStatus]0[ModuloSn]0
