--------- beginning of main
04-05 22:05:05.351 I/BtGatt.ScanHelper( 3694): onScanResult to scannerId: 5- eventType=0x1b, addressType=1, address=XX:XX:XX:XX:90:4E, primaryPhy=1, secondaryPhy=0, advertisingSid=0xff, txPower=127, rssi=-66, periodicAdvInt=0x0
04-05 22:05:05.374 I/BtGatt.ScanHelper( 3694): onScanResult to scannerId: 5- eventType=0x1b, addressType=1, address=XX:XX:XX:XX:42:56, primaryPhy=1, secondaryPhy=0, advertisingSid=0xff, txPower=127, rssi=-66, periodicAdvInt=0x0
04-05 22:05:05.392 I/BtGatt.ScanHelper( 3694): onScanResult to scannerId: 5- eventType=0x1b, addressType=1, address=XX:XX:XX:XX:C9:2B, primaryPhy=1, secondaryPhy=0, advertisingSid=0xff, txPower=127, rssi=-66, periodicAdvInt=0x0
04-05 22:05:05.423 I/BtGatt.ScanHelper( 3694): onScanResult to scannerId: 5- eventType=0x1b, addressType=1, address=XX:XX:XX:XX:6E:D2, primaryPhy=1, secondaryPhy=0, advertisingSid=0xff, txPower=127, rssi=-65, periodicAdvInt=0x0
04-05 22:05:05.439 I/BtGatt.ScanHelper( 3694): onScanResult to scannerId: 5- eventType=0x10, addressType=1, address=XX:XX:XX:XX:4E:75, primaryPhy=1, secondaryPhy=0, advertisingSid=0xff, txPower=127, rssi=-57, periodicAdvInt=0x0
04-05 22:05:05.440 I/BtGatt.ScanHelper( 3694): onScanResult to scannerId: 5- eventType=0x10, addressType=1, address=XX:XX:XX:XX:BE:23, primaryPhy=1, secondaryPhy=0, advertisingSid=0xff, txPower=127, rssi=-61, periodicAdvInt=0x0
04-05 22:05:05.446 I/BtGatt.ScanHelper( 3694): onScanResult to scannerId: 5- eventType=0x10, addressType=1, address=XX:XX:XX:XX:B8:A0, primaryPhy=1, secondaryPhy=0, advertisingSid=0xff, txPower=127, rssi=-69, periodicAdvInt=0x0
04-05 22:05:05.447 I/BtGatt.ScanHelper( 3694): onScanResult to scannerId: 9- eventType=0x10, addressType=1, address=XX:XX:XX:XX:B8:A0, primaryPhy=1, secondaryPhy=0, advertisingSid=0xff, txPower=127, rssi=-69, periodicAdvInt=0x0
04-05 22:05:05.484 I/BtGatt.ScanHelper( 3694): onScanResult to scannerId: 5- eventType=0x1b, addressType=1, address=XX:XX:XX:XX:B3:97, primaryPhy=1, secondaryPhy=0, advertisingSid=0xff, txPower=127, rssi=-82, periodicAdvInt=0x0
04-05 22:05:05.515 I/BtGatt.ScanHelper( 3694): onScanResult to scannerId: 9- eventType=0x0, addressType=1, address=XX:XX:XX:XX:99:83, primaryPhy=1, secondaryPhy=1, advertisingSid=0x5, txPower=127, rssi=-61, periodicAdvInt=0x0
04-05 22:05:05.521 I/BtGatt.ScanHelper( 3694): onScanResult to scannerId: 5- eventType=0x1a, addressType=1, address=XX:XX:XX:XX:3D:98, primaryPhy=1, secondaryPhy=0, advertisingSid=0xff, txPower=127, rssi=-68, periodicAdvInt=0x0
04-05 22:05:05.524 I/BtGatt.ScanHelper( 3694): onScanResult to scannerId: 5- eventType=0x1b, addressType=1, address=XX:XX:XX:XX:C9:2B, primaryPhy=1, secondaryPhy=0, advertisingSid=0xff, txPower=127, rssi=-66, periodicAdvInt=0x0
04-05 22:05:05.546 I/BtGatt.ScanHelper( 3694): onScanResult to scannerId: 5- eventType=0x10, addressType=1, address=XX:XX:XX:XX:4E:75, primaryPhy=1, secondaryPhy=0, advertisingSid=0xff, txPower=127, rssi=-56, periodicAdvInt=0x0
04-05 22:05:05.580 I/BtGatt.ScanHelper( 3694): onScanResult to scannerId: 5- eventType=0x10, addressType=0, address=XX:XX:XX:XX:C2:A3, primaryPhy=1, secondaryPhy=0, advertisingSid=0xff, txPower=127, rssi=-50, periodicAdvInt=0x0
04-05 22:05:05.583 I/BtGatt.ScanHelper( 3694): onScanResult to scannerId: 5- eventType=0x10, addressType=0, address=XX:XX:XX:XX:C0:CC, primaryPhy=1, secondaryPhy=0, advertisingSid=0xff, txPower=127, rssi=-76, periodicAdvInt=0x0
04-05 22:05:05.587 I/[+0900]oneconnect[1.8.45.11_01][CORE]( 9893): BleParserForDaDevice.parseBlePacket - DeviceBleDa : [name]($)-A(11)[BleMac]($)40:CA[DeviceType]AIR_PURIFIER[DeviceInfoVersion]0[DeviceStatus]-128,
04-05 22:05:05.591 I/ActivityManager( 2531): Broadcasting: Intent { act=com.iotpart.sqe.talkbackhelper.GET_FOCUS flg=0x400000 pkg=com.iotpart.sqe.talkbackhelper (has extras) }
04-05 22:05:05.592 I/[+0900]oneconnect[1.8.45.11_01][CORE]( 9893): BleParserForDaDevice.parseBlePacket - DeviceBleDa : [name]($)-D(11)[BleMac]($)1C:E8[DeviceType]DEHUMIDIFIER[DeviceInfoVersion]0[DeviceStatus]-128,
--------- beginning of system
04-05 22:05:05.592 I/ActivityManager( 2531): Enqueued broadcast Intent { act=com.iotpart.sqe.talkbackhelper.GET_FOCUS flg=0x400000 pkg=com.iotpart.sqe.talkbackhelper (has extras) }: 0
04-05 22:05:05.601 I/SeslTouchTargetDelegate(10006): SeslTouchTargetDelegate does not support accessibility because it cannot support multi-touch delegation with AOSP View
04-05 22:05:05.602 D/A11Y_FOCUS_SNAPSHOT( 2771): mergedLabel=Notifications class=android.view.ViewGroup id=null
04-05 22:05:05.603 I/A11Y_HELPER( 2771): FOCUS_UPDATE {"timestamp":1775394305602,"schemaVersion":"1.2.0","snapshotBuilderVersion":"1.2.0","packageName":"com.samsung.android.oneconnect","className":"android.view.ViewGroup","viewIdResourceName":null,"text":null,"contentDescription":null,"mergedLabel":"Notifications","talkbackLabel":"Notifications","clickable":true,"focusable":true,"focused":true,"accessibilityFocused":true,"visibleToUser":true,"isVisibleToUser":true,"selected":false,"checkable":false,"checked":false,"enabled":true,"boundsInScreen":{"l":30,"t":1167,"r":1050,"b":1335,"left":30,"top":1167,"right":1050,"bottom":1335},"children":[{"text":"Notifications","contentDescription":null,"className":"android.widget.TextView","viewIdResourceName":"com.samsung.android.oneconnect:id\/noti_title","clickable":false,"focusable":false,"accessibilityFocused":false,"visibleToUser":true,"boundsInScreen":{"l":84,"t":1216,"r":373,"b":1286},"children":[]},{"text":null,"contentDescription":"Notifications","className":"android.widget.Switch","viewIdResourceName":"com.samsung.android.oneconnect:id\/notification_item_switch","clickable":true,"focusable":true,"accessibilityFocused":false,"visibleToUser":true,"boundsInScreen":{"l":840,"t":1184,"r":996,"b":1319},"children":[]}]}
04-05 22:05:05.604 I/A11Y_HELPER( 2771): FOCUS_RESULT {"timestamp":1775394305602,"schemaVersion":"1.2.0","snapshotBuilderVersion":"1.2.0","packageName":"com.samsung.android.oneconnect","className":"android.view.ViewGroup","viewIdResourceName":null,"text":null,"contentDescription":null,"mergedLabel":"Notifications","talkbackLabel":"Notifications","clickable":true,"focusable":true,"focused":true,"accessibilityFocused":true,"visibleToUser":true,"isVisibleToUser":true,"selected":false,"checkable":false,"checked":false,"enabled":true,"boundsInScreen":{"l":30,"t":1167,"r":1050,"b":1335,"left":30,"top":1167,"right":1050,"bottom":1335},"children":[{"text":"Notifications","contentDescription":null,"className":"android.widget.TextView","viewIdResourceName":"com.samsung.android.oneconnect:id\/noti_title","clickable":false,"focusable":false,"accessibilityFocused":false,"visibleToUser":true,"boundsInScreen":{"l":84,"t":1216,"r":373,"b":1286},"children":[]},{"text":null,"contentDescription":"Notifications","className":"android.widget.Switch","viewIdResourceName":"com.samsung.android.oneconnect:id\/notification_item_switch","clickable":true,"focusable":true,"accessibilityFocused":false,"visibleToUser":true,"boundsInScreen":{"l":840,"t":1184,"r":996,"b":1319},"children":[]}],"reqId":"00e37374"}
04-05 22:05:05.607 I/ActivityManager( 2531): Broadcast completed: result=0
04-05 22:05:05.614 I/BtGatt.ScanHelper( 3694): onScanResult to scannerId: 5- eventType=0x1b, addressType=1, address=XX:XX:XX:XX:E4:95, primaryPhy=1, secondaryPhy=0, advertisingSid=0xff, txPower=127, rssi=-85, periodicAdvInt=0x0
04-05 22:05:05.649 I/BtGatt.ScanHelper( 3694): onScanResult to scannerId: 5- eventType=0x1b, addressType=1, address=XX:XX:XX:XX:42:56, primaryPhy=1, secondaryPhy=0, advertisingSid=0xff, txPower=127, rssi=-66, periodicAdvInt=0x0
04-05 22:05:05.655 I/BtGatt.ScanHelper( 3694): onScanResult to scannerId: 5- eventType=0x10, addressType=1, address=XX:XX:XX:XX:4E:75, primaryPhy=1, secondaryPhy=0, advertisingSid=0xff, txPower=127, rssi=-57, periodicAdvInt=0x0
04-05 22:05:05.658 I/BtGatt.ScanHelper( 3694): onScanResult to scannerId: 5- eventType=0x1b, addressType=1, address=XX:XX:XX:XX:C9:2B, primaryPhy=1, secondaryPhy=0, advertisingSid=0xff, txPower=127, rssi=-67, periodicAdvInt=0x0
04-05 22:05:05.675 I/BtGatt.ScanHelper( 3694): onScanResult to scannerId: 5- eventType=0x1b, addressType=1, address=XX:XX:XX:XX:05:A4, primaryPhy=1, secondaryPhy=0, advertisingSid=0xff, txPower=127, rssi=-86, periodicAdvInt=0x0
04-05 22:05:05.689 I/BtGatt.ScanHelper( 3694): onScanResult to scannerId: 5- eventType=0x10, addressType=0, address=XX:XX:XX:XX:39:BD, primaryPhy=1, secondaryPhy=0, advertisingSid=0xff, txPower=127, rssi=-82, periodicAdvInt=0x0
04-05 22:05:05.693 I/BtGatt.ScanHelper( 3694): onScanResult to scannerId: 5- eventType=0x1b, addressType=1, address=XX:XX:XX:XX:6E:D2, primaryPhy=1, secondaryPhy=0, advertisingSid=0xff, txPower=127, rssi=-66, periodicAdvInt=0x0
04-05 22:05:05.694 D/[+0900]oneconnect[1.8.45.11_01][CORE]( 9893): BleParserForVD.parseTvPacket - |name:null|deviceType:TV|discoverType:_BLE|services:None|connected:false[TvStatusString]POWER_OFF[TvStatus]-128[TvService]96[TvMirrorChannel]1[TvRegisteredDB][98, -106, 45, -14, -105, 126][TvYear]2016[TvOcfInfo]0[TvAcmStatus]0[ExTvStatus]0[ExtendedStatus]-1[ModuloSn]-1
04-05 22:05:05.695 I/[+0900]oneconnect[1.8.45.11_01][CORE]( 9893): DataConvert.parseBleVd - deviceBle : |name:|deviceType:TV|discoverType:_BLE|services:None|connected:false[TvStatusString]POWER_OFF[TvStatus]-128[TvService]96[TvMirrorChannel]1[TvRegisteredDB][98, -106, 45, -14, -105, 126][TvYear]2016[TvOcfInfo]0[TvAcmStatus]0[ExTvStatus]0[ExtendedStatus]-1[ModuloSn]-1
04-05 22:05:05.716 I/BtGatt.ScanHelper( 3694): onScanResult to scannerId: 5- eventType=0x10, addressType=0, address=XX:XX:XX:XX:44:75, primaryPhy=1, secondaryPhy=0, advertisingSid=0xff, txPower=127, rssi=-90, periodicAdvInt=0x0
04-05 22:05:05.721 D/[+0900]oneconnect[1.8.45.11_01][CORE]( 9893): BleParserForVD.parseTvPacket - |name:null|deviceType:TV|discoverType:_BLE|services:None|connected:false[TvStatusString]POWER_OFF[TvStatus]-128[TvService]102[TvMirrorChannel]1[TvRegisteredDB][-58, -100, -57, -29, 0, 0][TvYear]2016[TvOcfInfo]0[TvAcmStatus]0[ExTvStatus]0[ExtendedStatus]-1[ModuloSn]-1
04-05 22:05:05.722 I/[+0900]oneconnect[1.8.45.11_01][CORE]( 9893): DataConvert.parseBleVd - deviceBle : |name:|deviceType:TV|discoverType:_BLE|services:None|connected:false[TvStatusString]POWER_OFF[TvStatus]-128[TvService]102[TvMirrorChannel]1[TvRegisteredDB][-58, -100, -57, -29, 0, 0][TvYear]2016[TvOcfInfo]0[TvAcmStatus]0[ExTvStatus]0[ExtendedStatus]-1[ModuloSn]-1
04-05 22:05:05.732 I/BtGatt.ScanHelper( 3694): onScanResult to scannerId: 5- eventType=0x10, addressType=1, address=XX:XX:XX:XX:B8:A0, primaryPhy=1, secondaryPhy=0, advertisingSid=0xff, txPower=127, rssi=-69, periodicAdvInt=0x0
04-05 22:05:05.732 I/BtGatt.ScanHelper( 3694): onScanResult to scannerId: 9- eventType=0x10, addressType=1, address=XX:XX:XX:XX:B8:A0, primaryPhy=1, secondaryPhy=0, advertisingSid=0xff, txPower=127, rssi=-69, periodicAdvInt=0x0
04-05 22:05:05.740 I/BtGatt.ScanHelper( 3694): onScanResult to scannerId: 5- eventType=0x1b, addressType=1, address=XX:XX:XX:XX:84:58, primaryPhy=1, secondaryPhy=0, advertisingSid=0xff, txPower=127, rssi=-81, periodicAdvInt=0x0
04-05 22:05:05.759 I/BtGatt.ScanHelper( 3694): onScanResult to scannerId: 5- eventType=0x10, addressType=1, address=XX:XX:XX:XX:4E:75, primaryPhy=1, secondaryPhy=0, advertisingSid=0xff, txPower=127, rssi=-57, periodicAdvInt=0x0
04-05 22:05:05.770 I/BtGatt.ScanHelper( 3694): onScanResult to scannerId: 5- eventType=0x1b, addressType=1, address=XX:XX:XX:XX:24:DB, primaryPhy=1, secondaryPhy=0, advertisingSid=0xff, txPower=127, rssi=-60, periodicAdvInt=0x0
04-05 22:05:05.778 I/BtGatt.ScanHelper( 3694): onScanResult to scannerId: 5- eventType=0x10, addressType=0, address=XX:XX:XX:XX:6C:F8, primaryPhy=1, secondaryPhy=0, advertisingSid=0xff, txPower=127, rssi=-80, periodicAdvInt=0x0
04-05 22:05:05.783 I/[+0900]oneconnect[1.8.45.11_01][CORE]( 9893): BleParserForDaDevice.parseBlePacket - DeviceBleDa : [name]($)-A(11)[BleMac]($)40:CA[DeviceType]AIR_PURIFIER[DeviceInfoVersion]0[DeviceStatus]-127,
04-05 22:05:05.796 I/BtGatt.ScanHelper( 3694): onScanResult to scannerId: 5- eventType=0x1b, addressType=1, address=XX:XX:XX:XX:E4:95, primaryPhy=1, secondaryPhy=0, advertisingSid=0xff, txPower=127, rssi=-86, periodicAdvInt=0x0
04-05 22:05:05.802 I/BtGatt.ScanHelper( 3694): onScanResult to scannerId: 9- eventType=0x0, addressType=1, address=XX:XX:XX:XX:99:83, primaryPhy=1, secondaryPhy=1, advertisingSid=0x5, txPower=127, rssi=-68, periodicAdvInt=0x0
04-05 22:05:05.841 I/vendor.qti.bluetooth@1.1-ibs_handler( 1531): ProcessIbsCmd: Received IBS_SLEEP_IND: 0xFE
04-05 22:05:05.842 D/vendor.qti.bluetooth@1.1-ibs_handler( 1531): SerialClockVote: vote for UART CLK OFF
04-05 22:05:05.864 I/vendor.qti.bluetooth@1.1-ibs_handler( 1531): ProcessIbsCmd: Received IBS_WAKE_IND: 0xFD
04-05 22:05:05.864 D/vendor.qti.bluetooth@1.1-ibs_handler( 1531): SerialClockVote: vote for UART CLK ON
04-05 22:05:05.864 I/vendor.qti.bluetooth@1.1-ibs_handler( 1531): ProcessIbsCmd: Writing IBS_WAKE_ACK
04-05 22:05:05.869 I/BtGatt.ScanHelper( 3694): onScanResult to scannerId: 5- eventType=0x10, addressType=1, address=XX:XX:XX:XX:4E:75, primaryPhy=1, secondaryPhy=0, advertisingSid=0xff, txPower=127, rssi=-57, periodicAdvInt=0x0
04-05 22:05:05.890 I/sensors-hal( 1542): handle_sns_std_sensor_event:409, [SSC_LIGHT] P: 37(37),c:250,b:11,m:13,cl:4,l:37,s:36,l0:3536,l1:0,s0:3069,s1:0,acl:1,opr:0.93,f(r):93,u(bl):100,if:0,wi:0,si:2,po:101(N:0)
04-05 22:05:05.892 I/BtGatt.ScanHelper( 3694): onScanResult to scannerId: 5- eventType=0x10, addressType=0, address=XX:XX:XX:XX:C0:CC, primaryPhy=1, secondaryPhy=0, advertisingSid=0xff, txPower=127, rssi=-76, periodicAdvInt=0x0
04-05 22:05:05.897 I/[+0900]oneconnect[1.8.45.11_01][CORE]( 9893): BleParserForDaDevice.parseBlePacket - DeviceBleDa : [name]($)-D(11)[BleMac]($)1C:E8[DeviceType]DEHUMIDIFIER[DeviceInfoVersion]0[DeviceStatus]-128,
04-05 22:05:05.911 I/BtGatt.ScanHelper( 3694): onScanResult to scannerId: 5- eventType=0x10, addressType=1, address=XX:XX:XX:XX:98:F9, primaryPhy=1, secondaryPhy=0, advertisingSid=0xff, txPower=127, rssi=-69, periodicAdvInt=0x0
04-05 22:05:05.912 I/BtGatt.ScanHelper( 3694): onScanResult to scannerId: 9- eventType=0x10, addressType=1, address=XX:XX:XX:XX:98:F9, primaryPhy=1, secondaryPhy=0, advertisingSid=0xff, txPower=127, rssi=-69, periodicAdvInt=0x0
04-05 22:05:05.936 I/BtGatt.ScanHelper( 3694): onScanResult to scannerId: 9- eventType=0x0, addressType=1, address=XX:XX:XX:XX:ED:10, primaryPhy=1, secondaryPhy=1, advertisingSid=0x5, txPower=127, rssi=-89, periodicAdvInt=0x0
04-05 22:05:05.943 I/BtGatt.ScanHelper( 3694): onScanResult to scannerId: 5- eventType=0x1b, addressType=1, address=XX:XX:XX:XX:05:A4, primaryPhy=1, secondaryPhy=0, advertisingSid=0xff, txPower=127, rssi=-85, periodicAdvInt=0x0
04-05 22:05:05.964 I/BtGatt.ScanHelper( 3694): onScanResult to scannerId: 5- eventType=0x1b, addressType=1, address=XX:XX:XX:XX:6E:D2, primaryPhy=1, secondaryPhy=0, advertisingSid=0xff, txPower=127, rssi=-67, periodicAdvInt=0x0
04-05 22:05:05.968 I/BtGatt.ScanHelper( 3694): onScanResult to scannerId: 5- eventType=0x1b, addressType=1, address=XX:XX:XX:XX:FB:57, primaryPhy=1, secondaryPhy=0, advertisingSid=0xff, txPower=127, rssi=-85, periodicAdvInt=0x0
04-05 22:05:05.970 I/BtGatt.ScanHelper( 3694): onScanResult to scannerId: 5- eventType=0x10, addressType=1, address=XX:XX:XX:XX:4E:75, primaryPhy=1, secondaryPhy=0, advertisingSid=0xff, txPower=127, rssi=-57, periodicAdvInt=0x0
04-05 22:05:05.981 I/BtGatt.ScanHelper( 3694): onScanResult to scannerId: 5- eventType=0x1b, addressType=1, address=XX:XX:XX:XX:E4:95, primaryPhy=1, secondaryPhy=0, advertisingSid=0xff, txPower=127, rssi=-87, periodicAdvInt=0x0
04-05 22:05:05.994 D/AndroidRuntime( 8681): >>>>>> START com.android.internal.os.RuntimeInit uid 2000 <<<<<<
04-05 22:05:05.998 I/AndroidRuntime( 8681): Using default boot image
04-05 22:05:05.998 I/AndroidRuntime( 8681): Leaving lock profiling enabled
04-05 22:05:05.998 D/SecNativeFeatureCppIf( 8681): encoded
04-05 22:05:05.998 D/SecNativeFeatureCppIf( 8681): decoding and unzip finish
04-05 22:05:05.998 D/SecNativeFeatureCppIf( 8681): use unCompDataBuff. encoded
04-05 22:05:05.998 D/SecNativeFeatureCppIf( 8681): Free unCompDataBuff
04-05 22:05:05.998 D/AndroidRuntime( 8681): addProductProperty not brand or 7
04-05 22:05:06.000 I/app_process( 8681): Using CollectorTypeCMC GC.
04-05 22:05:06.002 I/BtGatt.ScanHelper( 3694): onScanResult to scannerId: 5- eventType=0x10, addressType=1, address=XX:XX:XX:XX:BE:23, primaryPhy=1, secondaryPhy=0, advertisingSid=0xff, txPower=127, rssi=-63, periodicAdvInt=0x0
04-05 22:05:06.015 I/BtGatt.ScanHelper( 3694): onScanResult to scannerId: 5- eventType=0x10, addressType=1, address=XX:XX:XX:XX:B8:A0, primaryPhy=1, secondaryPhy=0, advertisingSid=0xff, txPower=127, rssi=-70, periodicAdvInt=0x0
04-05 22:05:06.016 I/BtGatt.ScanHelper( 3694): onScanResult to scannerId: 9- eventType=0x10, addressType=1, address=XX:XX:XX:XX:B8:A0, primaryPhy=1, secondaryPhy=0, advertisingSid=0xff, txPower=127, rssi=-70, periodicAdvInt=0x0
04-05 22:05:06.021 I/BtGatt.ScanHelper( 3694): onScanResult to scannerId: 5- eventType=0x1b, addressType=0, address=XX:XX:XX:XX:75:E9, primaryPhy=1, secondaryPhy=0, advertisingSid=0xff, txPower=127, rssi=-62, periodicAdvInt=0x0
04-05 22:05:06.031 D/nativeloader( 8681): InitDefaultPublicLibraries for_preload=1: libandroid.so:libaaudio.so:libamidi.so:libbinder_ndk.so:libc.so:libcamera2ndk.so:libdl.so:libEGL.so:libGLESv1_CM.so:libGLESv2.so:libGLESv3.so:libicu.so:libicui18n.so:libicuuc.so:libjnigraphics.so:liblog.so:libmediandk.so:libm.so:libnativehelper.so:libnativewindow.so:libOpenMAXAL.so:libOpenSLES.so:libRS.so:libstdc++.so:libsync.so:libvulkan.so:libwebviewchromium_plat_support.so:libz.so
04-05 22:05:06.038 D/nativeloader( 8681): Load libicu_jni.so using APEX ns com_android_art for caller /apex/com.android.art/javalib/core-oj.jar: ok
04-05 22:05:06.038 D/app_process( 8681): u_setTimeZoneFilesDirectory("/apex/com.android.tzdata/etc/tz/versioned/8/icu") succeeded. 
04-05 22:05:06.038 D/app_process( 8681): I18n APEX ICU file found: /apex/com.android.i18n/etc/icu/icudt75l.dat
04-05 22:05:06.038 D/nativeloader( 8681): Load libjavacore.so using APEX ns com_android_art for caller /apex/com.android.art/javalib/core-oj.jar: ok
04-05 22:05:06.039 D/nativeloader( 8681): Load libopenjdk.so using APEX ns com_android_art for caller /apex/com.android.art/javalib/core-oj.jar: ok
04-05 22:05:06.039 I/app_process( 8681): Priority-to-niceness mapping: 19, 16, 13, 10, 0, -2, -4, -5, -6, -8
04-05 22:05:06.055 E/SemDvfsManager_JNI( 8681): SemDvfsManager: registerfunction enter
04-05 22:05:06.055 E/SemAffinityControl( 8681): SemAffinityControl: registerfunction enter
04-05 22:05:06.055 I/BtGatt.ScanHelper( 3694): onScanResult to scannerId: 5- eventType=0x1b, addressType=1, address=XX:XX:XX:XX:42:56, primaryPhy=1, secondaryPhy=0, advertisingSid=0xff, txPower=127, rssi=-66, periodicAdvInt=0x0
04-05 22:05:06.069 D/nativeloader( 8681): Load libframework-connectivity-tiramisu-jni.so using APEX ns com_android_tethering for caller /apex/com.android.tethering/javalib/framework-connectivity-t.jar: ok
04-05 22:05:06.069 D/AndroidRuntime( 8681): Calling main entry com.android.commands.uiautomator.Launcher
04-05 22:05:06.073 D/UiAutomationConnection( 8681): Created on user UserHandle{0}
04-05 22:05:06.073 I/UiAutomation( 8681): Initialized for user 0 on display 0
04-05 22:05:06.073 W/UiAutomation( 8681): Created with deprecatead constructor, assumes DEFAULT_DISPLAY
04-05 22:05:06.074 D/AccessibilityManagerService( 2531): changeCurrentUserForTestAutomationIfNeededLocked(0): ignoring because device doesn't support visible background users
04-05 22:05:06.074 I/UiAutomationManager( 2531): Registering UiTestAutomationService (id=com.android.server.accessibility/UiAutomation, flags=0x0) when called by user 0
04-05 22:05:06.078 V/talkback: FullScreenReadActor( 6799): Continuous reading switching to mode: 0
04-05 22:05:06.079 V/talkback: SpeechControllerImpl( 6799): interrupt, stopTtsSpeechCompletely=false
04-05 22:05:06.079 I/BtGatt.ScanHelper( 3694): onScanResult to scannerId: 5- eventType=0x10, addressType=1, address=XX:XX:XX:XX:4E:75, primaryPhy=1, secondaryPhy=0, advertisingSid=0xff, txPower=127, rssi=-57, periodicAdvInt=0x0
04-05 22:05:06.080 I/ActivityManager( 2531): Changes in 10259 5 to 10, 56 to 0
04-05 22:05:06.081 I/ActivityManager( 2531): Changes in 10155 5 to 10, 127 to 0
04-05 22:05:06.081 I/ActivityManager( 2531): Changes in 10065 5 to 10, 16 to 0
04-05 22:05:06.082 D/InputTransport( 2531): Input channel destroyed: '17bce1f', fd=1099
04-05 22:05:06.082 W/InputManager-JNI( 2531): Input channel object '17bce1f Screen search (client)' was disposed without first being removed with the input manager!
04-05 22:05:06.082 D/InputTransport( 2531): Input channel destroyed: '17bce1f', fd=1121
04-05 22:05:06.081 I/BtGatt.ScanHelper( 3694): onScanResult to scannerId: 5- eventType=0x1b, addressType=1, address=XX:XX:XX:XX:C9:2B, primaryPhy=1, secondaryPhy=0, advertisingSid=0xff, txPower=127, rssi=-68, periodicAdvInt=0x0
04-05 22:05:06.082 V/WindowManager( 2531): Remove Window{17bce1f u0 Screen search}: mSurfaceController=null mAnimatingExit=false mRemoveOnExit=false mHasSurface=false surfaceShowing=false animating=false app-animation=false mDisplayFrozen=false callers=com.android.server.wm.WindowToken.removeAllWindowsIfPossible:46 com.android.server.wm.WindowManagerService.removeWindowToken:14 com.android.server.wm.WindowManagerService$LocalService.removeWindowToken:3 com.android.server.wm.WindowManagerInternal.removeWindowToken:1 com.android.server.accessibility.AbstractAccessibilityServiceConnection.onDisplayRemoved:57 com.android.server.accessibility.AbstractAccessibilityServiceConnection.onRemoved:18 
04-05 22:05:06.085 I/SamsungTTS( 6816): [Synthesize] request = en-US-default
04-05 22:05:06.087 D/VibratorManagerService( 2531): Canceling vibration
04-05 22:05:06.088 D/HintManagerService( 2531): Sent cleanup message for uid 10155
04-05 22:05:06.088 D/talkback: NewGestureDescriptionMapping( 6799): loadGestureIdToDescriptionMap
04-05 22:05:06.088 I/SamsungTTS( 6816): [loadLanguage] : eng-USA-[l03]
04-05 22:05:06.088 I/SamsungTTS( 6816): [Synthesize] Empty input. Caller[10155-com.samsung.android.accessibility.talkback]
04-05 22:05:06.089 W/ContextImpl( 6816): Calling a method in the system process without a qualified user: android.app.ContextImpl.sendBroadcast:1314 android.content.ContextWrapper.sendBroadcast:515 android.speech.tts.TextToSpeechService$SynthThread.broadcastTtsQueueProcessingCompleted:471 android.speech.tts.TextToSpeechService$SynthThread.queueIdle:463 android.os.MessageQueue.next:424 
04-05 22:05:06.090 V/APM_AudioPolicyManager( 1665): selectOutput new bestOutput 13 criteria 0 100 0 0 0 0 0 2 
04-05 22:05:06.090 V/APM_AudioPolicyManager( 1665): selectOutput new bestOutput 21 criteria 0 100 0 0 0 1 0 0 
04-05 22:05:06.090 V/APM_AudioPolicyManager( 1665): getOutput() stream 3 selected devices {AUDIO_DEVICE_OUT_SPEAKER, @:}, output 21
04-05 22:05:06.091 V/APM_AudioPolicyManager( 1665): selectOutput new bestOutput 13 criteria 0 100 0 0 0 0 0 2 
04-05 22:05:06.091 V/APM_AudioPolicyManager( 1665): selectOutput new bestOutput 21 criteria 0 100 0 0 0 1 0 0 
04-05 22:05:06.091 V/APM_AudioPolicyManager( 1665): getOutput() stream 3 selected devices {AUDIO_DEVICE_OUT_SPEAKER, @:}, output 21
04-05 22:05:06.091 D/talkback: TalkBackService( 6799): A shared preference changed: talkback_off_timestamp
04-05 22:05:06.091 V/talkback: TalkBackService( 6799): TalkBackService.reloadPreferences() diagnostic mode=false
04-05 22:05:06.092 V/APM_AudioPolicyManager( 1665): selectOutput new bestOutput 13 criteria 0 100 0 0 0 0 0 2 
04-05 22:05:06.092 V/APM_AudioPolicyManager( 1665): selectOutput new bestOutput 21 criteria 0 100 0 0 0 1 0 0 
04-05 22:05:06.092 V/APM_AudioPolicyManager( 1665): getOutput() stream 3 selected devices {AUDIO_DEVICE_OUT_SPEAKER, @:}, output 21
04-05 22:05:06.092 D/FeatureSupport( 6799): proximity: Palm Proximity Sensor version 2
04-05 22:05:06.094 D/talkback: Pipeline( 6799): execute() feedback=Feedback{eventId=null, failovers=[Part= passThroughMode= PassThroughMode{action=DISABLE_PASSTHROUGH, region=SkRegion()}  ]}
04-05 22:05:06.094 D/talkback: Actors( 6799): act() eventId=null part=Part= passThroughMode= PassThroughMode{action=DISABLE_PASSTHROUGH, region=SkRegion()}  
04-05 22:05:06.095 I/HYPER-HAL( 1549): [RequestManager.cpp]acquire(): Acquired ID : 465443750  [1554 / 28955]    HINT :      list : [TID_LOW_LATENCY / 0] [TID / 6841] [TID / 6843] [TID / 6799] [TID / 6839] 
04-05 22:05:06.097 V/APM_AudioPolicyManager( 1665): getOutputForAttrInt() attributes={ Content type: AUDIO_CONTENT_TYPE_UNKNOWN Usage: AUDIO_USAGE_ASSISTANCE_ACCESSIBILITY Source: AUDIO_SOURCE_INVALID Flags: 0x900 Tags:  } stream=AUDIO_STREAM_ACCESSIBILITY session 190281 selectedDeviceId 0
04-05 22:05:06.097 V/APM_AudioPolicyManager( 1665): getOutputForAttrInt() device {AUDIO_DEVICE_OUT_SPEAKER, @:}, sampling rate 24000, format 0x1, channel mask 0x1, flags 0x4 stream AUDIO_STREAM_ACCESSIBILITY
04-05 22:05:06.098 V/APM_AudioPolicyManager( 1665): selectOutput new bestOutput 13 criteria 0 100 0 0 0 0 4 2 
04-05 22:05:06.098 V/APM_AudioPolicyManager( 1665): selectOutput new bestOutput 29 criteria 0 100 0 0 0 1 2 0 
04-05 22:05:06.098 V/APM_AudioPolicyManager( 1665): getOutputForAttrInt returns output 29 selectedDeviceId 3
04-05 22:05:06.098 V/talkback: Pipeline( 6799): execute() success=true for part=Part= passThroughMode= PassThroughMode{action=DISABLE_PASSTHROUGH, region=SkRegion()}  
04-05 22:05:06.098 V/APM_AudioPolicyManager( 1665): getOutputForAttr() returns output 29 requestedPortId 0 selectedDeviceId 3 for port ID 23809
04-05 22:05:06.098 I/AudioFlinger( 1665): nonSecFlag 4, secFlag 0, outputFlags 4
04-05 22:05:06.098 D/AudioFlinger( 1665): AUDIO_OUTPUT_FLAG_FAST denied: sharedBuffer=0x0 frameCount=4096 mFrameCount=192 format=0x1 mFormat=0x5 isLinear=1 channelMask=0x1 sampleRate=24000 mSampleRate=48000 hasFastMixer=1 tid=-1 fastTrackAvailMask=0xf8
04-05 22:05:06.098 I/AudioFlinger( 1665): FastTrack denied, resize fc 1440
04-05 22:05:06.098 D/AudioFlinger( 1665): Client defaulted notificationFrames to 480 for frameCount 4096
04-05 22:05:06.101 I/ActivityManager( 2531): Changes in 10355 5 to 10, 127 to 0
04-05 22:05:06.102 I/AF::Track( 1665): setMixerOutConfig expectKey 202
04-05 22:05:06.102 I/AF::Track( 1665): setMixerOutConfig select, mixer out f 5, s 48000, thread out f 5, s 48000
04-05 22:05:06.103 D/talkback: RingerModeAndScreenMon( 6799): enabledTellingTime=true
04-05 22:05:06.105 I/BtGatt.ScanHelper( 3694): onScanResult to scannerId: 5- eventType=0x10, addressType=0, address=XX:XX:XX:XX:6C:F8, primaryPhy=1, secondaryPhy=0, advertisingSid=0xff, txPower=127, rssi=-80, periodicAdvInt=0x0
04-05 22:05:06.105 I/BtGatt.ScanHelper( 3694): onScanResult to scannerId: 9- eventType=0x0, addressType=1, address=XX:XX:XX:XX:99:83, primaryPhy=1, secondaryPhy=1, advertisingSid=0x5, txPower=127, rssi=-66, periodicAdvInt=0x0
04-05 22:05:06.106 I/HYPER-HAL( 1549): [RequestManager.cpp]acquire(): Acquired ID : 464833740  [1554 / 28935]    HINT :      list : [TID_LOW_LATENCY / 0] [TID / 6841] [TID / 6843] [TID / 6799] [TID / 6839] 
04-05 22:05:06.106 I/BtGatt.ScanHelper( 3694): onScanResult to scannerId: 5- eventType=0x1b, addressType=1, address=XX:XX:XX:XX:6E:D2, primaryPhy=1, secondaryPhy=0, advertisingSid=0xff, txPower=127, rssi=-67, periodicAdvInt=0x0
04-05 22:05:06.106 I/HYPER-HAL( 1549): [RequestManager.cpp]acquire(): Acquired ID : 456214766  [1554 / 28651]    HINT :      list : [TID_LOW_LATENCY / 0] [TID / 6841] [TID / 6843] [TID / 6799] [TID / 6839] 
04-05 22:05:06.107 I/HYPER-HAL( 1549): [RequestManager.cpp]acquire(): Acquired ID : 509074631  [1554 / 30353]    HINT :      list : [TID_LOW_LATENCY / 0] [TID / 6841] [TID / 6843] [TID / 6799] [TID / 6839] 
04-05 22:05:06.108 D/KNOX_MDM_SettingsProvider( 2531): isChangeAllowed() : name = accessibility_enabled
04-05 22:05:06.108 D/KNOX_MDM_SettingsProvider( 2531): isChangeAllowed() : name = touch_exploration_enabled
04-05 22:05:06.108 V/AS.PlaybackActivityMon( 2531): trackPlayer() new piid=161775
04-05 22:05:06.108 D/SettingsProvider( 2531): PUT_ret(/secure/touch_exploration_enabled), callingPackage:android
04-05 22:05:06.109 D/AudioTrack( 6816): setVolume(1.000000, 1.000000) pid : 6816
04-05 22:05:06.109 V/AS.PlaybackActivityMon( 2531): playerEvent(piid=161775, event=PLAYER_UPDATE_PORT_ID, eventValue=23809)
04-05 22:05:06.109 V/AS.PlaybackActivityMon( 2531): playerEvent(piid=161775, event=PLAYER_STATE_STOPPED, eventValue=0)
04-05 22:05:06.109 V/AS.PlaybackActivityMon( 2531): dispatchPlaybackChange to 8 clients
04-05 22:05:06.110 D/MagnificationConnectionManager( 2531): requestConnection :false mConnectionState : 1
04-05 22:05:06.111 V/AS.PlaybackActivityMon( 2531): playerEvent(piid=161775, event=PLAYER_STATE_STOPPED, eventValue=0)
04-05 22:05:06.111 V/AS.PlaybackActivityMon( 2531): releasePlayer() for piid=161775
04-05 22:05:06.111 V/AS.PlaybackActivityMon( 2531): DuckingManager: removedReleased() player piid: 161775 uid:1000
04-05 22:05:06.111 V/AS.FadeOutManager( 2531): removedReleased() player piid: 161775 uid:1000
04-05 22:05:06.111 V/AS.PlaybackActivityMon( 2531): dispatchPlaybackChange to 8 clients
04-05 22:05:06.112 D/[+0900]oneconnect[1.8.45.11_01][MAIN_UI](10006): MediaPlayContextDelegate.getCurrentPlayingContent - contentType : 1
04-05 22:05:06.112 D/[+0900]oneconnect[1.8.45.11_01][MAIN_UI](10006): MediaPlayContextDelegate.getCurrentPlayingContent - contentType : 2
04-05 22:05:06.112 D/[+0900]oneconnect[1.8.45.11_01][MAIN_UI](10006): MediaPlayContextDelegate.getCurrentPlayingContent - contentType : 4
04-05 22:05:06.112 D/[+0900]oneconnect[1.8.45.11_01][MAIN_UI](10006): MediaPlayContextDelegate.getCurrentPlayingContent - contentType : 4
04-05 22:05:06.112 D/[+0900]oneconnect[1.8.45.11_01][MAIN_UI](10006): MediaPlayContextDelegate.getCurrentPlayingContent - contentType : 4
04-05 22:05:06.112 D/[+0900]oneconnect[1.8.45.11_01][MAIN_UI](10006): MediaPlayContextDelegate.getCurrentPlayingContent - contentType : 4
04-05 22:05:06.112 D/[+0900]oneconnect[1.8.45.11_01][MAIN_UI](10006): MediaPlayContextDelegate.getCurrentPlayingContent - contentType : 4
04-05 22:05:06.112 D/[+0900]oneconnect[1.8.45.11_01][MAIN_UI](10006): MediaPlayContextDelegate.getCurrentPlayingContent - contentType : 1
04-05 22:05:06.114 D/[+0900]oneconnect[1.8.45.11_01][MAIN_UI](10006): MediaPlayContextDelegate.getCurrentPlayingContent - contentType : 1
04-05 22:05:06.114 D/[+0900]oneconnect[1.8.45.11_01][MAIN_UI](10006): MediaPlayContextDelegate.getCurrentPlayingContent - contentType : 2
04-05 22:05:06.114 D/[+0900]oneconnect[1.8.45.11_01][MAIN_UI](10006): MediaPlayContextDelegate.getCurrentPlayingContent - contentType : 4
04-05 22:05:06.114 D/[+0900]oneconnect[1.8.45.11_01][MAIN_UI](10006): MediaPlayContextDelegate.getCurrentPlayingContent - contentType : 4
04-05 22:05:06.114 D/[+0900]oneconnect[1.8.45.11_01][MAIN_UI](10006): MediaPlayContextDelegate.getCurrentPlayingContent - contentType : 4
04-05 22:05:06.114 D/[+0900]oneconnect[1.8.45.11_01][MAIN_UI](10006): MediaPlayContextDelegate.getCurrentPlayingContent - contentType : 4
04-05 22:05:06.114 D/[+0900]oneconnect[1.8.45.11_01][MAIN_UI](10006): MediaPlayContextDelegate.getCurrentPlayingContent - contentType : 4
04-05 22:05:06.114 D/[+0900]oneconnect[1.8.45.11_01][MAIN_UI](10006): MediaPlayContextDelegate.getCurrentPlayingContent - contentType : 1
04-05 22:05:06.114 D/talkback: GestureShortcutMapping( 6799): loadActionToGestureIdMap - isMultiFingerOn : true isFingerprintOn : false
04-05 22:05:06.116 V/talkback: TalkBackFeedbackProvider( 6799):  EVENT_SPOKEN_FEEDBACK_DISABLED:  ttsOutput= TalkBack off    queueMode=2  forceFeedbackEvenIfAudioPlaybackActive  forceFeedbackEvenIfMicrophoneActive  forceFeedbackEvenIfSsbActive  forceFeedbackEvenIfPhoneCallActive  
04-05 22:05:06.117 D/talkback: Pipeline( 6799): execute() feedback=Feedback{eventId=null, failovers=[Part= speech= action=SPEAK  text="TalkBack off"  options= queueMode=QUEUE/UNINTERRUPTIBLE  flags=FLAG_NO_HISTORY,FLAG_FORCE_FEEDBACK_EVEN_IF_AUDIO_PLAYBACK_ACTIVE,FLAG_FORCE_FEEDBACK_EVEN_IF_MICROPHONE_ACTIVE,FLAG_FORCE_FEEDBACK_EVEN_IF_SSB_ACTIVE,FLAG_FORCE_FEEDBACK_EVEN_IF_PHONE_CALL_ACTIVE  speechParams=Bundle[{pitch=1.0}]    hint= null  hintSpeakOptions= null    ]}
04-05 22:05:06.117 D/talkback: Actors( 6799): act() eventId=null part=Part= speech= action=SPEAK  text="TalkBack off"  options= queueMode=QUEUE/UNINTERRUPTIBLE  flags=FLAG_NO_HISTORY,FLAG_FORCE_FEEDBACK_EVEN_IF_AUDIO_PLAYBACK_ACTIVE,FLAG_FORCE_FEEDBACK_EVEN_IF_MICROPHONE_ACTIVE,FLAG_FORCE_FEEDBACK_EVEN_IF_SSB_ACTIVE,FLAG_FORCE_FEEDBACK_EVEN_IF_PHONE_CALL_ACTIVE  speechParams=Bundle[{pitch=1.0}]    hint= null  hintSpeakOptions= null    
04-05 22:05:06.117 V/talkback: FeedbackProcessingUtils( 6799): chosenSpan=null from 0 to 12 before removeUnnecessarySpansForTts.
04-05 22:05:06.118 D/SoundCraft.PlayingAudioConditionHandler( 3535): onPlaybackConfigChanged : lastStartedPackageName=null, lastStartedUid=-1, newStartedUid=-1, newStartPackageName=null, thread=Thread[RoutineHandlerThread,5,main]
04-05 22:05:06.118 D/SoundCraft.PlayingAudioConditionHandler( 3535): onPlaybackConfigChanged : lastStartedPackageName=null, lastStartedUid=-1, newStartedUid=-1, newStartPackageName=null, thread=Thread[RoutineHandlerThread,5,main]
04-05 22:05:06.118 I/[+0900]oneconnect[1.8.45.11_01][CORE]( 9893): BleParserForDaDevice.parseBlePacket - DeviceBleDa : [name]($)-A(11)[BleMac]($)40:CA[DeviceType]AIR_PURIFIER[DeviceInfoVersion]0[DeviceStatus]-127,
04-05 22:05:06.119 V/APM_AudioPolicyManager( 1665): releaseOutput portId 23809
04-05 22:05:06.119 V/APM_AudioPolicyManager( 1665): releaseOutput() 29
04-05 22:05:06.119 I/SurfaceFlinger( 1674): id=31297 createSurf, flag=84004, WindowToken{e5a5e4c type=2032 android.os.Binder@79a9e7f}#31297
04-05 22:05:06.120 D/audioserver( 1665): logFgsApiEnd: FGS Logger Transaction failed, -129
04-05 22:05:06.120 I/BCL@CoreSvc( 6066): (BixbyStatusProvider) Is Bixby running? false
04-05 22:05:06.122 I/BCL@CoreSvc( 6066): (BixbyStatusProvider) Is Bixby running? false
04-05 22:05:06.122 I/VSyncReactor( 1674): Current= 24, Period= 24, Distance= 0
04-05 22:05:06.122 I/SurfaceFlinger( 1674): id=31298 createSurf, flag=84004, WindowToken{7be7baa type=2032 android.os.Binder@ffd7e95}#31298
04-05 22:05:06.122 V/talkback: SpeechControllerImpl( 6799): Bixby doesn't block TTS. attached:false/dualmic:false hotword:false mic:false
04-05 22:05:06.125 I/BCL@CoreSvc( 6066): (BixbyStatusProvider) Is Bixby running? false
04-05 22:05:06.125 I/BtGatt.ScanHelper( 3694): onScanResult to scannerId: 5- eventType=0x10, addressType=1, address=XX:XX:XX:XX:5A:B9, primaryPhy=1, secondaryPhy=0, advertisingSid=0xff, txPower=127, rssi=-90, periodicAdvInt=0x0
04-05 22:05:06.127 I/BCL@CoreSvc( 6066): (BixbyStatusProvider) Is Bixby running? false
04-05 22:05:06.127 I/SurfaceFlinger( 1674): SFWD update time=1179585005458251
04-05 22:05:06.127 D/KNOX_MDM_SettingsProvider( 2531): isChangeAllowed() : name = accessibility_enabled
04-05 22:05:06.127 I/SurfaceFlinger( 1674): [LayerHierarchy{RequestedLayerState{WindowToken{268a774 type=2032 android.os.Binder@c4d3347}#30329 z=1} 1 children}] reparent to OffscreenRoot
04-05 22:05:06.127 I/SurfaceFlinger( 1674): [LayerHierarchy{RequestedLayerState{WindowToken{268a774 type=2032 android.os.Binder@c4d3347}#30329 z=1} 1 children}] RelativeParent to null
04-05 22:05:06.127 I/SurfaceFlinger( 1674): [LayerHierarchy{RequestedLayerState{WindowToken{4ec8d12 type=2032 android.os.Binder@14cd49d}#30330} no children}] reparent to OffscreenRoot
04-05 22:05:06.127 I/SurfaceFlinger( 1674): [LayerHierarchy{RequestedLayerState{WindowToken{4ec8d12 type=2032 android.os.Binder@14cd49d}#30330} no children}] RelativeParent to null
04-05 22:05:06.127 I/SurfaceFlinger( 1674): [LayerHierarchy{RequestedLayerState{17bce1f Screen search#30331} no children}] reparent to OffscreenRoot
04-05 22:05:06.127 I/SurfaceFlinger( 1674): [LayerHierarchy{RequestedLayerState{17bce1f Screen search#30331} no children}] RelativeParent to null
04-05 22:05:06.127 I/SurfaceFlinger( 1674): [LayerHierarchy{RequestedLayerState{WindowToken{b27dc3f type=2032 android.os.Binder@5e6605e}#31201 z=1} no children}] reparent to OffscreenRoot
04-05 22:05:06.127 I/SurfaceFlinger( 1674): [LayerHierarchy{RequestedLayerState{WindowToken{b27dc3f type=2032 android.os.Binder@5e6605e}#31201 z=1} no children}] RelativeParent to null
04-05 22:05:06.127 I/SurfaceFlinger( 1674): [WindowToken{e5a5e4c type=2032 android.os.Binder@79a9e7f}#31297] attach to parent LayerHierarchy{RequestedLayerState{Leaf:29:31#39 parentId=38} 2 children}
04-05 22:05:06.127 I/SurfaceFlinger( 1674): [WindowToken{7be7baa type=2032 android.os.Binder@ffd7e95}#31298] attach to parent LayerHierarchy{RequestedLayerState{Leaf:29:31#69 parentId=68} 2 children}
04-05 22:05:06.127 D/MagnificationConnectionManager( 2531): requestConnection :false mConnectionState : 3
04-05 22:05:06.127 W/MagnificationConnectionManager( 2531): requestConnection duplicated request: connect=false, mConnectionState=DISCONNECTED
04-05 22:05:06.127 I/SafetyCenterAccessibilityListener(15564): accessibility event occurred, safety center feature not enabled.
04-05 22:05:06.128 I/SurfaceFlinger( 1674): id=30330 Removed WindowToken{4ec8d12 type=2032 android.os.Binder@14cd49d}#30330 (195)
04-05 22:05:06.128 I/SurfaceFlinger( 1674): id=31201 Removed WindowToken{b27dc3f type=2032 android.os.Binder@5e6605e}#31201 (195)
04-05 22:05:06.128 I/SurfaceFlinger( 1674): id=30329 Removed WindowToken{268a774 type=2032 android.os.Binder@c4d3347}#30329 (195)
04-05 22:05:06.128 I/SurfaceFlinger( 1674): id=30331 Removed 17bce1f Screen search#30331 (195)
04-05 22:05:06.128 V/talkback: SpeechControllerImpl( 6799): Bixby doesn't block TTS. attached:false/dualmic:false hotword:false mic:false
04-05 22:05:06.128 D/Navbar.Store( 3535): ----handleEvent(0) OnUpdateRemoteViewContainer(rotation=0, leftContainer=android.widget.LinearLayout{540e8ec I.E...... ......I. 0,0-118,144 #7f0a0624 app:id/left_remoteview}, rightContainer=android.widget.LinearLayout{43226bb I.E...... ......I. 962,0-1080,144 #7f0a09df app:id/right_remoteview}, contextualButtonVisible=true, darkIntensity=1.0, displayId=0) [Module] SamsungNavigationBarView
04-05 22:05:06.129 D/Navbar.Store( 3535): ------[Band]REMOTE_VIEW_PACK_SET_REMOTEVIEW_CONTAINER
04-05 22:05:06.129 D/Navbar.Store( 3535): --------apply(0) NavBarStoreAction$UpdateRemoteViewContainer
04-05 22:05:06.129 D/Navbar.Store( 3535): --------apply(0) NavBarStoreAction$UpdateRemoteViewDarkIntensity
04-05 22:05:06.129 D/Navbar.Store( 3535): ----handleEvent(1) OnUpdateRemoteViewContainer(rotation=0, leftContainer=android.widget.LinearLayout{540e8ec I.E...... ......I. 0,0-118,144 #7f0a0624 app:id/left_remoteview}, rightContainer=android.widget.LinearLayout{43226bb I.E...... ......I. 962,0-1080,144 #7f0a09df app:id/right_remoteview}, contextualButtonVisible=true, darkIntensity=1.0, displayId=0) [Module] SamsungNavigationBarView
04-05 22:05:06.129 D/Navbar.Store( 3535): handleEvent(0) OnNavBarUpdateA11YService(clickable=true, longClickable=true) [Module] NavigationBar
04-05 22:05:06.129 D/Navbar.Store( 3535): --[Band]SETUPWIZARD_PACK_UPDATE_A11Y_SERVICE
04-05 22:05:06.129 D/Navbar.Store( 3535): handleEvent(0) OnButtonOrderChanged(noArguments=true) [Module] NavigationBar
04-05 22:05:06.129 D/Navbar.Store( 3535): --[Band]CONFIG_PACK_KEY_ORDER_CHANGED
04-05 22:05:06.129 D/Navbar.Store( 3535): ----apply(0) NavBarStoreAction$ReinflateNavBar
04-05 22:05:06.130 D/Navbar.Store( 3535): ----handleEvent(0) GetInflateLayoutID(vertical=false) [Module] SamsungNavigationBarInflaterView
04-05 22:05:06.130 D/Navbar.Store( 3535): ------[Band]STABLE_LAYOUT_PACK_GET_INFLATE_LAYOUT_ID
04-05 22:05:06.130 D/NavBarStateManager( 3535): NavBarStates(0) getLayoutID(vertical: false): 2131559221
04-05 22:05:06.130 D/Navbar.Store( 3535): ----handleEvent(0) value= 2131559221
04-05 22:05:06.131 D/Navbar.Store( 3535): ----handleEvent(0) GetInflateLayoutID(vertical=true) [Module] SamsungNavigationBarInflaterView
04-05 22:05:06.131 D/Navbar.Store( 3535): ------[Band]STABLE_LAYOUT_PACK_GET_INFLATE_LAYOUT_ID
04-05 22:05:06.131 D/NavBarStateManager( 3535): NavBarStates(0) getLayoutID(vertical: true): 2131559223
04-05 22:05:06.131 D/Navbar.Store( 3535): ----handleEvent(0) value= 2131559223
04-05 22:05:06.131 I/AccessibilityManagerService( 2531): semIsAccessibilityServiceEnabled()
04-05 22:05:06.131 I/BtGatt.ScanHelper( 3694): onScanResult to scannerId: 3- eventType=0x1b, addressType=0, address=XX:XX:XX:XX:F2:35, primaryPhy=1, secondaryPhy=0, advertisingSid=0xff, txPower=127, rssi=-71, periodicAdvInt=0x0
04-05 22:05:06.131 I/AccessibilityManagerService( 2531): semIsAccessibilityServiceEnabled()
04-05 22:05:06.132 D/Navbar.Store( 3535): ----handleEvent(0) GetDefaultLayout(noArguments=true) [Module] SamsungNavigationBarInflaterView
04-05 22:05:06.132 D/Navbar.Store( 3535): ------[Band]STABLE_LAYOUT_PACK_GET_DEFAULT_LAYOUT
04-05 22:05:06.132 D/NavBarStateManager( 3535): NavBarStates(0) getDefaultLayout: left,recent;home;back,right
04-05 22:05:06.132 D/Navbar.Store( 3535): ----handleEvent(0) value= left,recent;home;back,right
04-05 22:05:06.132 I/BtGatt.ScanHelper( 3694): onScanResult to scannerId: 5- eventType=0x1b, addressType=0, address=XX:XX:XX:XX:F2:35, primaryPhy=1, secondaryPhy=0, advertisingSid=0xff, txPower=127, rssi=-71, periodicAdvInt=0x0
04-05 22:05:06.132 I/SafetyCenterAccessibilityListener(15564): accessibility event occurred, safety center feature not enabled.
04-05 22:05:06.133 D/[+0900]oneconnect[1.8.45.11_01][CORE]( 9893): BleParserForVD.parseTvPacket - |name:($)-[(16)|deviceType:TV|discoverType:_BLE|services:_TvSoundToMobile|connected:false[TvStatusString]POWER_ON[TvStatus]1[TvService]103[TvMirrorChannel]153[TvRegisteredDB][77, 48, -55, -27, 42, 0][TvYear]2016[TvOcfInfo]0[TvAcmStatus]0[ExTvStatus]0[ExtendedStatus]-1[ModuloSn]-1
04-05 22:05:06.133 D/AS.AudioService( 2531): Accessibility volume enabled = false
04-05 22:05:06.133 D/Navbar.Store( 3535): ----handleEvent(0) GetInflateButtonWidth(buttonSpec=left, landscape=false) [Module] SamsungNavigationBarInflaterView
04-05 22:05:06.133 D/Navbar.Store( 3535): ------[Band]STABLE_LAYOUT_PACK_INFLATE_NAVBAR
04-05 22:05:06.133 D/NavBarStateManager( 3535): NavBarStates(0) getSpaceWidth(land: false): 118
04-05 22:05:06.133 D/Navbar.Store( 3535): ----handleEvent(0) value= 118
04-05 22:05:06.133 I/[+0900]oneconnect[1.8.45.11_01][CORE]( 9893): DataConvert.parseBleVd - deviceBle : |name:($)-[(16)|deviceType:TV|discoverType:_BLE|services:_TvSoundToMobile|connected:false[TvStatusString]POWER_ON[TvStatus]1[TvService]103[TvMirrorChannel]153[TvRegisteredDB][77, 48, -55, -27, 42, 0][TvYear]2016[TvOcfInfo]0[TvAcmStatus]0[ExTvStatus]0[ExtendedStatus]-1[ModuloSn]-1
04-05 22:05:06.133 I/Telecom ( 2531): SamsungTelecomServiceImpl : isInCall - callingPackage : android / callingUser : UserHandle{0} / hasCrossUserAccess : true
04-05 22:05:06.134 V/talkback: SpeechControllerImpl( 6799): Request Audio Focus.
04-05 22:05:06.134 D/Navbar.Store( 3535): ----handleEvent(0) GetInflateButtonWidth(buttonSpec=recent, landscape=false) [Module] SamsungNavigationBarInflaterView
04-05 22:05:06.134 D/Navbar.Store( 3535): ------[Band]STABLE_LAYOUT_PACK_INFLATE_NAVBAR
04-05 22:05:06.134 D/NavBarStateManager( 3535): NavBarStates(0) getButtonWidth(land: false): 239
04-05 22:05:06.134 D/Navbar.Store( 3535): ----handleEvent(0) value= 239
04-05 22:05:06.134 I/HYPER-HAL( 1549): [RequestManager.cpp]acquire(): Acquired ID : 1245855  [1554 / 24]    HINT :      list : [UCLAMP_MIN_BOOST / 50] [TID / 3755] [TID / 3756] [TID / 3535] [TID / 3753] 
04-05 22:05:06.135 D/Navbar.Store( 3535): ----handleEvent(0) GetInflateButtonWidth(buttonSpec=left, landscape=true) [Module] SamsungNavigationBarInflaterView
04-05 22:05:06.135 D/Navbar.Store( 3535): ------[Band]STABLE_LAYOUT_PACK_INFLATE_NAVBAR
04-05 22:05:06.135 I/MediaFocusControl( 2531): requestAudioFocus() from uid/pid 10155/6799 AA=USAGE_ASSISTANCE_ACCESSIBILITY/CONTENT_TYPE_SPEECH clientId=android.media.AudioManager@7aec64bcom.google.android.accessibility.utils.output.SpeechControllerImpl$5@ed77828 callingPack=com.samsung.android.accessibility.talkback req=3 flags=0x0 sdk=35
04-05 22:05:06.135 D/NavBarStateManager( 3535): NavBarStates(0) getSpaceWidth(land: true): 118
04-05 22:05:06.135 D/Navbar.Store( 3535): ----handleEvent(0) value= 118
04-05 22:05:06.135 D/AS.AudioService( 2531): [Android Auto] isConnectedAndroidAuto = false
04-05 22:05:06.135 D/MediaFocusControl( 2531): selectFocusStack, uid = 10155, appDevice = 0, device = 2
04-05 22:05:06.135 I/MediaFocusControl( 2531): removeFocusStackEntry client:android.media.AudioManager@7aec64bcom.google.android.accessibility.utils.output.SpeechControllerImpl$5@ed77828
04-05 22:05:06.135 D/Navbar.Store( 3535): ----handleEvent(0) GetInflateButtonWidth(buttonSpec=recent, landscape=true) [Module] SamsungNavigationBarInflaterView
04-05 22:05:06.135 D/Navbar.Store( 3535): ------[Band]STABLE_LAYOUT_PACK_INFLATE_NAVBAR
04-05 22:05:06.135 D/AS.AudioService( 2531): updateVolumeGroupIndex for stream 10, muted=false, device=1, index=58, group AUDIO_STREAM_ACCESSIBILITY Muted=false, Index=6, forceMuteState=false
04-05 22:05:06.135 I/MediaFocusControl( 2531): propagateFocusLossFromGain_syncAf gain:3
04-05 22:05:06.135 D/NavBarStateManager( 3535): NavBarStates(0) getButtonWidth(land: true): 239
04-05 22:05:06.135 I/MediaFocusControl( 2531): propagateFocusLossFromGain_syncAf empty stack
04-05 22:05:06.135 D/Navbar.Store( 3535): ----handleEvent(0) value= 239
04-05 22:05:06.135 D/MediaFocusControl( 2531): propagateFocusLossFromGainToAll, 3
04-05 22:05:06.135 V/AS.PlaybackActivityMon( 2531): unduckPlayers: uids winner=10155
04-05 22:05:06.135 V/AS.PlaybackActivityMon( 2531): DuckingManager: unduckUid() uid:10155
04-05 22:05:06.135 I/AS.FadeOutManager( 2531): unfadeOutUid() uid:10155
04-05 22:05:06.135 D/AS.AudioService( 2531): updateVolumeGroupIndex for stream 10, muted=false, device=4, index=85, group AUDIO_STREAM_ACCESSIBILITY Muted=false, Index=9, forceMuteState=false
04-05 22:05:06.136 D/AS.AudioService( 2531): updateVolumeGroupIndex for stream 10, muted=false, device=8, index=85, group AUDIO_STREAM_ACCESSIBILITY Muted=false, Index=9, forceMuteState=false
04-05 22:05:06.136 D/Navbar.Store( 3535): ----handleEvent(0) GetInflateButtonWidth(buttonSpec=home, landscape=false) [Module] SamsungNavigationBarInflaterView
04-05 22:05:06.136 D/Navbar.Store( 3535): ------[Band]STABLE_LAYOUT_PACK_INFLATE_NAVBAR
04-05 22:05:06.136 D/NavBarStateManager( 3535): NavBarStates(0) getButtonWidth(land: false): 239
04-05 22:05:06.136 D/Navbar.Store( 3535): ----handleEvent(0) value= 239
04-05 22:05:06.136 D/BluetoothA2dp( 2531): getActiveDevice()
04-05 22:05:06.136 V/talkback: FeedbackFragmentsIterator( 6799): next --currentFeedbackFragment text = TalkBack off.
04-05 22:05:06.136 D/Navbar.Store( 3535): ----handleEvent(0) GetInflateButtonWidth(buttonSpec=home, landscape=true) [Module] SamsungNavigationBarInflaterView
04-05 22:05:06.136 D/Navbar.Store( 3535): ------[Band]STABLE_LAYOUT_PACK_INFLATE_NAVBAR
04-05 22:05:06.136 D/NavBarStateManager( 3535): NavBarStates(0) getButtonWidth(land: true): 239
04-05 22:05:06.136 D/Navbar.Store( 3535): ----handleEvent(0) value= 239
04-05 22:05:06.137 D/Navbar.Store( 3535): ----handleEvent(0) GetInflateButtonWidth(buttonSpec=back, landscape=false) [Module] SamsungNavigationBarInflaterView
04-05 22:05:06.137 D/Navbar.Store( 3535): ------[Band]STABLE_LAYOUT_PACK_INFLATE_NAVBAR
04-05 22:05:06.137 D/NavBarStateManager( 3535): NavBarStates(0) getButtonWidth(land: false): 239
04-05 22:05:06.137 D/Navbar.Store( 3535): ----handleEvent(0) value= 239
04-05 22:05:06.137 D/AS.AudioService( 2531): isBluetoothDualModeActive=false
04-05 22:05:06.137 D/AS.AudioService( 2531): updateVolumeGroupIndex for stream 10, muted=false, device=128, index=85, group AUDIO_STREAM_ACCESSIBILITY Muted=false, Index=9, forceMuteState=false
04-05 22:05:06.137 D/AS.AudioService( 2531): updateVolumeGroupIndex for stream 10, muted=false, device=32768, index=150, group AUDIO_STREAM_ACCESSIBILITY Muted=false, Index=15, forceMuteState=false
04-05 22:05:06.137 D/AS.AudioService( 2531): updateVolumeGroupIndex for stream 10, muted=false, device=67108864, index=85, group AUDIO_STREAM_ACCESSIBILITY Muted=false, Index=9, forceMuteState=false
04-05 22:05:06.138 D/Navbar.Store( 3535): ----handleEvent(0) GetInflateButtonWidth(buttonSpec=right, landscape=false) [Module] SamsungNavigationBarInflaterView
04-05 22:05:06.138 D/Navbar.Store( 3535): ------[Band]STABLE_LAYOUT_PACK_INFLATE_NAVBAR
04-05 22:05:06.138 D/NavBarStateManager( 3535): NavBarStates(0) getSpaceWidth(land: false): 118
04-05 22:05:06.138 D/Navbar.Store( 3535): ----handleEvent(0) value= 118
04-05 22:05:06.138 D/AudioAnalytics( 2091): gc(1700, 2000): log size:1700 item map size:157, item map items:1700
04-05 22:05:06.138 D/Navbar.Store( 3535): ----handleEvent(0) GetInflateButtonWidth(buttonSpec=back, landscape=true) [Module] SamsungNavigationBarInflaterView
04-05 22:05:06.138 D/Navbar.Store( 3535): ------[Band]STABLE_LAYOUT_PACK_INFLATE_NAVBAR
04-05 22:05:06.138 D/NavBarStateManager( 3535): NavBarStates(0) getButtonWidth(land: true): 239
04-05 22:05:06.138 D/Navbar.Store( 3535): ----handleEvent(0) value= 239
04-05 22:05:06.138 I/BCL@CoreSvc( 6066): (BixbyStatusProvider) Is Bixby running? false
04-05 22:05:06.138 D/Navbar.Store( 3535): ----handleEvent(0) GetInflateButtonWidth(buttonSpec=right, landscape=true) [Module] SamsungNavigationBarInflaterView
04-05 22:05:06.139 D/Navbar.Store( 3535): ------[Band]STABLE_LAYOUT_PACK_INFLATE_NAVBAR
