04-05 22:05:08.435 I/WindowManager( 2531): Reparenting to original parent: Surface(name=WindowToken{90b568a type=2000 android.os.BinderProxy@a64462c})/@0x5c6a428, destroy=false, syncState=0, syncCommitDepth=0, surface=Surface(name=6ee14fb StatusBar)/@0xd6f224b
04-05 22:05:08.435 I/WindowManager( 2531): Reparenting to leash, surface=Surface(name=6ee14fb StatusBar)/@0xd6f224b, syncState=0, syncCommitDepth=0, leashParent=Surface(name=WindowToken{90b568a type=2000 android.os.BinderProxy@a64462c})/@0x5c6a428
04-05 22:05:08.435 I/SurfaceFlinger( 1674): id=31306 createSurf, flag=24000, Surface(name=6ee14fb StatusBar)/@0xd6f224b - animation-leash of insets_animation#31306
04-05 22:05:08.436 D/WindowManager( 2531): makeSurface duration=1 leash=Surface(name=Surface(name=6ee14fb StatusBar)/@0xd6f224b - animation-leash of insets_animation)/@0x83c4fdf
04-05 22:05:08.436 D/InsetsSourceProvider( 2531): updateControlForTarget: control=InsetsSourceControl: {50a20000 mType=statusBars initiallyVisible mSurfacePosition=Point(0, 0) mInsetsHint=Insets{left=0, top=94, right=0, bottom=0}}, target=Window{11da8f0 u0 com.samsung.android.oneconnect/com.samsung.android.oneconnect.uilayer.settings.SettingsPreferencesActivity}, from=com.android.server.wm.InsetsStateController.onControlTargetChanged:81 com.android.server.wm.InsetsPolicy.updateBarControlTarget:163 com.android.server.wm.DisplayPolicy.updateSystemBarAttributes:269 com.android.server.wm.WindowManagerService.updateFocusedWindowLocked:374 com.android.server.wm.WindowManagerService.relayoutWindowInner:142 
04-05 22:05:08.436 I/WindowManager( 2531): Cancelling animation restarting=true, leash=Surface(name=Surface(name=d87e32b NavigationBar0)/@0x31f8707 - animation-leash of insets_animation)/@0x41a3f27
04-05 22:05:08.436 I/WindowManager( 2531): Reparenting to original parent: Surface(name=WindowToken{4afbf7a type=2019 android.os.BinderProxy@f14e99c})/@0x5fad034, destroy=false, syncState=0, syncCommitDepth=0, surface=Surface(name=d87e32b NavigationBar0)/@0x31f8707
04-05 22:05:08.436 I/WindowManager( 2531): Reparenting to leash, surface=Surface(name=d87e32b NavigationBar0)/@0x31f8707, syncState=0, syncCommitDepth=0, leashParent=Surface(name=WindowToken{4afbf7a type=2019 android.os.BinderProxy@f14e99c})/@0x5fad034
04-05 22:05:08.436 I/SurfaceFlinger( 1674): id=31307 createSurf, flag=24000, Surface(name=d87e32b NavigationBar0)/@0x31f8707 - animation-leash of insets_animation#31307
04-05 22:05:08.436 D/WindowManager( 2531): makeSurface duration=1 leash=Surface(name=Surface(name=d87e32b NavigationBar0)/@0x31f8707 - animation-leash of insets_animation)/@0x5c2fef5
04-05 22:05:08.437 D/InsetsSourceProvider( 2531): updateControlForTarget: control=InsetsSourceControl: {17000001 mType=navigationBars initiallyVisible mSurfacePosition=Point(0, 2496) mInsetsHint=Insets{left=0, top=0, right=0, bottom=144}}, target=Window{11da8f0 u0 com.samsung.android.oneconnect/com.samsung.android.oneconnect.uilayer.settings.SettingsPreferencesActivity}, from=com.android.server.wm.InsetsStateController.onControlTargetChanged:81 com.android.server.wm.InsetsPolicy.updateBarControlTarget:176 com.android.server.wm.DisplayPolicy.updateSystemBarAttributes:269 com.android.server.wm.WindowManagerService.updateFocusedWindowLocked:374 com.android.server.wm.WindowManagerService.relayoutWindowInner:142 
04-05 22:05:08.437 D/WindowManager( 2531): updateSystemBarAttributes: displayId=0, focusedCanBeNavColorWin=false, win=Window{11da8f0 u0 com.samsung.android.oneconnect/com.samsung.android.oneconnect.uilayer.settings.SettingsPreferencesActivity}, navColorWin=Window{11da8f0 u0 com.samsung.android.oneconnect/com.samsung.android.oneconnect.uilayer.settings.SettingsPreferencesActivity}, caller=com.android.server.wm.WindowManagerService.updateFocusedWindowLocked:374 com.android.server.wm.WindowManagerService.relayoutWindowInner:142 com.android.server.wm.WindowManagerService.relayoutWindow:6 
04-05 22:05:08.437 D/WindowManager( 2531): updateSystemBarAttributes, bhv=1, apr=24, statusBarAprRegions=[AppearanceRegion{LIGHT_STATUS_BARS bounds=[0,0][1080,2640]}], requestedVisibilities=-9
04-05 22:05:08.437 V/SystemKeyManager( 2531): updateFocusedWindow() is called, com.samsung.android.oneconnect/com.samsung.android.oneconnect.uilayer.settings.SettingsPreferencesActivity
04-05 22:05:08.437 D/NavigationBar( 3535): onSystemBarAttributesChanged() -  displayId:0, appearance:24, packageName: com.samsung.android.oneconnect (APPEARANCE_LIGHT_STATUS_BARS APPEARANCE_LIGHT_NAVIGATION_BARS ), navbarColorManagedByIme:false
04-05 22:05:08.437 V/WindowManager( 2531): Relayout hash=791594b, pid=6799, syncId=-1: mAttrs={(0,0)(fillxfill) sim={state=always_visible adjust=resize} ty=ACCESSIBILITY_OVERLAY fmt=TRANSLUCENT
04-05 22:05:08.437 V/WindowManager( 2531):   fl=1000020
04-05 22:05:08.437 V/WindowManager( 2531):   bhv=1
04-05 22:05:08.437 V/WindowManager( 2531):   fitTypes=20f
04-05 22:05:08.437 V/WindowManager( 2531):   frameRateBoostOnTouch=true
04-05 22:05:08.437 V/WindowManager( 2531):   dvrrWindowFrameRateHint=true naviIconColor=0}
04-05 22:05:08.438 I/InsetsController( 6799): onStateChanged: host=Screen search, from=android.view.ViewRootImpl.relayoutWindow:11304, state=InsetsState: {mDisplayFrame=Rect(0, 0 - 1080, 2640), mDisplayCutout=DisplayCutout{insets=Rect(0, 94 - 0, 0) waterfall=Insets{left=0, top=0, right=0, bottom=0} boundingRect={Bounds=[Rect(0, 0 - 0, 0), Rect(505, 0 - 576, 94), Rect(0, 0 - 0, 0), Rect(0, 0 - 0, 0)]} cutoutPathParserInfo={CutoutPathParserInfo{displayWidth=1080 displayHeight=2640 physicalDisplayWidth=1080 physicalDisplayHeight=2640 density={3.0} cutoutSpec={M 0,0 H -11.83333333333333 V 31.33333333333333 H 11.83333333333333 V 0 H 0 Z @dp} rotation={0} scale={1.0} physicalPixelDisplaySizeRatio={1.0}}} sideOverrides={}}, mRoundedCorners=RoundedCorners{[RoundedCorner{position=TopLeft, radius=114, center=Point(114, 114)}, RoundedCorner{position=TopRight, radius=114, center=Point(966, 114)}, RoundedCorner{position=BottomRight, radius=114, center=Point(966, 2526)}, RoundedCorner{position=BottomLeft, radius=114, center=Point(114, 2526)}]}  mRoundedCornerFrame=Rect(0, 0 - 0, 0), mPrivacyIndicatorBounds=PrivacyIndicatorBounds {static bounds=Rect(948, 0 - 1080, 94) rotation=0}, mDisplayShape=DisplayShape{ spec=1406003047 displayWidth=1080 displayHeight=2640 physicalPixelDisplaySizeRatio=1.0 rotation=0 offsetX=0 offsetY=0 scale=1.0}, mSources= { InsetsSource: {27 mType=displayCutout mFrame=[0,0][1080,94] mVisible=true mFlags= mSideHint=TOP mBoundingRects=null}, InsetsSource: {17000004 mType=systemGestures mFrame=[0,0][0,0] mVisible=true mFlags= mSideHint=NONE mBoundingRects=null}, InsetsSource: {17000005 mType=mandatorySystemGestures mFrame=[0,2496][1080,2640] mVisible=true mFlags= mSideHint=BOTTOM mBoundingRects=null}, InsetsSource: {17000024 mType=systemGestures mFrame=[0,0][0,0] mVisible=true mFlags= mSideHint=NONE mBoundingRects=null}, InsetsSource: {50a20005 mType=mandatorySystemGestures mFrame=[0,0][1080,130] mVisible=true mFlags= mSideHint=TOP mBoundingRects=null} }
04-05 22:05:08.438 I/BtGatt.ScanHelper( 3694): onScanResult to scannerId: 5- eventType=0x10, addressType=0, address=XX:XX:XX:XX:39:BD, primaryPhy=1, secondaryPhy=0, advertisingSid=0xff, txPower=127, rssi=-79, periodicAdvInt=0x0
04-05 22:05:08.438 I/VRI[Screen search]@dde1bff( 6799): Relayout returned: old=(0,94,1080,2640) new=(0,94,1080,2640) relayoutAsync=false req=(1080,2546)8 dur=4 res=0x0 s={false 0x0} ch=false seqId=0
04-05 22:05:08.439 D/VRI[Screen search]@dde1bff( 6799): Not drawing due to not visible. Reason=View.GONE
04-05 22:05:08.439 V/talkback: A11yEventProcessor( 6799): Event listeners: Pipeline,ProcessorEventQueue,ScreenFeedbackManager
04-05 22:05:08.439 I/InsetsController( 6799): onStateChanged: host=Screen search, from=android.view.ViewRootImpl.handleInsetsControlChanged:2888, state=InsetsState: {mDisplayFrame=Rect(0, 0 - 1080, 2640), mDisplayCutout=DisplayCutout{insets=Rect(0, 94 - 0, 0) waterfall=Insets{left=0, top=0, right=0, bottom=0} boundingRect={Bounds=[Rect(0, 0 - 0, 0), Rect(505, 0 - 576, 94), Rect(0, 0 - 0, 0), Rect(0, 0 - 0, 0)]} cutoutPathParserInfo={CutoutPathParserInfo{displayWidth=1080 displayHeight=2640 physicalDisplayWidth=1080 physicalDisplayHeight=2640 density={3.0} cutoutSpec={M 0,0 H -11.83333333333333 V 31.33333333333333 H 11.83333333333333 V 0 H 0 Z @dp} rotation={0} scale={1.0} physicalPixelDisplaySizeRatio={1.0}}} sideOverrides={}}, mRoundedCorners=RoundedCorners{[RoundedCorner{position=TopLeft, radius=114, center=Point(114, 114)}, RoundedCorner{position=TopRight, radius=114, center=Point(966, 114)}, RoundedCorner{position=BottomRight, radius=114, center=Point(966, 2526)}, RoundedCorner{position=BottomLeft, radius=114, center=Point(114, 2526)}]}  mRoundedCornerFrame=Rect(0, 0 - 0, 0), mPrivacyIndicatorBounds=PrivacyIndicatorBounds {static bounds=Rect(948, 0 - 1080, 94) rotation=0}, mDisplayShape=DisplayShape{ spec=1406003047 displayWidth=1080 displayHeight=2640 physicalPixelDisplaySizeRatio=1.0 rotation=0 offsetX=0 offsetY=0 scale=1.0}, mSources= { InsetsSource: {3 mType=ime mFrame=[0,0][0,0] mVisible=false mFlags= mSideHint=NONE mBoundingRects=null}, InsetsSource: {27 mType=displayCutout mFrame=[0,0][1080,94] mVisible=true mFlags= mSideHint=TOP mBoundingRects=null}, InsetsSource: {17000004 mType=systemGestures mFrame=[0,0][0,0] mVisible=true mFlags= mSideHint=NONE mBoundingRects=null}, InsetsSource: {17000005 mType=mandatorySystemGestures mFrame=[0,2496][1080,2640] mVisible=true mFlags= mSideHint=BOTTOM mBoundingRects=null}, InsetsSource: {17000024 mType=systemGestures mFrame=[0,0][0,0] mVisible=true mFlags= mSideHint=NONE mBoundingRects=null}, InsetsSource: {50a20005 mType=mandatorySystemGestures mFrame=[0,0][1080,130] mVisible=true mFlags= mSideHint=TOP mBoundingRects=null} }
04-05 22:05:08.440 I/InsetsSourceConsumer( 6799): applyRequestedVisibilityToControl: visible=true, type=statusBars, host=Screen search
04-05 22:05:08.440 I/InsetsSourceConsumer( 6799): applyRequestedVisibilityToControl: visible=true, type=navigationBars, host=Screen search
04-05 22:05:08.441 V/talkback: A11yEventProcessor( 6799): Event listeners: Pipeline,ProcessorEventQueue
04-05 22:05:08.441 V/talkback: CustomLabelManager( 6799): Task com.google.android.accessibility.talkback.labeling.DataConsistencyCheckRequest@a06f57d ending.
04-05 22:05:08.441 V/talkback: A11yEventProcessor( 6799): Event listeners: Pipeline,ProcessorEventQueue
04-05 22:05:08.441 V/talkback: A11yEventProcessor( 6799): Event listeners: Pipeline,ProcessorEventQueue
04-05 22:05:08.441 V/talkback: A11yEventProcessor( 6799): Event listeners: ProcessorMagnification,Pipeline,ProcessorEventQueue,ProcessorPhoneticLetters
04-05 22:05:08.442 D/[+0900]oneconnect[1.8.45.11_01][CORE]( 9893): BleParserForVD.parseTvPacket - |name:null|deviceType:TV|discoverType:_BLE|services:None|connected:false[TvStatusString]POWER_OFF[TvStatus]-128[TvService]96[TvMirrorChannel]1[TvRegisteredDB][98, -106, 45, -14, -105, 126][TvYear]2016[TvOcfInfo]0[TvAcmStatus]0[ExTvStatus]0[ExtendedStatus]-1[ModuloSn]-1
04-05 22:05:08.444 I/[+0900]oneconnect[1.8.45.11_01][CORE]( 9893): DataConvert.parseBleVd - deviceBle : |name:|deviceType:TV|discoverType:_BLE|services:None|connected:false[TvStatusString]POWER_OFF[TvStatus]-128[TvService]96[TvMirrorChannel]1[TvRegisteredDB][98, -106, 45, -14, -105, 126][TvYear]2016[TvOcfInfo]0[TvAcmStatus]0[ExTvStatus]0[ExtendedStatus]-1[ModuloSn]-1
04-05 22:05:08.444 D/talkback: Pipeline( 6799): execute() feedback=Feedback{eventId=type:EVENT_TYPE_ACCESSIBILITY subtype:TYPE_VIEW_FOCUSED displayId:0 time:1179587283, failovers=[Part= interruptGroup=0  interruptLevel=1  ]}
04-05 22:05:08.444 D/talkback: Actors( 6799): act() eventId=type:EVENT_TYPE_ACCESSIBILITY subtype:TYPE_VIEW_FOCUSED displayId:0 time:1179587283 part=Part= interruptGroup=0  interruptLevel=1  
04-05 22:05:08.444 V/talkback: Pipeline( 6799): execute() success=true for part=Part= interruptGroup=0  interruptLevel=1  
04-05 22:05:08.444 I/SurfaceFlinger( 1674): [Surface(name=6ee14fb StatusBar)/@0xd6f224b - animation-leash of insets_animation#31306] attach to parent LayerHierarchy{RequestedLayerState{WindowToken{90b568a type=2000 android.os.BinderProxy@a64462c}#121 parentId=20} 2 children}
04-05 22:05:08.445 I/SurfaceFlinger( 1674): [Surface(name=d87e32b NavigationBar0)/@0x31f8707 - animation-leash of insets_animation#31307] attach to parent LayerHierarchy{RequestedLayerState{WindowToken{4afbf7a type=2019 android.os.BinderProxy@f14e99c}#116 parentId=32} 2 children}
04-05 22:05:08.445 V/talkback: A11yEventProcessor( 6799): Event listeners: Pipeline,ProcessorEventQueue
04-05 22:05:08.445 I/SeslTouchTargetDelegate(10006): SeslTouchTargetDelegate does not support accessibility because it cannot support multi-touch delegation with AOSP View
04-05 22:05:08.445 V/talkback: A11yEventProcessor( 6799): Event listeners: ProcessorMagnification,Pipeline,ProcessorEventQueue,ProcessorPhoneticLetters
04-05 22:05:08.448 I/InsetsSourceConsumer(10006): applyRequestedVisibilityToControl: visible=true, type=statusBars, host=com.samsung.android.oneconnect/com.samsung.android.oneconnect.uilayer.settings.SettingsPreferencesActivity
04-05 22:05:08.448 I/InsetsSourceConsumer(10006): applyRequestedVisibilityToControl: visible=true, type=navigationBars, host=com.samsung.android.oneconnect/com.samsung.android.oneconnect.uilayer.settings.SettingsPreferencesActivity
04-05 22:05:08.449 I/SeslTouchTargetDelegate(10006): SeslTouchTargetDelegate does not support accessibility because it cannot support multi-touch delegation with AOSP View
04-05 22:05:08.451 I/ActivityManager( 2531): Broadcasting: Intent { act=android.intent.action.MEDIA_SCANNER_SCAN_FILE dat=file:///... flg=0x400000 }
04-05 22:05:08.451 I/ActivityManager( 2531): Enqueued broadcast Intent { act=android.intent.action.MEDIA_SCANNER_SCAN_FILE dat=file:///... flg=0x400000 }: 0
04-05 22:05:08.451 I/BtGatt.ScanHelper( 3694): onScanResult to scannerId: 5- eventType=0x1b, addressType=0, address=XX:XX:XX:XX:75:E9, primaryPhy=1, secondaryPhy=0, advertisingSid=0xff, txPower=127, rssi=-54, periodicAdvInt=0x0
04-05 22:05:08.452 I/SeslTouchTargetDelegate(10006): SeslTouchTargetDelegate does not support accessibility because it cannot support multi-touch delegation with AOSP View
04-05 22:05:08.453 D/A11Y_FOCUS_SNAPSHOT( 2771): mergedLabel=Notifications class=android.view.ViewGroup id=null
04-05 22:05:08.453 I/A11Y_HELPER( 2771): FOCUS_UPDATE {"timestamp":1775394308453,"schemaVersion":"1.2.0","snapshotBuilderVersion":"1.2.0","packageName":"com.samsung.android.oneconnect","className":"android.view.ViewGroup","viewIdResourceName":null,"text":null,"contentDescription":null,"mergedLabel":"Notifications","talkbackLabel":"Notifications","clickable":true,"focusable":true,"focused":true,"accessibilityFocused":false,"visibleToUser":true,"isVisibleToUser":true,"selected":false,"checkable":false,"checked":false,"enabled":true,"boundsInScreen":{"l":30,"t":1167,"r":1050,"b":1335,"left":30,"top":1167,"right":1050,"bottom":1335},"children":[{"text":"Notifications","contentDescription":null,"className":"android.widget.TextView","viewIdResourceName":"com.samsung.android.oneconnect:id\/noti_title","clickable":false,"focusable":false,"accessibilityFocused":false,"visibleToUser":true,"boundsInScreen":{"l":84,"t":1216,"r":373,"b":1286},"children":[]},{"text":null,"contentDescription":"Notifications","className":"android.widget.Switch","viewIdResourceName":"com.samsung.android.oneconnect:id\/notification_item_switch","clickable":true,"focusable":true,"accessibilityFocused":false,"visibleToUser":true,"boundsInScreen":{"l":840,"t":1184,"r":996,"b":1319},"children":[]}]}
04-05 22:05:08.455 I/MediaServiceV2( 5047): Creating work for intent Intent { act=android.intent.action.MEDIA_SCANNER_SCAN_FILE dat=file:///... flg=0x1400010 cmp=com.google.android.providers.media.module/com.android.providers.media.MediaServiceV2 }
04-05 22:05:08.455 I/MediaServiceV2( 5047): Work enqueued for intent: Intent { act=android.intent.action.MEDIA_SCANNER_SCAN_FILE dat=file:///... flg=0x1400010 cmp=com.google.android.providers.media.module/com.android.providers.media.MediaServiceV2 }
04-05 22:05:08.456 I/BtGatt.ScanHelper( 3694): onScanResult to scannerId: 5- eventType=0x1b, addressType=0, address=XX:XX:XX:XX:6C:F8, primaryPhy=1, secondaryPhy=0, advertisingSid=0xff, txPower=127, rssi=-69, periodicAdvInt=0x0
04-05 22:05:08.456 D/talkback: Pipeline( 6799): execute() feedback=Feedback{eventId=type:EVENT_TYPE_ACCESSIBILITY subtype:TYPE_VIEW_FOCUSED displayId:0 time:1179587297, failovers=[Part= interruptGroup=0  interruptLevel=1  ]}
04-05 22:05:08.457 D/talkback: Actors( 6799): act() eventId=type:EVENT_TYPE_ACCESSIBILITY subtype:TYPE_VIEW_FOCUSED displayId:0 time:1179587297 part=Part= interruptGroup=0  interruptLevel=1  
04-05 22:05:08.457 V/talkback: Pipeline( 6799): execute() success=true for part=Part= interruptGroup=0  interruptLevel=1  
04-05 22:05:08.457 D/talkback: ProcessorEventQueue( 6799): Processing event: AccessibilityEvent  TYPE_VIEW_FOCUSED  time=1179586866  class="android.widget.ImageView"  package="com.android.systemui"  text="text=[Accessibility]"  description="Accessibility"  itemCount=4  currentItemIndex=2  enabled  ScrollX=0  ScrollY=0  MaxScrollX=0  MaxScrollY=0      
04-05 22:05:08.458 I/ActivityManager( 2531): Broadcast completed: result=0
04-05 22:05:08.459 V/talkback: Compositor( 6799): eventInterpretation= TYPE_VIEW_FOCUSED  
04-05 22:05:08.459 V/talkback: EventTypeViewFocusedFeedbackRule( 6799):  ttsOutputRule= eventContentDescriptionOrEventAggregateText,   sourceNodeIsNull  
04-05 22:05:08.459 V/talkback: TalkBackFeedbackProvider( 6799):  TYPE_VIEW_FOCUSED:  ttsOutput= Accessibility    ttsAddToHistory  forceFeedbackEvenIfPhoneCallActive  haptic=2130903102  earcon=2131820555  
04-05 22:05:08.459 D/talkback: Pipeline( 6799): execute() feedback=Feedback{eventId=type:EVENT_TYPE_ACCESSIBILITY subtype:TYPE_VIEW_FOCUSED displayId:0 time:1179586866, failovers=[Part= speech= action=SPEAK  text="Accessibility"  options= earcons=[2131820555]  haptics=[2130903102]  queueMode=INTERRUPT  flags=FLAG_FORCE_FEEDBACK_EVEN_IF_PHONE_CALL_ACTIVE  speechParams=Bundle[{pitch=1.0}]  nonSpeechParams=Bundle[{}]    hint= null  hintSpeakOptions= null    ]}
04-05 22:05:08.459 D/talkback: Actors( 6799): act() eventId=type:EVENT_TYPE_ACCESSIBILITY subtype:TYPE_VIEW_FOCUSED displayId:0 time:1179586866 part=Part= speech= action=SPEAK  text="Accessibility"  options= earcons=[2131820555]  haptics=[2130903102]  queueMode=INTERRUPT  flags=FLAG_FORCE_FEEDBACK_EVEN_IF_PHONE_CALL_ACTIVE  speechParams=Bundle[{pitch=1.0}]  nonSpeechParams=Bundle[{}]    hint= null  hintSpeakOptions= null    
04-05 22:05:08.459 V/talkback: FeedbackProcessingUtils( 6799): chosenSpan=null from 0 to 13 before removeUnnecessarySpansForTts.
04-05 22:05:08.459 D/[+0900]oneconnect[1.8.45.11_01][CORE]( 9893): BleParserForSamsungConnect.parseSamsungConnectPacket_V3 - customDataLen : 10
04-05 22:05:08.460 D/[+0900]oneconnect[1.8.45.11_01][CORE]( 9893): BleParserForSamsungConnect.parseSamsungConnectPacket_V3 - identifierType : 2. identifierValue = 134J
04-05 22:05:08.460 I/[+0900]oneconnect[1.8.45.11_01][CORE]( 9893): BleParserForSamsungConnect.parseSamsungConnectPacket_V3 - |name:($)-A(11)|deviceType:SAMSUNG_OCF_SETUP|discoverType:_BLE|services:None|connected:false[Status]6[OcfInfo]7[SetupNet]4[Calm] false false false[Tx]-2147483648 not set
04-05 22:05:08.460 I/BtGatt.ScanHelper( 3694): onScanResult to scannerId: 5- eventType=0x1b, addressType=1, address=XX:XX:XX:XX:6B:F9, primaryPhy=1, secondaryPhy=0, advertisingSid=0xff, txPower=127, rssi=-83, periodicAdvInt=0x0
04-05 22:05:08.461 I/BCL@CoreSvc( 6066): (BixbyStatusProvider) Is Bixby running? false
04-05 22:05:08.461 I/SurfaceFlinger( 1674): [LayerHierarchy{RequestedLayerState{ImeContainer#17 parentId=31273 relativeParentId=31274 z=1} 1 children}] RelativeParent to LayerHierarchy{RequestedLayerState{11da8f0 com.samsung.android.oneconnect/com.samsung.android.oneconnect.uilayer.settings.SettingsPreferencesActivity#31274 parentId=31273} 2 children}
04-05 22:05:08.461 I/SurfaceFlinger( 1674): [LayerHierarchy{RequestedLayerState{d87e32b NavigationBar0#117 parentId=31307} 1 children}] reparent to LayerHierarchy{RequestedLayerState{Surface(name=d87e32b NavigationBar0)/@0x31f8707 - animation-leash of insets_animation#31307 parentId=116} 1 children}
04-05 22:05:08.461 I/SurfaceFlinger( 1674): [LayerHierarchy{RequestedLayerState{6ee14fb StatusBar#122 parentId=31306} 1 children}] reparent to LayerHierarchy{RequestedLayerState{Surface(name=6ee14fb StatusBar)/@0xd6f224b - animation-leash of insets_animation#31306 parentId=121} 1 children}
04-05 22:05:08.461 I/SurfaceFlinger( 1674): [LayerHierarchy{RequestedLayerState{Surface(name=d87e32b NavigationBar0)/@0x31f8707 - animation-leash of insets_animation#31305} no children}] reparent to OffscreenRoot
04-05 22:05:08.461 I/SurfaceFlinger( 1674): [LayerHierarchy{RequestedLayerState{Surface(name=d87e32b NavigationBar0)/@0x31f8707 - animation-leash of insets_animation#31305} no children}] RelativeParent to null
04-05 22:05:08.461 I/SurfaceFlinger( 1674): [LayerHierarchy{RequestedLayerState{Surface(name=6ee14fb StatusBar)/@0xd6f224b - animation-leash of insets_animation#31304} no children}] reparent to OffscreenRoot
04-05 22:05:08.461 I/SurfaceFlinger( 1674): [LayerHierarchy{RequestedLayerState{Surface(name=6ee14fb StatusBar)/@0xd6f224b - animation-leash of insets_animation#31304} no children}] RelativeParent to null
04-05 22:05:08.462 I/BCL@CoreSvc( 6066): (BixbyStatusProvider) Is Bixby running? false
04-05 22:05:08.462 V/talkback: SpeechControllerImpl( 6799): Bixby doesn't block TTS. attached:false/dualmic:false hotword:false mic:false
04-05 22:05:08.462 E/talkback: SpeechControllerImpl( 6799): TTS is not ready. Attempted to speak before TTS was initialized. Item: {utteranceId:"", fragments:[{text:Accessibility, earcons:[2131820555], haptics:[2130903102], speechParams:Bundle[{pitch=1.0}]nonSpeechParams:Bundle[{}]fragmentStartIndex:0}], uninterruptible:false, flushGlobalTtsQueue:true, flags:32, creationTime:1775394308459}
04-05 22:05:08.462 V/talkback: Pipeline( 6799): execute() success=true for part=Part= speech= action=SPEAK  text="Accessibility"  options= earcons=[2131820555]  haptics=[2130903102]  queueMode=INTERRUPT  flags=FLAG_FORCE_FEEDBACK_EVEN_IF_PHONE_CALL_ACTIVE  speechParams=Bundle[{pitch=1.0}]  nonSpeechParams=Bundle[{}]    hint= null  hintSpeakOptions= null    
04-05 22:05:08.464 D/SurfaceFlinger( 1674): [input] setFocusedWindow: 11da8f0 com.samsung.android.oneconnect/com.samsung.android.oneconnect.uilayer.settings.SettingsPreferencesActivity
04-05 22:05:08.464 D/InputDispatcher( 2531): Once focus requested (0): 11da8f0 com.samsung.android.oneconnect/com.samsung.android.oneconnect.uilayer.settings.SettingsPreferencesActivity
04-05 22:05:08.465 I/BtGatt.ScanHelper( 3694): onScanResult to scannerId: 5- eventType=0x1b, addressType=1, address=XX:XX:XX:XX:84:58, primaryPhy=1, secondaryPhy=0, advertisingSid=0xff, txPower=127, rssi=-82, periodicAdvInt=0x0
04-05 22:05:08.466 I/BtGatt.ScanHelper( 3694): onScanResult to scannerId: 5- eventType=0x10, addressType=1, address=XX:XX:XX:XX:4E:75, primaryPhy=1, secondaryPhy=0, advertisingSid=0xff, txPower=127, rssi=-60, periodicAdvInt=0x0
04-05 22:05:08.466 D/talkback: ProcessorEventQueue( 6799): Processing event: AccessibilityEvent  TYPE_WINDOWS_CHANGED  WindowChangeTypes=WINDOWS_CHANGE_ACTIVE,WINDOWS_CHANGE_FOCUSED  time=1179586896  ScrollX=0  ScrollY=0  MaxScrollX=0  MaxScrollY=0      
04-05 22:05:08.466 V/talkback: Compositor( 6799): eventInterpretation= EVENT_UNKNOWN  
04-05 22:05:08.466 D/talkback: ProcessorEventQueue( 6799): Processing event: AccessibilityEvent  TYPE_WINDOW_CONTENT_CHANGED  ContentChangeTypes=CONTENT_CHANGE_TYPE_SUBTREE  time=1179586966  class="android.widget.FrameLayout"  package="com.android.systemui"  enabled  ScrollX=0  ScrollY=0  MaxScrollX=0  MaxScrollY=0      
04-05 22:05:08.467 V/talkback: Compositor( 6799): eventInterpretation= TYPE_WINDOW_CONTENT_CHANGED  
04-05 22:05:08.468 V/talkback: EventTypeWindowContentChangedFeedbackRule( 6799):   computeWindowContentChangedStateText:   eventContentChangeTypes=CONTENT_CHANGE_TYPE_SUBTREE  contentChangeType=CONTENT_CHANGE_TYPE_SUBTREE, isSelfOrAncestorFocused=false
04-05 22:05:08.468 V/talkback: EventTypeWindowContentChangedFeedbackRule( 6799): windowContentChanged: (114042) , ttsOutput= {}, eventSrcRole=ROLE_VIEW_GROUP, nodeRole=ROLE_VIEW_GROUP, nodeLiveRegion=0, nodeNotFrequentAnnounced=true
04-05 22:05:08.468 V/talkback: TalkBackFeedbackProvider( 6799):  TYPE_WINDOW_CONTENT_CHANGED:  ttsOutput=     queueMode=0  ttsAddToHistory  forceFeedbackEvenIfAudioPlaybackActive  forceFeedbackEvenIfPhoneCallActive  ttsSkipDuplicate  
04-05 22:05:08.468 D/talkback: ProcessorEventQueue( 6799): Processing event: AccessibilityEvent  TYPE_WINDOW_CONTENT_CHANGED  ContentChangeTypes=CONTENT_CHANGE_TYPE_SUBTREE  time=1179587283  class="android.widget.FrameLayout"  package="com.android.systemui"  enabled  ScrollX=0  ScrollY=0  MaxScrollX=0  MaxScrollY=0      
04-05 22:05:08.468 V/talkback: Compositor( 6799): eventInterpretation= TYPE_WINDOW_CONTENT_CHANGED  
04-05 22:05:08.468 V/talkback: EventTypeWindowContentChangedFeedbackRule( 6799):   computeWindowContentChangedStateText:   eventContentChangeTypes=CONTENT_CHANGE_TYPE_SUBTREE  contentChangeType=CONTENT_CHANGE_TYPE_SUBTREE, isSelfOrAncestorFocused=false
04-05 22:05:08.468 V/talkback: EventTypeWindowContentChangedFeedbackRule( 6799): windowContentChanged: (114042) , ttsOutput= {}, eventSrcRole=ROLE_VIEW_GROUP, nodeRole=ROLE_VIEW_GROUP, nodeLiveRegion=0, nodeNotFrequentAnnounced=true
04-05 22:05:08.468 V/talkback: TalkBackFeedbackProvider( 6799):  TYPE_WINDOW_CONTENT_CHANGED:  ttsOutput=     queueMode=0  ttsAddToHistory  forceFeedbackEvenIfAudioPlaybackActive  forceFeedbackEvenIfPhoneCallActive  ttsSkipDuplicate  
04-05 22:05:08.468 D/talkback: ProcessorEventQueue( 6799): Processing event: AccessibilityEvent  TYPE_WINDOW_CONTENT_CHANGED  ContentChangeTypes=CONTENT_CHANGE_TYPE_SUBTREE  time=1179587283  class="android.widget.FrameLayout"  package="com.android.systemui"  enabled  ScrollX=0  ScrollY=0  MaxScrollX=0  MaxScrollY=0      
04-05 22:05:08.468 V/talkback: Compositor( 6799): eventInterpretation= TYPE_WINDOW_CONTENT_CHANGED  
04-05 22:05:08.468 V/talkback: EventTypeWindowContentChangedFeedbackRule( 6799):   computeWindowContentChangedStateText:   eventContentChangeTypes=CONTENT_CHANGE_TYPE_SUBTREE  contentChangeType=CONTENT_CHANGE_TYPE_SUBTREE, isSelfOrAncestorFocused=false
04-05 22:05:08.468 V/talkback: EventTypeWindowContentChangedFeedbackRule( 6799): windowContentChanged: (114042) , ttsOutput= {}, eventSrcRole=ROLE_VIEW_GROUP, nodeRole=ROLE_VIEW_GROUP, nodeLiveRegion=0, nodeNotFrequentAnnounced=true
04-05 22:05:08.468 V/talkback: TalkBackFeedbackProvider( 6799):  TYPE_WINDOW_CONTENT_CHANGED:  ttsOutput=     queueMode=0  ttsAddToHistory  forceFeedbackEvenIfAudioPlaybackActive  forceFeedbackEvenIfPhoneCallActive  ttsSkipDuplicate  
04-05 22:05:08.468 D/talkback: ProcessorEventQueue( 6799): Processing event: AccessibilityEvent  TYPE_VIEW_FOCUSED  time=1179587283  class="android.widget.ImageView"  package="com.android.systemui"  text="text=[Accessibility]"  description="Accessibility"  itemCount=4  currentItemIndex=2  enabled  ScrollX=0  ScrollY=0  MaxScrollX=0  MaxScrollY=0      
04-05 22:05:08.468 V/talkback: Compositor( 6799): eventInterpretation= TYPE_VIEW_FOCUSED  
04-05 22:05:08.468 V/talkback: EventTypeViewFocusedFeedbackRule( 6799):  ttsOutputRule= eventContentDescriptionOrEventAggregateText,   sourceNodeIsNull  
04-05 22:05:08.468 V/talkback: TalkBackFeedbackProvider( 6799):  TYPE_VIEW_FOCUSED:  ttsOutput= Accessibility    ttsAddToHistory  forceFeedbackEvenIfPhoneCallActive  haptic=2130903102  earcon=2131820555  
04-05 22:05:08.469 D/talkback: Pipeline( 6799): execute() feedback=Feedback{eventId=type:EVENT_TYPE_ACCESSIBILITY subtype:TYPE_VIEW_FOCUSED displayId:0 time:1179587283, failovers=[Part= speech= action=SPEAK  text="Accessibility"  options= earcons=[2131820555]  haptics=[2130903102]  queueMode=INTERRUPT  flags=FLAG_FORCE_FEEDBACK_EVEN_IF_PHONE_CALL_ACTIVE  speechParams=Bundle[{pitch=1.0}]  nonSpeechParams=Bundle[{}]    hint= null  hintSpeakOptions= null    ]}
04-05 22:05:08.469 D/talkback: Actors( 6799): act() eventId=type:EVENT_TYPE_ACCESSIBILITY subtype:TYPE_VIEW_FOCUSED displayId:0 time:1179587283 part=Part= speech= action=SPEAK  text="Accessibility"  options= earcons=[2131820555]  haptics=[2130903102]  queueMode=INTERRUPT  flags=FLAG_FORCE_FEEDBACK_EVEN_IF_PHONE_CALL_ACTIVE  speechParams=Bundle[{pitch=1.0}]  nonSpeechParams=Bundle[{}]    hint= null  hintSpeakOptions= null    
04-05 22:05:08.469 V/talkback: FeedbackProcessingUtils( 6799): chosenSpan=null from 0 to 13 before removeUnnecessarySpansForTts.
04-05 22:05:08.469 D/WM-SystemJobScheduler( 5047): Scheduling work ID a119e6de-74a6-4c48-8065-a0e23dfffe5cJob ID 3114
04-05 22:05:08.469 I/BCL@CoreSvc( 6066): (BixbyStatusProvider) Is Bixby running? false
04-05 22:05:08.470 I/BCL@CoreSvc( 6066): (BixbyStatusProvider) Is Bixby running? false
04-05 22:05:08.470 V/talkback: SpeechControllerImpl( 6799): Bixby doesn't block TTS. attached:false/dualmic:false hotword:false mic:false
04-05 22:05:08.470 E/talkback: SpeechControllerImpl( 6799): TTS is not ready. Attempted to speak before TTS was initialized. Item: {utteranceId:"", fragments:[{text:Accessibility, earcons:[2131820555], haptics:[2130903102], speechParams:Bundle[{pitch=1.0}]nonSpeechParams:Bundle[{}]fragmentStartIndex:0}], uninterruptible:false, flushGlobalTtsQueue:true, flags:32, creationTime:1775394308469}
04-05 22:05:08.470 V/talkback: Pipeline( 6799): execute() success=true for part=Part= speech= action=SPEAK  text="Accessibility"  options= earcons=[2131820555]  haptics=[2130903102]  queueMode=INTERRUPT  flags=FLAG_FORCE_FEEDBACK_EVEN_IF_PHONE_CALL_ACTIVE  speechParams=Bundle[{pitch=1.0}]  nonSpeechParams=Bundle[{}]    hint= null  hintSpeakOptions= null    
04-05 22:05:08.472 D/WM-GreedyScheduler( 5047): Ignoring {WorkSpec: 70b9fbbc-88e5-48d0-aebe-c480681c51fb}. Requires device idle.
04-05 22:05:08.472 D/WM-GreedyScheduler( 5047): Ignoring {WorkSpec: 969728d2-c13f-4cce-93e1-58286f8724a4}. Requires device idle.
04-05 22:05:08.472 D/WM-GreedyScheduler( 5047): Starting work for a119e6de-74a6-4c48-8065-a0e23dfffe5c
04-05 22:05:08.472 D/WM-SystemJobService( 5047): onStartJob for WorkGenerationalId(workSpecId=a119e6de-74a6-4c48-8065-a0e23dfffe5c, generation=0)
04-05 22:05:08.472 D/WM-Processor( 5047): Processor: processing WorkGenerationalId(workSpecId=a119e6de-74a6-4c48-8065-a0e23dfffe5c, generation=0)
04-05 22:05:08.473 D/WM-Processor( 5047): Work WorkGenerationalId(workSpecId=a119e6de-74a6-4c48-8065-a0e23dfffe5c, generation=0) is already enqueued for processing
04-05 22:05:08.474 D/WM-WorkerWrapper( 5047): Starting work for com.android.providers.media.MediaServiceV2
04-05 22:05:08.474 I/MediaServiceV2( 5047): Work initiated for action [ android.intent.action.MEDIA_SCANNER_SCAN_FILE ]
04-05 22:05:08.475 I/SeslTouchTargetDelegate(10006): SeslTouchTargetDelegate does not support accessibility because it cannot support multi-touch delegation with AOSP View
04-05 22:05:08.475 D/talkback: ProcessorEventQueue( 6799): Processing event: AccessibilityEvent  TYPE_WINDOW_CONTENT_CHANGED  ContentChangeTypes=CONTENT_CHANGE_TYPE_SUBTREE  time=1179587297  class="android.widget.FrameLayout"  package="com.android.systemui"  enabled  ScrollX=0  ScrollY=0  MaxScrollX=0  MaxScrollY=0      
04-05 22:05:08.475 V/talkback: Compositor( 6799): eventInterpretation= TYPE_WINDOW_CONTENT_CHANGED  
04-05 22:05:08.475 V/talkback: EventTypeWindowContentChangedFeedbackRule( 6799):   computeWindowContentChangedStateText:   eventContentChangeTypes=CONTENT_CHANGE_TYPE_SUBTREE  contentChangeType=CONTENT_CHANGE_TYPE_SUBTREE, isSelfOrAncestorFocused=false
04-05 22:05:08.475 V/talkback: EventTypeWindowContentChangedFeedbackRule( 6799): windowContentChanged: (114042) , ttsOutput= {}, eventSrcRole=ROLE_VIEW_GROUP, nodeRole=ROLE_VIEW_GROUP, nodeLiveRegion=0, nodeNotFrequentAnnounced=true
04-05 22:05:08.476 V/talkback: TalkBackFeedbackProvider( 6799):  TYPE_WINDOW_CONTENT_CHANGED:  ttsOutput=     queueMode=0  ttsAddToHistory  forceFeedbackEvenIfAudioPlaybackActive  forceFeedbackEvenIfPhoneCallActive  ttsSkipDuplicate  
04-05 22:05:08.476 D/talkback: ProcessorEventQueue( 6799): Processing event: AccessibilityEvent  TYPE_VIEW_FOCUSED  time=1179587297  class="android.widget.ImageView"  package="com.android.systemui"  text="text=[Accessibility]"  description="Accessibility"  itemCount=4  currentItemIndex=2  enabled  ScrollX=0  ScrollY=0  MaxScrollX=0  MaxScrollY=0      
04-05 22:05:08.477 V/talkback: Compositor( 6799): eventInterpretation= TYPE_VIEW_FOCUSED  
04-05 22:05:08.477 V/talkback: EventTypeViewFocusedFeedbackRule( 6799):  ttsOutputRule= eventContentDescriptionOrEventAggregateText,   sourceNodeIsNull  
04-05 22:05:08.477 V/talkback: TalkBackFeedbackProvider( 6799):  TYPE_VIEW_FOCUSED:  ttsOutput= Accessibility    ttsAddToHistory  forceFeedbackEvenIfPhoneCallActive  haptic=2130903102  earcon=2131820555  
04-05 22:05:08.477 D/talkback: Pipeline( 6799): execute() feedback=Feedback{eventId=type:EVENT_TYPE_ACCESSIBILITY subtype:TYPE_VIEW_FOCUSED displayId:0 time:1179587297, failovers=[Part= speech= action=SPEAK  text="Accessibility"  options= earcons=[2131820555]  haptics=[2130903102]  queueMode=INTERRUPT  flags=FLAG_FORCE_FEEDBACK_EVEN_IF_PHONE_CALL_ACTIVE  speechParams=Bundle[{pitch=1.0}]  nonSpeechParams=Bundle[{}]    hint= null  hintSpeakOptions= null    ]}
04-05 22:05:08.477 D/talkback: Actors( 6799): act() eventId=type:EVENT_TYPE_ACCESSIBILITY subtype:TYPE_VIEW_FOCUSED displayId:0 time:1179587297 part=Part= speech= action=SPEAK  text="Accessibility"  options= earcons=[2131820555]  haptics=[2130903102]  queueMode=INTERRUPT  flags=FLAG_FORCE_FEEDBACK_EVEN_IF_PHONE_CALL_ACTIVE  speechParams=Bundle[{pitch=1.0}]  nonSpeechParams=Bundle[{}]    hint= null  hintSpeakOptions= null    
04-05 22:05:08.477 V/talkback: FeedbackProcessingUtils( 6799): chosenSpan=null from 0 to 13 before removeUnnecessarySpansForTts.
04-05 22:05:08.478 I/BCL@CoreSvc( 6066): (BixbyStatusProvider) Is Bixby running? false
04-05 22:05:08.478 I/BCL@CoreSvc( 6066): (BixbyStatusProvider) Is Bixby running? false
04-05 22:05:08.479 I/SeslTouchTargetDelegate(10006): SeslTouchTargetDelegate does not support accessibility because it cannot support multi-touch delegation with AOSP View
04-05 22:05:08.479 V/talkback: SpeechControllerImpl( 6799): Bixby doesn't block TTS. attached:false/dualmic:false hotword:false mic:false
04-05 22:05:08.479 E/talkback: SpeechControllerImpl( 6799): TTS is not ready. Attempted to speak before TTS was initialized. Item: {utteranceId:"", fragments:[{text:Accessibility, earcons:[2131820555], haptics:[2130903102], speechParams:Bundle[{pitch=1.0}]nonSpeechParams:Bundle[{}]fragmentStartIndex:0}], uninterruptible:false, flushGlobalTtsQueue:true, flags:32, creationTime:1775394308477}
04-05 22:05:08.479 V/talkback: Pipeline( 6799): execute() success=true for part=Part= speech= action=SPEAK  text="Accessibility"  options= earcons=[2131820555]  haptics=[2130903102]  queueMode=INTERRUPT  flags=FLAG_FORCE_FEEDBACK_EVEN_IF_PHONE_CALL_ACTIVE  speechParams=Bundle[{pitch=1.0}]  nonSpeechParams=Bundle[{}]    hint= null  hintSpeakOptions= null    
04-05 22:05:08.480 I/MediaServiceV2( 5047): Work ended for action [ android.intent.action.MEDIA_SCANNER_SCAN_FILE ]
04-05 22:05:08.480 I/WM-WorkerWrapper( 5047): Worker result SUCCESS for Work [ id=a119e6de-74a6-4c48-8065-a0e23dfffe5c, tags={ com.android.providers.media.MediaServiceV2 } ]
04-05 22:05:08.480 D/WM-Processor( 5047): Processor a119e6de-74a6-4c48-8065-a0e23dfffe5c executed; reschedule = false
04-05 22:05:08.480 D/WM-SystemJobService( 5047): a119e6de-74a6-4c48-8065-a0e23dfffe5c executed on JobScheduler
04-05 22:05:08.481 D/SyncManager( 2531): userId - 0 auto - true
04-05 22:05:08.482 I/SeslTouchTargetDelegate(10006): SeslTouchTargetDelegate does not support accessibility because it cannot support multi-touch delegation with AOSP View
04-05 22:05:08.483 D/A11Y_FOCUS_SNAPSHOT( 2771): mergedLabel=Notifications class=android.view.ViewGroup id=null
04-05 22:05:08.483 I/A11Y_HELPER( 2771): FOCUS_UPDATE {"timestamp":1775394308483,"schemaVersion":"1.2.0","snapshotBuilderVersion":"1.2.0","packageName":"com.samsung.android.oneconnect","className":"android.view.ViewGroup","viewIdResourceName":null,"text":null,"contentDescription":null,"mergedLabel":"Notifications","talkbackLabel":"Notifications","clickable":true,"focusable":true,"focused":true,"accessibilityFocused":false,"visibleToUser":true,"isVisibleToUser":true,"selected":false,"checkable":false,"checked":false,"enabled":true,"boundsInScreen":{"l":30,"t":1167,"r":1050,"b":1335,"left":30,"top":1167,"right":1050,"bottom":1335},"children":[{"text":"Notifications","contentDescription":null,"className":"android.widget.TextView","viewIdResourceName":"com.samsung.android.oneconnect:id\/noti_title","clickable":false,"focusable":false,"accessibilityFocused":false,"visibleToUser":true,"boundsInScreen":{"l":84,"t":1216,"r":373,"b":1286},"children":[]},{"text":null,"contentDescription":"Notifications","className":"android.widget.Switch","viewIdResourceName":"com.samsung.android.oneconnect:id\/notification_item_switch","clickable":true,"focusable":true,"accessibilityFocused":false,"visibleToUser":true,"boundsInScreen":{"l":840,"t":1184,"r":996,"b":1319},"children":[]}]}
04-05 22:05:08.484 D/WM-GreedyScheduler( 5047): Cancelling work ID a119e6de-74a6-4c48-8065-a0e23dfffe5c
04-05 22:05:08.485 D/[CE]_MediaObserver(32018): onChange - New file: /storage/emulated/0/__capture_debug_bundle_screen.png (image/png)
04-05 22:05:08.485 D/[CE]_MediaObserver(32018): onChange - It's not a newly captured file: /storage/emulated/0/__capture_debug_bundle_screen.png
04-05 22:05:08.486 V/talkback: A11yEventProcessor( 6799): Event listeners: Pipeline,ProcessorEventQueue,ScreenFeedbackManager
04-05 22:05:08.486 D/talkback: FailoverTextToSpeech( 6799): set ttsLocale: cachedlocale=null with locale en_US
04-05 22:05:08.486 D/WM-GreedyScheduler( 5047): Ignoring {WorkSpec: 70b9fbbc-88e5-48d0-aebe-c480681c51fb}. Requires device idle.
04-05 22:05:08.486 D/WM-GreedyScheduler( 5047): Ignoring {WorkSpec: 969728d2-c13f-4cce-93e1-58286f8724a4}. Requires device idle.
04-05 22:05:08.486 I/SamsungTTS( 6816): [isAvailable] eng-USA-null is LANG_COUNTRY_AVAILABLE
04-05 22:05:08.486 I/SamsungTTS( 6816): [isAvailable] eng-USA-null is LANG_COUNTRY_AVAILABLE
04-05 22:05:08.486 D/SamsungTTS( 6816): onGetDefaultVoiceNameFor : eng-USA-default = en-US-default
04-05 22:05:08.487 I/SamsungTTS( 6816): [isAvailable] eng-USA-default is LANG_COUNTRY_AVAILABLE
04-05 22:05:08.487 W/ContextImpl( 6816): Calling a method in the system process without a qualified user: android.app.ContextImpl.sendBroadcast:1314 android.content.ContextWrapper.sendBroadcast:515 android.speech.tts.TextToSpeechService$SynthThread.broadcastTtsQueueProcessingCompleted:471 android.speech.tts.TextToSpeechService$SynthThread.queueIdle:463 android.os.MessageQueue.next:424 
04-05 22:05:08.487 D/MARsPolicyManager( 2531): setTTSPkgInfo : 10155
04-05 22:05:08.488 D/talkback: FailoverTextToSpeech( 6799): set ttsLocale: en_US with status 1
04-05 22:05:08.488 I/talkback: FailoverTextToSpeech( 6799): Restored TTS locale to en_US
04-05 22:05:08.488 I/talkback: FailoverTextToSpeech( 6799): Switched to TTS engine: com.samsung.SMT
04-05 22:05:08.489 D/MediaSync( 6361): loaded: 6ms, 1
04-05 22:05:08.489 D/SyncManager( 2531): userId - 0 auto - true
04-05 22:05:08.490 I/BCL@CoreSvc( 6066): (BixbyStatusProvider) Is Bixby running? false
04-05 22:05:08.491 I/BCL@CoreSvc( 6066): (BixbyStatusProvider) Is Bixby running? false
04-05 22:05:08.491 V/talkback: SpeechControllerImpl( 6799): Bixby doesn't block TTS. attached:false/dualmic:false hotword:false mic:false
04-05 22:05:08.491 V/talkback: SpeechControllerImpl( 6799): Request Audio Focus.
04-05 22:05:08.491 I/MediaFocusControl( 2531): requestAudioFocus() from uid/pid 10155/6799 AA=USAGE_ASSISTANCE_ACCESSIBILITY/CONTENT_TYPE_SPEECH clientId=android.media.AudioManager@9f747f7com.google.android.accessibility.utils.output.SpeechControllerImpl$5@6411664 callingPack=com.samsung.android.accessibility.talkback req=3 flags=0x0 sdk=35
04-05 22:05:08.492 D/AS.AudioService( 2531): [Android Auto] isConnectedAndroidAuto = false
04-05 22:05:08.492 D/MediaFocusControl( 2531): selectFocusStack, uid = 10155, appDevice = 0, device = 2
04-05 22:05:08.492 I/MediaFocusControl( 2531): removeFocusStackEntry client:android.media.AudioManager@9f747f7com.google.android.accessibility.utils.output.SpeechControllerImpl$5@6411664
04-05 22:05:08.492 I/MediaFocusControl( 2531): propagateFocusLossFromGain_syncAf gain:3
04-05 22:05:08.492 I/MediaFocusControl( 2531): propagateFocusLossFromGain_syncAf empty stack
04-05 22:05:08.492 D/MediaFocusControl( 2531): propagateFocusLossFromGainToAll, 3
04-05 22:05:08.492 V/AS.PlaybackActivityMon( 2531): unduckPlayers: uids winner=10155
04-05 22:05:08.492 V/AS.PlaybackActivityMon( 2531): DuckingManager: unduckUid() uid:10155
04-05 22:05:08.492 I/AS.FadeOutManager( 2531): unfadeOutUid() uid:10155
04-05 22:05:08.492 V/talkback: FeedbackFragmentsIterator( 6799): next --currentFeedbackFragment text = TalkBack on.
04-05 22:05:08.493 D/SecMediaProvider( 6361): UPDATE /local/metadata 6166, 10667
04-05 22:05:08.493 I/BCL@CoreSvc( 6066): (BixbyStatusProvider) Is Bixby running? false
04-05 22:05:08.493 I/BCL@CoreSvc( 6066): (BixbyStatusProvider) Is Bixby running? false
04-05 22:05:08.493 V/talkback: SpeechControllerImpl( 6799): Bixby doesn't block TTS. attached:false/dualmic:false hotword:false mic:false
04-05 22:05:08.493 V/talkback: SpeechControllerImpl( 6799): Speaking fragment text="TalkBack on", utteranceId=talkback_0, TtsSpan=null, locale=null, event=null
04-05 22:05:08.494 D/talkback: FailoverTextToSpeech( 6799): Speak call for talkback_0 returned 0
04-05 22:05:08.494 I/InsetsController( 6799): onStateChanged: host=Screen search, from=android.view.ViewRootImpl.handleInsetsControlChanged:2888, state=InsetsState: {mDisplayFrame=Rect(0, 0 - 1080, 2640), mDisplayCutout=DisplayCutout{insets=Rect(0, 94 - 0, 0) waterfall=Insets{left=0, top=0, right=0, bottom=0} boundingRect={Bounds=[Rect(0, 0 - 0, 0), Rect(505, 0 - 576, 94), Rect(0, 0 - 0, 0), Rect(0, 0 - 0, 0)]} cutoutPathParserInfo={CutoutPathParserInfo{displayWidth=1080 displayHeight=2640 physicalDisplayWidth=1080 physicalDisplayHeight=2640 density={3.0} cutoutSpec={M 0,0 H -11.83333333333333 V 31.33333333333333 H 11.83333333333333 V 0 H 0 Z @dp} rotation={0} scale={1.0} physicalPixelDisplaySizeRatio={1.0}}} sideOverrides={}}, mRoundedCorners=RoundedCorners{[RoundedCorner{position=TopLeft, radius=114, center=Point(114, 114)}, RoundedCorner{position=TopRight, radius=114, center=Point(966, 114)}, RoundedCorner{position=BottomRight, radius=114, center=Point(966, 2526)}, RoundedCorner{position=BottomLeft, radius=114, center=Point(114, 2526)}]}  mRoundedCornerFrame=Rect(0, 0 - 0, 0), mPrivacyIndicatorBounds=PrivacyIndicatorBounds {static bounds=Rect(948, 0 - 1080, 94) rotation=0}, mDisplayShape=DisplayShape{ spec=1406003047 displayWidth=1080 displayHeight=2640 physicalPixelDisplaySizeRatio=1.0 rotation=0 offsetX=0 offsetY=0 scale=1.0}, mSources= { InsetsSource: {27 mType=displayCutout mFrame=[0,0][1080,94] mVisible=true mFlags= mSideHint=TOP mBoundingRects=null}, InsetsSource: {17000004 mType=systemGestures mFrame=[0,0][0,0] mVisible=true mFlags= mSideHint=NONE mBoundingRects=null}, InsetsSource: {17000005 mType=mandatorySystemGestures mFrame=[0,2496][1080,2640] mVisible=true mFlags= mSideHint=BOTTOM mBoundingRects=null}, InsetsSource: {17000024 mType=systemGestures mFrame=[0,0][0,0] mVisible=true mFlags= mSideHint=NONE mBoundingRects=null}, InsetsSource: {50a20005 mType=mandatorySystemGestures mFrame=[0,0][1080,130] mVisible=true mFlags= mSideHint=TOP mBoundingRects=null} }
04-05 22:05:08.494 I/SamsungTTS( 6816): [Synthesize] request = en-US-default
04-05 22:05:08.494 I/SamsungTTS( 6816): [loadLanguage] : eng-USA-[l03]
04-05 22:05:08.494 I/SurfaceFlinger( 1674): id=31304 Removed Surface(name=6ee14fb StatusBar)/@0xd6f224b - animation-leash of insets_animation#31304 (195)
04-05 22:05:08.494 I/SamsungTTS( 6816): [Synthesize] text = Po95l97BBIVKL6pYqzeG0w==
04-05 22:05:08.494 I/SamsungTTS( 6816): [Synthesize] eng-USA-l03 Speed[100] Pitch[100] StreamType[10] Caller[10155-com.samsung.android.accessibility.talkback]
04-05 22:05:08.495 I/SurfaceFlinger( 1674): id=31305 Removed Surface(name=d87e32b NavigationBar0)/@0x31f8707 - animation-leash of insets_animation#31305 (195)
04-05 22:05:08.495 D/talkback: ProcessorEventQueue( 6799): Processing event: AccessibilityEvent  TYPE_WINDOWS_CHANGED  WindowChangeTypes=WINDOWS_CHANGE_ACTIVE,WINDOWS_CHANGE_FOCUSED  time=1179587316  ScrollX=0  ScrollY=0  MaxScrollX=0  MaxScrollY=0      
04-05 22:05:08.495 V/talkback: Compositor( 6799): eventInterpretation= EVENT_UNKNOWN  
04-05 22:05:08.495 I/WindowManager( 6799): WindowManagerGlobal#addView, ty=2032, view=com.google.android.libraries.accessibility.widgets.simple.SimpleOverlay$1{3e130cd V.E...... ......I. 0,0-0,0}, caller=android.view.WindowManagerImpl.addView:158 com.google.android.libraries.accessibility.widgets.simple.SimpleOverlay.show:11 com.google.android.accessibility.utils.output.TextToSpeechOverlay$OverlayHandler.handleMessage:5 
04-05 22:05:08.495 D/MediaParseTask( 6361): scanItem: 1
04-05 22:05:08.495 I/ViewRootImpl( 6799): dVRR is disabled
04-05 22:05:08.496 V/APM_AudioPolicyManager( 1665): selectOutput new bestOutput 13 criteria 0 100 0 0 0 0 0 2 
04-05 22:05:08.496 V/APM_AudioPolicyManager( 1665): selectOutput new bestOutput 21 criteria 0 100 0 0 0 1 0 0 
04-05 22:05:08.496 V/APM_AudioPolicyManager( 1665): getOutput() stream 3 selected devices {AUDIO_DEVICE_OUT_SPEAKER, @:}, output 21
04-05 22:05:08.496 V/APM_AudioPolicyManager( 1665): selectOutput new bestOutput 13 criteria 0 100 0 0 0 0 0 2 
04-05 22:05:08.496 V/APM_AudioPolicyManager( 1665): selectOutput new bestOutput 21 criteria 0 100 0 0 0 1 0 0 
04-05 22:05:08.496 V/APM_AudioPolicyManager( 1665): getOutput() stream 3 selected devices {AUDIO_DEVICE_OUT_SPEAKER, @:}, output 21
04-05 22:05:08.496 D/SyncManager( 2531): userId - 0 auto - true
04-05 22:05:08.496 D/NativeCustomFrequencyManager( 6799): [NativeCFMS] BpCustomFrequencyManager::BpCustomFrequencyManager()
04-05 22:05:08.496 V/APM_AudioPolicyManager( 1665): selectOutput new bestOutput 13 criteria 0 100 0 0 0 0 0 2 
04-05 22:05:08.496 V/APM_AudioPolicyManager( 1665): selectOutput new bestOutput 21 criteria 0 100 0 0 0 1 0 0 
04-05 22:05:08.496 V/APM_AudioPolicyManager( 1665): getOutput() stream 3 selected devices {AUDIO_DEVICE_OUT_SPEAKER, @:}, output 21
04-05 22:05:08.498 V/APM_AudioPolicyManager( 1665): getOutputForAttrInt() attributes={ Content type: AUDIO_CONTENT_TYPE_UNKNOWN Usage: AUDIO_USAGE_ASSISTANCE_ACCESSIBILITY Source: AUDIO_SOURCE_INVALID Flags: 0x900 Tags:  } stream=AUDIO_STREAM_ACCESSIBILITY session 190313 selectedDeviceId 0
04-05 22:05:08.498 V/APM_AudioPolicyManager( 1665): getOutputForAttrInt() device {AUDIO_DEVICE_OUT_SPEAKER, @:}, sampling rate 24000, format 0x1, channel mask 0x1, flags 0x4 stream AUDIO_STREAM_ACCESSIBILITY
04-05 22:05:08.498 V/APM_AudioPolicyManager( 1665): selectOutput new bestOutput 13 criteria 0 100 0 0 0 0 4 2 
04-05 22:05:08.498 V/APM_AudioPolicyManager( 1665): selectOutput new bestOutput 29 criteria 0 100 0 0 0 1 2 0 
04-05 22:05:08.498 V/APM_AudioPolicyManager( 1665): getOutputForAttrInt returns output 29 selectedDeviceId 3
04-05 22:05:08.498 V/APM_AudioPolicyManager( 1665): getOutputForAttr() returns output 29 requestedPortId 0 selectedDeviceId 3 for port ID 23813
04-05 22:05:08.499 I/AudioFlinger( 1665): nonSecFlag 4, secFlag 0, outputFlags 4
04-05 22:05:08.499 D/AudioFlinger( 1665): AUDIO_OUTPUT_FLAG_FAST denied: sharedBuffer=0x0 frameCount=4096 mFrameCount=192 format=0x1 mFormat=0x5 isLinear=1 channelMask=0x1 sampleRate=24000 mSampleRate=48000 hasFastMixer=1 tid=-1 fastTrackAvailMask=0xf8
04-05 22:05:08.499 I/AudioFlinger( 1665): FastTrack denied, resize fc 1440
04-05 22:05:08.499 D/AudioFlinger( 1665): Client defaulted notificationFrames to 480 for frameCount 4096
04-05 22:05:08.499 D/InputTransport( 2531): Input channel constructed: '7c4a63 ', fd=1096
04-05 22:05:08.499 D/InputTransport( 2531): Input channel constructed: '7c4a63 ', fd=1099
04-05 22:05:08.499 D/InputTransport( 2531): Input channel constructed: '7c4a63 ', fd=1113
04-05 22:05:08.499 I/SurfaceFlinger( 1674): id=31308 createSurf, flag=84004, 7c4a63 TextToSpeechOverlay#31308
04-05 22:05:08.500 D/RestrictionPolicy( 2531): isScreenCaptureEnabled : ret=true userId=0
04-05 22:05:08.500 D/InputTransport( 2531): Input channel destroyed: '7c4a63 ', fd=1113
04-05 22:05:08.500 I/AF::Track( 1665): setMixerOutConfig expectKey 202
04-05 22:05:08.500 I/AF::Track( 1665): setMixerOutConfig select, mixer out f 5, s 48000, thread out f 5, s 48000
04-05 22:05:08.500 I/HYPER-HAL( 1549): [RequestManager.cpp]acquire(): Acquired ID : 541943948  [1554 / 31367]    HINT :      list : [TID_LOW_LATENCY / 1] [TID / 6841] [TID / 6843] [TID / 6799] [TID / 6839] 
04-05 22:05:08.501 D/InputTransport( 6799): Input channel constructed: '7c4a63 ', fd=144
