04-05 22:05:07.990 I/AccessibilityManagerService( 2531): semIsAccessibilityServiceEnabled()
04-05 22:05:07.990 D/Navbar.Store( 3535): ----handleEvent(0) GetDefaultLayout(noArguments=true) [Module] SamsungNavigationBarInflaterView
04-05 22:05:07.990 D/Navbar.Store( 3535): ------[Band]STABLE_LAYOUT_PACK_GET_DEFAULT_LAYOUT
04-05 22:05:07.990 D/NavBarStateManager( 3535): NavBarStates(0) getDefaultLayout: left,recent;home;back,right
04-05 22:05:07.990 D/Navbar.Store( 3535): ----handleEvent(0) value= left,recent;home;back,right
04-05 22:05:07.990 D/AS.AudioService( 2531): Accessibility volume enabled = true
04-05 22:05:07.990 I/Telecom ( 2531): SamsungTelecomServiceImpl : isInCall - callingPackage : android / callingUser : UserHandle{0} / hasCrossUserAccess : true
04-05 22:05:07.990 D/Navbar.Store( 3535): ----handleEvent(0) GetInflateButtonWidth(buttonSpec=left, landscape=false) [Module] SamsungNavigationBarInflaterView
04-05 22:05:07.990 D/Navbar.Store( 3535): ------[Band]STABLE_LAYOUT_PACK_INFLATE_NAVBAR
04-05 22:05:07.990 D/NavBarStateManager( 3535): NavBarStates(0) getSpaceWidth(land: false): 118
04-05 22:05:07.991 V/talkback: TalkBackService( 6799): System bound to service.
04-05 22:05:07.991 I/HYPER-HAL( 1549): [RequestManager.cpp]acquire(): Acquired ID : 1245855  [1554 / 24]    HINT :      list : [UCLAMP_MIN_BOOST / 50] [TID / 3755] [TID / 3756] [TID / 3535] [TID / 3753] 
04-05 22:05:07.990 D/Navbar.Store( 3535): ----handleEvent(0) value= 118
04-05 22:05:07.992 D/Navbar.Store( 3535): ----handleEvent(0) GetInflateButtonWidth(buttonSpec=recent, landscape=false) [Module] SamsungNavigationBarInflaterView
04-05 22:05:07.992 D/Navbar.Store( 3535): ------[Band]STABLE_LAYOUT_PACK_INFLATE_NAVBAR
04-05 22:05:07.992 D/NavBarStateManager( 3535): NavBarStates(0) getButtonWidth(land: false): 239
04-05 22:05:07.992 D/Navbar.Store( 3535): ----handleEvent(0) value= 239
04-05 22:05:07.992 D/Navbar.Store( 3535): ----handleEvent(0) GetInflateButtonWidth(buttonSpec=left, landscape=true) [Module] SamsungNavigationBarInflaterView
04-05 22:05:07.992 D/Navbar.Store( 3535): ------[Band]STABLE_LAYOUT_PACK_INFLATE_NAVBAR
04-05 22:05:07.992 D/NavBarStateManager( 3535): NavBarStates(0) getSpaceWidth(land: true): 118
04-05 22:05:07.992 D/Navbar.Store( 3535): ----handleEvent(0) value= 118
04-05 22:05:07.992 D/Navbar.Store( 3535): ----handleEvent(0) GetInflateButtonWidth(buttonSpec=recent, landscape=true) [Module] SamsungNavigationBarInflaterView
04-05 22:05:07.992 D/Navbar.Store( 3535): ------[Band]STABLE_LAYOUT_PACK_INFLATE_NAVBAR
04-05 22:05:07.992 D/NavBarStateManager( 3535): NavBarStates(0) getButtonWidth(land: true): 239
04-05 22:05:07.992 D/Navbar.Store( 3535): ----handleEvent(0) value= 239
04-05 22:05:07.992 V/APM_AudioPolicyManager( 1665): setForceUse() usage 7, config 0, mPhoneState 0
04-05 22:05:07.992 W/APM_AudioPolicyManager( 1665): setForceUse() usage 7, config 0 is already set
04-05 22:05:07.993 D/Navbar.Store( 3535): ----handleEvent(0) GetInflateButtonWidth(buttonSpec=home, landscape=false) [Module] SamsungNavigationBarInflaterView
04-05 22:05:07.993 D/Navbar.Store( 3535): ------[Band]STABLE_LAYOUT_PACK_INFLATE_NAVBAR
04-05 22:05:07.993 D/NavBarStateManager( 3535): NavBarStates(0) getButtonWidth(land: false): 239
04-05 22:05:07.993 D/Navbar.Store( 3535): ----handleEvent(0) value= 239
04-05 22:05:07.993 D/Navbar.Store( 3535): ----handleEvent(0) GetInflateButtonWidth(buttonSpec=home, landscape=true) [Module] SamsungNavigationBarInflaterView
04-05 22:05:07.993 D/Navbar.Store( 3535): ------[Band]STABLE_LAYOUT_PACK_INFLATE_NAVBAR
04-05 22:05:07.993 D/NavBarStateManager( 3535): NavBarStates(0) getButtonWidth(land: true): 239
04-05 22:05:07.993 D/Navbar.Store( 3535): ----handleEvent(0) value= 239
04-05 22:05:07.993 D/Navbar.Store( 3535): ----handleEvent(0) GetInflateButtonWidth(buttonSpec=back, landscape=false) [Module] SamsungNavigationBarInflaterView
04-05 22:05:07.993 D/Navbar.Store( 3535): ------[Band]STABLE_LAYOUT_PACK_INFLATE_NAVBAR
04-05 22:05:07.993 D/NavBarStateManager( 3535): NavBarStates(0) getButtonWidth(land: false): 239
04-05 22:05:07.993 D/Navbar.Store( 3535): ----handleEvent(0) value= 239
04-05 22:05:07.993 V/APM_AudioPolicyManager( 1665): canBeSpatializedInt check can be spatialized devices[AUDIO_DEVICE_OUT_SPEAKER, @:]
04-05 22:05:07.993 I/APM_AudioPolicyManager( 1665): getSpatializerOutput getSpatializerOutput[21]
04-05 22:05:07.993 D/AS.AudioService( 2531): setStreamVolumeIndexAS(8, 11, 2)
04-05 22:05:07.994 I/AccessibilityManagerService( 2531): isScreenReaderEnable : true, accesibilityService : com.samsung.android.accessibility.talkback/com.samsung.android.marvin.talkback.TalkBackService:com.iotpart.sqe.talkbackhelper/com.iotpart.sqe.talkbackhelper.A11yHelperService
04-05 22:05:07.994 V/APM_AudioPolicyManager( 1665): setVolumeCurveIndex stream AUDIO_STREAM_DTMF, device 0x00000002, index 11
04-05 22:05:07.994 D/Navbar.Store( 3535): ----handleEvent(0) GetInflateButtonWidth(buttonSpec=right, landscape=false) [Module] SamsungNavigationBarInflaterView
04-05 22:05:07.994 D/Navbar.Store( 3535): ------[Band]STABLE_LAYOUT_PACK_INFLATE_NAVBAR
04-05 22:05:07.994 D/NavBarStateManager( 3535): NavBarStates(0) getSpaceWidth(land: false): 118
04-05 22:05:07.994 D/Navbar.Store( 3535): ----handleEvent(0) value= 118
04-05 22:05:07.994 I/AccessibilityManagerService( 2531): isScreenReaderEnable : true, accesibilityService : com.samsung.android.accessibility.talkback/com.samsung.android.marvin.talkback.TalkBackService:com.iotpart.sqe.talkbackhelper/com.iotpart.sqe.talkbackhelper.A11yHelperService
04-05 22:05:07.994 D/Navbar.Store( 3535): ----handleEvent(0) GetInflateButtonWidth(buttonSpec=back, landscape=true) [Module] SamsungNavigationBarInflaterView
04-05 22:05:07.994 D/Navbar.Store( 3535): ------[Band]STABLE_LAYOUT_PACK_INFLATE_NAVBAR
04-05 22:05:07.994 D/NavBarStateManager( 3535): NavBarStates(0) getButtonWidth(land: true): 239
04-05 22:05:07.994 D/Navbar.Store( 3535): ----handleEvent(0) value= 239
04-05 22:05:07.994 D/Navbar.Store( 3535): ----handleEvent(0) GetInflateButtonWidth(buttonSpec=right, landscape=true) [Module] SamsungNavigationBarInflaterView
04-05 22:05:07.994 D/Navbar.Store( 3535): ------[Band]STABLE_LAYOUT_PACK_INFLATE_NAVBAR
04-05 22:05:07.994 D/NavBarStateManager( 3535): NavBarStates(0) getSpaceWidth(land: true): 118
04-05 22:05:07.994 D/Navbar.Store( 3535): ----handleEvent(0) value= 118
04-05 22:05:07.995 D/Navbar.Store( 3535): ----handleEvent(0) GetInflateButtonWidth(buttonSpec=left_remote_view, landscape=false) [Module] SamsungNavigationBarInflaterView
04-05 22:05:07.995 D/Navbar.Store( 3535): ------[Band]STABLE_LAYOUT_PACK_INFLATE_NAVBAR
04-05 22:05:07.995 D/NavBarStateManager( 3535): NavBarStates(0) getSpaceWidth(land: false): 118
04-05 22:05:07.995 D/Navbar.Store( 3535): ----handleEvent(0) value= 118
04-05 22:05:07.995 D/Navbar.Store( 3535): ----handleEvent(0) GetInflateButtonWidth(buttonSpec=right_remote_view, landscape=false) [Module] SamsungNavigationBarInflaterView
04-05 22:05:07.995 D/Navbar.Store( 3535): ------[Band]STABLE_LAYOUT_PACK_INFLATE_NAVBAR
04-05 22:05:07.995 D/NavBarStateManager( 3535): NavBarStates(0) getSpaceWidth(land: false): 118
04-05 22:05:07.995 D/Navbar.Store( 3535): ----handleEvent(0) value= 118
04-05 22:05:07.995 D/AS.AudioService( 2531): setStreamVolumeIndexAS(8, 11, 1073741824)
04-05 22:05:07.995 D/Navbar.Store( 3535): ----handleEvent(0) GetInflateButtonWidth(buttonSpec=left_remote_view, landscape=true) [Module] SamsungNavigationBarInflaterView
04-05 22:05:07.995 D/Navbar.Store( 3535): ------[Band]STABLE_LAYOUT_PACK_INFLATE_NAVBAR
04-05 22:05:07.995 D/NavBarStateManager( 3535): NavBarStates(0) getSpaceWidth(land: true): 118
04-05 22:05:07.995 D/Navbar.Store( 3535): ----handleEvent(0) value= 118
04-05 22:05:07.995 D/Navbar.Store( 3535): ----handleEvent(0) GetInflateButtonWidth(buttonSpec=right_remote_view, landscape=true) [Module] SamsungNavigationBarInflaterView
04-05 22:05:07.995 V/APM_AudioPolicyManager( 1665): setVolumeCurveIndex stream AUDIO_STREAM_DTMF, device 0x40000000, index 11
04-05 22:05:07.995 D/Navbar.Store( 3535): ------[Band]STABLE_LAYOUT_PACK_INFLATE_NAVBAR
04-05 22:05:07.995 D/NavBarStateManager( 3535): NavBarStates(0) getSpaceWidth(land: true): 118
04-05 22:05:07.995 D/Navbar.Store( 3535): ----handleEvent(0) value= 118
04-05 22:05:07.995 D/Navbar.Store( 3535): ----handleEvent(0) GetNavBarSidePadding(landscape=false) [Module] SamsungNavigationBarInflaterView
04-05 22:05:07.995 D/Navbar.Store( 3535): ------[Band]STABLE_LAYOUT_PACK_INFLATE_NAVBAR_SIDE_PADDING
04-05 22:05:07.995 D/NavBarStateManager( 3535): NavBarStates(0) getNavBarSidePadding: 0
04-05 22:05:07.995 D/Navbar.Store( 3535): ----handleEvent(0) value= 0
04-05 22:05:07.995 D/Navbar.Store( 3535): ----handleEvent(0) GetNavBarSidePadding(landscape=true) [Module] SamsungNavigationBarInflaterView
04-05 22:05:07.995 D/Navbar.Store( 3535): ------[Band]STABLE_LAYOUT_PACK_INFLATE_NAVBAR_SIDE_PADDING
04-05 22:05:07.995 D/NavBarStateManager( 3535): NavBarStates(0) getNavBarSidePadding: 0
04-05 22:05:07.995 D/Navbar.Store( 3535): ----handleEvent(0) value= 0
04-05 22:05:07.995 D/Navbar.Store( 3535): ----handleEvent(0) GetNavBarSidePadding(landscape=false) [Module] SamsungNavigationBarInflaterView
04-05 22:05:07.995 D/Navbar.Store( 3535): ------[Band]STABLE_LAYOUT_PACK_INFLATE_NAVBAR_SIDE_PADDING
04-05 22:05:07.995 D/NavBarStateManager( 3535): NavBarStates(0) getNavBarSidePadding: 0
04-05 22:05:07.995 D/Navbar.Store( 3535): ----handleEvent(0) value= 0
04-05 22:05:07.995 D/Navbar.Store( 3535): ----handleEvent(0) GetNavBarSidePadding(landscape=true) [Module] SamsungNavigationBarInflaterView
04-05 22:05:07.995 D/Navbar.Store( 3535): ------[Band]STABLE_LAYOUT_PACK_INFLATE_NAVBAR_SIDE_PADDING
04-05 22:05:07.995 D/NavBarStateManager( 3535): NavBarStates(0) getNavBarSidePadding: 0
04-05 22:05:07.995 D/Navbar.Store( 3535): ----handleEvent(0) value= 0
04-05 22:05:07.995 V/AS.PlaybackActivityMon( 2531): trackPlayer() new piid=161807
04-05 22:05:07.995 D/Navbar.Store( 3535): ----handleEvent(0) OnUpdateRemoteViewContainer(rotation=0, leftContainer=android.widget.LinearLayout{9ee75de V.E...... ......I. 0,0-0,0 #7f0a0624 app:id/left_remoteview}, rightContainer=android.widget.LinearLayout{89285d5 V.E...... ......I. 0,0-0,0 #7f0a09df app:id/right_remoteview}, contextualButtonVisible=true, darkIntensity=1.0, displayId=0) [Module] SamsungNavigationBarView
04-05 22:05:07.995 D/Navbar.Store( 3535): ------[Band]REMOTE_VIEW_PACK_SET_REMOTEVIEW_CONTAINER
04-05 22:05:07.995 D/Navbar.Store( 3535): --------apply(0) NavBarStoreAction$UpdateRemoteViewContainer
04-05 22:05:07.995 D/Navbar.Store( 3535): --------apply(0) NavBarStoreAction$UpdateRemoteViewDarkIntensity
04-05 22:05:07.996 D/Navbar.Store( 3535): ----handleEvent(1) OnUpdateRemoteViewContainer(rotation=0, leftContainer=android.widget.LinearLayout{9ee75de I.E...... ......I. 0,0-0,0 #7f0a0624 app:id/left_remoteview}, rightContainer=android.widget.LinearLayout{89285d5 I.E...... ......I. 0,0-0,0 #7f0a09df app:id/right_remoteview}, contextualButtonVisible=true, darkIntensity=1.0, displayId=0) [Module] SamsungNavigationBarView
04-05 22:05:07.996 I/SurfaceFlinger( 1674): [WindowToken{80fc629 type=2032 android.os.Binder@73977b0}#31301] attach to parent LayerHierarchy{RequestedLayerState{Leaf:29:31#39 parentId=38} 3 children}
04-05 22:05:07.996 D/Navbar.Store( 3535): ----apply(0) NavBarStoreAction$UpdateNavBarIconAndHints
04-05 22:05:07.996 I/SurfaceFlinger( 1674): [WindowToken{77b074f type=2032 android.os.Binder@9ce0dae}#31302] attach to parent LayerHierarchy{RequestedLayerState{Leaf:29:31#69 parentId=68} 2 children}
04-05 22:05:07.996 D/AS.AudioService( 2531): setStreamVolumeIndexAS(10, 1, 1)
04-05 22:05:07.996 V/APM_AudioPolicyManager( 1665): setVolumeCurveIndex stream AUDIO_STREAM_ACCESSIBILITY, device 0x00000001, index 1
04-05 22:05:07.996 D/BluetoothA2dp( 3535): getActiveDevice()
04-05 22:05:07.997 D/BluetoothA2dp( 3535): getActiveDevice()
04-05 22:05:07.997 I/talkback: FailoverTextToSpeech( 6799): Bad TextToSpeech instance detected. Re-creating.
04-05 22:05:07.998 I/talkback: FailoverTextToSpeech( 6799): Switching to TTS engine: com.samsung.SMT (0)
04-05 22:05:07.998 I/TextToSpeech( 6799): Create TextToSpeech : caller process id[6799] / name[com.samsung.android.accessibility.talkback] / target[com.samsung.SMT]
04-05 22:05:07.996 D/AS.AudioService( 2531): setStreamVolumeIndexAS(10, 1, 2)
04-05 22:05:07.998 V/APM_AudioPolicyManager( 1665): setVolumeCurveIndex stream AUDIO_STREAM_ACCESSIBILITY, device 0x00000002, index 1
04-05 22:05:07.998 V/APM_AudioPolicyManager( 1665): checkAndSetVolume: output 29, stream 10, index 1, devices 0x2, volume 0.002818
04-05 22:05:07.999 D/Navbar.Store( 3535): --------handleEvent(0) OnUpdateRemoteViewContainer(rotation=0, leftContainer=android.widget.LinearLayout{9ee75de I.E...... ......I. 0,0-0,0 #7f0a0624 app:id/left_remoteview}, rightContainer=android.widget.LinearLayout{89285d5 I.E...... ......I. 0,0-0,0 #7f0a09df app:id/right_remoteview}, contextualButtonVisible=true, darkIntensity=1.0, displayId=0) [Module] SamsungNavigationBarView
04-05 22:05:07.999 D/Navbar.Store( 3535): ----------[Band]REMOTE_VIEW_PACK_SET_REMOTEVIEW_CONTAINER
04-05 22:05:07.999 D/Navbar.Store( 3535): ------------apply(0) NavBarStoreAction$UpdateRemoteViewContainer
04-05 22:05:07.999 I/SamsungTTS( 6816): [check_allowed_package] com.samsung.android.accessibility.talkback is allowed. [2]
04-05 22:05:07.999 D/Navbar.Store( 3535): ------------apply(0) NavBarStoreAction$UpdateRemoteViewDarkIntensity
04-05 22:05:07.999 D/Navbar.Store( 3535): --------handleEvent(1) OnUpdateRemoteViewContainer(rotation=0, leftContainer=android.widget.LinearLayout{9ee75de I.E...... ......I. 0,0-0,0 #7f0a0624 app:id/left_remoteview}, rightContainer=android.widget.LinearLayout{89285d5 I.E...... ......I. 0,0-0,0 #7f0a09df app:id/right_remoteview}, contextualButtonVisible=true, darkIntensity=1.0, displayId=0) [Module] SamsungNavigationBarView
04-05 22:05:07.999 D/NavBarView( 3535): disableBack=false (useAltBack=false, handlingGestures=false, disabledFlagBack=false, isBottomGesture=false, isImeRenderingNavButtons=false)
04-05 22:05:07.999 D/AS.AudioService( 2531): setStreamVolumeIndexAS(10, 9, 4)
04-05 22:05:07.999 D/Navbar.Store( 3535): ----handleEvent(0) OnUpdateSysUiStateFlag(noArguments=true) [Module] SamsungNavigationBarView
04-05 22:05:07.999 D/Navbar.Store( 3535): ------[Band]GESTURE_PACK_UPDATE_SYSTEMUI_STATE_FLAG
04-05 22:05:07.999 D/Navbar.Store( 3535): ------[Band] (afterAction) GESTURE_PACK_UPDATE_SYSTEMUI_STATE_FLAG
04-05 22:05:08.000 V/APM_AudioPolicyManager( 1665): setVolumeCurveIndex stream AUDIO_STREAM_ACCESSIBILITY, device 0x00000004, index 9
04-05 22:05:08.000 D/AS.AudioService( 2531): setStreamVolumeIndexAS(10, 9, 8)
04-05 22:05:08.000 D/HoneySpace.TISBinder( 4205): onActiveNavBarRegionChanges: Not yet implemented
04-05 22:05:08.000 V/APM_AudioPolicyManager( 1665): setVolumeCurveIndex stream AUDIO_STREAM_ACCESSIBILITY, device 0x00000008, index 9
04-05 22:05:08.000 I/TextToSpeech( 6799): com.samsung.android.accessibility.talkback is allowed to bind to private engine.
04-05 22:05:08.000 I/TextToSpeech( 6799): Sucessfully bound to com.samsung.SMT
04-05 22:05:08.001 D/AS.AudioService( 2531): setStreamVolumeIndexAS(10, 9, 128)
04-05 22:05:08.001 D/TextToSpeechManagerPerUserService( 2531): Trying to start connection to TTS engine: com.samsung.SMT
04-05 22:05:08.001 V/APM_AudioPolicyManager( 1665): setVolumeCurveIndex stream AUDIO_STREAM_ACCESSIBILITY, device 0x00000080, index 9
04-05 22:05:08.001 D/AS.AudioService( 2531): setStreamVolumeIndexAS(10, 15, 32768)
04-05 22:05:08.001 V/APM_AudioPolicyManager( 1665): setVolumeCurveIndex stream AUDIO_STREAM_ACCESSIBILITY, device 0x00008000, index 15
04-05 22:05:08.001 I/SamsungTTS:JNI( 6816): [closeEngine][ID:261360503] Finalized done.
04-05 22:05:08.001 I/SamsungTTS:JNI( 6816): [closeEngine][ID:261360503] Delete done.
04-05 22:05:08.001 D/talkback: GestureShortcutMapping( 6799): loadActionToGestureIdMap - isMultiFingerOn : true isFingerprintOn : false
04-05 22:05:08.001 D/AS.AudioService( 2531): setStreamVolumeIndexAS(10, 9, 67108864)
04-05 22:05:08.001 V/APM_AudioPolicyManager( 1665): setVolumeCurveIndex stream AUDIO_STREAM_ACCESSIBILITY, device 0x04000000, index 9
04-05 22:05:08.002 D/talkback: NewGestureDescriptionMapping( 6799): loadGestureIdToDescriptionMap
04-05 22:05:08.002 D/AS.AudioService( 2531): setStreamVolumeIndexAS(10, 8, 1073741824)
04-05 22:05:08.002 V/APM_AudioPolicyManager( 1665): setVolumeCurveIndex stream AUDIO_STREAM_ACCESSIBILITY, device 0x40000000, index 8
04-05 22:05:08.003 V/talkback: CustomLabelManager( 6799): Task com.google.android.accessibility.talkback.labeling.LabelsFetchRequest@9e5221f starting.
04-05 22:05:08.003 I/talkback: Compositor( 6799): EventFeedbackProvider built for compositor FLAVOR_NONE in 0 ms
04-05 22:05:08.003 D/talkback: LabelProviderClient( 6799): Querying all labels.
04-05 22:05:08.003 D/vol.VolumeDialogControl( 3535): onVolumeChangedW stream = 10, flags = 0, lastAudibleStreamVolume = 1, changed = true, showUI = false, dualAudio = false, musicStreamState=[routedToHeadset=false, routedToBuds=false, routedToBuds3=false, routedToHomeMini=false, routedToHearingAid=false, remoteFixedVolume=false, remoteSpeaker=false]
04-05 22:05:08.003 D/NavBarStateManager( 3535): NavBarStates(0) canUseNavBarBackgroundFrame: false
04-05 22:05:08.003 D/HoneySpace.TISBinder( 4205): onActiveNavBarRegionChanges: Not yet implemented
04-05 22:05:08.003 V/talkback: LabelProviderClient( 6799): Query result: [].
04-05 22:05:08.004 D/SecVolume.VolumePanelStore( 3535): dispatch [ACTION_ACCESSIBILITY_MODE_CHANGED with [STATE_UPDATE], currentAction={isFromOutside : true, isShowA11yStream : true}, currentState={activeStream=10(vol=6), stream=10(vol=6) } isHasVibrator : true, isMediaDefaultEnabled : true, isConfigurationChanged : true, isSetupWizardComplete : true, isVoiceCapable : true, timeOutControls : 10000, cutoutHeight : 71, stream : 10, earProtectLevel : 909, iconTargetState : 2, ringerModeInternal : 2, activeStream : 10, iconCurrentState : 2, timeOutControlsText : 10000, pinDevice : 0, timeOut : 10000, systemTimeNow : 1179585048}
04-05 22:05:08.004 D/SecVolume.VolumePanelStore( 3535):   > New State : [STATE_NO_DISPATCH]
04-05 22:05:08.004 D/SecVolume.VolumePanelStore( 3535): dispatch [ACTION_STATE_CHANGED with [STATE_NO_DISPATCH], currentAction={isVoiceCapble : true, isFromOutside : true, activeStream : -1}, currentState={activeStream=10(vol=6), stream=10(vol=6) } isHasVibrator : true, isMediaDefaultEnabled : true, isShowA11yStream : true, isConfigurationChanged : true, isSetupWizardComplete : true, isVoiceCapable : true, timeOutControls : 10000, cutoutHeight : 71, stream : 10, earProtectLevel : 909, iconTargetState : 2, ringerModeInternal : 2, activeStream : 10, iconCurrentState : 2, timeOutControlsText : 10000, pinDevice : 0, timeOut : 10000, systemTimeNow : 1179585048}
04-05 22:05:08.004 I/SamsungTTS( 6816): [loadLanguage] : eng-USA-[l03]
04-05 22:05:08.004 D/SecVolume.SmartViewInteractor( 3535): isSmartView=false
04-05 22:05:08.004 D/SecVolume.VolumePanelStore( 3535):   > New State : [STATE_UPDATE]
04-05 22:05:08.005 D/SecVolume.JSonLogger( 3535): applyVolumeRow 10: {"boolMap":{"SLIDER_ENABLED":true,"IMPORTANT":true,"ICON_CLICKABLE":true,"VISIBILITY":true,"MUTED":false,"DYNAMIC":false,"ROUTED_TO_BLUETOOTH":false,"ICON_ENABLED":false,"ACTIVE_NOW":false},"intMap":{"ORIGINAL_PRIORITY":4,"REAL_LEVEL":1,"LEVEL_MAX":15,"ICON_TYPE":3,"EAR_PROTECT_LEVEL":-1,"AUDIBLE_LEVEL":1,"PRIORITY":0,"LEVEL":1,"LEVEL_MIN":1},"longMap":{},"streamType":10,"stringMap":{"REMOTE_LABEL":"","DUAL_BT_DEVICE_NAME":"","NAME_RES":"com.android.systemui:string/stream_accessibility","SMART_VIEW_LABEL":"","DUAL_BT_DEVICE_ADDRESS":""}}
04-05 22:05:08.006 I/SoundCraft.VolumeManager( 3535): updateVolumeState VolumeModel(volume=51, minVolume=0, maxVolume=150, device=2, enable=true, isBroadcast=false, isAllSoundMute=false, isZenMode=0, isZenModeDisabled=false, isSmartViewEnabled=false, isMusicShareEnabled=false, isDisallowAdjustVolume=false)
04-05 22:05:08.006 D/VolumeSeekBar( 3535): [QP volume] updateVolumeModel model: VolumeModel(volume=51, minVolume=0, maxVolume=150, device=0, enable=true, isBroadcast=false, isAllSoundMute=false, isZenMode=0, isZenModeDisabled=false, isSmartViewEnabled=false, isMusicShareEnabled=false, isDisallowAdjustVolume=false) isTracking : false
04-05 22:05:08.006 D/VolumeSeekBar( 3535): [QP volume] updateVolumeModel model: VolumeModel(volume=51, minVolume=0, maxVolume=150, device=0, enable=true, isBroadcast=false, isAllSoundMute=false, isZenMode=0, isZenModeDisabled=false, isSmartViewEnabled=false, isMusicShareEnabled=false, isDisallowAdjustVolume=false) isTracking : false
04-05 22:05:08.006 I/BtGatt.ScanHelper( 3694): onScanResult to scannerId: 5- eventType=0x1b, addressType=1, address=XX:XX:XX:XX:6E:D2, primaryPhy=1, secondaryPhy=0, advertisingSid=0xff, txPower=127, rssi=-67, periodicAdvInt=0x0
04-05 22:05:08.006 V/talkback: ImageCaptioner( 6799): Image description is not initialized in ImageCaptioner()
04-05 22:05:08.007 I/native  ( 6799): I0000 00:00:1775394308.006913    8727 object_detection_calculator.cc:63] Inside Open function of ObjectDetectionCalculator
04-05 22:05:08.007 I/native  ( 6799): I0000 00:00:1775394308.007178    8727 object_detection_calculator.cc:85] Accelerator name: 
04-05 22:05:08.007 I/native  ( 6799): I0000 00:00:1775394308.007390    8727 object_detection_client_utils.cc:418] Setting acceleration directly
04-05 22:05:08.007 I/native  ( 6799): I0000 00:00:1775394308.007527    8727 object_detection_client_utils.cc:345] Setting acceleration directly for Landscape model.
04-05 22:05:08.007 I/native  ( 6799): I0000 00:00:1775394308.007737    8727 ref_exp_embed_tf_lite_client.cc:74] Interpreter initialization complete.
04-05 22:05:08.007 I/native  ( 6799): I0000 00:00:1775394308.007823    8727 centernet_client.cc:738] Creating model from embedded flatbuffer.
04-05 22:05:08.007 I/native  ( 6799): I0000 00:00:1775394308.007947    8727 centernet_client.cc:890] Returning OpResolver with default delegates.
04-05 22:05:08.008 I/tflite  ( 6799): Replacing 121 out of 140 node(s) with delegate (TfLiteXNNPackDelegate) node, yielding 16 partitions for the whole graph.
04-05 22:05:08.009 I/InputMethodManager( 6799): invalidateInput
04-05 22:05:08.009 I/InputMethodManager( 6799): invalidateInput
04-05 22:05:08.010 I/WindowManager( 6799): WindowManagerGlobal#addView, ty=2032, view=com.google.android.accessibility.talkback.actor.search.SearchScreenOverlayLayout{612c71e V.E...... ......I. 0,0-0,0}, caller=android.view.WindowManagerImpl.addView:158 com.google.android.accessibility.talkback.actor.search.SearchScreenOverlay.createUIElements:255 com.google.android.accessibility.talkback.actor.search.SearchScreenOverlay.<init>:27 
04-05 22:05:08.011 I/ViewRootImpl( 6799): dVRR is disabled
04-05 22:05:08.011 D/NativeCustomFrequencyManager( 6799): [NativeCFMS] BpCustomFrequencyManager::BpCustomFrequencyManager()
04-05 22:05:08.012 I/SurfaceFlinger( 1674): Layer [WindowToken{80fc629 type=2032 android.os.Binder@73977b0}#31301] hidden!! flag(0)
04-05 22:05:08.012 I/SurfaceFlinger( 1674): Layer [WindowToken{77b074f type=2032 android.os.Binder@9ce0dae}#31302] hidden!! flag(0)
04-05 22:05:08.015 D/InputTransport( 2531): Input channel constructed: '791594b', fd=938
04-05 22:05:08.015 D/InputTransport( 2531): Input channel constructed: '791594b', fd=1024
04-05 22:05:08.015 D/InputTransport( 2531): Input channel constructed: '791594b', fd=1067
04-05 22:05:08.015 I/HYPER-HAL( 1549): [RequestManager.cpp]acquire(): Acquired ID : 541878105  [1554 / 31365]    HINT :      list : [TID_LOW_LATENCY / 1] [TID / 6841] [TID / 6843] [TID / 6799] [TID / 6839] 
04-05 22:05:08.015 I/SamsungTTS( 6816): [loadEngine][261360503] Success : [SmtTTS][V:512508201][com.samsung.SMT.lang_en_us_l03][ID:261360503]
04-05 22:05:08.016 I/SurfaceFlinger( 1674): id=31303 createSurf, flag=84004, 791594b Screen search#31303
04-05 22:05:08.016 D/RestrictionPolicy( 2531): isScreenCaptureEnabled : ret=true userId=0
04-05 22:05:08.016 D/WindowManager( 2531): Changing focus from Window{11da8f0 u0 com.samsung.android.oneconnect/com.samsung.android.oneconnect.uilayer.settings.SettingsPreferencesActivity} to Window{791594b u0 Screen search} displayId=0 Callers=com.android.server.wm.WindowManagerService.addWindow:198 com.android.server.wm.Session.addToDisplayAsUser:24 android.view.IWindowSession$Stub.onTransact:749 com.android.server.wm.Session.onTransact:1 
04-05 22:05:08.016 I/WindowManager( 2531): Cancelling animation restarting=true, leash=Surface(name=Surface(name=6ee14fb StatusBar)/@0xd6f224b - animation-leash of insets_animation)/@0xaa1fdfa
04-05 22:05:08.016 I/WindowManager( 2531): Reparenting to original parent: Surface(name=WindowToken{90b568a type=2000 android.os.BinderProxy@a64462c})/@0x5c6a428, destroy=false, syncState=0, syncCommitDepth=0, surface=Surface(name=6ee14fb StatusBar)/@0xd6f224b
04-05 22:05:08.016 I/WindowManager( 2531): Reparenting to leash, surface=Surface(name=6ee14fb StatusBar)/@0xd6f224b, syncState=0, syncCommitDepth=0, leashParent=Surface(name=WindowToken{90b568a type=2000 android.os.BinderProxy@a64462c})/@0x5c6a428
04-05 22:05:08.016 D/CompatChangeReporter( 2531): Compat change id reported: 151861875; UID 10222; state: ENABLED
04-05 22:05:08.016 I/SurfaceFlinger( 1674): id=31304 createSurf, flag=24000, Surface(name=6ee14fb StatusBar)/@0xd6f224b - animation-leash of insets_animation#31304
04-05 22:05:08.016 V/GrammaticalInflectionUtils( 2531): AttributionSource: AttributionSource { uid = 10222, packageName = null, attributionTag = null, token = android.os.Binder@5165962, deviceId = 0, next = null } does not have READ_SYSTEM_GRAMMATICAL_GENDER permission.
04-05 22:05:08.016 D/WindowManager( 2531): makeSurface duration=0 leash=Surface(name=Surface(name=6ee14fb StatusBar)/@0xd6f224b - animation-leash of insets_animation)/@0x7fa5de6
04-05 22:05:08.016 D/InsetsSourceProvider( 2531): updateControlForTarget: control=InsetsSourceControl: {50a20000 mType=statusBars initiallyVisible mSurfacePosition=Point(0, 0) mInsetsHint=Insets{left=0, top=94, right=0, bottom=0}}, target=Window{791594b u0 Screen search}, from=com.android.server.wm.InsetsStateController.onControlTargetChanged:81 com.android.server.wm.InsetsPolicy.updateBarControlTarget:163 com.android.server.wm.DisplayPolicy.updateSystemBarAttributes:269 com.android.server.wm.WindowManagerService.updateFocusedWindowLocked:374 com.android.server.wm.WindowManagerService.addWindow:198 
04-05 22:05:08.016 I/WindowManager( 2531): Cancelling animation restarting=true, leash=Surface(name=Surface(name=d87e32b NavigationBar0)/@0x31f8707 - animation-leash of insets_animation)/@0xf49a608
04-05 22:05:08.016 I/WindowManager( 2531): Reparenting to original parent: Surface(name=WindowToken{4afbf7a type=2019 android.os.BinderProxy@f14e99c})/@0x5fad034, destroy=false, syncState=0, syncCommitDepth=0, surface=Surface(name=d87e32b NavigationBar0)/@0x31f8707
04-05 22:05:08.017 I/WindowManager( 2531): Reparenting to leash, surface=Surface(name=d87e32b NavigationBar0)/@0x31f8707, syncState=0, syncCommitDepth=0, leashParent=Surface(name=WindowToken{4afbf7a type=2019 android.os.BinderProxy@f14e99c})/@0x5fad034
04-05 22:05:08.017 I/SurfaceFlinger( 1674): id=31305 createSurf, flag=24000, Surface(name=d87e32b NavigationBar0)/@0x31f8707 - animation-leash of insets_animation#31305
04-05 22:05:08.017 D/WindowManager( 2531): makeSurface duration=0 leash=Surface(name=Surface(name=d87e32b NavigationBar0)/@0x31f8707 - animation-leash of insets_animation)/@0x41a3f27
04-05 22:05:08.017 D/InsetsSourceProvider( 2531): updateControlForTarget: control=InsetsSourceControl: {17000001 mType=navigationBars initiallyVisible mSurfacePosition=Point(0, 2496) mInsetsHint=Insets{left=0, top=0, right=0, bottom=144}}, target=Window{791594b u0 Screen search}, from=com.android.server.wm.InsetsStateController.onControlTargetChanged:81 com.android.server.wm.InsetsPolicy.updateBarControlTarget:176 com.android.server.wm.DisplayPolicy.updateSystemBarAttributes:269 com.android.server.wm.WindowManagerService.updateFocusedWindowLocked:374 com.android.server.wm.WindowManagerService.addWindow:198 
04-05 22:05:08.017 D/WindowManager( 2531): updateSystemBarAttributes: displayId=0, focusedCanBeNavColorWin=false, win=Window{791594b u0 Screen search}, navColorWin=Window{11da8f0 u0 com.samsung.android.oneconnect/com.samsung.android.oneconnect.uilayer.settings.SettingsPreferencesActivity}, caller=com.android.server.wm.WindowManagerService.updateFocusedWindowLocked:374 com.android.server.wm.WindowManagerService.addWindow:198 com.android.server.wm.Session.addToDisplayAsUser:24 
04-05 22:05:08.017 I/SoundBoosterEffectPlus( 1665): SB_setVolume(0xb4000073dff784d0)
04-05 22:05:08.017 D/WindowManager( 2531): updateSystemBarAttributes, bhv=1, apr=16, statusBarAprRegions=[AppearanceRegion{LIGHT_STATUS_BARS bounds=[0,0][1080,2640]}], requestedVisibilities=-9
04-05 22:05:08.017 I/SoundBoosterEffectPlus( 1665): command EFFECT_CMD_SET_VOLUME left = 0.000000, right =0.000000
04-05 22:05:08.017 V/SystemKeyManager( 2531): updateFocusedWindow() is called, Screen search
04-05 22:05:08.017 I/SAG_EQ a64( 1665): SetVolumeFloat() inst_num [1649760492] VolumeFloat [-100.000000] mModeFW [0] mMode [0]
04-05 22:05:08.017 I/SAG_EQ a64( 1665): mIsVolumeTableValid yes 
04-05 22:05:08.017 I/SAG_EQ a64( 1665): SetVolume() VolumeIndexInt [1] 
04-05 22:05:08.017 D/InputTransport( 2531): Input channel destroyed: '791594b', fd=1067
04-05 22:05:08.018 D/NavigationBar( 3535): onSystemBarAttributesChanged() -  displayId:0, appearance:16, packageName: com.samsung.android.accessibility.talkback (APPEARANCE_LIGHT_NAVIGATION_BARS ), navbarColorManagedByIme:false
04-05 22:05:08.018 D/InputTransport( 6799): Input channel constructed: '791594b', fd=142
04-05 22:05:08.018 I/InsetsController( 6799): onStateChanged: host=Screen search, from=android.view.ViewRootImpl.setView:1999, state=InsetsState: {mDisplayFrame=Rect(0, 0 - 1080, 2640), mDisplayCutout=DisplayCutout{insets=Rect(0, 94 - 0, 0) waterfall=Insets{left=0, top=0, right=0, bottom=0} boundingRect={Bounds=[Rect(0, 0 - 0, 0), Rect(505, 0 - 576, 94), Rect(0, 0 - 0, 0), Rect(0, 0 - 0, 0)]} cutoutPathParserInfo={CutoutPathParserInfo{displayWidth=1080 displayHeight=2640 physicalDisplayWidth=1080 physicalDisplayHeight=2640 density={3.0} cutoutSpec={M 0,0 H -11.83333333333333 V 31.33333333333333 H 11.83333333333333 V 0 H 0 Z @dp} rotation={0} scale={1.0} physicalPixelDisplaySizeRatio={1.0}}} sideOverrides={}}, mRoundedCorners=RoundedCorners{[RoundedCorner{position=TopLeft, radius=114, center=Point(114, 114)}, RoundedCorner{position=TopRight, radius=114, center=Point(966, 114)}, RoundedCorner{position=BottomRight, radius=114, center=Point(966, 2526)}, RoundedCorner{position=BottomLeft, radius=114, center=Point(114, 2526)}]}  mRoundedCornerFrame=Rect(0, 0 - 0, 0), mPrivacyIndicatorBounds=PrivacyIndicatorBounds {static bounds=Rect(948, 0 - 1080, 94) rotation=0}, mDisplayShape=DisplayShape{ spec=1406003047 displayWidth=1080 displayHeight=2640 physicalPixelDisplaySizeRatio=1.0 rotation=0 offsetX=0 offsetY=0 scale=1.0}, mSources= { InsetsSource: {3 mType=ime mFrame=[0,0][0,0] mVisible=false mFlags= mSideHint=NONE mBoundingRects=null}, InsetsSource: {27 mType=displayCutout mFrame=[0,0][1080,94] mVisible=true mFlags= mSideHint=TOP mBoundingRects=null}, InsetsSource: {17000004 mType=systemGestures mFrame=[0,0][0,0] mVisible=true mFlags= mSideHint=NONE mBoundingRects=null}, InsetsSource: {17000005 mType=mandatorySystemGestures mFrame=[0,2496][1080,2640] mVisible=true mFlags= mSideHint=BOTTOM mBoundingRects=null}, InsetsSource: {17000024 mType=systemGestures mFrame=[0,0][0,0] mVisible=true mFlags= mSideHint=NONE mBoundingRects=null}, InsetsSource: {50a20005 mType=mandatorySystemGestures mFrame=[0,0][1080,130] mVisible=true mFlags= mSideHint=TOP mBoundingRects=null} }
04-05 22:05:08.018 D/audioserver( 1665): logFgsApiEnd: FGS Logger Transaction failed, -129
04-05 22:05:08.019 I/AHAL: AudioStream( 1530): out_update_source_metadata_v7: 1265: track count is 0
04-05 22:05:08.019 V/APM_AudioPolicyManager( 1665): stopOutput portId 23810
04-05 22:05:08.019 V/APM_AudioPolicyManager( 1665): stopOutput() output 29, stream 10, session 190289
04-05 22:05:08.019 V/APM_AudioPolicyManager( 1665): setBeaconMute(1) mBeaconMuteRefCount=0 mBeaconPlayingRefCount=0
04-05 22:05:08.019 I/VRI[Screen search]@dde1bff( 6799): synced displayState. AttachInfo displayState=2
04-05 22:05:08.019 V/APM_AudioPolicyManager( 1665): getNewOutputDevices selected devices AUDIO_DEVICE_NONE
04-05 22:05:08.019 V/APM_AudioPolicyManager( 1665): setOutputDevices caller stopSource[[portId:7][io:29, fast]] device AUDIO_DEVICE_NONE delayMs 122
04-05 22:05:08.019 I/VRI[Screen search]@dde1bff( 6799): setView = com.google.android.accessibility.talkback.actor.search.SearchScreenOverlayLayout@612c71e IsHRR=false TM=false
04-05 22:05:08.021 V/APM_AudioPolicyManager( 1665): setOutputDevices caller stopSource[[portId:7][io:29, fast]] setting same device AUDIO_DEVICE_NONE or null device, force=0, patch handle=32
04-05 22:05:08.021 V/APM_AudioPolicyManager( 1665): releaseOutput portId 23810
04-05 22:05:08.021 V/APM_AudioPolicyManager( 1665): releaseOutput() 29
04-05 22:05:08.022 I/native  ( 6799): I0000 00:00:1775394308.022252    8727 ref_exp_embed_tf_lite_client.cc:74] Interpreter initialization complete.
04-05 22:05:08.022 I/native  ( 6799): I0000 00:00:1775394308.022418    8727 centernet_client.cc:814] Creating landscape model from embedded flatbuffer.
04-05 22:05:08.022 I/native  ( 6799): I0000 00:00:1775394308.022473    8727 centernet_client.cc:890] Returning OpResolver with default delegates.
04-05 22:05:08.023 I/tflite  ( 6799): Replacing 122 out of 142 node(s) with delegate (TfLiteXNNPackDelegate) node, yielding 18 partitions for the whole graph.
04-05 22:05:08.024 I/BtGatt.ScanHelper( 3694): onScanResult to scannerId: 3- eventType=0x1b, addressType=0, address=XX:XX:XX:XX:F2:35, primaryPhy=1, secondaryPhy=0, advertisingSid=0xff, txPower=127, rssi=-70, periodicAdvInt=0x0
04-05 22:05:08.024 I/BtGatt.ScanHelper( 3694): onScanResult to scannerId: 5- eventType=0x1b, addressType=0, address=XX:XX:XX:XX:F2:35, primaryPhy=1, secondaryPhy=0, advertisingSid=0xff, txPower=127, rssi=-70, periodicAdvInt=0x0
04-05 22:05:08.025 I/BtGatt.ScanHelper( 3694): onScanResult to scannerId: 5- eventType=0x10, addressType=1, address=XX:XX:XX:XX:B8:A0, primaryPhy=1, secondaryPhy=0, advertisingSid=0xff, txPower=127, rssi=-66, periodicAdvInt=0x0
04-05 22:05:08.025 I/BtGatt.ScanHelper( 3694): onScanResult to scannerId: 9- eventType=0x10, addressType=1, address=XX:XX:XX:XX:B8:A0, primaryPhy=1, secondaryPhy=0, advertisingSid=0xff, txPower=127, rssi=-66, periodicAdvInt=0x0
04-05 22:05:08.026 D/talkback: TBSEAiCoreEndpointGemini( 6799): AiCore version: 398093
04-05 22:05:08.027 D/[+0900]oneconnect[1.8.45.11_01][CORE]( 9893): BleParserForVD.parseTvPacket - |name:($)-[(16)|deviceType:TV|discoverType:_BLE|services:_TvSoundToMobile|connected:false[TvStatusString]POWER_ON[TvStatus]1[TvService]103[TvMirrorChannel]153[TvRegisteredDB][77, 48, -55, -27, 42, 0][TvYear]2016[TvOcfInfo]0[TvAcmStatus]0[ExTvStatus]0[ExtendedStatus]-1[ModuloSn]-1
04-05 22:05:08.027 I/ActivityManager( 2531): Changes in 10259 19 to 5, 0 to 56
04-05 22:05:08.028 I/SurfaceFlinger( 1674): [791594b Screen search#31303] attach to parent LayerHierarchy{RequestedLayerState{WindowToken{80fc629 type=2032 android.os.Binder@73977b0}#31301 parentId=39 z=2} 1 children}
04-05 22:05:08.028 I/SurfaceFlinger( 1674): [Surface(name=6ee14fb StatusBar)/@0xd6f224b - animation-leash of insets_animation#31304] attach to parent LayerHierarchy{RequestedLayerState{WindowToken{90b568a type=2000 android.os.BinderProxy@a64462c}#121 parentId=20} 2 children}
04-05 22:05:08.028 I/SurfaceFlinger( 1674): [Surface(name=d87e32b NavigationBar0)/@0x31f8707 - animation-leash of insets_animation#31305] attach to parent LayerHierarchy{RequestedLayerState{WindowToken{4afbf7a type=2019 android.os.BinderProxy@f14e99c}#116 parentId=32} 2 children}
04-05 22:05:08.029 D/Zygote  ( 1468): Forked child process 8738
04-05 22:05:08.029 D/audioserver( 1665): logFgsApiEnd: FGS Logger Transaction failed, -129
04-05 22:05:08.029 I/ActivityManager( 2531): Start proc 8738:com.samsung.SMT.lang_en_us_l03/u0a222 for content provider {com.samsung.SMT.lang_en_us_l03/com.samsung.SMT.model.VoiceDataProvider}
04-05 22:05:08.029 I/SoundAlive_SRC384 arch64( 1665): ~SoundAlive_SRC384(): instance 26621
04-05 22:05:08.032 D/[+0900]oneconnect[1.8.45.11_01][BEACON_MANAGER_CONTROL_SERVICE]( 6389): BleParserForVD.parseTvPacket - |name:($)-[(16)|deviceType:TV|discoverType:_BLE|services:_TvSoundToMobile|connected:false[TvStatusString]POWER_ON[TvStatus]1[TvService]103[TvMirrorChannel]153[TvRegisteredDB][77, 48, -55, -27, 42, 0][TvYear]2016[TvOcfInfo]0[TvAcmStatus]0[ExTvStatus]0[ExtendedStatus]-1[ModuloSn]-1
04-05 22:05:08.032 D/[+0900]oneconnect[1.8.45.11_01][BEACON_MANAGER_CONTROL_SERVICE]( 6389): QcDevice.updateServiceTv -  Name: ($)-[(16) WithTvSupport: true Tv Activated: true SmartlyConnect: false
04-05 22:05:08.032 D/[+0900]oneconnect[1.8.45.11_01][BEACON_MANAGER_CONTROL_SERVICE]( 6389): QcDevice.updateService -  Name: ($)-[(16) Services: _RegisterTv_TvSoundToMobile_ScreenSharing
04-05 22:05:08.033 D/WifiDisplayAdapter( 2531): getWifiDisplayStatusLocked: result=WifiDisplayStatus{featureState=2, scanState=0, activeDisplayState=0, activeDisplay=null, displays=[], sessionInfo=WifiDisplaySessionInfo:
04-05 22:05:08.033 D/WifiDisplayAdapter( 2531):     Client/Owner: Client
04-05 22:05:08.033 D/WifiDisplayAdapter( 2531):     GroupId: 
04-05 22:05:08.033 D/WifiDisplayAdapter( 2531):     Passphrase: 
04-05 22:05:08.033 D/WifiDisplayAdapter( 2531):     SessionId: 0
04-05 22:05:08.033 D/WifiDisplayAdapter( 2531):     IP Address: }
04-05 22:05:08.033 I/[+0900]oneconnect[1.8.45.11_01][CORE]( 9893): DataConvert.parseBleVd - deviceBle : |name:($)-[(16)|deviceType:TV|discoverType:_BLE|services:_TvSoundToMobile|connected:false[TvStatusString]POWER_ON[TvStatus]1[TvService]103[TvMirrorChannel]153[TvRegisteredDB][77, 48, -55, -27, 42, 0][TvYear]2016[TvOcfInfo]0[TvAcmStatus]0[ExTvStatus]0[ExtendedStatus]-1[ModuloSn]-1
04-05 22:05:08.033 D/WifiDisplayAdapter( 2531): getWifiDisplayStatusLocked: result=WifiDisplayStatus{featureState=2, scanState=0, activeDisplayState=0, activeDisplay=null, displays=[], sessionInfo=WifiDisplaySessionInfo:
04-05 22:05:08.033 D/WifiDisplayAdapter( 2531):     Client/Owner: Client
04-05 22:05:08.033 D/WifiDisplayAdapter( 2531):     GroupId: 
04-05 22:05:08.033 D/WifiDisplayAdapter( 2531):     Passphrase: 
04-05 22:05:08.033 D/WifiDisplayAdapter( 2531):     SessionId: 0
04-05 22:05:08.033 D/WifiDisplayAdapter( 2531):     IP Address: }
04-05 22:05:08.034 D/[+0900]oneconnect[1.8.45.11_01][BEACON_MANAGER_CONTROL_SERVICE]( 6389): WfdUtil.isWfdConnected -  >> false
04-05 22:05:08.034 D/WifiDisplayAdapter( 2531): getWifiDisplayStatusLocked: result=WifiDisplayStatus{featureState=2, scanState=0, activeDisplayState=0, activeDisplay=null, displays=[], sessionInfo=WifiDisplaySessionInfo:
04-05 22:05:08.034 D/WifiDisplayAdapter( 2531):     Client/Owner: Client
04-05 22:05:08.034 D/WifiDisplayAdapter( 2531):     GroupId: 
04-05 22:05:08.034 D/WifiDisplayAdapter( 2531):     Passphrase: 
04-05 22:05:08.034 D/WifiDisplayAdapter( 2531):     SessionId: 0
04-05 22:05:08.034 D/WifiDisplayAdapter( 2531):     IP Address: }
04-05 22:05:08.034 D/WifiDisplayAdapter( 2531): getWifiDisplayStatusLocked: result=WifiDisplayStatus{featureState=2, scanState=0, activeDisplayState=0, activeDisplay=null, displays=[], sessionInfo=WifiDisplaySessionInfo:
04-05 22:05:08.034 D/WifiDisplayAdapter( 2531):     Client/Owner: Client
04-05 22:05:08.034 D/WifiDisplayAdapter( 2531):     GroupId: 
04-05 22:05:08.034 D/WifiDisplayAdapter( 2531):     Passphrase: 
04-05 22:05:08.034 D/WifiDisplayAdapter( 2531):     SessionId: 0
04-05 22:05:08.034 D/WifiDisplayAdapter( 2531):     IP Address: }
04-05 22:05:08.034 D/[+0900]oneconnect[1.8.45.11_01][BEACON_MANAGER_CONTROL_SERVICE]( 6389): WfdUtil.isWfdConnected -  >> false
04-05 22:05:08.034 D/[+0900]oneconnect[1.8.45.11_01][BEACON_MANAGER_CONTROL_SERVICE]( 6389): DexModeCompat.isDexModeEnabled - 
04-05 22:05:08.034 D/[+0900]oneconnect[1.8.45.11_01][BEACON_MANAGER_CONTROL_SERVICE]( 6389): DexModeUtil.getDexMode - not supported
04-05 22:05:08.034 I/[+0900]oneconnect[1.8.45.11_01][BEACON_MANAGER_CONTROL_SERVICE]( 6389): TvOcfParser.onReceive - TV Popup Onboarding is skipped - ($)
04-05 22:05:08.035 I/native  ( 6799): I0000 00:00:1775394308.035824    8727 object_detection_centernet_tflite_client.cc:140] Loaded Visual Annotation TfLite model
04-05 22:05:08.038 I/SDHMS:LOAD( 5129): type: LoadsFreqs, value: 0:2:0:781056:3398400:672000:685439:2572800:499200:231:231:231
04-05 22:05:08.045 I/SurfaceFlinger( 1674): Layer [791594b Screen search#31303] hidden!! flag(4096)
04-05 22:05:08.045 I/SurfaceFlinger( 1674): [LayerHierarchy{RequestedLayerState{ImeContainer#17 parentId=31273 relativeParentId=31273 z=1} 1 children}] RelativeParent to null
04-05 22:05:08.045 I/SurfaceFlinger( 1674): [LayerHierarchy{RequestedLayerState{d87e32b NavigationBar0#117 parentId=31305} 1 children}] reparent to LayerHierarchy{RequestedLayerState{Surface(name=d87e32b NavigationBar0)/@0x31f8707 - animation-leash of insets_animation#31305 parentId=116} 1 children}
04-05 22:05:08.045 I/SurfaceFlinger( 1674): [LayerHierarchy{RequestedLayerState{6ee14fb StatusBar#122 parentId=31304} 1 children}] reparent to LayerHierarchy{RequestedLayerState{Surface(name=6ee14fb StatusBar)/@0xd6f224b - animation-leash of insets_animation#31304 parentId=121} 1 children}
04-05 22:05:08.045 I/SurfaceFlinger( 1674): [LayerHierarchy{RequestedLayerState{Surface(name=6ee14fb StatusBar)/@0xd6f224b - animation-leash of insets_animation#31276} no children}] reparent to OffscreenRoot
04-05 22:05:08.045 I/SurfaceFlinger( 1674): [LayerHierarchy{RequestedLayerState{Surface(name=6ee14fb StatusBar)/@0xd6f224b - animation-leash of insets_animation#31276} no children}] RelativeParent to null
04-05 22:05:08.045 I/SurfaceFlinger( 1674): [LayerHierarchy{RequestedLayerState{Surface(name=d87e32b NavigationBar0)/@0x31f8707 - animation-leash of insets_animation#31277} no children}] reparent to OffscreenRoot
04-05 22:05:08.045 I/SurfaceFlinger( 1674): [LayerHierarchy{RequestedLayerState{Surface(name=d87e32b NavigationBar0)/@0x31f8707 - animation-leash of insets_animation#31277} no children}] RelativeParent to null
04-05 22:05:08.046 I/SurfaceFlinger( 1674): id=31276 Removed Surface(name=6ee14fb StatusBar)/@0xd6f224b - animation-leash of insets_animation#31276 (195)
04-05 22:05:08.047 I/SurfaceFlinger( 1674): id=31277 Removed Surface(name=d87e32b NavigationBar0)/@0x31f8707 - animation-leash of insets_animation#31277 (195)
04-05 22:05:08.055 I/BtGatt.ScanHelper( 3694): onScanResult to scannerId: 5- eventType=0x10, addressType=1, address=XX:XX:XX:XX:4E:75, primaryPhy=1, secondaryPhy=0, advertisingSid=0xff, txPower=127, rssi=-57, periodicAdvInt=0x0
04-05 22:05:08.056 I/.lang_en_us_l03( 8738): Using CollectorTypeCMC GC.
04-05 22:05:08.056 I/BtGatt.ScanHelper( 3694): onScanResult to scannerId: 5- eventType=0x10, addressType=1, address=XX:XX:XX:XX:BE:23, primaryPhy=1, secondaryPhy=0, advertisingSid=0xff, txPower=127, rssi=-64, periodicAdvInt=0x0
04-05 22:05:08.060 D/nativeloader( 8738): Load libframework-connectivity-tiramisu-jni.so using APEX ns com_android_tethering for caller /apex/com.android.tethering/javalib/framework-connectivity-t.jar: ok
04-05 22:05:08.061 I/SurfaceFlinger( 1674): destroyed Surface(name=6ee14fb StatusBar)/@0xd6f224b - animation-leash of insets_animation#31276
04-05 22:05:08.061 I/SurfaceFlinger( 1674): destroyed Surface(name=d87e32b NavigationBar0)/@0x31f8707 - animation-leash of insets_animation#31277
04-05 22:05:08.062 I/Layer   ( 1674): id=31277 Destroyed Surface(name=d87e32b NavigationBar0)/@0x31f8707 - animation-leash of insets_animation#31277
04-05 22:05:08.062 I/Layer   ( 1674): id=31276 Destroyed Surface(name=6ee14fb StatusBar)/@0xd6f224b - animation-leash of insets_animation#31276
04-05 22:05:08.062 D/ActivityThread( 8738): setConscryptValidator
04-05 22:05:08.062 D/ActivityThread( 8738): setConscryptValidator - put
04-05 22:05:08.078 D/nativeloader( 8738): Configuring clns-7 for other apk /data/app/~~2pO7qrOWrWq44rWCUb_w0Q==/com.samsung.SMT.lang_en_us_l03-wMZIf1MDjN9VzuAZOHNIAw==/base.apk. target_sdk_version=35, uses_libraries=, library_path=/data/app/~~2pO7qrOWrWq44rWCUb_w0Q==/com.samsung.SMT.lang_en_us_l03-wMZIf1MDjN9VzuAZOHNIAw==/lib/arm64:/data/app/~~2pO7qrOWrWq44rWCUb_w0Q==/com.samsung.SMT.lang_en_us_l03-wMZIf1MDjN9VzuAZOHNIAw==/base.apk!/lib/arm64-v8a, permitted_path=/data:/mnt/expand:/data/user/0/com.samsung.SMT.lang_en_us_l03
04-05 22:05:08.079 D/CompatChangeReporter( 8738): Compat change id reported: 202956589; UID 10222; state: ENABLED
04-05 22:05:08.081 I/BtGatt.ScanHelper( 3694): onScanResult to scannerId: 5- eventType=0x1b, addressType=0, address=XX:XX:XX:XX:75:E9, primaryPhy=1, secondaryPhy=0, advertisingSid=0xff, txPower=127, rssi=-54, periodicAdvInt=0x0
04-05 22:05:08.083 V/GraphicsEnvironment( 8738): Currently set values for:
04-05 22:05:08.083 V/GraphicsEnvironment( 8738):   angle_gl_driver_selection_pkgs=[]
04-05 22:05:08.083 V/GraphicsEnvironment( 8738):   angle_gl_driver_selection_values=[]
04-05 22:05:08.083 V/GraphicsEnvironment( 8738): Global.Settings values are invalid: number of packages: 0, number of values: 0
04-05 22:05:08.083 V/GraphicsEnvironment( 8738): App is not on the allowlist for updatable production driver.
04-05 22:05:08.086 I/ActivityManager( 2531): Changes in 10222 19 to 5, 0 to 16
04-05 22:05:08.092 I/BtGatt.ScanHelper( 3694): onScanResult to scannerId: 9- eventType=0x0, addressType=1, address=XX:XX:XX:XX:99:83, primaryPhy=1, secondaryPhy=1, advertisingSid=0x5, txPower=127, rssi=-65, periodicAdvInt=0x0
04-05 22:05:08.103 I/BtGatt.ScanHelper( 3694): onScanResult to scannerId: 5- eventType=0x10, addressType=1, address=XX:XX:XX:XX:5A:B9, primaryPhy=1, secondaryPhy=0, advertisingSid=0xff, txPower=127, rssi=-89, periodicAdvInt=0x0
04-05 22:05:08.104 I/SamsungTTS( 6816): [setLanguageFD][261360503][eng-USA-l03] Loading : [CACHE] cache.tsv
04-05 22:05:08.105 I/SamsungTTS( 6816): [setLanguageFD][261360503][eng-USA-l03] Loading : [CFG] cfg
04-05 22:05:08.105 I/SamsungTTS( 6816): [setLanguageFD][261360503][eng-USA-l03] Loading : [LNG] lng
04-05 22:05:08.105 I/SamsungTTS( 6816): [setLanguageFD][261360503][eng-USA-l03] Loading : [IVC] regular.ivc
04-05 22:05:08.105 I/SamsungTTS:JNI( 6816): [setLanguage][ID:261360503] Force fp16 is false
04-05 22:05:08.120 I/BtGatt.ScanHelper( 3694): onScanResult to scannerId: 5- eventType=0x1b, addressType=1, address=XX:XX:XX:XX:C9:2B, primaryPhy=1, secondaryPhy=0, advertisingSid=0xff, txPower=127, rssi=-66, periodicAdvInt=0x0
04-05 22:05:08.127 W/libc    ( 6816): Access denied finding property "ro.mediatek.platform"
04-05 22:05:08.130 I/SamsungTTS( 6816): [NATIVE] support fp16
04-05 22:05:08.135 I/LibLouisWrapper_Native( 6799): Setting tables path to: /data/user_de/0/com.samsung.android.accessibility.talkback/app_translator
04-05 22:05:08.141 I/HYPER-HAL( 1549): [RequestManager.cpp]acquire(): Acquired ID : 1245855  [1554 / 24]    HINT :      list : [UCLAMP_MIN_BOOST / 0] [TID / 3755] [TID / 3756] [TID / 3535] [TID / 3753] 
04-05 22:05:08.172 I/SamsungTTS( 6816): [NATIVE] force_fp16 = false, is_support_fp16 = true
04-05 22:05:08.172 I/SamsungTTS( 6816): [NATIVE] AM model type : FLOAT
04-05 22:05:08.172 I/SamsungTTS( 6816): [NATIVE] LPCNet model precision: 4
04-05 22:05:08.172 I/SamsungTTS( 6816): [setLanguage][261360503] Success : [157]ms
04-05 22:05:08.173 D/TextToSpeechManagerPerUserService( 2531): Connected successfully to TTS engine: com.samsung.SMT
04-05 22:05:08.176 I/TextToSpeech( 6799): Connected to TTS engine
04-05 22:05:08.178 I/SamsungTTS( 6816): [isAvailable] eng-USA-null is LANG_COUNTRY_AVAILABLE
04-05 22:05:08.178 D/SamsungTTS( 6816): onGetDefaultVoiceNameFor : eng-USA-default = en-US-default
04-05 22:05:08.178 I/TextToSpeech( 6799): Setting up the connection to TTS engine...
04-05 22:05:08.179 I/vendor.qti.bluetooth@1.1-ibs_handler( 1531): ProcessIbsCmd: Received IBS_SLEEP_IND: 0xFE
04-05 22:05:08.186 I/vendor.qti.bluetooth@1.1-ibs_handler( 1531): ProcessIbsCmd: Received IBS_WAKE_IND: 0xFD
04-05 22:05:08.186 I/vendor.qti.bluetooth@1.1-ibs_handler( 1531): ProcessIbsCmd: Writing IBS_WAKE_ACK
04-05 22:05:08.189 I/BtGatt.ScanHelper( 3694): onScanResult to scannerId: 5- eventType=0x1b, addressType=1, address=XX:XX:XX:XX:6B:F9, primaryPhy=1, secondaryPhy=0, advertisingSid=0xff, txPower=127, rssi=-83, periodicAdvInt=0x0
04-05 22:05:08.204 I/BtGatt.ScanHelper( 3694): onScanResult to scannerId: 5- eventType=0x1b, addressType=0, address=XX:XX:XX:XX:6C:F8, primaryPhy=1, secondaryPhy=0, advertisingSid=0xff, txPower=127, rssi=-69, periodicAdvInt=0x0
04-05 22:05:08.204 D/[+0900]oneconnect[1.8.45.11_01][CORE]( 9893): BleParserForSamsungConnect.parseSamsungConnectPacket_V3 - customDataLen : 10
04-05 22:05:08.205 D/[+0900]oneconnect[1.8.45.11_01][CORE]( 9893): BleParserForSamsungConnect.parseSamsungConnectPacket_V3 - identifierType : 2. identifierValue = 134J
04-05 22:05:08.205 I/[+0900]oneconnect[1.8.45.11_01][CORE]( 9893): BleParserForSamsungConnect.parseSamsungConnectPacket_V3 - |name:($)-A(11)|deviceType:SAMSUNG_OCF_SETUP|discoverType:_BLE|services:None|connected:false[Status]6[OcfInfo]7[SetupNet]4[Calm] false false false[Tx]-2147483648 not set
