--------- beginning of main
04-05 19:16:55.796 I/BtGatt.ScanHelper( 3694): onScanResult to scannerId: 5- eventType=0x10, addressType=1, address=XX:XX:XX:XX:3D:96, primaryPhy=1, secondaryPhy=0, advertisingSid=0xff, txPower=127, rssi=-79, periodicAdvInt=0x0
04-05 19:16:55.841 I/BtGatt.ScanHelper( 3694): onScanResult to scannerId: 2- eventType=0x1b, addressType=1, address=XX:XX:XX:XX:2B:71, primaryPhy=1, secondaryPhy=0, advertisingSid=0xff, txPower=127, rssi=-62, periodicAdvInt=0x0
04-05 19:16:55.842 I/BtGatt.ScanHelper( 3694): onScanResult to scannerId: 5- eventType=0x1b, addressType=1, address=XX:XX:XX:XX:2B:71, primaryPhy=1, secondaryPhy=0, advertisingSid=0xff, txPower=127, rssi=-62, periodicAdvInt=0x0
04-05 19:16:55.844 I/BtGatt.ScanHelper( 3694): onScanResult to scannerId: 3- eventType=0x1b, addressType=0, address=XX:XX:XX:XX:39:BD, primaryPhy=1, secondaryPhy=0, advertisingSid=0xff, txPower=127, rssi=-66, periodicAdvInt=0x0
04-05 19:16:55.844 I/BtGatt.ScanHelper( 3694): onScanResult to scannerId: 5- eventType=0x1b, addressType=0, address=XX:XX:XX:XX:39:BD, primaryPhy=1, secondaryPhy=0, advertisingSid=0xff, txPower=127, rssi=-66, periodicAdvInt=0x0
04-05 19:16:55.845 I/BtGatt.ScanHelper( 3694): onScanResult to scannerId: 5- eventType=0x1b, addressType=1, address=XX:XX:XX:XX:3D:81, primaryPhy=1, secondaryPhy=0, advertisingSid=0xff, txPower=127, rssi=-91, periodicAdvInt=0x0
04-05 19:16:55.846 D/[+0900]oneconnect[1.8.45.11_01][CORE]( 9893): BleParserForVD.parseTvPacket - |name:($)-[(26)|deviceType:TV|discoverType:_BLE|services:_TvSoundToMobile|connected:false[TvStatusString]POWER_ON[TvStatus]1[TvService]111[TvMirrorChannel]153[TvRegisteredDB][98, -106, 45, -14, -105, 126][TvYear]2016[TvOcfInfo]0[TvAcmStatus]0[ExTvStatus]0[ExtendedStatus]-1[ModuloSn]-1
04-05 19:16:55.846 I/[+0900]oneconnect[1.8.45.11_01][CORE]( 9893): DataConvert.parseBleVd - deviceBle : |name:($)-[(26)|deviceType:TV|discoverType:_BLE|services:_TvSoundToMobile|connected:false[TvStatusString]POWER_ON[TvStatus]1[TvService]111[TvMirrorChannel]153[TvRegisteredDB][98, -106, 45, -14, -105, 126][TvYear]2016[TvOcfInfo]0[TvAcmStatus]0[ExTvStatus]0[ExtendedStatus]-1[ModuloSn]-1
04-05 19:16:55.851 I/BtGatt.ScanHelper( 3694): onScanResult to scannerId: 3- eventType=0x1b, addressType=0, address=XX:XX:XX:XX:39:BD, primaryPhy=1, secondaryPhy=0, advertisingSid=0xff, txPower=127, rssi=-66, periodicAdvInt=0x0
04-05 19:16:55.851 I/BtGatt.ScanHelper( 3694): onScanResult to scannerId: 5- eventType=0x1b, addressType=0, address=XX:XX:XX:XX:39:BD, primaryPhy=1, secondaryPhy=0, advertisingSid=0xff, txPower=127, rssi=-66, periodicAdvInt=0x0
04-05 19:16:55.852 D/[+0900]oneconnect[1.8.45.11_01][CORE]( 9893): BleParserForVD.parseTvPacket - (Extension)|name:($)-[(26)|deviceType:UNKNOWN|discoverType:_BLE|services:None|connected:false[Type]6[Index]0[MNID]0AJK[SETUPID]101[TvStatusString]EXTENSION[TvStatus]32[TvService]111[TvMirrorChannel]0[TvRegisteredDB]null[TvYear]2017[TvOcfInfo]7[TvAcmStatus]0[ExTvStatus]0[ExtendedStatus]0[ModuloSn]0
04-05 19:16:55.853 I/[+0900]oneconnect[1.8.45.11_01][CORE]( 9893): DataConvert.parseBleVd - deviceBle : |name:($)-[(26)|deviceType:UNKNOWN|discoverType:_BLE|services:None|connected:false[Type]6[Index]0[MNID]0AJK[SETUPID]101[TvStatusString]EXTENSION[TvStatus]32[TvService]111[TvMirrorChannel]0[TvRegisteredDB]null[TvYear]2017[TvOcfInfo]7[TvAcmStatus]0[ExTvStatus]0[ExtendedStatus]0[ModuloSn]0
04-05 19:16:55.855 I/BtGatt.ScanHelper( 3694): onScanResult to scannerId: 5- eventType=0x1b, addressType=1, address=XX:XX:XX:XX:B8:17, primaryPhy=1, secondaryPhy=0, advertisingSid=0xff, txPower=127, rssi=-69, periodicAdvInt=0x0
04-05 19:16:55.888 I/BtGatt.ScanHelper( 3694): onScanResult to scannerId: 5- eventType=0x1b, addressType=1, address=XX:XX:XX:XX:46:D1, primaryPhy=1, secondaryPhy=0, advertisingSid=0xff, txPower=127, rssi=-47, periodicAdvInt=0x0
04-05 19:16:55.893 I/BtGatt.ScanHelper( 3694): onScanResult to scannerId: 5- eventType=0x10, addressType=1, address=XX:XX:XX:XX:4C:1F, primaryPhy=1, secondaryPhy=0, advertisingSid=0xff, txPower=127, rssi=-54, periodicAdvInt=0x0
04-05 19:16:55.910 I/BtGatt.ScanHelper( 3694): onScanResult to scannerId: 5- eventType=0x10, addressType=1, address=XX:XX:XX:XX:17:26, primaryPhy=1, secondaryPhy=0, advertisingSid=0xff, txPower=127, rssi=-65, periodicAdvInt=0x0
04-05 19:16:55.911 I/BtGatt.ScanHelper( 3694): onScanResult to scannerId: 9- eventType=0x10, addressType=1, address=XX:XX:XX:XX:17:26, primaryPhy=1, secondaryPhy=0, advertisingSid=0xff, txPower=127, rssi=-65, periodicAdvInt=0x0
04-05 19:16:55.919 I/BtGatt.ScanHelper( 3694): onScanResult to scannerId: 5- eventType=0x1b, addressType=0, address=XX:XX:XX:XX:75:E9, primaryPhy=1, secondaryPhy=0, advertisingSid=0xff, txPower=127, rssi=-70, periodicAdvInt=0x0
04-05 19:16:55.939 I/BtGatt.ScanHelper( 3694): onScanResult to scannerId: 3- eventType=0x1b, addressType=0, address=XX:XX:XX:XX:39:BD, primaryPhy=1, secondaryPhy=0, advertisingSid=0xff, txPower=127, rssi=-66, periodicAdvInt=0x0
04-05 19:16:55.940 I/BtGatt.ScanHelper( 3694): onScanResult to scannerId: 5- eventType=0x1b, addressType=0, address=XX:XX:XX:XX:39:BD, primaryPhy=1, secondaryPhy=0, advertisingSid=0xff, txPower=127, rssi=-66, periodicAdvInt=0x0
04-05 19:16:55.942 D/[+0900]oneconnect[1.8.45.11_01][CORE]( 9893): BleParserForVD.parseTvPacket - |name:($)-[(26)|deviceType:TV|discoverType:_BLE|services:_TvSoundToMobile|connected:false[TvStatusString]POWER_ON[TvStatus]1[TvService]111[TvMirrorChannel]153[TvRegisteredDB][98, -106, 45, -14, -105, 126][TvYear]2016[TvOcfInfo]0[TvAcmStatus]0[ExTvStatus]0[ExtendedStatus]-1[ModuloSn]-1
04-05 19:16:55.942 I/[+0900]oneconnect[1.8.45.11_01][CORE]( 9893): DataConvert.parseBleVd - deviceBle : |name:($)-[(26)|deviceType:TV|discoverType:_BLE|services:_TvSoundToMobile|connected:false[TvStatusString]POWER_ON[TvStatus]1[TvService]111[TvMirrorChannel]153[TvRegisteredDB][98, -106, 45, -14, -105, 126][TvYear]2016[TvOcfInfo]0[TvAcmStatus]0[ExTvStatus]0[ExtendedStatus]-1[ModuloSn]-1
04-05 19:16:55.945 I/BtGatt.ScanHelper( 3694): onScanResult to scannerId: 5- eventType=0x1a, addressType=1, address=XX:XX:XX:XX:3D:98, primaryPhy=1, secondaryPhy=0, advertisingSid=0xff, txPower=127, rssi=-58, periodicAdvInt=0x0
04-05 19:16:55.964 I/BtGatt.ScanHelper( 3694): onScanResult to scannerId: 5- eventType=0x1b, addressType=0, address=XX:XX:XX:XX:68:B2, primaryPhy=1, secondaryPhy=0, advertisingSid=0xff, txPower=127, rssi=-79, periodicAdvInt=0x0
04-05 19:16:55.972 I/BtGatt.ScanHelper( 3694): onScanResult to scannerId: 5- eventType=0x1b, addressType=1, address=XX:XX:XX:XX:C4:A9, primaryPhy=1, secondaryPhy=0, advertisingSid=0xff, txPower=127, rssi=-48, periodicAdvInt=0x0
04-05 19:16:55.977 I/BtGatt.ScanHelper( 3694): onScanResult to scannerId: 5- eventType=0x10, addressType=1, address=XX:XX:XX:XX:3D:96, primaryPhy=1, secondaryPhy=0, advertisingSid=0xff, txPower=127, rssi=-72, periodicAdvInt=0x0
04-05 19:16:55.994 I/BtGatt.ScanHelper( 3694): onScanResult to scannerId: 5- eventType=0x10, addressType=1, address=XX:XX:XX:XX:4C:1F, primaryPhy=1, secondaryPhy=0, advertisingSid=0xff, txPower=127, rssi=-54, periodicAdvInt=0x0
04-05 19:16:56.011 I/ActivityManager( 2531): Broadcasting: Intent { act=com.iotpart.sqe.talkbackhelper.GET_FOCUS flg=0x400000 pkg=com.iotpart.sqe.talkbackhelper (has extras) }
--------- beginning of system
04-05 19:16:56.011 I/ActivityManager( 2531): Enqueued broadcast Intent { act=com.iotpart.sqe.talkbackhelper.GET_FOCUS flg=0x400000 pkg=com.iotpart.sqe.talkbackhelper (has extras) }: 0
04-05 19:16:56.022 I/SeslTouchTargetDelegate(10006): SeslTouchTargetDelegate does not support accessibility because it cannot support multi-touch delegation with AOSP View
04-05 19:16:56.023 D/A11Y_FOCUS_SNAPSHOT( 5550): mergedLabel=Update app class=android.widget.TextView id=com.samsung.android.oneconnect:id/update_app_title
04-05 19:16:56.024 I/A11Y_HELPER( 5550): FOCUS_UPDATE {"timestamp":1775384216023,"schemaVersion":"1.2.0","snapshotBuilderVersion":"1.2.0","packageName":"com.samsung.android.oneconnect","className":"android.widget.TextView","viewIdResourceName":"com.samsung.android.oneconnect:id\/update_app_title","text":"Update app","contentDescription":null,"mergedLabel":"Update app","talkbackLabel":"Update app","clickable":false,"focusable":false,"focused":false,"accessibilityFocused":true,"visibleToUser":true,"isVisibleToUser":true,"selected":false,"checkable":false,"checked":false,"enabled":true,"boundsInScreen":{"l":72,"t":406,"r":942,"b":476,"left":72,"top":406,"right":942,"bottom":476},"children":[]}
04-05 19:16:56.025 I/A11Y_HELPER( 5550): FOCUS_RESULT {"timestamp":1775384216023,"schemaVersion":"1.2.0","snapshotBuilderVersion":"1.2.0","packageName":"com.samsung.android.oneconnect","className":"android.widget.TextView","viewIdResourceName":"com.samsung.android.oneconnect:id\/update_app_title","text":"Update app","contentDescription":null,"mergedLabel":"Update app","talkbackLabel":"Update app","clickable":false,"focusable":false,"focused":false,"accessibilityFocused":true,"visibleToUser":true,"isVisibleToUser":true,"selected":false,"checkable":false,"checked":false,"enabled":true,"boundsInScreen":{"l":72,"t":406,"r":942,"b":476,"left":72,"top":406,"right":942,"bottom":476},"children":[],"reqId":"10f3f719"}
04-05 19:16:56.029 I/ActivityManager( 2531): Broadcast completed: result=0
04-05 19:16:56.032 I/vendor.qti.bluetooth@1.1-ibs_handler( 1531): ProcessIbsCmd: Received IBS_SLEEP_IND: 0xFE
04-05 19:16:56.032 D/vendor.qti.bluetooth@1.1-ibs_handler( 1531): SerialClockVote: vote for UART CLK OFF
04-05 19:16:56.035 I/vendor.qti.bluetooth@1.1-ibs_handler( 1531): ProcessIbsCmd: Received IBS_WAKE_IND: 0xFD
04-05 19:16:56.035 D/vendor.qti.bluetooth@1.1-ibs_handler( 1531): SerialClockVote: vote for UART CLK ON
04-05 19:16:56.035 I/vendor.qti.bluetooth@1.1-ibs_handler( 1531): ProcessIbsCmd: Writing IBS_WAKE_ACK
04-05 19:16:56.040 I/BtGatt.ScanHelper( 3694): onScanResult to scannerId: 3- eventType=0x1b, addressType=0, address=XX:XX:XX:XX:39:BD, primaryPhy=1, secondaryPhy=0, advertisingSid=0xff, txPower=127, rssi=-67, periodicAdvInt=0x0
04-05 19:16:56.041 I/BtGatt.ScanHelper( 3694): onScanResult to scannerId: 5- eventType=0x1b, addressType=0, address=XX:XX:XX:XX:39:BD, primaryPhy=1, secondaryPhy=0, advertisingSid=0xff, txPower=127, rssi=-67, periodicAdvInt=0x0
04-05 19:16:56.043 D/[+0900]oneconnect[1.8.45.11_01][CORE]( 9893): BleParserForVD.parseTvPacket - |name:($)-[(26)|deviceType:TV|discoverType:_BLE|services:_TvSoundToMobile|connected:false[TvStatusString]POWER_ON[TvStatus]1[TvService]111[TvMirrorChannel]153[TvRegisteredDB][98, -106, 45, -14, -105, 126][TvYear]2016[TvOcfInfo]0[TvAcmStatus]0[ExTvStatus]0[ExtendedStatus]-1[ModuloSn]-1
04-05 19:16:56.043 I/[+0900]oneconnect[1.8.45.11_01][CORE]( 9893): DataConvert.parseBleVd - deviceBle : |name:($)-[(26)|deviceType:TV|discoverType:_BLE|services:_TvSoundToMobile|connected:false[TvStatusString]POWER_ON[TvStatus]1[TvService]111[TvMirrorChannel]153[TvRegisteredDB][98, -106, 45, -14, -105, 126][TvYear]2016[TvOcfInfo]0[TvAcmStatus]0[ExTvStatus]0[ExtendedStatus]-1[ModuloSn]-1
04-05 19:16:56.051 I/BtGatt.ScanHelper( 3694): onScanResult to scannerId: 2- eventType=0x1b, addressType=1, address=XX:XX:XX:XX:4B:EC, primaryPhy=1, secondaryPhy=0, advertisingSid=0xff, txPower=127, rssi=-86, periodicAdvInt=0x0
04-05 19:16:56.052 I/BtGatt.ScanHelper( 3694): onScanResult to scannerId: 5- eventType=0x1b, addressType=1, address=XX:XX:XX:XX:4B:EC, primaryPhy=1, secondaryPhy=0, advertisingSid=0xff, txPower=127, rssi=-86, periodicAdvInt=0x0
04-05 19:16:56.059 I/BtGatt.ScanHelper( 3694): onScanResult to scannerId: 5- eventType=0x10, addressType=0, address=XX:XX:XX:XX:6C:F8, primaryPhy=1, secondaryPhy=0, advertisingSid=0xff, txPower=127, rssi=-69, periodicAdvInt=0x0
04-05 19:16:56.064 I/[+0900]oneconnect[1.8.45.11_01][CORE]( 9893): BleParserForDaDevice.parseBlePacket - DeviceBleDa : [name]($)-A(11)[BleMac]($)40:CA[DeviceType]AIR_PURIFIER[DeviceInfoVersion]0[DeviceStatus]-128,
04-05 19:16:56.079 I/BtGatt.ScanHelper( 3694): onScanResult to scannerId: 5- eventType=0x10, addressType=0, address=XX:XX:XX:XX:C2:A3, primaryPhy=1, secondaryPhy=0, advertisingSid=0xff, txPower=127, rssi=-53, periodicAdvInt=0x0
04-05 19:16:56.084 I/[+0900]oneconnect[1.8.45.11_01][CORE]( 9893): BleParserForDaDevice.parseBlePacket - DeviceBleDa : [name][BleMac]($)40:CA[DeviceType]AIR_PURIFIER[DeviceInfoVersion]0[DeviceStatus]-128,
04-05 19:16:56.114 I/BtGatt.ScanHelper( 3694): onScanResult to scannerId: 2- eventType=0x1b, addressType=1, address=XX:XX:XX:XX:2B:71, primaryPhy=1, secondaryPhy=0, advertisingSid=0xff, txPower=127, rssi=-61, periodicAdvInt=0x0
04-05 19:16:56.115 I/BtGatt.ScanHelper( 3694): onScanResult to scannerId: 5- eventType=0x1b, addressType=1, address=XX:XX:XX:XX:2B:71, primaryPhy=1, secondaryPhy=0, advertisingSid=0xff, txPower=127, rssi=-61, periodicAdvInt=0x0
04-05 19:16:56.126 I/BtGatt.ScanHelper( 3694): onScanResult to scannerId: 5- eventType=0x1b, addressType=1, address=XX:XX:XX:XX:3D:81, primaryPhy=1, secondaryPhy=0, advertisingSid=0xff, txPower=127, rssi=-91, periodicAdvInt=0x0
04-05 19:16:56.144 I/BtGatt.ScanHelper( 3694): onScanResult to scannerId: 5- eventType=0x1b, addressType=1, address=XX:XX:XX:XX:35:42, primaryPhy=1, secondaryPhy=0, advertisingSid=0xff, txPower=127, rssi=-53, periodicAdvInt=0x0
04-05 19:16:56.163 I/BtGatt.ScanHelper( 3694): onScanResult to scannerId: 5- eventType=0x10, addressType=1, address=XX:XX:XX:XX:3D:96, primaryPhy=1, secondaryPhy=0, advertisingSid=0xff, txPower=127, rssi=-82, periodicAdvInt=0x0
04-05 19:16:56.170 I/BtGatt.ScanHelper( 3694): onScanResult to scannerId: 5- eventType=0x1b, addressType=1, address=XX:XX:XX:XX:46:D1, primaryPhy=1, secondaryPhy=0, advertisingSid=0xff, txPower=127, rssi=-48, periodicAdvInt=0x0
04-05 19:16:56.203 I/BtGatt.ScanHelper( 3694): onScanResult to scannerId: 5- eventType=0x1a, addressType=1, address=XX:XX:XX:XX:3D:98, primaryPhy=1, secondaryPhy=0, advertisingSid=0xff, txPower=127, rssi=-58, periodicAdvInt=0x0
04-05 19:16:56.205 I/BtGatt.ScanHelper( 3694): onScanResult to scannerId: 5- eventType=0x10, addressType=1, address=XX:XX:XX:XX:4C:1F, primaryPhy=1, secondaryPhy=0, advertisingSid=0xff, txPower=127, rssi=-60, periodicAdvInt=0x0
04-05 19:16:56.227 I/BtGatt.ScanHelper( 3694): onScanResult to scannerId: 5- eventType=0x1b, addressType=1, address=XX:XX:XX:XX:2B:FF, primaryPhy=1, secondaryPhy=0, advertisingSid=0xff, txPower=127, rssi=-86, periodicAdvInt=0x0
04-05 19:16:56.233 D/io_stats( 1074): !@   8,0 r 3441137 128129280 w 8259656 291158020 d 1043371 366145988 f 290017 1041291 iot 5343780 0 th 0 0 0 pt 0 inp 0 0 1169495.111
04-05 19:16:56.240 I/BtGatt.ScanHelper( 3694): onScanResult to scannerId: 5- eventType=0x1b, addressType=1, address=XX:XX:XX:XX:63:8B, primaryPhy=1, secondaryPhy=0, advertisingSid=0xff, txPower=127, rssi=-79, periodicAdvInt=0x0
04-05 19:16:56.246 I/BtGatt.ScanHelper( 3694): onScanResult to scannerId: 5- eventType=0x1b, addressType=1, address=XX:XX:XX:XX:C4:A9, primaryPhy=1, secondaryPhy=0, advertisingSid=0xff, txPower=127, rssi=-48, periodicAdvInt=0x0
04-05 19:16:56.266 I/BtGatt.ScanHelper( 3694): onScanResult to scannerId: 5- eventType=0x1a, addressType=0, address=XX:XX:XX:XX:70:92, primaryPhy=1, secondaryPhy=0, advertisingSid=0xff, txPower=127, rssi=-79, periodicAdvInt=0x0
04-05 19:16:56.288 I/BtGatt.ScanHelper( 3694): onScanResult to scannerId: 5- eventType=0x1b, addressType=1, address=XX:XX:XX:XX:96:DD, primaryPhy=1, secondaryPhy=0, advertisingSid=0xff, txPower=127, rssi=-68, periodicAdvInt=0x0
04-05 19:16:56.295 I/BtGatt.ScanHelper( 3694): onScanResult to scannerId: 5- eventType=0x1b, addressType=1, address=XX:XX:XX:XX:D7:FD, primaryPhy=1, secondaryPhy=0, advertisingSid=0xff, txPower=127, rssi=-71, periodicAdvInt=0x0
04-05 19:16:56.297 I/[+0900]oneconnect[1.8.45.11_01][CORE]( 9893): BleParserForSamsungConnect.parseSamsungConnectPacket_V2 - |name:($)-G(23)|deviceType:SAMSUNG_OCF_SETUP|discoverType:_BLE|services:None|connected:false[Type]40[Index]2[Status]1[OcfInfo]7[SetupNet]4[Calm] false false false[Tx]-1
04-05 19:16:56.307 I/BtGatt.ScanHelper( 3694): onScanResult to scannerId: 5- eventType=0x10, addressType=1, address=XX:XX:XX:XX:4C:1F, primaryPhy=1, secondaryPhy=0, advertisingSid=0xff, txPower=127, rssi=-53, periodicAdvInt=0x0
04-05 19:16:56.349 I/BtGatt.ScanHelper( 3694): onScanResult to scannerId: 5- eventType=0x10, addressType=1, address=XX:XX:XX:XX:3D:96, primaryPhy=1, secondaryPhy=0, advertisingSid=0xff, txPower=127, rssi=-72, periodicAdvInt=0x0
04-05 19:16:56.390 I/BtGatt.ScanHelper( 3694): onScanResult to scannerId: 2- eventType=0x1b, addressType=1, address=XX:XX:XX:XX:2B:71, primaryPhy=1, secondaryPhy=0, advertisingSid=0xff, txPower=127, rssi=-62, periodicAdvInt=0x0
04-05 19:16:56.390 I/BtGatt.ScanHelper( 3694): onScanResult to scannerId: 5- eventType=0x1b, addressType=1, address=XX:XX:XX:XX:2B:71, primaryPhy=1, secondaryPhy=0, advertisingSid=0xff, txPower=127, rssi=-62, periodicAdvInt=0x0
04-05 19:16:56.396 I/BtGatt.ScanHelper( 3694): onScanResult to scannerId: 5- eventType=0x10, addressType=0, address=XX:XX:XX:XX:C0:CC, primaryPhy=1, secondaryPhy=0, advertisingSid=0xff, txPower=127, rssi=-75, periodicAdvInt=0x0
04-05 19:16:56.401 I/[+0900]oneconnect[1.8.45.11_01][CORE]( 9893): BleParserForDaDevice.parseBlePacket - DeviceBleDa : [name]($)-D(11)[BleMac]($)1C:E8[DeviceType]DEHUMIDIFIER[DeviceInfoVersion]0[DeviceStatus]-128,
04-05 19:16:56.417 I/BtGatt.ScanHelper( 3694): onScanResult to scannerId: 5- eventType=0x1b, addressType=1, address=XX:XX:XX:XX:35:42, primaryPhy=1, secondaryPhy=0, advertisingSid=0xff, txPower=127, rssi=-53, periodicAdvInt=0x0
04-05 19:16:56.442 D/AndroidRuntime(18262): >>>>>> START com.android.internal.os.RuntimeInit uid 2000 <<<<<<
04-05 19:16:56.443 I/BtGatt.ScanHelper( 3694): onScanResult to scannerId: 3- eventType=0x1b, addressType=0, address=XX:XX:XX:XX:39:BD, primaryPhy=1, secondaryPhy=0, advertisingSid=0xff, txPower=127, rssi=-66, periodicAdvInt=0x0
04-05 19:16:56.443 I/BtGatt.ScanHelper( 3694): onScanResult to scannerId: 5- eventType=0x1b, addressType=0, address=XX:XX:XX:XX:39:BD, primaryPhy=1, secondaryPhy=0, advertisingSid=0xff, txPower=127, rssi=-66, periodicAdvInt=0x0
04-05 19:16:56.445 D/[+0900]oneconnect[1.8.45.11_01][CORE]( 9893): BleParserForVD.parseTvPacket - (Extension)|name:($)-[(26)|deviceType:UNKNOWN|discoverType:_BLE|services:None|connected:false[Type]6[Index]0[MNID]0AJK[SETUPID]101[TvStatusString]EXTENSION[TvStatus]32[TvService]111[TvMirrorChannel]0[TvRegisteredDB]null[TvYear]2017[TvOcfInfo]7[TvAcmStatus]0[ExTvStatus]0[ExtendedStatus]0[ModuloSn]0
04-05 19:16:56.445 I/BtGatt.ScanHelper( 3694): onScanResult to scannerId: 5- eventType=0x1b, addressType=1, address=XX:XX:XX:XX:46:D1, primaryPhy=1, secondaryPhy=0, advertisingSid=0xff, txPower=127, rssi=-48, periodicAdvInt=0x0
04-05 19:16:56.446 I/AndroidRuntime(18262): Using default boot image
04-05 19:16:56.446 I/[+0900]oneconnect[1.8.45.11_01][CORE]( 9893): DataConvert.parseBleVd - deviceBle : |name:($)-[(26)|deviceType:UNKNOWN|discoverType:_BLE|services:None|connected:false[Type]6[Index]0[MNID]0AJK[SETUPID]101[TvStatusString]EXTENSION[TvStatus]32[TvService]111[TvMirrorChannel]0[TvRegisteredDB]null[TvYear]2017[TvOcfInfo]7[TvAcmStatus]0[ExTvStatus]0[ExtendedStatus]0[ModuloSn]0
04-05 19:16:56.446 I/AndroidRuntime(18262): Leaving lock profiling enabled
04-05 19:16:56.447 D/SecNativeFeatureCppIf(18262): encoded
04-05 19:16:56.448 D/SecNativeFeatureCppIf(18262): decoding and unzip finish
04-05 19:16:56.448 D/SecNativeFeatureCppIf(18262): use unCompDataBuff. encoded
04-05 19:16:56.448 D/SecNativeFeatureCppIf(18262): Free unCompDataBuff
04-05 19:16:56.448 D/AndroidRuntime(18262): addProductProperty not brand or 7
04-05 19:16:56.449 I/app_process(18262): Using CollectorTypeCMC GC.
04-05 19:16:56.468 I/BtGatt.ScanHelper( 3694): onScanResult to scannerId: 5- eventType=0x1a, addressType=1, address=XX:XX:XX:XX:3D:98, primaryPhy=1, secondaryPhy=0, advertisingSid=0xff, txPower=127, rssi=-59, periodicAdvInt=0x0
04-05 19:16:56.486 D/nativeloader(18262): InitDefaultPublicLibraries for_preload=1: libandroid.so:libaaudio.so:libamidi.so:libbinder_ndk.so:libc.so:libcamera2ndk.so:libdl.so:libEGL.so:libGLESv1_CM.so:libGLESv2.so:libGLESv3.so:libicu.so:libicui18n.so:libicuuc.so:libjnigraphics.so:liblog.so:libmediandk.so:libm.so:libnativehelper.so:libnativewindow.so:libOpenMAXAL.so:libOpenSLES.so:libRS.so:libstdc++.so:libsync.so:libvulkan.so:libwebviewchromium_plat_support.so:libz.so
04-05 19:16:56.498 D/nativeloader(18262): Load libicu_jni.so using APEX ns com_android_art for caller /apex/com.android.art/javalib/core-oj.jar: ok
04-05 19:16:56.498 D/app_process(18262): u_setTimeZoneFilesDirectory("/apex/com.android.tzdata/etc/tz/versioned/8/icu") succeeded. 
04-05 19:16:56.498 D/app_process(18262): I18n APEX ICU file found: /apex/com.android.i18n/etc/icu/icudt75l.dat
04-05 19:16:56.500 D/nativeloader(18262): Load libjavacore.so using APEX ns com_android_art for caller /apex/com.android.art/javalib/core-oj.jar: ok
04-05 19:16:56.501 D/nativeloader(18262): Load libopenjdk.so using APEX ns com_android_art for caller /apex/com.android.art/javalib/core-oj.jar: ok
04-05 19:16:56.502 I/app_process(18262): Priority-to-niceness mapping: 19, 16, 13, 10, 0, -2, -4, -5, -6, -8
04-05 19:16:56.506 I/vendor.qti.bluetooth@1.1-ibs_handler( 1531): ProcessIbsCmd: Received IBS_SLEEP_IND: 0xFE
04-05 19:16:56.507 D/vendor.qti.bluetooth@1.1-ibs_handler( 1531): SerialClockVote: vote for UART CLK OFF
04-05 19:16:56.515 E/SemDvfsManager_JNI(18262): SemDvfsManager: registerfunction enter
04-05 19:16:56.515 E/SemAffinityControl(18262): SemAffinityControl: registerfunction enter
04-05 19:16:56.516 I/vendor.qti.bluetooth@1.1-ibs_handler( 1531): ProcessIbsCmd: Received IBS_WAKE_IND: 0xFD
04-05 19:16:56.516 D/vendor.qti.bluetooth@1.1-ibs_handler( 1531): SerialClockVote: vote for UART CLK ON
04-05 19:16:56.516 I/vendor.qti.bluetooth@1.1-ibs_handler( 1531): ProcessIbsCmd: Writing IBS_WAKE_ACK
04-05 19:16:56.521 D/nativeloader(18262): Load libframework-connectivity-tiramisu-jni.so using APEX ns com_android_tethering for caller /apex/com.android.tethering/javalib/framework-connectivity-t.jar: ok
04-05 19:16:56.521 D/AndroidRuntime(18262): Calling main entry com.android.commands.uiautomator.Launcher
04-05 19:16:56.522 I/BtGatt.ScanHelper( 3694): onScanResult to scannerId: 3- eventType=0x1b, addressType=0, address=XX:XX:XX:XX:39:BD, primaryPhy=1, secondaryPhy=0, advertisingSid=0xff, txPower=127, rssi=-66, periodicAdvInt=0x0
04-05 19:16:56.523 I/BtGatt.ScanHelper( 3694): onScanResult to scannerId: 5- eventType=0x1b, addressType=0, address=XX:XX:XX:XX:39:BD, primaryPhy=1, secondaryPhy=0, advertisingSid=0xff, txPower=127, rssi=-66, periodicAdvInt=0x0
04-05 19:16:56.524 D/[+0900]oneconnect[1.8.45.11_01][CORE]( 9893): BleParserForVD.parseTvPacket - |name:($)-[(26)|deviceType:TV|discoverType:_BLE|services:_TvSoundToMobile|connected:false[TvStatusString]POWER_ON[TvStatus]1[TvService]111[TvMirrorChannel]153[TvRegisteredDB][98, -106, 45, -14, -105, 126][TvYear]2016[TvOcfInfo]0[TvAcmStatus]0[ExTvStatus]0[ExtendedStatus]-1[ModuloSn]-1
04-05 19:16:56.525 I/[+0900]oneconnect[1.8.45.11_01][CORE]( 9893): DataConvert.parseBleVd - deviceBle : |name:($)-[(26)|deviceType:TV|discoverType:_BLE|services:_TvSoundToMobile|connected:false[TvStatusString]POWER_ON[TvStatus]1[TvService]111[TvMirrorChannel]153[TvRegisteredDB][98, -106, 45, -14, -105, 126][TvYear]2016[TvOcfInfo]0[TvAcmStatus]0[ExTvStatus]0[ExtendedStatus]-1[ModuloSn]-1
04-05 19:16:56.527 D/UiAutomationConnection(18262): Created on user UserHandle{0}
04-05 19:16:56.527 I/UiAutomation(18262): Initialized for user 0 on display 0
04-05 19:16:56.527 W/UiAutomation(18262): Created with deprecatead constructor, assumes DEFAULT_DISPLAY
04-05 19:16:56.528 D/AccessibilityManagerService( 2531): changeCurrentUserForTestAutomationIfNeededLocked(0): ignoring because device doesn't support visible background users
04-05 19:16:56.528 I/UiAutomationManager( 2531): Registering UiTestAutomationService (id=com.android.server.accessibility/UiAutomation, flags=0x0) when called by user 0
04-05 19:16:56.529 I/BtGatt.ScanHelper( 3694): onScanResult to scannerId: 5- eventType=0x1b, addressType=1, address=XX:XX:XX:XX:63:8B, primaryPhy=1, secondaryPhy=0, advertisingSid=0xff, txPower=127, rssi=-83, periodicAdvInt=0x0
04-05 19:16:56.531 I/BtGatt.ScanHelper( 3694): onScanResult to scannerId: 5- eventType=0x1b, addressType=1, address=XX:XX:XX:XX:C4:A9, primaryPhy=1, secondaryPhy=0, advertisingSid=0xff, txPower=127, rssi=-47, periodicAdvInt=0x0
04-05 19:16:56.532 I/BtGatt.ScanHelper( 3694): onScanResult to scannerId: 5- eventType=0x1b, addressType=1, address=XX:XX:XX:XX:2F:B8, primaryPhy=1, secondaryPhy=0, advertisingSid=0xff, txPower=127, rssi=-55, periodicAdvInt=0x0
04-05 19:16:56.532 V/talkback: FullScreenReadActor( 6799): Continuous reading switching to mode: 0
04-05 19:16:56.533 V/talkback: SpeechControllerImpl( 6799): interrupt, stopTtsSpeechCompletely=false
04-05 19:16:56.535 I/ActivityManager( 2531): Changes in 10259 5 to 10, 56 to 0
04-05 19:16:56.537 D/VibratorManagerService( 2531): Canceling vibration
04-05 19:16:56.537 I/SamsungTTS( 6816): [Synthesize] request = en-US-default
04-05 19:16:56.538 D/talkback: TalkBackService( 6799): A shared preference changed: talkback_off_timestamp
04-05 19:16:56.538 V/talkback: TalkBackService( 6799): TalkBackService.reloadPreferences() diagnostic mode=false
04-05 19:16:56.538 I/SamsungTTS( 6816): [loadLanguage] : eng-USA-[l03]
04-05 19:16:56.538 I/SamsungTTS( 6816): [Synthesize] Empty input. Caller[10155-com.samsung.android.accessibility.talkback]
04-05 19:16:56.538 W/ContextImpl( 6816): Calling a method in the system process without a qualified user: android.app.ContextImpl.sendBroadcast:1314 android.content.ContextWrapper.sendBroadcast:515 android.speech.tts.TextToSpeechService$SynthThread.broadcastTtsQueueProcessingCompleted:471 android.speech.tts.TextToSpeechService$SynthThread.queueIdle:463 android.os.MessageQueue.next:424 
04-05 19:16:56.539 D/FeatureSupport( 6799): proximity: Palm Proximity Sensor version 2
04-05 19:16:56.540 V/APM_AudioPolicyManager( 1665): selectOutput new bestOutput 13 criteria 0 100 0 0 0 0 0 2 
04-05 19:16:56.540 V/APM_AudioPolicyManager( 1665): selectOutput new bestOutput 21 criteria 0 100 0 0 0 1 0 0 
04-05 19:16:56.540 V/APM_AudioPolicyManager( 1665): getOutput() stream 3 selected devices {AUDIO_DEVICE_OUT_SPEAKER, @:}, output 21
04-05 19:16:56.541 V/APM_AudioPolicyManager( 1665): selectOutput new bestOutput 13 criteria 0 100 0 0 0 0 0 2 
04-05 19:16:56.542 V/APM_AudioPolicyManager( 1665): selectOutput new bestOutput 21 criteria 0 100 0 0 0 1 0 0 
04-05 19:16:56.542 V/APM_AudioPolicyManager( 1665): getOutput() stream 3 selected devices {AUDIO_DEVICE_OUT_SPEAKER, @:}, output 21
04-05 19:16:56.542 V/APM_AudioPolicyManager( 1665): selectOutput new bestOutput 13 criteria 0 100 0 0 0 0 0 2 
04-05 19:16:56.542 V/APM_AudioPolicyManager( 1665): selectOutput new bestOutput 21 criteria 0 100 0 0 0 1 0 0 
04-05 19:16:56.542 V/APM_AudioPolicyManager( 1665): getOutput() stream 3 selected devices {AUDIO_DEVICE_OUT_SPEAKER, @:}, output 21
04-05 19:16:56.542 I/ActivityManager( 2531): Changes in 10155 5 to 10, 127 to 0
04-05 19:16:56.543 D/talkback: Pipeline( 6799): execute() feedback=Feedback{eventId=null, failovers=[Part= passThroughMode= PassThroughMode{action=DISABLE_PASSTHROUGH, region=SkRegion()}  ]}
04-05 19:16:56.543 D/talkback: Actors( 6799): act() eventId=null part=Part= passThroughMode= PassThroughMode{action=DISABLE_PASSTHROUGH, region=SkRegion()}  
04-05 19:16:56.544 V/talkback: Pipeline( 6799): execute() success=true for part=Part= passThroughMode= PassThroughMode{action=DISABLE_PASSTHROUGH, region=SkRegion()}  
04-05 19:16:56.544 D/HintManagerService( 2531): Sent cleanup message for uid 10155
04-05 19:16:56.545 D/InputTransport( 2531): Input channel destroyed: 'dc47c7b', fd=1127
04-05 19:16:56.545 W/InputManager-JNI( 2531): Input channel object 'dc47c7b Screen search (client)' was disposed without first being removed with the input manager!
04-05 19:16:56.545 D/InputTransport( 2531): Input channel destroyed: 'dc47c7b', fd=1138
04-05 19:16:56.545 V/WindowManager( 2531): Remove Window{dc47c7b u0 Screen search}: mSurfaceController=null mAnimatingExit=false mRemoveOnExit=false mHasSurface=false surfaceShowing=false animating=false app-animation=false mDisplayFrozen=false callers=com.android.server.wm.WindowToken.removeAllWindowsIfPossible:46 com.android.server.wm.WindowManagerService.removeWindowToken:14 com.android.server.wm.WindowManagerService$LocalService.removeWindowToken:3 com.android.server.wm.WindowManagerInternal.removeWindowToken:1 com.android.server.accessibility.AbstractAccessibilityServiceConnection.onDisplayRemoved:57 com.android.server.accessibility.AbstractAccessibilityServiceConnection.onRemoved:18 
04-05 19:16:56.545 D/talkback: RingerModeAndScreenMon( 6799): enabledTellingTime=true
04-05 19:16:56.546 I/BtGatt.ScanHelper( 3694): onScanResult to scannerId: 3- eventType=0x1b, addressType=0, address=XX:XX:XX:XX:39:BD, primaryPhy=1, secondaryPhy=0, advertisingSid=0xff, txPower=127, rssi=-66, periodicAdvInt=0x0
04-05 19:16:56.546 I/BtGatt.ScanHelper( 3694): onScanResult to scannerId: 5- eventType=0x1b, addressType=0, address=XX:XX:XX:XX:39:BD, primaryPhy=1, secondaryPhy=0, advertisingSid=0xff, txPower=127, rssi=-66, periodicAdvInt=0x0
04-05 19:16:56.547 D/[+0900]oneconnect[1.8.45.11_01][CORE]( 9893): BleParserForVD.parseTvPacket - (Extension)|name:($)-[(26)|deviceType:UNKNOWN|discoverType:_BLE|services:None|connected:false[Type]6[Index]0[MNID]0AJK[SETUPID]101[TvStatusString]EXTENSION[TvStatus]32[TvService]111[TvMirrorChannel]0[TvRegisteredDB]null[TvYear]2017[TvOcfInfo]7[TvAcmStatus]0[ExTvStatus]0[ExtendedStatus]0[ModuloSn]0
04-05 19:16:56.547 I/[+0900]oneconnect[1.8.45.11_01][CORE]( 9893): DataConvert.parseBleVd - deviceBle : |name:($)-[(26)|deviceType:UNKNOWN|discoverType:_BLE|services:None|connected:false[Type]6[Index]0[MNID]0AJK[SETUPID]101[TvStatusString]EXTENSION[TvStatus]32[TvService]111[TvMirrorChannel]0[TvRegisteredDB]null[TvYear]2017[TvOcfInfo]7[TvAcmStatus]0[ExTvStatus]0[ExtendedStatus]0[ModuloSn]0
04-05 19:16:56.549 I/ActivityManager( 2531): Changes in 10355 5 to 10, 127 to 0
04-05 19:16:56.550 V/APM_AudioPolicyManager( 1665): getOutputForAttrInt() attributes={ Content type: AUDIO_CONTENT_TYPE_UNKNOWN Usage: AUDIO_USAGE_ASSISTANCE_ACCESSIBILITY Source: AUDIO_SOURCE_INVALID Flags: 0x900 Tags:  } stream=AUDIO_STREAM_ACCESSIBILITY session 184041 selectedDeviceId 0
04-05 19:16:56.551 I/HYPER-HAL( 1549): [RequestManager.cpp]acquire(): Acquired ID : 465443750  [1554 / 28955]    HINT :      list : [TID_LOW_LATENCY / 0] [TID / 6841] [TID / 6843] [TID / 6799] [TID / 6839] 
04-05 19:16:56.551 V/APM_AudioPolicyManager( 1665): getOutputForAttrInt() device {AUDIO_DEVICE_OUT_SPEAKER, @:}, sampling rate 24000, format 0x1, channel mask 0x1, flags 0x4 stream AUDIO_STREAM_ACCESSIBILITY
04-05 19:16:56.551 V/APM_AudioPolicyManager( 1665): selectOutput new bestOutput 13 criteria 0 100 0 0 0 0 4 2 
04-05 19:16:56.551 V/APM_AudioPolicyManager( 1665): selectOutput new bestOutput 29 criteria 0 100 0 0 0 1 2 0 
04-05 19:16:56.551 V/APM_AudioPolicyManager( 1665): getOutputForAttrInt returns output 29 selectedDeviceId 3
04-05 19:16:56.551 V/APM_AudioPolicyManager( 1665): getOutputForAttr() returns output 29 requestedPortId 0 selectedDeviceId 3 for port ID 23029
04-05 19:16:56.551 I/AudioFlinger( 1665): nonSecFlag 4, secFlag 0, outputFlags 4
04-05 19:16:56.551 D/AudioFlinger( 1665): AUDIO_OUTPUT_FLAG_FAST denied: sharedBuffer=0x0 frameCount=4096 mFrameCount=192 format=0x1 mFormat=0x5 isLinear=1 channelMask=0x1 sampleRate=24000 mSampleRate=48000 hasFastMixer=1 tid=-1 fastTrackAvailMask=0xf8
04-05 19:16:56.551 I/HYPER-HAL( 1549): [RequestManager.cpp]acquire(): Acquired ID : 464833740  [1554 / 28935]    HINT :      list : [TID_LOW_LATENCY / 0] [TID / 6841] [TID / 6843] [TID / 6799] [TID / 6839] 
04-05 19:16:56.551 I/AudioFlinger( 1665): FastTrack denied, resize fc 1440
04-05 19:16:56.551 D/AudioFlinger( 1665): Client defaulted notificationFrames to 480 for frameCount 4096
04-05 19:16:56.552 I/HYPER-HAL( 1549): [RequestManager.cpp]acquire(): Acquired ID : 456214766  [1554 / 28651]    HINT :      list : [TID_LOW_LATENCY / 0] [TID / 6841] [TID / 6843] [TID / 6799] [TID / 6839] 
04-05 19:16:56.553 D/KNOX_MDM_SettingsProvider( 2531): isChangeAllowed() : name = accessibility_enabled
04-05 19:16:56.553 I/AF::Track( 1665): setMixerOutConfig expectKey 202
04-05 19:16:56.553 I/AF::Track( 1665): setMixerOutConfig select, mixer out f 5, s 48000, thread out f 5, s 48000
04-05 19:16:56.553 D/KNOX_MDM_SettingsProvider( 2531): isChangeAllowed() : name = touch_exploration_enabled
04-05 19:16:56.554 D/SettingsProvider( 2531): PUT_ret(/secure/touch_exploration_enabled), callingPackage:android
04-05 19:16:56.556 D/MagnificationConnectionManager( 2531): requestConnection :false mConnectionState : 1
04-05 19:16:56.557 V/AS.PlaybackActivityMon( 2531): trackPlayer() new piid=156687
04-05 19:16:56.558 V/AS.PlaybackActivityMon( 2531): playerEvent(piid=156687, event=PLAYER_UPDATE_PORT_ID, eventValue=23029)
04-05 19:16:56.558 D/AudioTrack( 6816): setVolume(1.000000, 1.000000) pid : 6816
04-05 19:16:56.559 V/AS.PlaybackActivityMon( 2531): playerEvent(piid=156687, event=PLAYER_STATE_STOPPED, eventValue=0)
04-05 19:16:56.559 V/AS.PlaybackActivityMon( 2531): dispatchPlaybackChange to 8 clients
04-05 19:16:56.559 I/VSyncReactor( 1674): Current= 24, Period= 24, Distance= 1
04-05 19:16:56.560 I/SurfaceFlinger( 1674): [LayerHierarchy{RequestedLayerState{WindowToken{d719c0c type=2032 android.os.Binder@1353b3f}#26793 z=1} no children}] reparent to OffscreenRoot
04-05 19:16:56.560 I/SurfaceFlinger( 1674): [LayerHierarchy{RequestedLayerState{WindowToken{d719c0c type=2032 android.os.Binder@1353b3f}#26793 z=1} no children}] RelativeParent to null
04-05 19:16:56.560 I/SurfaceFlinger( 1674): [LayerHierarchy{RequestedLayerState{WindowToken{97f889e type=2032 android.os.Binder@c5f96d9}#29115 z=2} 1 children}] reparent to OffscreenRoot
04-05 19:16:56.560 I/SurfaceFlinger( 1674): [LayerHierarchy{RequestedLayerState{WindowToken{97f889e type=2032 android.os.Binder@c5f96d9}#29115 z=2} 1 children}] RelativeParent to null
04-05 19:16:56.560 I/SurfaceFlinger( 1674): [LayerHierarchy{RequestedLayerState{dc47c7b Screen search#29117} no children}] reparent to OffscreenRoot
04-05 19:16:56.560 I/SurfaceFlinger( 1674): [LayerHierarchy{RequestedLayerState{dc47c7b Screen search#29117} no children}] RelativeParent to null
04-05 19:16:56.561 V/AS.PlaybackActivityMon( 2531): playerEvent(piid=156687, event=PLAYER_STATE_STOPPED, eventValue=0)
04-05 19:16:56.561 V/AS.PlaybackActivityMon( 2531): releasePlayer() for piid=156687
04-05 19:16:56.561 V/AS.PlaybackActivityMon( 2531): DuckingManager: removedReleased() player piid: 156687 uid:1000
04-05 19:16:56.561 V/AS.FadeOutManager( 2531): removedReleased() player piid: 156687 uid:1000
04-05 19:16:56.561 V/AS.PlaybackActivityMon( 2531): dispatchPlaybackChange to 8 clients
04-05 19:16:56.562 I/SurfaceFlinger( 1674): id=30325 createSurf, flag=84004, WindowToken{aa04111 type=2032 android.os.Binder@cb4ed38}#30325
04-05 19:16:56.562 I/SurfaceFlinger( 1674): id=29117 Removed dc47c7b Screen search#29117 (187)
04-05 19:16:56.562 I/SurfaceFlinger( 1674): id=29115 Removed WindowToken{97f889e type=2032 android.os.Binder@c5f96d9}#29115 (187)
04-05 19:16:56.562 I/SurfaceFlinger( 1674): id=26793 Removed WindowToken{d719c0c type=2032 android.os.Binder@1353b3f}#26793 (187)
04-05 19:16:56.562 D/talkback: NewGestureDescriptionMapping( 6799): loadGestureIdToDescriptionMap
04-05 19:16:56.562 D/[+0900]oneconnect[1.8.45.11_01][MAIN_UI](10006): MediaPlayContextDelegate.getCurrentPlayingContent - contentType : 1
04-05 19:16:56.562 D/[+0900]oneconnect[1.8.45.11_01][MAIN_UI](10006): MediaPlayContextDelegate.getCurrentPlayingContent - contentType : 2
04-05 19:16:56.562 D/[+0900]oneconnect[1.8.45.11_01][MAIN_UI](10006): MediaPlayContextDelegate.getCurrentPlayingContent - contentType : 4
04-05 19:16:56.562 D/[+0900]oneconnect[1.8.45.11_01][MAIN_UI](10006): MediaPlayContextDelegate.getCurrentPlayingContent - contentType : 4
04-05 19:16:56.562 D/[+0900]oneconnect[1.8.45.11_01][MAIN_UI](10006): MediaPlayContextDelegate.getCurrentPlayingContent - contentType : 4
04-05 19:16:56.562 D/[+0900]oneconnect[1.8.45.11_01][MAIN_UI](10006): MediaPlayContextDelegate.getCurrentPlayingContent - contentType : 4
04-05 19:16:56.562 D/[+0900]oneconnect[1.8.45.11_01][MAIN_UI](10006): MediaPlayContextDelegate.getCurrentPlayingContent - contentType : 4
04-05 19:16:56.562 D/[+0900]oneconnect[1.8.45.11_01][MAIN_UI](10006): MediaPlayContextDelegate.getCurrentPlayingContent - contentType : 1
04-05 19:16:56.563 D/[+0900]oneconnect[1.8.45.11_01][MAIN_UI](10006): MediaPlayContextDelegate.getCurrentPlayingContent - contentType : 1
04-05 19:16:56.563 D/[+0900]oneconnect[1.8.45.11_01][MAIN_UI](10006): MediaPlayContextDelegate.getCurrentPlayingContent - contentType : 2
04-05 19:16:56.563 D/[+0900]oneconnect[1.8.45.11_01][MAIN_UI](10006): MediaPlayContextDelegate.getCurrentPlayingContent - contentType : 4
04-05 19:16:56.563 D/[+0900]oneconnect[1.8.45.11_01][MAIN_UI](10006): MediaPlayContextDelegate.getCurrentPlayingContent - contentType : 4
04-05 19:16:56.563 D/[+0900]oneconnect[1.8.45.11_01][MAIN_UI](10006): MediaPlayContextDelegate.getCurrentPlayingContent - contentType : 4
04-05 19:16:56.563 D/[+0900]oneconnect[1.8.45.11_01][MAIN_UI](10006): MediaPlayContextDelegate.getCurrentPlayingContent - contentType : 4
04-05 19:16:56.563 D/[+0900]oneconnect[1.8.45.11_01][MAIN_UI](10006): MediaPlayContextDelegate.getCurrentPlayingContent - contentType : 4
04-05 19:16:56.563 D/[+0900]oneconnect[1.8.45.11_01][MAIN_UI](10006): MediaPlayContextDelegate.getCurrentPlayingContent - contentType : 1
04-05 19:16:56.564 D/talkback: GestureShortcutMapping( 6799): loadActionToGestureIdMap - isMultiFingerOn : true isFingerprintOn : false
04-05 19:16:56.564 V/APM_AudioPolicyManager( 1665): releaseOutput portId 23029
04-05 19:16:56.564 V/APM_AudioPolicyManager( 1665): releaseOutput() 29
04-05 19:16:56.565 D/SoundCraft.PlayingAudioConditionHandler( 3535): onPlaybackConfigChanged : lastStartedPackageName=null, lastStartedUid=-1, newStartedUid=-1, newStartPackageName=null, thread=Thread[RoutineHandlerThread,5,main]
04-05 19:16:56.565 D/audioserver( 1665): logFgsApiEnd: FGS Logger Transaction failed, -129
04-05 19:16:56.565 D/SoundCraft.PlayingAudioConditionHandler( 3535): onPlaybackConfigChanged : lastStartedPackageName=null, lastStartedUid=-1, newStartedUid=-1, newStartPackageName=null, thread=Thread[RoutineHandlerThread,5,main]
04-05 19:16:56.566 I/SurfaceFlinger( 1674): id=30326 createSurf, flag=84004, WindowToken{57d0077 type=2032 android.os.Binder@e351276}#30326
04-05 19:16:56.566 V/talkback: TalkBackFeedbackProvider( 6799):  EVENT_SPOKEN_FEEDBACK_DISABLED:  ttsOutput= TalkBack off    queueMode=2  forceFeedbackEvenIfAudioPlaybackActive  forceFeedbackEvenIfMicrophoneActive  forceFeedbackEvenIfSsbActive  forceFeedbackEvenIfPhoneCallActive  
04-05 19:16:56.566 D/talkback: Pipeline( 6799): execute() feedback=Feedback{eventId=null, failovers=[Part= speech= action=SPEAK  text="TalkBack off"  options= queueMode=QUEUE/UNINTERRUPTIBLE  flags=FLAG_NO_HISTORY,FLAG_FORCE_FEEDBACK_EVEN_IF_AUDIO_PLAYBACK_ACTIVE,FLAG_FORCE_FEEDBACK_EVEN_IF_MICROPHONE_ACTIVE,FLAG_FORCE_FEEDBACK_EVEN_IF_SSB_ACTIVE,FLAG_FORCE_FEEDBACK_EVEN_IF_PHONE_CALL_ACTIVE  speechParams=Bundle[{pitch=1.0}]    hint= null  hintSpeakOptions= null    ]}
04-05 19:16:56.567 D/talkback: Actors( 6799): act() eventId=null part=Part= speech= action=SPEAK  text="TalkBack off"  options= queueMode=QUEUE/UNINTERRUPTIBLE  flags=FLAG_NO_HISTORY,FLAG_FORCE_FEEDBACK_EVEN_IF_AUDIO_PLAYBACK_ACTIVE,FLAG_FORCE_FEEDBACK_EVEN_IF_MICROPHONE_ACTIVE,FLAG_FORCE_FEEDBACK_EVEN_IF_SSB_ACTIVE,FLAG_FORCE_FEEDBACK_EVEN_IF_PHONE_CALL_ACTIVE  speechParams=Bundle[{pitch=1.0}]    hint= null  hintSpeakOptions= null    
04-05 19:16:56.567 V/talkback: FeedbackProcessingUtils( 6799): chosenSpan=null from 0 to 12 before removeUnnecessarySpansForTts.
04-05 19:16:56.568 D/KNOX_MDM_SettingsProvider( 2531): isChangeAllowed() : name = accessibility_enabled
04-05 19:16:56.568 D/MagnificationConnectionManager( 2531): requestConnection :false mConnectionState : 3
04-05 19:16:56.568 W/MagnificationConnectionManager( 2531): requestConnection duplicated request: connect=false, mConnectionState=DISCONNECTED
04-05 19:16:56.571 D/Navbar.Store( 3535): ----handleEvent(0) OnUpdateRemoteViewContainer(rotation=0, leftContainer=android.widget.LinearLayout{8d2d979 I.E...... ......I. 0,0-118,144 #7f0a0624 app:id/left_remoteview}, rightContainer=android.widget.LinearLayout{be1c66c I.E...... ......I. 962,0-1080,144 #7f0a09df app:id/right_remoteview}, contextualButtonVisible=true, darkIntensity=1.0, displayId=0) [Module] SamsungNavigationBarView
04-05 19:16:56.571 D/Navbar.Store( 3535): ------[Band]REMOTE_VIEW_PACK_SET_REMOTEVIEW_CONTAINER
04-05 19:16:56.571 D/Navbar.Store( 3535): --------apply(0) NavBarStoreAction$UpdateRemoteViewContainer
04-05 19:16:56.571 D/Navbar.Store( 3535): --------apply(0) NavBarStoreAction$UpdateRemoteViewDarkIntensity
04-05 19:16:56.571 D/Navbar.Store( 3535): ----handleEvent(1) OnUpdateRemoteViewContainer(rotation=0, leftContainer=android.widget.LinearLayout{8d2d979 I.E...... ......I. 0,0-118,144 #7f0a0624 app:id/left_remoteview}, rightContainer=android.widget.LinearLayout{be1c66c I.E...... ......I. 962,0-1080,144 #7f0a09df app:id/right_remoteview}, contextualButtonVisible=true, darkIntensity=1.0, displayId=0) [Module] SamsungNavigationBarView
04-05 19:16:56.571 D/Navbar.Store( 3535): handleEvent(0) OnNavBarUpdateA11YService(clickable=true, longClickable=true) [Module] NavigationBar
04-05 19:16:56.571 D/Navbar.Store( 3535): --[Band]SETUPWIZARD_PACK_UPDATE_A11Y_SERVICE
04-05 19:16:56.571 D/Navbar.Store( 3535): handleEvent(0) OnButtonOrderChanged(noArguments=true) [Module] NavigationBar
04-05 19:16:56.571 D/Navbar.Store( 3535): --[Band]CONFIG_PACK_KEY_ORDER_CHANGED
04-05 19:16:56.571 D/Navbar.Store( 3535): ----apply(0) NavBarStoreAction$ReinflateNavBar
04-05 19:16:56.572 D/Navbar.Store( 3535): ----handleEvent(0) GetInflateLayoutID(vertical=false) [Module] SamsungNavigationBarInflaterView
04-05 19:16:56.572 D/Navbar.Store( 3535): ------[Band]STABLE_LAYOUT_PACK_GET_INFLATE_LAYOUT_ID
04-05 19:16:56.572 D/NavBarStateManager( 3535): NavBarStates(0) getLayoutID(vertical: false): 2131559221
04-05 19:16:56.572 D/Navbar.Store( 3535): ----handleEvent(0) value= 2131559221
04-05 19:16:56.572 D/Navbar.Store( 3535): ----handleEvent(0) GetInflateLayoutID(vertical=true) [Module] SamsungNavigationBarInflaterView
04-05 19:16:56.572 D/Navbar.Store( 3535): ------[Band]STABLE_LAYOUT_PACK_GET_INFLATE_LAYOUT_ID
04-05 19:16:56.572 D/NavBarStateManager( 3535): NavBarStates(0) getLayoutID(vertical: true): 2131559223
04-05 19:16:56.572 D/Navbar.Store( 3535): ----handleEvent(0) value= 2131559223
04-05 19:16:56.573 D/Navbar.Store( 3535): ----handleEvent(0) GetDefaultLayout(noArguments=true) [Module] SamsungNavigationBarInflaterView
04-05 19:16:56.573 D/Navbar.Store( 3535): ------[Band]STABLE_LAYOUT_PACK_GET_DEFAULT_LAYOUT
04-05 19:16:56.573 D/NavBarStateManager( 3535): NavBarStates(0) getDefaultLayout: left,recent;home;back,right
04-05 19:16:56.573 D/Navbar.Store( 3535): ----handleEvent(0) value= left,recent;home;back,right
04-05 19:16:56.573 I/BCL@CoreSvc( 6066): (BixbyStatusProvider) Is Bixby running? false
04-05 19:16:56.573 D/Navbar.Store( 3535): ----handleEvent(0) GetInflateButtonWidth(buttonSpec=left, landscape=false) [Module] SamsungNavigationBarInflaterView
04-05 19:16:56.573 D/Navbar.Store( 3535): ------[Band]STABLE_LAYOUT_PACK_INFLATE_NAVBAR
04-05 19:16:56.574 D/NavBarStateManager( 3535): NavBarStates(0) getSpaceWidth(land: false): 118
04-05 19:16:56.574 D/Navbar.Store( 3535): ----handleEvent(0) value= 118
04-05 19:16:56.574 I/BCL@CoreSvc( 6066): (BixbyStatusProvider) Is Bixby running? false
04-05 19:16:56.574 D/Navbar.Store( 3535): ----handleEvent(0) GetInflateButtonWidth(buttonSpec=recent, landscape=false) [Module] SamsungNavigationBarInflaterView
04-05 19:16:56.574 D/Navbar.Store( 3535): ------[Band]STABLE_LAYOUT_PACK_INFLATE_NAVBAR
04-05 19:16:56.574 D/NavBarStateManager( 3535): NavBarStates(0) getButtonWidth(land: false): 239
04-05 19:16:56.574 D/Navbar.Store( 3535): ----handleEvent(0) value= 239
04-05 19:16:56.574 V/talkback: SpeechControllerImpl( 6799): Bixby doesn't block TTS. attached:false/dualmic:false hotword:false mic:false
04-05 19:16:56.575 D/Navbar.Store( 3535): ----handleEvent(0) GetInflateButtonWidth(buttonSpec=left, landscape=true) [Module] SamsungNavigationBarInflaterView
04-05 19:16:56.575 D/Navbar.Store( 3535): ------[Band]STABLE_LAYOUT_PACK_INFLATE_NAVBAR
04-05 19:16:56.575 D/NavBarStateManager( 3535): NavBarStates(0) getSpaceWidth(land: true): 118
04-05 19:16:56.575 D/Navbar.Store( 3535): ----handleEvent(0) value= 118
04-05 19:16:56.576 I/BCL@CoreSvc( 6066): (BixbyStatusProvider) Is Bixby running? false
04-05 19:16:56.576 D/Navbar.Store( 3535): ----handleEvent(0) GetInflateButtonWidth(buttonSpec=recent, landscape=true) [Module] SamsungNavigationBarInflaterView
04-05 19:16:56.576 D/Navbar.Store( 3535): ------[Band]STABLE_LAYOUT_PACK_INFLATE_NAVBAR
04-05 19:16:56.576 D/NavBarStateManager( 3535): NavBarStates(0) getButtonWidth(land: true): 239
04-05 19:16:56.576 D/Navbar.Store( 3535): ----handleEvent(0) value= 239
04-05 19:16:56.576 I/SafetyCenterAccessibilityListener(19578): accessibility event occurred, safety center feature not enabled.
04-05 19:16:56.576 D/Navbar.Store( 3535): ----handleEvent(0) GetInflateButtonWidth(buttonSpec=home, landscape=false) [Module] SamsungNavigationBarInflaterView
04-05 19:16:56.576 D/Navbar.Store( 3535): ------[Band]STABLE_LAYOUT_PACK_INFLATE_NAVBAR
04-05 19:16:56.576 D/NavBarStateManager( 3535): NavBarStates(0) getButtonWidth(land: false): 239
04-05 19:16:56.576 D/Navbar.Store( 3535): ----handleEvent(0) value= 239
04-05 19:16:56.577 D/Navbar.Store( 3535): ----handleEvent(0) GetInflateButtonWidth(buttonSpec=home, landscape=true) [Module] SamsungNavigationBarInflaterView
04-05 19:16:56.577 D/Navbar.Store( 3535): ------[Band]STABLE_LAYOUT_PACK_INFLATE_NAVBAR
04-05 19:16:56.577 D/NavBarStateManager( 3535): NavBarStates(0) getButtonWidth(land: true): 239
04-05 19:16:56.577 D/Navbar.Store( 3535): ----handleEvent(0) value= 239
04-05 19:16:56.577 I/BCL@CoreSvc( 6066): (BixbyStatusProvider) Is Bixby running? false
04-05 19:16:56.577 D/Navbar.Store( 3535): ----handleEvent(0) GetInflateButtonWidth(buttonSpec=back, landscape=false) [Module] SamsungNavigationBarInflaterView
04-05 19:16:56.577 D/Navbar.Store( 3535): ------[Band]STABLE_LAYOUT_PACK_INFLATE_NAVBAR
04-05 19:16:56.577 D/NavBarStateManager( 3535): NavBarStates(0) getButtonWidth(land: false): 239
04-05 19:16:56.577 D/Navbar.Store( 3535): ----handleEvent(0) value= 239
04-05 19:16:56.577 V/talkback: SpeechControllerImpl( 6799): Bixby doesn't block TTS. attached:false/dualmic:false hotword:false mic:false
04-05 19:16:56.578 V/talkback: SpeechControllerImpl( 6799): Request Audio Focus.
04-05 19:16:56.578 I/SafetyCenterAccessibilityListener(19578): accessibility event occurred, safety center feature not enabled.
04-05 19:16:56.578 D/Navbar.Store( 3535): ----handleEvent(0) GetInflateButtonWidth(buttonSpec=right, landscape=false) [Module] SamsungNavigationBarInflaterView
04-05 19:16:56.578 D/Navbar.Store( 3535): ------[Band]STABLE_LAYOUT_PACK_INFLATE_NAVBAR
04-05 19:16:56.578 D/NavBarStateManager( 3535): NavBarStates(0) getSpaceWidth(land: false): 118
04-05 19:16:56.578 D/Navbar.Store( 3535): ----handleEvent(0) value= 118
04-05 19:16:56.579 D/Navbar.Store( 3535): ----handleEvent(0) GetInflateButtonWidth(buttonSpec=back, landscape=true) [Module] SamsungNavigationBarInflaterView
04-05 19:16:56.579 D/Navbar.Store( 3535): ------[Band]STABLE_LAYOUT_PACK_INFLATE_NAVBAR
04-05 19:16:56.579 D/NavBarStateManager( 3535): NavBarStates(0) getButtonWidth(land: true): 239
04-05 19:16:56.579 D/Navbar.Store( 3535): ----handleEvent(0) value= 239
04-05 19:16:56.580 I/MediaFocusControl( 2531): requestAudioFocus() from uid/pid 10155/6799 AA=USAGE_ASSISTANCE_ACCESSIBILITY/CONTENT_TYPE_SPEECH clientId=android.media.AudioManager@25659cacom.google.android.accessibility.utils.output.SpeechControllerImpl$5@a5bf73b callingPack=com.samsung.android.accessibility.talkback req=3 flags=0x0 sdk=35
04-05 19:16:56.581 D/AS.AudioService( 2531): [Android Auto] isConnectedAndroidAuto = false
04-05 19:16:56.581 D/MediaFocusControl( 2531): selectFocusStack, uid = 10155, appDevice = 0, device = 2
04-05 19:16:56.581 I/MediaFocusControl( 2531): removeFocusStackEntry client:android.media.AudioManager@25659cacom.google.android.accessibility.utils.output.SpeechControllerImpl$5@a5bf73b
04-05 19:16:56.581 I/MediaFocusControl( 2531): propagateFocusLossFromGain_syncAf gain:3
04-05 19:16:56.581 I/MediaFocusControl( 2531): propagateFocusLossFromGain_syncAf empty stack
04-05 19:16:56.581 D/MediaFocusControl( 2531): propagateFocusLossFromGainToAll, 3
04-05 19:16:56.581 V/AS.PlaybackActivityMon( 2531): unduckPlayers: uids winner=10155
04-05 19:16:56.581 V/AS.PlaybackActivityMon( 2531): DuckingManager: unduckUid() uid:10155
04-05 19:16:56.581 I/AS.FadeOutManager( 2531): unfadeOutUid() uid:10155
04-05 19:16:56.581 V/talkback: FeedbackFragmentsIterator( 6799): next --currentFeedbackFragment text = TalkBack off.
04-05 19:16:56.582 D/Navbar.Store( 3535): ----handleEvent(0) GetInflateButtonWidth(buttonSpec=right, landscape=true) [Module] SamsungNavigationBarInflaterView
04-05 19:16:56.582 D/Navbar.Store( 3535): ------[Band]STABLE_LAYOUT_PACK_INFLATE_NAVBAR
