04-05 19:16:56.658 I/BtGatt.ScanHelper( 3694): onScanResult to scannerId: 5- eventType=0x1b, addressType=0, address=XX:XX:XX:XX:39:BD, primaryPhy=1, secondaryPhy=0, advertisingSid=0xff, txPower=127, rssi=-66, periodicAdvInt=0x0
04-05 19:16:56.658 I/BtGatt.ScanHelper( 3694): onScanResult to scannerId: 2- eventType=0x1b, addressType=1, address=XX:XX:XX:XX:2B:71, primaryPhy=1, secondaryPhy=0, advertisingSid=0xff, txPower=127, rssi=-62, periodicAdvInt=0x0
04-05 19:16:56.658 I/BtGatt.ScanHelper( 3694): onScanResult to scannerId: 5- eventType=0x1b, addressType=1, address=XX:XX:XX:XX:2B:71, primaryPhy=1, secondaryPhy=0, advertisingSid=0xff, txPower=127, rssi=-62, periodicAdvInt=0x0
04-05 19:16:56.658 D/[+0900]oneconnect[1.8.45.11_01][CORE]( 9893): BleParserForVD.parseTvPacket - (Extension)|name:($)-[(26)|deviceType:UNKNOWN|discoverType:_BLE|services:None|connected:false[Type]6[Index]0[MNID]0AJK[SETUPID]101[TvStatusString]EXTENSION[TvStatus]32[TvService]111[TvMirrorChannel]0[TvRegisteredDB]null[TvYear]2017[TvOcfInfo]7[TvAcmStatus]0[ExTvStatus]0[ExtendedStatus]0[ModuloSn]0
04-05 19:16:56.658 I/[+0900]oneconnect[1.8.45.11_01][CORE]( 9893): DataConvert.parseBleVd - deviceBle : |name:($)-[(26)|deviceType:UNKNOWN|discoverType:_BLE|services:None|connected:false[Type]6[Index]0[MNID]0AJK[SETUPID]101[TvStatusString]EXTENSION[TvStatus]32[TvService]111[TvMirrorChannel]0[TvRegisteredDB]null[TvYear]2017[TvOcfInfo]7[TvAcmStatus]0[ExTvStatus]0[ExtendedStatus]0[ModuloSn]0
04-05 19:16:56.658 I/BCMGR[11.2.04.4](11787): BeaconMainController] onReceive - [1 : ST packet!][2 : ST packet!][3 : ST packet!][4 : ST packet!][5 : ST packet!][6 : ST packet!][7 : ST packet!][8 : ST packet!][9 : ST packet!][10 : ST packet!]
04-05 19:16:56.659 D/AGM: graph( 1530): graph_prepare: 911 exit, ret 0
04-05 19:16:56.659 D/AGM: graph( 1530): graph_start: 925 entry graph_handle 0x147534c
04-05 19:16:56.661 D/AGM: graph( 1530): graph_start: 938 exit, ret 0
04-05 19:16:56.664 I/PAL: API( 1530): pal_stream_start: 396: Exit. status 0
04-05 19:16:56.664 I/AHAL: AudioStream( 1530): configurePalOutputStream: 4113: notify GEF client of device config
04-05 19:16:56.664 D/AHAL: AudioStream( 1530): ~AutoPerfLock: 167: (release) perf_lock_handle: 0x16c57, count: 1
04-05 19:16:56.664 D/AHAL: AudioStream( 1530): ~AutoPerfLock: 171: Releasing perf_lock_handle: 0x16c57
04-05 19:16:56.664 I/AudioFlinger::DualSpkControl( 1665): setAmpPower sensor status 0, enableAmp 1
04-05 19:16:56.664 V/sec_audio_hw( 1530): sec_stream_set_parameters(13:0) : l_dual_speaker_amp_left_power_enable=true
04-05 19:16:56.664 D/AHAL: AudioStream( 1530): astream_out_set_parameters: 1076: enter: usecase(1: primary-playback) kvpairs: l_dual_speaker_amp_left_power_enable=true
04-05 19:16:56.664 D/AHAL: AudioStream( 1530): SetParameters: 2998: enter 
04-05 19:16:56.664 D/AHAL: AudioStream( 1530): SetParameters: 3043: exit 0
04-05 19:16:56.664 D/AHAL: AudioStream( 1530): astream_out_set_parameters: 1097: Exit ret: 0
04-05 19:16:56.665 V/sec_audio_hw( 1530): sec_stream_set_parameters(21:0) : l_dual_speaker_amp_left_power_enable=true
04-05 19:16:56.665 D/AHAL: AudioStream( 1530): astream_out_set_parameters: 1076: enter: usecase(0: deep-buffer-playback) kvpairs: l_dual_speaker_amp_left_power_enable=true
04-05 19:16:56.665 D/AHAL: AudioStream( 1530): SetParameters: 2998: enter 
04-05 19:16:56.665 D/AHAL: AudioStream( 1530): SetParameters: 3043: exit 0
04-05 19:16:56.665 D/AHAL: AudioStream( 1530): astream_out_set_parameters: 1097: Exit ret: 0
04-05 19:16:56.665 V/sec_audio_hw( 1530): sec_stream_set_parameters(29:0) : l_dual_speaker_amp_left_power_enable=true
04-05 19:16:56.665 D/AHAL: AudioStream( 1530): astream_out_set_parameters: 1076: enter: usecase(2: low-latency-playback) kvpairs: l_dual_speaker_amp_left_power_enable=true
04-05 19:16:56.665 D/AHAL: AudioStream( 1530): SetParameters: 2998: enter 
04-05 19:16:56.665 D/AHAL: AudioStream( 1530): SetParameters: 3043: exit 0
04-05 19:16:56.667 I/VSyncReactor( 1674): Current= 24, Period= 120, hwcPeriod= 120
04-05 19:16:56.669 D/AHAL: AudioDevice( 1530): GetPalDeviceIds: 3058: haldeviceIds: 1
04-05 19:16:56.669 D/AHAL: AudioDevice( 1530): GetPalDeviceIds: 3065: Found haldeviceId: 2 and PAL Device ID 3
04-05 19:16:56.669 D/AHAL: AudioDevice( 1530): GetPalDeviceIds: 3084: devices allocated 1, pal device ids before returning 1
04-05 19:16:56.669 D/AHAL: AudioStream( 1530): ForceRouteStream: 6862: pal_stream_handle_ 0xb400007583915630 mPalOutDevice id 3
04-05 19:16:56.669 I/PAL: API( 1530): pal_stream_set_device: 1179: Enter. Stream handle :0xb400007583915630K
04-05 19:16:56.669 I/PAL: Stream( 1530): switchDevice: 1860: number of active devices 1, new devices 1
04-05 19:16:56.669 I/PAL: ResourceManager( 1530): compareSharedBEStreamDevAttr: 7665: switchStreams is 1
04-05 19:16:56.670 I/PAL: ResourceManager( 1530): streamDevSwitch: 8139: Enter
04-05 19:16:56.670 I/AGM: API( 1530): agm_session_aif_connect: 658 disconnecting aifid:32 with session id=126
04-05 19:16:56.670 I/BtGatt.ScanHelper( 3694): onScanResult to scannerId: 5- eventType=0x1b, addressType=0, address=XX:XX:XX:XX:C2:A3, primaryPhy=1, secondaryPhy=0, advertisingSid=0xff, txPower=127, rssi=-51, periodicAdvInt=0x0
04-05 19:16:56.670 D/AGM: graph( 1530): graph_stop: 954 entry graph_handle 0x147534c
04-05 19:16:56.671 D/[+0900]oneconnect[1.8.45.11_01][CORE]( 9893): BleParserForSamsungConnect.parseSamsungConnectPacket_V3 - customDataLen : 10
04-05 19:16:56.671 D/[+0900]oneconnect[1.8.45.11_01][CORE]( 9893): BleParserForSamsungConnect.parseSamsungConnectPacket_V3 - identifierType : 2. identifierValue = 134J
04-05 19:16:56.671 I/[+0900]oneconnect[1.8.45.11_01][CORE]( 9893): BleParserForSamsungConnect.parseSamsungConnectPacket_V3 - |name:($)-A(11)|deviceType:SAMSUNG_OCF_SETUP|discoverType:_BLE|services:None|connected:false[Status]6[OcfInfo]7[SetupNet]4[Calm] false false false[Tx]-2147483648 not set
04-05 19:16:56.674 D/AGM: graph( 1530): graph_stop: 1002 exit, ret 0
04-05 19:16:56.677 I/BtGatt.ScanHelper( 3694): onScanResult to scannerId: 5- eventType=0x10, addressType=0, address=XX:XX:XX:XX:6C:F8, primaryPhy=1, secondaryPhy=0, advertisingSid=0xff, txPower=127, rssi=-66, periodicAdvInt=0x0
04-05 19:16:56.678 I/[+0900]oneconnect[1.8.45.11_01][CORE]( 9893): BleParserForDaDevice.parseBlePacket - DeviceBleDa : [name]($)-A(11)[BleMac]($)40:CA[DeviceType]AIR_PURIFIER[DeviceInfoVersion]0[DeviceStatus]-128,
04-05 19:16:56.690 I/BtGatt.ScanHelper( 3694): onScanResult to scannerId: 5- eventType=0x1b, addressType=1, address=XX:XX:XX:XX:35:42, primaryPhy=1, secondaryPhy=0, advertisingSid=0xff, txPower=127, rssi=-53, periodicAdvInt=0x0
04-05 19:16:56.697 I/sensors-hal( 1542): handle_sns_client_event:197, auto_rotation_debug_2 mode,255, type,1,0 acc,0.115,9.155,3.293, ar,0, h_ic,0,0, s,2, ver,12, pedo,1,e,1,i,3
04-05 19:16:56.700 I/BtGatt.ScanHelper( 3694): onScanResult to scannerId: 5- eventType=0x1b, addressType=1, address=XX:XX:XX:XX:7D:90, primaryPhy=1, secondaryPhy=0, advertisingSid=0xff, txPower=127, rssi=-58, periodicAdvInt=0x0
04-05 19:16:56.702 I/BtGatt.ScanHelper( 3694): onScanResult to scannerId: 5- eventType=0x1b, addressType=1, address=XX:XX:XX:XX:B8:17, primaryPhy=1, secondaryPhy=0, advertisingSid=0xff, txPower=127, rssi=-67, periodicAdvInt=0x0
04-05 19:16:56.710 I/BtGatt.ScanHelper( 3694): onScanResult to scannerId: 5- eventType=0x1b, addressType=1, address=XX:XX:XX:XX:46:D1, primaryPhy=1, secondaryPhy=0, advertisingSid=0xff, txPower=127, rssi=-47, periodicAdvInt=0x0
04-05 19:16:56.713 I/roid.oneconnect(10006): Background concurrent mark compact GC freed 14MB AllocSpace bytes, 124(17MB) LOS objects, 53% free, 41MB/89MB, paused 537us,2.254ms total 100.791ms
04-05 19:16:56.715 I/BtGatt.ScanHelper( 3694): onScanResult to scannerId: 5- eventType=0x10, addressType=1, address=XX:XX:XX:XX:3D:96, primaryPhy=1, secondaryPhy=0, advertisingSid=0xff, txPower=127, rssi=-79, periodicAdvInt=0x0
04-05 19:16:56.715 D/InputTransport(10006): Input channel destroyed: 'ClientS', fd=303
04-05 19:16:56.721 I/BtGatt.ScanHelper( 3694): onScanResult to scannerId: 5- eventType=0x1a, addressType=1, address=XX:XX:XX:XX:3D:98, primaryPhy=1, secondaryPhy=0, advertisingSid=0xff, txPower=127, rssi=-59, periodicAdvInt=0x0
04-05 19:16:56.722 I/AGM: device( 1530): device_close: 568 PCM device 32 closed
04-05 19:16:56.722 I/AGM: session( 1530): session_obj_set_sess_aif_metadata: 1782 Exit
04-05 19:16:56.722 I/PAL: SpeakerProtectionTI( 1530): spkrProtProcessingMode: 391: Flag 0
04-05 19:16:56.722 E/ACDB    ( 1530): vendor/qcom/proprietary/args/acdb/src/acdb_command.c:AcdbGetUsecaseSubgraphList:3715 Error[19]: Unable to find the graph key vector
04-05 19:16:56.722 E/ACDB    ( 1530): vendor/qcom/proprietary/args/acdb/src/acdb_command.c:AcdbCmdGetTagsFromGkv:10632 Error[19]: Unable to get subgraphs from graph key vector
04-05 19:16:56.722 E/gsl     ( 1530): vendor/qcom/proprietary/args/gsl/src/gsl_graph.c:gsl_graph_get_tags_with_module_info:4985 acdb get tags from gkv failed with 19
04-05 19:16:56.722 E/AGM: session( 1530): session_obj_get_tag_with_module_info: 1852 Error getting tag with module info from graph for                  session_id:126 aif_id:32
04-05 19:16:56.722 E/AGM: API( 1530): agm_session_aif_get_tag_module_info: 320 Error:-19 setting parameters for session obj with                       session id=126, aif_id=32
04-05 19:16:56.722 E/PLUGIN: mixer( 1530): amp_pcm_tag_info_get: 1555 amp_pcm_tag_info_get: failed with err -19, tlv_size 1024, get_size 1024 for PCM126 getTaggedInfo
04-05 19:16:56.722 E/PAL: SessionAlsaUtils( 1530): getModuleInstanceId: 1182: Failed to mixer_ctl_get_array
04-05 19:16:56.722 E/PAL: SessionAlsaPcm( 1530): getMIID: 576: Failed to get tag info c0000029, status = -19
04-05 19:16:56.722 E/PAL: SpeakerProtectionTI( 1530): smartpa_get_bigdata: 1732: Failed to get tag info c0000029, status = -19
04-05 19:16:56.722 I/PAL: SpeakerProtectionTI( 1530): spkrProtSetSpkrStatus: 235: Speaker used last time 1768695
04-05 19:16:56.722 I/PAL: SpeakerProtectionTI( 1530): spkrProtProcessingMode: 816: Closing VI path
04-05 19:16:56.722 D/AGM: graph( 1530): graph_stop: 954 entry graph_handle 0x47534c
04-05 19:16:56.724 D/AGM: graph( 1530): graph_stop: 1002 exit, ret 0
04-05 19:16:56.725 I/AGM: API( 1530): agm_session_aif_connect: 658 disconnecting aifid:33 with session id=121
04-05 19:16:56.725 D/AGM: graph( 1530): graph_stop: 954 entry graph_handle 0x47534c
04-05 19:16:56.726 D/AGM: graph( 1530): graph_stop: 1002 exit, ret 0
04-05 19:16:56.728 I/AGM: device( 1530): device_close: 568 PCM device 33 closed
04-05 19:16:56.728 I/PAL: ResourceManager( 1530): freeFrontEndIds: 7308: stream type 1, freeing 121
04-05 19:16:56.728 D/AGM: session( 1530): session_close: 1265 enter
04-05 19:16:56.728 D/AGM: graph( 1530): graph_close: 788 entry handle 0x47534c
04-05 19:16:56.728 D/AGM: graph( 1530): graph_close: 809 exit, ret 0
04-05 19:16:56.728 D/AGM: session( 1530): session_close: 1321 exit, ret 0
04-05 19:16:56.728 I/PAL: Device( 1530): close: 521: Enter. deviceCount 1 for device id 3 (PAL_DEVICE_OUT_SPEAKER)
04-05 19:16:56.728 I/PAL: Device( 1530): close: 533: Exit. deviceCount 0 for device id 3 (PAL_DEVICE_OUT_SPEAKER), exit status 0
04-05 19:16:56.728 I/PAL: Device( 1530): setDeviceAttributes: 396: DeviceAttributes for Device Id 3 updated
04-05 19:16:56.728 I/PAL: Device( 1530): open: 476: Enter. deviceCount 0 for device id 3 (PAL_DEVICE_OUT_SPEAKER)
04-05 19:16:56.728 I/PAL: SessionAlsaUtils( 1530): setDeviceMediaConfig: 1063: TDM-LPAIF-RX-PRIMARY rate ch fmt data_fmt 48000 2 6 1
04-05 19:16:56.728 D/audio_route( 1530): Apply path: speaker
04-05 19:16:56.728 I/PAL: Device( 1530): open: 511: Exit. deviceCount 1 for device id 3 (PAL_DEVICE_OUT_SPEAKER), exit status: 0
04-05 19:16:56.728 I/PAL: PayloadBuilder( 1530): populateStreamKV: 2727: stream type 1
04-05 19:16:56.728 I/PAL: PayloadBuilder( 1530): populateDeviceKV: 3278: Enter device id:3
04-05 19:16:56.728 I/PAL: PayloadBuilder( 1530): findKVs: 2879: key: 0xa2000000 value: 0xa2000001
04-05 19:16:56.728 I/PAL: PayloadBuilder( 1530): populateDeviceKV: 3306: Exit device id:3, status 0
04-05 19:16:56.728 I/PAL: PayloadBuilder( 1530): populateDeviceKV: 3278: Enter device id:0
04-05 19:16:56.728 I/PAL: PayloadBuilder( 1530): populateDeviceKV: 3306: Exit device id:0, status 0
04-05 19:16:56.728 I/PAL: PayloadBuilder( 1530): populateDeviceKV: 3278: Enter device id:3
04-05 19:16:56.728 I/PAL: PayloadBuilder( 1530): findKVs: 2879: key: 0xa2000000 value: 0xa2000001
04-05 19:16:56.728 I/PAL: PayloadBuilder( 1530): populateDeviceKV: 3306: Exit device id:3, status 0
04-05 19:16:56.728 I/PAL: PayloadBuilder( 1530): populateDevicePPKV: 3419: Rx device id:3
04-05 19:16:56.728 I/PAL: PayloadBuilder( 1530): getSelectorValues: 3052: stream type: 1
04-05 19:16:56.728 I/PAL: PayloadBuilder( 1530): findKVs: 2866: key: 0xa2000000 value: 0xa2000001
04-05 19:16:56.728 I/PAL: PayloadBuilder( 1530): findKVs: 2866: key: 0xac000000 value: 0xac000002
04-05 19:16:56.729 I/PAL: PayloadBuilder( 1530): populateDevicePPCkv: 3588: SpeakerProt Status[0], RAS Status[0]
04-05 19:16:56.729 I/AGM: session( 1530): session_obj_set_sess_aif_metadata: 1782 Exit
04-05 19:16:56.729 I/PAL: SpeakerProtectionTI( 1530): spkrProtProcessingMode: 391: Flag 1
04-05 19:16:56.729 I/PAL: PayloadBuilder( 1530): findKVs: 2879: key: 0xa3000000 value: 0xa3000009
04-05 19:16:56.729 I/PAL: SessionAlsaUtils( 1530): setDeviceMediaConfig: 1063: TDM-LPAIF-TX-PRIMARY rate ch fmt data_fmt 48000 4 6 1
04-05 19:16:56.729 I/PAL: ResourceManager( 1530): allocateFrontEndIds: 7139: allocateFrontEndIds: front end 121
04-05 19:16:56.729 I/AGM: API( 1530): agm_session_aif_connect: 658 connecting aifid:33 with session id=121
04-05 19:16:56.729 I/PAL: Device( 1530): updateCustomPayload: 429: customPayloadSize = 40
04-05 19:16:56.730 I/BtGatt.ScanHelper( 3694): onScanResult to scannerId: 5- eventType=0x10, addressType=1, address=XX:XX:XX:XX:4C:1F, primaryPhy=1, secondaryPhy=0, advertisingSid=0xff, txPower=127, rssi=-54, periodicAdvInt=0x0
04-05 19:16:56.730 D/agm_client_wrapper( 1530): agm_session_open called with handle = fc3ffdd0 , *handle = 0
04-05 19:16:56.733 I/HYPER-HAL( 1549): [RequestManager.cpp]acquire(): Acquired ID : 1245855  [1554 / 24]    HINT :      list : [UCLAMP_MIN_BOOST / 0] [TID / 3755] [TID / 3756] [TID / 3535] [TID / 3753] 
04-05 19:16:56.737 D/AGM: graph( 1530): graph_open: 575 entry
04-05 19:16:56.737 D/AGM: metadata( 1530): metadata_print: 79 *************************Metadata*************************
04-05 19:16:56.737 D/AGM: metadata( 1530): metadata_print: 80 GKV size:1
04-05 19:16:56.737 D/AGM: metadata( 1530): metadata_print: 83 key:0xa3000000, value:0xa3000009 
04-05 19:16:56.737 D/AGM: metadata( 1530): metadata_print: 87 
04-05 19:16:56.737 D/AGM: metadata( 1530): CKV count:1
04-05 19:16:56.738 D/AGM: metadata( 1530): metadata_print: 90 key:0xbf000000, value:0x2 
04-05 19:16:56.738 D/AGM: metadata( 1530): metadata_print: 92 
04-05 19:16:56.738 D/AGM: metadata( 1530): metadata_print: 94 Property ID:134217744
04-05 19:16:56.738 D/AGM: metadata( 1530): metadata_print: 95 property count:1
04-05 19:16:56.738 D/AGM: metadata( 1530): metadata_print: 98 Property Values: 
04-05 19:16:56.738 D/AGM: metadata( 1530): metadata_print: 100 0x2 
04-05 19:16:56.738 D/AGM: metadata( 1530): metadata_print: 102 
04-05 19:16:56.738 D/AGM: metadata( 1530): metadata_print: 103 ****************Metadata Done***************************
04-05 19:16:56.738 D/AGM: metadata( 1530): 
04-05 19:16:56.738 I/AGM: graph( 1530): print_graph_alias: 2362 GKV Alias 11 | DeviceTX_VI_TX
04-05 19:16:56.738 D/AGM: graph( 1530): graph_open: 703 miid 4589 mid 700100f tag c0000005
04-05 19:16:56.738 I/GPR:    ( 1530): vendor/qcom/proprietary/args/gpr/core/src/gpr_drv.c:__gpr_cmd_register_v2:931 GPR Register: Source Port is 8208 heap_index: 0
04-05 19:16:56.740 E/ACDB    ( 1530): vendor/qcom/proprietary/args/acdb/src/acdb_command.c:AcdbCmdGetProcSubgraphCalDataPersist:8247 Error[19]: No calibration found
04-05 19:16:56.740 D/AGM: graph( 1530): graph_open: 735 graph_handle 0x47534c
04-05 19:16:56.741 D/AGM: graph( 1530): graph_open: 771 exit, ret 0
04-05 19:16:56.741 D/AGM: graph( 1530): graph_set_config: 1137 entry graph_handle 0x47534c
04-05 19:16:56.741 D/AGM: graph( 1530): graph_set_config: 1145 exit, graph handle 0x47534c, ret 0
04-05 19:16:56.741 D/agm_client_wrapper( 1530): agm_session_open Received handle = 0x7ffc3ffdd0 , *handle = b40000745390d490
04-05 19:16:56.741 D/PLUGIN: pcm( 1530): agm_pcm_hw_params: 491 agm_pcm_hw_params: mode: 268435456
04-05 19:16:56.741 I/SamsungTTS( 6816): [Synthesize] generation done. [261360503][DOWNLOAD][AE:512508201][V:312504000][24000hz][72000b/1.50s][FE:4ms][F:33ms][E:154ms][0.10xRT]
04-05 19:16:56.741 I/PAL: SpeakerProtectionTI( 1530): get_data_from_file: 151: data from file /efs/tas25xx/calib_re: 06.01(string) 06.01(float)
04-05 19:16:56.742 I/PAL: SpeakerProtectionTI( 1530): get_data_from_file: 160: data from file /efs/tas25xx/amb_temp: 27(string) 27(int)
04-05 19:16:56.742 I/PAL: SpeakerProtectionTI( 1530): get_data_from_file: 151: data from file /efs/tas25xx/calib_re_r: 06.17(string) 06.17(float)
04-05 19:16:56.742 I/PAL: SpeakerProtectionTI( 1530): get_data_from_file: 160: data from file /efs/tas25xx/amb_temp_r: 27(string) 27(int)
04-05 19:16:56.742 I/PAL: Device( 1530): updateCustomPayload: 429: customPayloadSize = 80
04-05 19:16:56.742 I/PAL: SpeakerProtectionTI( 1530): get_data_from_file: 169: data from file /sys/class/tas25xx_dev/cmd/iv_vbat: 0x10010(string) 0x10010(hex)
04-05 19:16:56.742 I/PAL: Device( 1530): updateCustomPayload: 429: customPayloadSize = 104
04-05 19:16:56.742 I/PAL: SpeakerProtectionTI( 1530): get_data_from_file: 169: data from file /sys/class/tas25xx_dev/cmd/drv_opmode: 0x3(string) 0x3(hex)
04-05 19:16:56.743 I/PAL: Device( 1530): updateCustomPayload: 429: customPayloadSize = 128
04-05 19:16:56.743 D/audio_route( 1530): Apply path: vi-feedback
04-05 19:16:56.743 I/PAL: SpeakerProtectionTI( 1530): spkrProtProcessingMode: 792: pcm start for TX
04-05 19:16:56.743 D/AGM: graph( 1530): graph_prepare: 833 entry graph_handle 0x47534c
04-05 19:16:56.743 D/AGM: graph_module( 1530): configure_hw_ep_media_config: 640 entry mod tag c0000005 miid 4589 mid 700100f
04-05 19:16:56.743 D/AGM: graph_module( 1530): configure_hw_ep_media_config: 670 rate 48000 bw 24 ch 4, data_fmt 1
04-05 19:16:56.743 D/AGM: graph_module( 1530): configure_hw_ep_media_config: 680 exit, ret 0
04-05 19:16:56.744 D/AGM: graph_module( 1530): configure_tdm_ep: 456 exit, ret 0
04-05 19:16:56.744 D/AGM: graph( 1530): graph_prepare: 911 exit, ret 0
04-05 19:16:56.745 D/AGM: graph( 1530): graph_start: 925 entry graph_handle 0x47534c
04-05 19:16:56.746 D/AGM: graph( 1530): graph_start: 938 exit, ret 0
04-05 19:16:56.747 I/PAL: SessionAlsaUtils( 1530): setDeviceMediaConfig: 1063: TDM-LPAIF-RX-PRIMARY rate ch fmt data_fmt 48000 2 6 1
04-05 19:16:56.747 I/PAL: PayloadBuilder( 1530): payloadMFCConfig: 826: sample_rate:48000 bit_width:24 num_channels:2 Miid:16584
04-05 19:16:56.748 I/PAL: Session( 1530): updateCustomPayload: 621: customPayloadSize = 32
04-05 19:16:56.748 D/agm_server_wrapper( 1530): Aif id 32 already added to session list of 126
04-05 19:16:56.748 I/AGM: API( 1530): agm_session_aif_connect: 658 connecting aifid:32 with session id=126
04-05 19:16:56.758 D/AGM: graph( 1530): graph_change: 1633 entry graph_handle 0x147534c
04-05 19:16:56.759 D/AGM: metadata( 1530): metadata_print: 79 *************************Metadata*************************
04-05 19:16:56.759 D/AGM: metadata( 1530): metadata_print: 80 GKV size:4
04-05 19:16:56.759 D/AGM: metadata( 1530): metadata_print: 83 key:0xa1000000, value:0xa100000e 
04-05 19:16:56.759 D/AGM: metadata( 1530): metadata_print: 83 key:0xab000000, value:0x1 
04-05 19:16:56.759 D/AGM: metadata( 1530): metadata_print: 83 key:0xa2000000, value:0xa2000001 
04-05 19:16:56.759 D/AGM: metadata( 1530): metadata_print: 83 key:0xac000000, value:0xac000002 
04-05 19:16:56.759 D/AGM: metadata( 1530): metadata_print: 87 
04-05 19:16:56.759 D/AGM: metadata( 1530): CKV count:2
04-05 19:16:56.759 D/AGM: metadata( 1530): metadata_print: 90 key:0xa4000000, value:0x0 
04-05 19:16:56.759 D/AGM: metadata( 1530): metadata_print: 90 key:0xd2000000, value:0x0 
04-05 19:16:56.760 D/AGM: metadata( 1530): metadata_print: 92 
04-05 19:16:56.760 D/AGM: metadata( 1530): metadata_print: 94 Property ID:134217744
04-05 19:16:56.760 D/AGM: metadata( 1530): metadata_print: 95 property count:4
04-05 19:16:56.760 D/AGM: metadata( 1530): metadata_print: 98 Property Values: 
04-05 19:16:56.760 D/AGM: metadata( 1530): metadata_print: 100 0x1 
04-05 19:16:56.760 D/AGM: metadata( 1530): metadata_print: 100 0x3 
04-05 19:16:56.760 D/AGM: metadata( 1530): metadata_print: 100 0x2 
04-05 19:16:56.760 D/AGM: metadata( 1530): metadata_print: 100 0x5 
04-05 19:16:56.760 D/AGM: metadata( 1530): metadata_print: 102 
04-05 19:16:56.760 D/AGM: metadata( 1530): metadata_print: 103 ****************Metadata Done***************************
04-05 19:16:56.760 D/AGM: metadata( 1530): 
04-05 19:16:56.761 I/AGM: graph( 1530): print_graph_alias: 2362 GKV Alias 32 | StreamRX_PCM_LL_Playback_DeviceRX_Speaker_Instance_Instance_1_DevicePP_Rx_Audio_MBDRC
04-05 19:16:56.764 E/ACDB    ( 1530): vendor/qcom/proprietary/args/acdb/src/acdb_command.c:AcdbCmdGetProcSubgraphCalDataPersist:8247 Error[19]: No calibration found
04-05 19:16:56.764 E/ACDB    ( 1530): vendor/qcom/proprietary/args/acdb/src/acdb_command.c:AcdbCmdGetProcSubgraphCalDataPersist:8247 Error[19]: No calibration found
04-05 19:16:56.764 E/ACDB    ( 1530): vendor/qcom/proprietary/args/acdb/src/acdb_command.c:AcdbCmdGetProcSubgraphCalDataPersist:8247 Error[19]: No calibration found
04-05 19:16:56.764 D/AGM: graph_module( 1530): configure_hw_ep_media_config: 640 entry mod tag c0000004 miid 43b1 mid 700100e
04-05 19:16:56.764 D/AGM: graph_module( 1530): configure_hw_ep_media_config: 670 rate 48000 bw 24 ch 2, data_fmt 1
04-05 19:16:56.765 D/AGM: graph_module( 1530): configure_hw_ep_media_config: 680 exit, ret 0
04-05 19:16:56.767 D/AGM: graph_module( 1530): configure_tdm_ep: 456 exit, ret 0
04-05 19:16:56.767 D/AGM: graph( 1530): graph_change: 1752 exit, ret 0
04-05 19:16:56.767 D/AGM: graph( 1530): graph_set_config: 1137 entry graph_handle 0x147534c
04-05 19:16:56.768 D/AGM: graph( 1530): graph_set_config: 1145 exit, graph handle 0x147534c, ret 0
04-05 19:16:56.768 D/AGM: graph( 1530): graph_set_config: 1137 entry graph_handle 0x147534c
04-05 19:16:56.768 I/BtGatt.ScanHelper( 3694): onScanResult to scannerId: 5- eventType=0x1b, addressType=0, address=XX:XX:XX:XX:C2:A3, primaryPhy=1, secondaryPhy=0, advertisingSid=0xff, txPower=127, rssi=-52, periodicAdvInt=0x0
04-05 19:16:56.769 D/AGM: graph( 1530): graph_set_config: 1145 exit, graph handle 0x147534c, ret 0
04-05 19:16:56.770 D/AGM: graph( 1530): graph_start: 925 entry graph_handle 0x147534c
04-05 19:16:56.770 D/[+0900]oneconnect[1.8.45.11_01][CORE]( 9893): BleParserForSamsungConnect.parseSamsungConnectPacket_V3 - customDataLen : 10
04-05 19:16:56.770 D/[+0900]oneconnect[1.8.45.11_01][CORE]( 9893): BleParserForSamsungConnect.parseSamsungConnectPacket_V3 - identifierType : 2. identifierValue = 134J
04-05 19:16:56.770 I/[+0900]oneconnect[1.8.45.11_01][CORE]( 9893): BleParserForSamsungConnect.parseSamsungConnectPacket_V3 - |name:($)-A(11)|deviceType:SAMSUNG_OCF_SETUP|discoverType:_BLE|services:None|connected:false[Status]6[OcfInfo]7[SetupNet]4[Calm] false false false[Tx]-2147483648 not set
04-05 19:16:56.773 D/AGM: graph( 1530): graph_start: 938 exit, ret 0
04-05 19:16:56.795 I/BtGatt.ScanHelper( 3694): onScanResult to scannerId: 5- eventType=0x1b, addressType=0, address=XX:XX:XX:XX:C2:A3, primaryPhy=1, secondaryPhy=0, advertisingSid=0xff, txPower=127, rssi=-52, periodicAdvInt=0x0
04-05 19:16:56.796 D/[+0900]oneconnect[1.8.45.11_01][CORE]( 9893): BleParserForSamsungConnect.parseSamsungConnectPacket_V3 - customDataLen : 10
04-05 19:16:56.796 D/[+0900]oneconnect[1.8.45.11_01][CORE]( 9893): BleParserForSamsungConnect.parseSamsungConnectPacket_V3 - identifierType : 2. identifierValue = 134J
04-05 19:16:56.797 I/[+0900]oneconnect[1.8.45.11_01][CORE]( 9893): BleParserForSamsungConnect.parseSamsungConnectPacket_V3 - |name:($)-A(11)|deviceType:SAMSUNG_OCF_SETUP|discoverType:_BLE|services:None|connected:false[Status]6[OcfInfo]7[SetupNet]4[Calm] false false false[Tx]-2147483648 not set
04-05 19:16:56.805 I/BtGatt.ScanHelper( 3694): onScanResult to scannerId: 5- eventType=0x1b, addressType=1, address=XX:XX:XX:XX:C4:A9, primaryPhy=1, secondaryPhy=0, advertisingSid=0xff, txPower=127, rssi=-47, periodicAdvInt=0x0
04-05 19:16:56.838 I/BtGatt.ScanHelper( 3694): onScanResult to scannerId: 5- eventType=0x10, addressType=1, address=XX:XX:XX:XX:4C:1F, primaryPhy=1, secondaryPhy=0, advertisingSid=0xff, txPower=127, rssi=-53, periodicAdvInt=0x0
04-05 19:16:56.852 I/PAL: ResourceManager( 1530): streamDevSwitch: 8254: Exit status: 0
04-05 19:16:56.852 I/PAL: API( 1530): pal_stream_set_device: 1337: Exit. status 0
04-05 19:16:56.852 D/AHAL: SecAudioStream( 1530): SecSetParameters: 188: ForceRouteStream for speaker amp status
04-05 19:16:56.853 D/AHAL: AudioStream( 1530): astream_out_set_parameters: 1097: Exit ret: 0
04-05 19:16:56.854 V/sec_audio_hw( 1530): sec_stream_set_parameters(37:0) : l_dual_speaker_amp_left_power_enable=true
04-05 19:16:56.854 D/AHAL: AudioStream( 1530): astream_out_set_parameters: 1076: enter: usecase(14: audio-ull-playback) kvpairs: l_dual_speaker_amp_left_power_enable=true
04-05 19:16:56.854 D/AHAL: AudioStream( 1530): SetParameters: 2998: enter 
04-05 19:16:56.854 D/AHAL: AudioStream( 1530): SetParameters: 3043: exit 0
04-05 19:16:56.854 D/AHAL: AudioStream( 1530): astream_out_set_parameters: 1097: Exit ret: 0
04-05 19:16:56.855 V/sec_audio_hw( 1530): sec_stream_set_parameters(61:0) : l_dual_speaker_amp_left_power_enable=true
04-05 19:16:56.855 D/AHAL: AudioStream( 1530): astream_out_set_parameters: 1076: enter: usecase(2: low-latency-playback) kvpairs: l_dual_speaker_amp_left_power_enable=true
04-05 19:16:56.855 D/AHAL: AudioStream( 1530): SetParameters: 2998: enter 
04-05 19:16:56.855 D/AHAL: AudioStream( 1530): SetParameters: 3043: exit 0
04-05 19:16:56.855 D/AHAL: AudioStream( 1530): astream_out_set_parameters: 1097: Exit ret: 0
04-05 19:16:56.856 V/sec_audio_hw( 1530): sec_stream_set_parameters(69:0) : l_dual_speaker_amp_left_power_enable=true
04-05 19:16:56.856 D/AHAL: AudioStream( 1530): astream_out_set_parameters: 1076: enter: usecase(32: audio-playback-voip) kvpairs: l_dual_speaker_amp_left_power_enable=true
04-05 19:16:56.856 D/AHAL: AudioStream( 1530): SetParameters: 2998: enter 
04-05 19:16:56.856 D/AHAL: AudioStream( 1530): SetParameters: 3043: exit 0
04-05 19:16:56.856 D/AHAL: AudioStream( 1530): astream_out_set_parameters: 1097: Exit ret: 0
04-05 19:16:56.856 V/sec_audio_hw( 1530): sec_stream_set_parameters(77:0) : l_dual_speaker_amp_left_power_enable=true
04-05 19:16:56.857 D/AHAL: AudioStream( 1530): astream_out_set_parameters: 1076: enter: usecase(2: low-latency-playback) kvpairs: l_dual_speaker_amp_left_power_enable=true
04-05 19:16:56.857 D/AHAL: AudioStream( 1530): SetParameters: 2998: enter 
04-05 19:16:56.857 D/AHAL: AudioStream( 1530): SetParameters: 3043: exit 0
04-05 19:16:56.857 D/AHAL: AudioStream( 1530): astream_out_set_parameters: 1097: Exit ret: 0
04-05 19:16:56.882 I/AudioMixer( 1665): create resampler src 24000, 1, dst 48000, 1, f 0x5, q 8
04-05 19:16:56.883 I/AHAL: AudioStream( 1530): out_update_source_metadata_v7: 1265: track count is 1
04-05 19:16:56.883 D/AHAL: AudioStream( 1530): out_update_source_metadata_v7: 1310: Source metadata usage:11 content_type:0
04-05 19:16:56.883 D/AHAL: AudioStream( 1530): SetAggregateSourceMetadata: 4666: Aggregated Source metadata usage:11 content_type:0
04-05 19:16:56.883 I/SoundAlive_SRC384 arch64( 1665): SoundAlive_SRC384() ID = 25672 GID = 25673
04-05 19:16:56.883 I/SoundAlive_SRC384 arch64( 1665): SoundAlive_SRC384: Instance 25672 Init(outFs 7, InFs 7, chnum 0, outBW 0, inBW 0)
04-05 19:16:56.884 I/Samsung_SoundAlive_SRC arch64( 1665): SRC384 version Samsung SoundAlive SRC ver320 arch64  2021.08.04 (Cppref for ARM64, ver.300.c 32bit 07_10_2016 based)
04-05 19:16:56.884 D/SoundAliveResampler( 1665): [SoundAliveResampler] Init+++
04-05 19:16:56.884 I/SoundAlive_SRC384 arch64( 1665): SoundAlive_SRC384: Instance 25672 Init(outFs 8, InFs 5, chnum 2, outBW 3, inBW 3)
04-05 19:16:56.884 I/Samsung_SoundAlive_SRC arch64( 1665): SRC384 version Samsung SoundAlive SRC ver320 arch64  2021.08.04 (Cppref for ARM64, ver.300.c 32bit 07_10_2016 based)
04-05 19:16:56.888 V/talkback: FeedbackFragmentsIterator( 6799): onFragmentRangeStarted ,  speak word = TalkBack
04-05 19:16:56.890 I/vendor.qti.bluetooth@1.1-ibs_handler( 1531): ProcessIbsCmd: Received IBS_SLEEP_IND: 0xFE
04-05 19:16:56.890 D/vendor.qti.bluetooth@1.1-ibs_handler( 1531): SerialClockVote: vote for UART CLK OFF
04-05 19:16:56.914 I/vendor.qti.bluetooth@1.1-ibs_handler( 1531): ProcessIbsCmd: Received IBS_WAKE_IND: 0xFD
04-05 19:16:56.914 D/vendor.qti.bluetooth@1.1-ibs_handler( 1531): SerialClockVote: vote for UART CLK ON
04-05 19:16:56.914 I/vendor.qti.bluetooth@1.1-ibs_handler( 1531): ProcessIbsCmd: Writing IBS_WAKE_ACK
04-05 19:16:56.920 I/BtGatt.ScanHelper( 3694): onScanResult to scannerId: 5- eventType=0x1b, addressType=0, address=XX:XX:XX:XX:C2:A3, primaryPhy=1, secondaryPhy=0, advertisingSid=0xff, txPower=127, rssi=-52, periodicAdvInt=0x0
04-05 19:16:56.922 D/[+0900]oneconnect[1.8.45.11_01][CORE]( 9893): BleParserForSamsungConnect.parseSamsungConnectPacket_V3 - customDataLen : 10
04-05 19:16:56.922 D/[+0900]oneconnect[1.8.45.11_01][CORE]( 9893): BleParserForSamsungConnect.parseSamsungConnectPacket_V3 - identifierType : 2. identifierValue = 134J
04-05 19:16:56.923 I/[+0900]oneconnect[1.8.45.11_01][CORE]( 9893): BleParserForSamsungConnect.parseSamsungConnectPacket_V3 - |name:($)-A(11)|deviceType:SAMSUNG_OCF_SETUP|discoverType:_BLE|services:None|connected:false[Status]6[OcfInfo]7[SetupNet]4[Calm] false false false[Tx]-2147483648 not set
04-05 19:16:56.945 I/BtGatt.ScanHelper( 3694): onScanResult to scannerId: 5- eventType=0x10, addressType=1, address=XX:XX:XX:XX:17:26, primaryPhy=1, secondaryPhy=0, advertisingSid=0xff, txPower=127, rssi=-65, periodicAdvInt=0x0
04-05 19:16:56.945 I/BtGatt.ScanHelper( 3694): onScanResult to scannerId: 9- eventType=0x10, addressType=1, address=XX:XX:XX:XX:17:26, primaryPhy=1, secondaryPhy=0, advertisingSid=0xff, txPower=127, rssi=-65, periodicAdvInt=0x0
04-05 19:16:56.946 I/BtGatt.ScanHelper( 3694): onScanResult to scannerId: 5- eventType=0x10, addressType=1, address=XX:XX:XX:XX:4C:1F, primaryPhy=1, secondaryPhy=0, advertisingSid=0xff, txPower=127, rssi=-53, periodicAdvInt=0x0
04-05 19:16:56.980 I/BtGatt.ScanHelper( 3694): onScanResult to scannerId: 5- eventType=0x1a, addressType=1, address=XX:XX:XX:XX:3D:98, primaryPhy=1, secondaryPhy=0, advertisingSid=0xff, txPower=127, rssi=-60, periodicAdvInt=0x0
04-05 19:16:56.981 I/BtGatt.ScanHelper( 3694): onScanResult to scannerId: 5- eventType=0x10, addressType=0, address=XX:XX:XX:XX:6C:F8, primaryPhy=1, secondaryPhy=0, advertisingSid=0xff, txPower=127, rssi=-67, periodicAdvInt=0x0
04-05 19:16:56.987 I/[+0900]oneconnect[1.8.45.11_01][CORE]( 9893): BleParserForDaDevice.parseBlePacket - DeviceBleDa : [name]($)-A(11)[BleMac]($)40:CA[DeviceType]AIR_PURIFIER[DeviceInfoVersion]0[DeviceStatus]-128,
04-05 19:16:57.019 I/vendor.qti.bluetooth@1.1-ibs_handler( 1531): ProcessIbsCmd: Received IBS_SLEEP_IND: 0xFE
04-05 19:16:57.020 D/vendor.qti.bluetooth@1.1-ibs_handler( 1531): SerialClockVote: vote for UART CLK OFF
04-05 19:16:57.033 I/vendor.qti.bluetooth@1.1-ibs_handler( 1531): ProcessIbsCmd: Received IBS_WAKE_IND: 0xFD
04-05 19:16:57.033 D/vendor.qti.bluetooth@1.1-ibs_handler( 1531): SerialClockVote: vote for UART CLK ON
04-05 19:16:57.033 I/vendor.qti.bluetooth@1.1-ibs_handler( 1531): ProcessIbsCmd: Writing IBS_WAKE_ACK
04-05 19:16:57.044 I/BtGatt.ScanHelper( 3694): onScanResult to scannerId: 5- eventType=0x10, addressType=1, address=XX:XX:XX:XX:4C:1F, primaryPhy=1, secondaryPhy=0, advertisingSid=0xff, txPower=127, rssi=-53, periodicAdvInt=0x0
04-05 19:16:57.086 I/BtGatt.ScanHelper( 3694): onScanResult to scannerId: 5- eventType=0x10, addressType=1, address=XX:XX:XX:XX:3D:96, primaryPhy=1, secondaryPhy=0, advertisingSid=0xff, txPower=127, rssi=-71, periodicAdvInt=0x0
04-05 19:16:57.095 I/BtGatt.ScanHelper( 3694): onScanResult to scannerId: 5- eventType=0x1b, addressType=0, address=XX:XX:XX:XX:C2:A3, primaryPhy=1, secondaryPhy=0, advertisingSid=0xff, txPower=127, rssi=-53, periodicAdvInt=0x0
04-05 19:16:57.096 D/[+0900]oneconnect[1.8.45.11_01][CORE]( 9893): BleParserForSamsungConnect.parseSamsungConnectPacket_V3 - customDataLen : 10
04-05 19:16:57.097 D/[+0900]oneconnect[1.8.45.11_01][CORE]( 9893): BleParserForSamsungConnect.parseSamsungConnectPacket_V3 - identifierType : 2. identifierValue = 134J
04-05 19:16:57.097 I/[+0900]oneconnect[1.8.45.11_01][CORE]( 9893): BleParserForSamsungConnect.parseSamsungConnectPacket_V3 - |name:($)-A(11)|deviceType:SAMSUNG_OCF_SETUP|discoverType:_BLE|services:None|connected:false[Status]6[OcfInfo]7[SetupNet]4[Calm] false false false[Tx]-2147483648 not set
04-05 19:16:57.116 I/BtGatt.ScanHelper( 3694): onScanResult to scannerId: 5- eventType=0x1b, addressType=0, address=XX:XX:XX:XX:C2:A3, primaryPhy=1, secondaryPhy=0, advertisingSid=0xff, txPower=127, rssi=-53, periodicAdvInt=0x0
04-05 19:16:57.117 D/[+0900]oneconnect[1.8.45.11_01][CORE]( 9893): BleParserForSamsungConnect.parseSamsungConnectPacket_V3 - customDataLen : 10
04-05 19:16:57.118 D/[+0900]oneconnect[1.8.45.11_01][CORE]( 9893): BleParserForSamsungConnect.parseSamsungConnectPacket_V3 - identifierType : 2. identifierValue = 134J
04-05 19:16:57.118 I/[+0900]oneconnect[1.8.45.11_01][CORE]( 9893): BleParserForSamsungConnect.parseSamsungConnectPacket_V3 - |name:($)-A(11)|deviceType:SAMSUNG_OCF_SETUP|discoverType:_BLE|services:None|connected:false[Status]6[OcfInfo]7[SetupNet]4[Calm] false false false[Tx]-2147483648 not set
04-05 19:16:57.144 I/BtGatt.ScanHelper( 3694): onScanResult to scannerId: 5- eventType=0x10, addressType=1, address=XX:XX:XX:XX:4C:1F, primaryPhy=1, secondaryPhy=0, advertisingSid=0xff, txPower=127, rssi=-53, periodicAdvInt=0x0
04-05 19:16:57.148 I/BtGatt.ScanHelper( 3694): onScanResult to scannerId: 5- eventType=0x1b, addressType=1, address=XX:XX:XX:XX:96:DD, primaryPhy=1, secondaryPhy=0, advertisingSid=0xff, txPower=127, rssi=-70, periodicAdvInt=0x0
04-05 19:16:57.180 I/BtGatt.ScanHelper( 3694): onScanResult to scannerId: 5- eventType=0x1b, addressType=0, address=XX:XX:XX:XX:C2:A3, primaryPhy=1, secondaryPhy=0, advertisingSid=0xff, txPower=127, rssi=-53, periodicAdvInt=0x0
04-05 19:16:57.181 D/[+0900]oneconnect[1.8.45.11_01][CORE]( 9893): BleParserForSamsungConnect.parseSamsungConnectPacket_V3 - customDataLen : 10
04-05 19:16:57.182 D/[+0900]oneconnect[1.8.45.11_01][CORE]( 9893): BleParserForSamsungConnect.parseSamsungConnectPacket_V3 - identifierType : 2. identifierValue = 134J
04-05 19:16:57.182 I/[+0900]oneconnect[1.8.45.11_01][CORE]( 9893): BleParserForSamsungConnect.parseSamsungConnectPacket_V3 - |name:($)-A(11)|deviceType:SAMSUNG_OCF_SETUP|discoverType:_BLE|services:None|connected:false[Status]6[OcfInfo]7[SetupNet]4[Calm] false false false[Tx]-2147483648 not set
04-05 19:16:57.210 I/BtGatt.ScanHelper( 3694): onScanResult to scannerId: 5- eventType=0x1b, addressType=0, address=XX:XX:XX:XX:C2:A3, primaryPhy=1, secondaryPhy=0, advertisingSid=0xff, txPower=127, rssi=-53, periodicAdvInt=0x0
04-05 19:16:57.211 D/[+0900]oneconnect[1.8.45.11_01][CORE]( 9893): BleParserForSamsungConnect.parseSamsungConnectPacket_V3 - customDataLen : 10
04-05 19:16:57.211 D/[+0900]oneconnect[1.8.45.11_01][CORE]( 9893): BleParserForSamsungConnect.parseSamsungConnectPacket_V3 - identifierType : 2. identifierValue = 134J
04-05 19:16:57.211 I/[+0900]oneconnect[1.8.45.11_01][CORE]( 9893): BleParserForSamsungConnect.parseSamsungConnectPacket_V3 - |name:($)-A(11)|deviceType:SAMSUNG_OCF_SETUP|discoverType:_BLE|services:None|connected:false[Status]6[OcfInfo]7[SetupNet]4[Calm] false false false[Tx]-2147483648 not set
04-05 19:16:57.237 I/BtGatt.ScanHelper( 3694): onScanResult to scannerId: 5- eventType=0x1a, addressType=1, address=XX:XX:XX:XX:3D:98, primaryPhy=1, secondaryPhy=0, advertisingSid=0xff, txPower=127, rssi=-60, periodicAdvInt=0x0
04-05 19:16:57.240 I/BtGatt.ScanHelper( 3694): onScanResult to scannerId: 5- eventType=0x1b, addressType=1, address=XX:XX:XX:XX:35:42, primaryPhy=1, secondaryPhy=0, advertisingSid=0xff, txPower=127, rssi=-53, periodicAdvInt=0x0
04-05 19:16:57.244 I/BtGatt.ScanHelper( 3694): onScanResult to scannerId: 5- eventType=0x10, addressType=1, address=XX:XX:XX:XX:C8:05, primaryPhy=1, secondaryPhy=0, advertisingSid=0xff, txPower=127, rssi=-90, periodicAdvInt=0x0
04-05 19:16:57.244 I/BtGatt.ScanHelper( 3694): onScanResult to scannerId: 9- eventType=0x10, addressType=1, address=XX:XX:XX:XX:C8:05, primaryPhy=1, secondaryPhy=0, advertisingSid=0xff, txPower=127, rssi=-90, periodicAdvInt=0x0
04-05 19:16:57.251 I/BtGatt.ScanHelper( 3694): onScanResult to scannerId: 5- eventType=0x10, addressType=1, address=XX:XX:XX:XX:4C:1F, primaryPhy=1, secondaryPhy=0, advertisingSid=0xff, txPower=127, rssi=-58, periodicAdvInt=0x0
04-05 19:16:57.255 I/BtGatt.ScanHelper( 3694): onScanResult to scannerId: 5- eventType=0x1b, addressType=1, address=XX:XX:XX:XX:46:D1, primaryPhy=1, secondaryPhy=0, advertisingSid=0xff, txPower=127, rssi=-47, periodicAdvInt=0x0
04-05 19:16:57.310 I/BtGatt.ScanHelper( 3694): onScanResult to scannerId: 3- eventType=0x1b, addressType=0, address=XX:XX:XX:XX:39:BD, primaryPhy=1, secondaryPhy=0, advertisingSid=0xff, txPower=127, rssi=-68, periodicAdvInt=0x0
04-05 19:16:57.310 I/BtGatt.ScanHelper( 3694): onScanResult to scannerId: 5- eventType=0x1b, addressType=0, address=XX:XX:XX:XX:39:BD, primaryPhy=1, secondaryPhy=0, advertisingSid=0xff, txPower=127, rssi=-68, periodicAdvInt=0x0
04-05 19:16:57.312 D/[+0900]oneconnect[1.8.45.11_01][CORE]( 9893): BleParserForVD.parseTvPacket - |name:($)-[(26)|deviceType:TV|discoverType:_BLE|services:_TvSoundToMobile|connected:false[TvStatusString]POWER_ON[TvStatus]1[TvService]111[TvMirrorChannel]153[TvRegisteredDB][98, -106, 45, -14, -105, 126][TvYear]2016[TvOcfInfo]0[TvAcmStatus]0[ExTvStatus]0[ExtendedStatus]-1[ModuloSn]-1
04-05 19:16:57.313 I/[+0900]oneconnect[1.8.45.11_01][CORE]( 9893): DataConvert.parseBleVd - deviceBle : |name:($)-[(26)|deviceType:TV|discoverType:_BLE|services:_TvSoundToMobile|connected:false[TvStatusString]POWER_ON[TvStatus]1[TvService]111[TvMirrorChannel]153[TvRegisteredDB][98, -106, 45, -14, -105, 126][TvYear]2016[TvOcfInfo]0[TvAcmStatus]0[ExTvStatus]0[ExtendedStatus]-1[ModuloSn]-1
04-05 19:16:57.328 I/BtGatt.ScanHelper( 3694): onScanResult to scannerId: 3- eventType=0x1b, addressType=0, address=XX:XX:XX:XX:39:BD, primaryPhy=1, secondaryPhy=0, advertisingSid=0xff, txPower=127, rssi=-69, periodicAdvInt=0x0
04-05 19:16:57.329 I/BtGatt.ScanHelper( 3694): onScanResult to scannerId: 5- eventType=0x1b, addressType=0, address=XX:XX:XX:XX:39:BD, primaryPhy=1, secondaryPhy=0, advertisingSid=0xff, txPower=127, rssi=-69, periodicAdvInt=0x0
04-05 19:16:57.331 I/BtGatt.ScanHelper( 3694): onScanResult to scannerId: 5- eventType=0x1b, addressType=1, address=XX:XX:XX:XX:2B:FF, primaryPhy=1, secondaryPhy=0, advertisingSid=0xff, txPower=127, rssi=-84, periodicAdvInt=0x0
04-05 19:16:57.331 D/[+0900]oneconnect[1.8.45.11_01][CORE]( 9893): BleParserForVD.parseTvPacket - (Extension)|name:($)-[(26)|deviceType:UNKNOWN|discoverType:_BLE|services:None|connected:false[Type]6[Index]0[MNID]0AJK[SETUPID]101[TvStatusString]EXTENSION[TvStatus]32[TvService]111[TvMirrorChannel]0[TvRegisteredDB]null[TvYear]2017[TvOcfInfo]7[TvAcmStatus]0[ExTvStatus]0[ExtendedStatus]0[ModuloSn]0
04-05 19:16:57.331 I/[+0900]oneconnect[1.8.45.11_01][CORE]( 9893): DataConvert.parseBleVd - deviceBle : |name:($)-[(26)|deviceType:UNKNOWN|discoverType:_BLE|services:None|connected:false[Type]6[Index]0[MNID]0AJK[SETUPID]101[TvStatusString]EXTENSION[TvStatus]32[TvService]111[TvMirrorChannel]0[TvRegisteredDB]null[TvYear]2017[TvOcfInfo]7[TvAcmStatus]0[ExTvStatus]0[ExtendedStatus]0[ModuloSn]0
04-05 19:16:57.336 I/WifiHAL ( 1546): event received NL80211_CMD_VENDOR, vendor_id = 0x1374, subcmd = 0xb6
04-05 19:16:57.336 I/cnss-daemon( 2169): nl80211 response handler invoked
04-05 19:16:57.336 D/LOWI-9.0.1.74( 2193): [LOWI-Scan] wait_event:Wait done with Cmd 103
04-05 19:16:57.336 I/cnss-daemon( 2169): nl80211_response_handler: cmd 103, vendorID 4980, subcmd 182  received
04-05 19:16:57.336 D/LOWI-9.0.1.74( 2193): [LOWI-Scan] do_listen_events: Rcvd valid Netlink Cmd 0 Err 0
04-05 19:16:57.346 D/vendor.qti.hardware.bttpi-impl( 1531): setTpiParams: reqType:38, size:24
04-05 19:16:57.346 D/vendor.qti.hardware.bttpi-impl( 1531): sendFragment: pendingReq(38), nextSeqNum(0), remainingLen(24)
04-05 19:16:57.346 D/vendor.qti.hardware.bttpi-impl( 1531): sendDataToController:
04-05 19:16:57.347 D/vendor.qti.hardware.bttpi-impl( 1531): sendDataToController: sending VS cmd, starting timer
04-05 19:16:57.347 D/vendor.qti.hardware.bttpi-impl( 1531): BtTpiTimerStart: is_timer_created=1
04-05 19:16:57.347 D/vendor.qti.bluetooth@1.1-data_handler( 1531): SendBtTpiData
04-05 19:16:57.347 D/vendor.qti.bluetooth@1.1-data_handler( 1531): isProtocolInitialized:
04-05 19:16:57.347 I/vendor.qti.bluetooth@1.1-data_handler( 1531): isProtocolInitialized: status:1
04-05 19:16:57.347 I/vendor.qti.bluetooth@1.1-ibs_handler( 1531): DeviceWakeUp: Writing IBS_WAKE_IND
04-05 19:16:57.348 I/vendor.qti.bluetooth@1.1-ibs_handler( 1531): ProcessIbsCmd: Received IBS_WAKE_ACK: 0xFC
04-05 19:16:57.348 I/vendor.qti.bluetooth@1.1-ibs_handler( 1531): ProcessIbsCmd: Signal wack_cond_
04-05 19:16:57.348 D/vendor.qti.bluetooth@1.1-ibs_handler( 1531): DeviceWakeUp: Unblocked from waiting for FC, pthread_cond_timedwait ret = 0
04-05 19:16:57.348 D/vendor.qti.hardware.bttpi-impl( 1531): sendDataToController: Command is sent
04-05 19:16:57.349 D/vendor.qti.bluetooth@1.1-data_handler( 1531): isBtTpiEvent: cmd_opcode: fcda cmd_subopcode: 26 opcode: fcda subopcode: 26
04-05 19:16:57.349 D/vendor.qti.bluetooth@1.1-data_handler( 1531): isBtTpiEvent: true
04-05 19:16:57.349 D/vendor.qti.hardware.bttpi-impl( 1531): operator(): HCI event received. Status(00)
04-05 19:16:57.349 D/vendor.qti.hardware.bttpi-impl( 1531): BtTpiTimerStop: is_timer_created= 1
04-05 19:16:57.355 I/BtGatt.ScanHelper( 3694): onScanResult to scannerId: 5- eventType=0x1b, addressType=1, address=XX:XX:XX:XX:C4:A9, primaryPhy=1, secondaryPhy=0, advertisingSid=0xff, txPower=127, rssi=-46, periodicAdvInt=0x0
04-05 19:16:57.395 I/vendor.qti.bluetooth@1.1-ibs_handler( 1531): ProcessIbsCmd: Received IBS_SLEEP_IND: 0xFE
04-05 19:16:57.399 I/vendor.qti.bluetooth@1.1-ibs_handler( 1531): ProcessIbsCmd: Received IBS_WAKE_IND: 0xFD
04-05 19:16:57.399 I/vendor.qti.bluetooth@1.1-ibs_handler( 1531): ProcessIbsCmd: Writing IBS_WAKE_ACK
04-05 19:16:57.411 I/BtGatt.ScanHelper( 3694): onScanResult to scannerId: 5- eventType=0x1b, addressType=0, address=XX:XX:XX:XX:75:E9, primaryPhy=1, secondaryPhy=0, advertisingSid=0xff, txPower=127, rssi=-62, periodicAdvInt=0x0
04-05 19:16:57.443 I/BtGatt.ScanHelper( 3694): onScanResult to scannerId: 3- eventType=0x1b, addressType=0, address=XX:XX:XX:XX:39:BD, primaryPhy=1, secondaryPhy=0, advertisingSid=0xff, txPower=127, rssi=-69, periodicAdvInt=0x0
04-05 19:16:57.445 I/BtGatt.ScanHelper( 3694): onScanResult to scannerId: 5- eventType=0x1b, addressType=0, address=XX:XX:XX:XX:39:BD, primaryPhy=1, secondaryPhy=0, advertisingSid=0xff, txPower=127, rssi=-69, periodicAdvInt=0x0
04-05 19:16:57.446 D/[+0900]oneconnect[1.8.45.11_01][CORE]( 9893): BleParserForVD.parseTvPacket - (Extension)|name:($)-[(26)|deviceType:UNKNOWN|discoverType:_BLE|services:None|connected:false[Type]6[Index]0[MNID]0AJK[SETUPID]101[TvStatusString]EXTENSION[TvStatus]32[TvService]111[TvMirrorChannel]0[TvRegisteredDB]null[TvYear]2017[TvOcfInfo]7[TvAcmStatus]0[ExTvStatus]0[ExtendedStatus]0[ModuloSn]0
04-05 19:16:57.447 I/[+0900]oneconnect[1.8.45.11_01][CORE]( 9893): DataConvert.parseBleVd - deviceBle : |name:($)-[(26)|deviceType:UNKNOWN|discoverType:_BLE|services:None|connected:false[Type]6[Index]0[MNID]0AJK[SETUPID]101[TvStatusString]EXTENSION[TvStatus]32[TvService]111[TvMirrorChannel]0[TvRegisteredDB]null[TvYear]2017[TvOcfInfo]7[TvAcmStatus]0[ExTvStatus]0[ExtendedStatus]0[ModuloSn]0
04-05 19:16:57.460 I/BtGatt.ScanHelper( 3694): onScanResult to scannerId: 5- eventType=0x10, addressType=1, address=XX:XX:XX:XX:3D:96, primaryPhy=1, secondaryPhy=0, advertisingSid=0xff, txPower=127, rssi=-63, periodicAdvInt=0x0
04-05 19:16:57.464 I/BtGatt.ScanHelper( 3694): onScanResult to scannerId: 5- eventType=0x10, addressType=1, address=XX:XX:XX:XX:4C:1F, primaryPhy=1, secondaryPhy=0, advertisingSid=0xff, txPower=127, rssi=-58, periodicAdvInt=0x0
04-05 19:16:57.484 I/BtGatt.ScanHelper( 3694): onScanResult to scannerId: 2- eventType=0x1b, addressType=1, address=XX:XX:XX:XX:2B:71, primaryPhy=1, secondaryPhy=0, advertisingSid=0xff, txPower=127, rssi=-61, periodicAdvInt=0x0
04-05 19:16:57.484 I/BtGatt.ScanHelper( 3694): onScanResult to scannerId: 5- eventType=0x1b, addressType=1, address=XX:XX:XX:XX:2B:71, primaryPhy=1, secondaryPhy=0, advertisingSid=0xff, txPower=127, rssi=-61, periodicAdvInt=0x0
04-05 19:16:57.488 I/BtGatt.ScanHelper( 3694): onScanResult to scannerId: 5- eventType=0x1b, addressType=0, address=XX:XX:XX:XX:C0:CC, primaryPhy=1, secondaryPhy=0, advertisingSid=0xff, txPower=127, rssi=-66, periodicAdvInt=0x0
04-05 19:16:57.489 D/[+0900]oneconnect[1.8.45.11_01][CORE]( 9893): BleParserForSamsungConnect.parseSamsungConnectPacket_V3 - customDataLen : 10
04-05 19:16:57.489 D/[+0900]oneconnect[1.8.45.11_01][CORE]( 9893): BleParserForSamsungConnect.parseSamsungConnectPacket_V3 - identifierType : 2. identifierValue = 626V
04-05 19:16:57.489 I/[+0900]oneconnect[1.8.45.11_01][CORE]( 9893): BleParserForSamsungConnect.parseSamsungConnectPacket_V3 - |name:($)-D(11)|deviceType:SAMSUNG_OCF_SETUP|discoverType:_BLE|services:None|connected:false[Status]6[OcfInfo]7[SetupNet]4[Calm] false false false[Tx]-2147483648 not set
04-05 19:16:57.492 I/BtGatt.ScanHelper( 3694): onScanResult to scannerId: 5- eventType=0x1a, addressType=0, address=XX:XX:XX:XX:70:92, primaryPhy=1, secondaryPhy=0, advertisingSid=0xff, txPower=127, rssi=-82, periodicAdvInt=0x0
04-05 19:16:57.503 I/BtGatt.ScanHelper( 3694): onScanResult to scannerId: 3- eventType=0x1b, addressType=0, address=XX:XX:XX:XX:39:BD, primaryPhy=1, secondaryPhy=0, advertisingSid=0xff, txPower=127, rssi=-70, periodicAdvInt=0x0
04-05 19:16:57.503 I/BtGatt.ScanHelper( 3694): onScanResult to scannerId: 5- eventType=0x1b, addressType=0, address=XX:XX:XX:XX:39:BD, primaryPhy=1, secondaryPhy=0, advertisingSid=0xff, txPower=127, rssi=-70, periodicAdvInt=0x0
04-05 19:16:57.504 D/[+0900]oneconnect[1.8.45.11_01][CORE]( 9893): BleParserForVD.parseTvPacket - |name:($)-[(26)|deviceType:TV|discoverType:_BLE|services:_TvSoundToMobile|connected:false[TvStatusString]POWER_ON[TvStatus]1[TvService]111[TvMirrorChannel]153[TvRegisteredDB][98, -106, 45, -14, -105, 126][TvYear]2016[TvOcfInfo]0[TvAcmStatus]0[ExTvStatus]0[ExtendedStatus]-1[ModuloSn]-1
04-05 19:16:57.505 I/[+0900]oneconnect[1.8.45.11_01][CORE]( 9893): DataConvert.parseBleVd - deviceBle : |name:($)-[(26)|deviceType:TV|discoverType:_BLE|services:_TvSoundToMobile|connected:false[TvStatusString]POWER_ON[TvStatus]1[TvService]111[TvMirrorChannel]153[TvRegisteredDB][98, -106, 45, -14, -105, 126][TvYear]2016[TvOcfInfo]0[TvAcmStatus]0[ExTvStatus]0[ExtendedStatus]-1[ModuloSn]-1
04-05 19:16:57.517 I/BtGatt.ScanHelper( 3694): onScanResult to scannerId: 5- eventType=0x1b, addressType=1, address=XX:XX:XX:XX:35:42, primaryPhy=1, secondaryPhy=0, advertisingSid=0xff, txPower=127, rssi=-51, periodicAdvInt=0x0
04-05 19:16:57.520 I/BtGatt.ScanHelper( 3694): onScanResult to scannerId: 5- eventType=0x1b, addressType=1, address=XX:XX:XX:XX:2B:FF, primaryPhy=1, secondaryPhy=0, advertisingSid=0xff, txPower=127, rssi=-83, periodicAdvInt=0x0
04-05 19:16:57.527 I/BtGatt.ScanHelper( 3694): onScanResult to scannerId: 5- eventType=0x1b, addressType=1, address=XX:XX:XX:XX:46:D1, primaryPhy=1, secondaryPhy=0, advertisingSid=0xff, txPower=127, rssi=-45, periodicAdvInt=0x0
04-05 19:16:57.549 D/HintManagerService( 2531): Starts cleaning for 10155
04-05 19:16:57.571 V/talkback: FeedbackFragmentsIterator( 6799): onFragmentRangeStarted ,  speak word = off
04-05 19:16:57.572 I/BtGatt.ScanHelper( 3694): onScanResult to scannerId: 5- eventType=0x10, addressType=1, address=XX:XX:XX:XX:4C:1F, primaryPhy=1, secondaryPhy=0, advertisingSid=0xff, txPower=127, rssi=-58, periodicAdvInt=0x0
04-05 19:16:57.582 I/BtGatt.ScanHelper( 3694): onScanResult to scannerId: 5- eventType=0x1b, addressType=0, address=XX:XX:XX:XX:14:6B, primaryPhy=1, secondaryPhy=0, advertisingSid=0xff, txPower=127, rssi=-61, periodicAdvInt=0x0
04-05 19:16:57.585 I/SeslTouchTargetDelegate(10006): SeslTouchTargetDelegate does not support accessibility because it cannot support multi-touch delegation with AOSP View
04-05 19:16:57.592 I/BtGatt.ScanHelper( 3694): onScanResult to scannerId: 5- eventType=0x1b, addressType=0, address=XX:XX:XX:XX:C0:CC, primaryPhy=1, secondaryPhy=0, advertisingSid=0xff, txPower=127, rssi=-71, periodicAdvInt=0x0
04-05 19:16:57.593 D/[+0900]oneconnect[1.8.45.11_01][CORE]( 9893): BleParserForSamsungConnect.parseSamsungConnectPacket_V3 - customDataLen : 10
04-05 19:16:57.593 D/[+0900]oneconnect[1.8.45.11_01][CORE]( 9893): BleParserForSamsungConnect.parseSamsungConnectPacket_V3 - identifierType : 2. identifierValue = 626V
