04-05 19:16:57.832 I/BtGatt.ScanHelper( 3694): onScanResult to scannerId: 5- eventType=0x1b, addressType=0, address=XX:XX:XX:XX:14:6B, primaryPhy=1, secondaryPhy=0, advertisingSid=0xff, txPower=127, rssi=-61, periodicAdvInt=0x0
04-05 19:16:57.844 I/HYPER-HAL( 1549): [RequestManager.cpp]acquire(): Acquired ID : 1245855  [1554 / 24]    HINT :      list : [UCLAMP_MIN_BOOST / 0] [TID / 3755] [TID / 3756] [TID / 3535] [TID / 3753] 
04-05 19:16:57.857 I/BtGatt.ScanHelper( 3694): onScanResult to scannerId: 5- eventType=0x1b, addressType=1, address=XX:XX:XX:XX:B8:17, primaryPhy=1, secondaryPhy=0, advertisingSid=0xff, txPower=127, rssi=-68, periodicAdvInt=0x0
04-05 19:16:57.877 I/BtGatt.ScanHelper( 3694): onScanResult to scannerId: 5- eventType=0x10, addressType=1, address=XX:XX:XX:XX:4C:1F, primaryPhy=1, secondaryPhy=0, advertisingSid=0xff, txPower=127, rssi=-58, periodicAdvInt=0x0
04-05 19:16:57.913 I/BtGatt.ScanHelper( 3694): onScanResult to scannerId: 5- eventType=0x10, addressType=0, address=XX:XX:XX:XX:6C:F8, primaryPhy=1, secondaryPhy=0, advertisingSid=0xff, txPower=127, rssi=-72, periodicAdvInt=0x0
04-05 19:16:57.919 I/[+0900]oneconnect[1.8.45.11_01][CORE]( 9893): BleParserForDaDevice.parseBlePacket - DeviceBleDa : [name]($)-A(11)[BleMac]($)40:CA[DeviceType]AIR_PURIFIER[DeviceInfoVersion]0[DeviceStatus]-128,
04-05 19:16:57.934 D/SemWifiUsabilityStatsMonitor( 2531): onWifiUsabilityStats - seqNum 340555, isSameBssidAndFreq true
04-05 19:16:57.936 D/Tile.WifiTile( 3535): handleUpdateState isTransient=false transientEnabling =false cb.isTransient=false state.state = 2 mStateBeforeClick.value =false enabled =true
04-05 19:16:57.938 D/SGM:GameManager( 2531): identifyGamePackage. com.samsung.android.oneconnect, mCurrentUserId: 0, callerUserId: 0, callingMethodInfo: com.samsung.android.game.SemGameManager.isGamePackage(SemGameManager.java:105)
04-05 19:16:57.938 D/SGM:SemGameManager( 2531): isGamePackage(), pkgName=com.samsung.android.oneconnect, ret=false
04-05 19:16:57.951 I/LayerHistory( 1674): StatusBar$_3535#133 is infrequent
04-05 19:16:57.951 I/LayerHistory( 1674): NavigationBar0$_3535#129 Max (can't resolve refresh rate)
04-05 19:16:57.951 I/SurfaceFlinger( 1674): Weight ignores NavigationBar0$_3535#129 (type=Max, weight=0.05, seamlessness=Default) 0.00 Hz's 120.00 Hz
04-05 19:16:57.951 I/SurfaceFlinger( 1674): scored - choose 60.00 Hz
04-05 19:16:57.951 I/HWComposer( 1674): [4630946564756762243] ActiveConfigToHWC, ID : 2
04-05 19:16:57.952 I/vendor.qti.bluetooth@1.1-ibs_handler( 1531): ProcessIbsCmd: Received IBS_SLEEP_IND: 0xFE
04-05 19:16:57.952 D/LocalDisplayAdapter( 2531): updateActiveModeLocked for d=4630946564756762243, mActiveModeId=3, mActiveSfDisplayMode=DisplayMode{id=2, width=1080, height=2640, xDpi=428.625, yDpi=424.405, peakRefreshRate=60.000004, vsyncRate=60.000004, appVsyncOffsetNanos=0, presentationDeadlineNanos=17666666, supportedHdrTypes=[4, 2, 3], group=1080}
04-05 19:16:57.952 I/SDM     ( 1568): HWDeviceDRM::SetDisplaySwitchMode: [DispConfigs] check hs_mode 3
04-05 19:16:57.952 W/SDM     ( 1568): HWDeviceDRM::GetSupportedBitClkRate: Requested rate not supported: 954000000
04-05 19:16:57.953 W/SDM     ( 1568): HWDeviceDRM::GetSupportedBitClkRate: Requested rate not supported: 954000000
04-05 19:16:57.953 I/SDM     ( 1568): HWDeviceDRM::SetDisplaySwitchMode: [DispConfigs] Set mode index:3 1080x2640x60xcmdPHS, hs_mode(3), found_mode(1)
04-05 19:16:57.953 I/DisplayDeviceRepository( 2531): Display device changed render timings: "Built-in Screen", renderFrameRate=60.000004, presentationDeadlineNanos=17666666, appVsyncOffsetNanos=0
04-05 19:16:57.953 I/SDM     ( 1568): HWDeviceDRM::UpdateMixerAttributes: Mixer WxH 1080x2640-1 for Peripheral
04-05 19:16:57.953 I/SDM     ( 1568): HWCDisplay::SubmitDisplayConfig: Active configuration changed from config 0 to 2
04-05 19:16:57.957 D/LiftUpHandler( 2531): [LTW] Stopped already.
04-05 19:16:57.957 D/BrightnessThermalClamper( 2531): Thermal status observer already started
04-05 19:16:57.958 I/VSyncReactor( 1674): Current= 120, Period= 60, hwcPeriod= 60
04-05 19:16:57.958 D/AudioFlinger( 1665): setParameters: filtered dev setParameters keyvalue screen_state=on
04-05 19:16:57.959 D/AHAL: AudioDevice( 1530): SetParameters: 1865: enter
04-05 19:16:57.959 D/AHAL: AudioVoice( 1530): VoiceSetParameters: 200: Enter
04-05 19:16:57.959 D/AHAL: AudioVoice( 1530): VoiceSetParameters: 479: Exit ret: 0
04-05 19:16:57.959 D/AHAL: hfp( 1530): hfp_set_parameters: 444: enter
04-05 19:16:57.959 D/AHAL: AudioDevice( 1530): SetParameters: 1945:  - screen = on
04-05 19:16:57.959 I/PAL: ResourceManager( 1530): setParameter: 10683: Screen State:1
04-05 19:16:57.959 D/AHAL: AudioDevice( 1530): SetParameters: 2798: exit: screen_state=on
04-05 19:16:57.959 D/SGM:GameManager( 2531): onDisplayChanged. displyId: 0, state: 2
04-05 19:16:57.959 D/AODManagerService( 2531): requestReCalToTSP IsSingleTouchMode = falserequestedReCalToTSP = false / previousDisplayState = ON
04-05 19:16:57.960 D/SGM:FgCheckThread( 2531): onLooperPrepared(), msg: MSG_LCD_ON
04-05 19:16:57.961 I/VRI[RecentsTransitionOverlay]@5f3b691( 4205): onDisplayChanged oldDisplayState=2 newDisplayState=2
04-05 19:16:57.961 I/VRI[PointerLocation - display 0]@f6c4ddd( 2531): onDisplayChanged oldDisplayState=2 newDisplayState=2
04-05 19:16:57.962 I/VRI[LauncherActivity]@ea77e0a( 4205): onDisplayChanged oldDisplayState=2 newDisplayState=2
04-05 19:16:57.962 I/VRI[CocktailBarService]@d02f544( 4205): onDisplayChanged oldDisplayState=2 newDisplayState=2
04-05 19:16:57.962 I/VRI[RecentsActivity]@85b79c3( 4205): onDisplayChanged oldDisplayState=2 newDisplayState=2
04-05 19:16:57.962 I/HoneySpace.RefreshRateSource( 4205): singleFrameMs 16
04-05 19:16:57.962 I/HoneySpace.Memory-Monitor( 4205): current state = 2, didTrim = false
04-05 19:16:57.962 I/VRI[LauncherActivity]@b936d97( 4970): onDisplayChanged oldDisplayState=2 newDisplayState=2
04-05 19:16:57.962 I/VRI[InputMethod]@d7ba765(14535): onDisplayChanged oldDisplayState=2 newDisplayState=2
04-05 19:16:57.964 D/RefreshRateModeManager( 2531): updateDefaultDisplayToken: android.os.BinderProxy@a8c68b1, isChanged: false
04-05 19:16:57.965 I/VRI[SCMainActivity]@7225dd0(10006): onDisplayChanged oldDisplayState=2 newDisplayState=2
04-05 19:16:57.965 I/VRI[SettingsPreferencesActivity]@c22e35f(10006): onDisplayChanged oldDisplayState=2 newDisplayState=2
04-05 19:16:57.965 I/VRI[ShellDropTarget]@7c0d3f( 3535): onDisplayChanged oldDisplayState=2 newDisplayState=2
04-05 19:16:57.965 D/DisplayLifecycle( 3535): updateDisplay id = 0
04-05 19:16:57.966 I/VRI[LockscreenShortcutBlur]@58e08b1( 3535): onDisplayChanged oldDisplayState=2 newDisplayState=2
04-05 19:16:57.966 I/VRI[NavigationBar0]@fa5d5fb( 3535): onDisplayChanged oldDisplayState=2 newDisplayState=2
04-05 19:16:57.966 I/VRI[NotificationShade]@f9f75bb( 3535): onDisplayChanged oldDisplayState=2 newDisplayState=2
04-05 19:16:57.966 I/VRI[StatusBar]@fa8e133( 3535): onDisplayChanged oldDisplayState=2 newDisplayState=2
04-05 19:16:57.966 I/VRI[Bouncer]@82a8255( 3535): onDisplayChanged oldDisplayState=2 newDisplayState=2
04-05 19:16:57.966 D/StackScroller( 3535): onDisplayChanged for predraw skip to 2
04-05 19:16:57.966 I/vendor.qti.bluetooth@1.1-ibs_handler( 1531): ProcessIbsCmd: Received IBS_WAKE_IND: 0xFD
04-05 19:16:57.966 I/vendor.qti.bluetooth@1.1-ibs_handler( 1531): ProcessIbsCmd: Writing IBS_WAKE_ACK
04-05 19:16:57.966 D/WifiDisplayAdapter( 2531): isFitToActiveDisplayLocked : false
04-05 19:16:57.983 I/BtGatt.ScanHelper( 3694): onScanResult to scannerId: 5- eventType=0x10, addressType=1, address=XX:XX:XX:XX:4C:1F, primaryPhy=1, secondaryPhy=0, advertisingSid=0xff, txPower=127, rssi=-58, periodicAdvInt=0x0
04-05 19:16:58.032 I/BtGatt.ScanHelper( 3694): onScanResult to scannerId: 2- eventType=0x1b, addressType=1, address=XX:XX:XX:XX:2B:71, primaryPhy=1, secondaryPhy=0, advertisingSid=0xff, txPower=127, rssi=-61, periodicAdvInt=0x0
04-05 19:16:58.033 I/BtGatt.ScanHelper( 3694): onScanResult to scannerId: 5- eventType=0x1b, addressType=1, address=XX:XX:XX:XX:2B:71, primaryPhy=1, secondaryPhy=0, advertisingSid=0xff, txPower=127, rssi=-61, periodicAdvInt=0x0
04-05 19:16:58.069 I/vendor.qti.bluetooth@1.1-ibs_handler( 1531): ProcessIbsCmd: Received IBS_SLEEP_IND: 0xFE
04-05 19:16:58.076 I/vendor.qti.bluetooth@1.1-ibs_handler( 1531): ProcessIbsCmd: Received IBS_WAKE_IND: 0xFD
04-05 19:16:58.076 I/vendor.qti.bluetooth@1.1-ibs_handler( 1531): ProcessIbsCmd: Writing IBS_WAKE_ACK
04-05 19:16:58.081 I/BtGatt.ScanHelper( 3694): onScanResult to scannerId: 5- eventType=0x1b, addressType=0, address=XX:XX:XX:XX:14:6B, primaryPhy=1, secondaryPhy=0, advertisingSid=0xff, txPower=127, rssi=-63, periodicAdvInt=0x0
04-05 19:16:58.090 I/BtGatt.ScanHelper( 3694): onScanResult to scannerId: 5- eventType=0x10, addressType=1, address=XX:XX:XX:XX:4C:1F, primaryPhy=1, secondaryPhy=0, advertisingSid=0xff, txPower=127, rssi=-57, periodicAdvInt=0x0
04-05 19:16:58.092 I/BtGatt.ScanHelper( 3694): onScanResult to scannerId: 5- eventType=0x1b, addressType=1, address=XX:XX:XX:XX:89:32, primaryPhy=1, secondaryPhy=0, advertisingSid=0xff, txPower=127, rssi=-89, periodicAdvInt=0x0
04-05 19:16:58.113 I/BtGatt.ScanHelper( 3694): onScanResult to scannerId: 3- eventType=0x1b, addressType=0, address=XX:XX:XX:XX:39:BD, primaryPhy=1, secondaryPhy=0, advertisingSid=0xff, txPower=127, rssi=-69, periodicAdvInt=0x0
04-05 19:16:58.114 I/BtGatt.ScanHelper( 3694): onScanResult to scannerId: 5- eventType=0x1b, addressType=0, address=XX:XX:XX:XX:39:BD, primaryPhy=1, secondaryPhy=0, advertisingSid=0xff, txPower=127, rssi=-69, periodicAdvInt=0x0
04-05 19:16:58.115 D/[+0900]oneconnect[1.8.45.11_01][CORE]( 9893): BleParserForVD.parseTvPacket - |name:($)-[(26)|deviceType:TV|discoverType:_BLE|services:_TvSoundToMobile|connected:false[TvStatusString]POWER_ON[TvStatus]1[TvService]111[TvMirrorChannel]153[TvRegisteredDB][98, -106, 45, -14, -105, 126][TvYear]2016[TvOcfInfo]0[TvAcmStatus]0[ExTvStatus]0[ExtendedStatus]-1[ModuloSn]-1
04-05 19:16:58.116 I/[+0900]oneconnect[1.8.45.11_01][CORE]( 9893): DataConvert.parseBleVd - deviceBle : |name:($)-[(26)|deviceType:TV|discoverType:_BLE|services:_TvSoundToMobile|connected:false[TvStatusString]POWER_ON[TvStatus]1[TvService]111[TvMirrorChannel]153[TvRegisteredDB][98, -106, 45, -14, -105, 126][TvYear]2016[TvOcfInfo]0[TvAcmStatus]0[ExTvStatus]0[ExtendedStatus]-1[ModuloSn]-1
04-05 19:16:58.120 D/[+0900]oneconnect[1.8.45.11_01][BEACON_MANAGER_CONTROL_SERVICE]( 6389): BleParserForVD.parseTvPacket - |name:($)-[(26)|deviceType:TV|discoverType:_BLE|services:_TvSoundToMobile|connected:false[TvStatusString]POWER_ON[TvStatus]1[TvService]111[TvMirrorChannel]153[TvRegisteredDB][98, -106, 45, -14, -105, 126][TvYear]2016[TvOcfInfo]0[TvAcmStatus]0[ExTvStatus]0[ExtendedStatus]-1[ModuloSn]-1
04-05 19:16:58.121 D/[+0900]oneconnect[1.8.45.11_01][BEACON_MANAGER_CONTROL_SERVICE]( 6389): QcDevice.updateServiceTv -  Name: ($)-[(26) WithTvSupport: true Tv Activated: true SmartlyConnect: false
04-05 19:16:58.121 D/[+0900]oneconnect[1.8.45.11_01][BEACON_MANAGER_CONTROL_SERVICE]( 6389): QcDevice.updateService -  Name: ($)-[(26) Services: _TvToMobile_RegisterTv_TvSoundToMobile_ScreenSharing
04-05 19:16:58.121 D/WifiDisplayAdapter( 2531): getWifiDisplayStatusLocked: result=WifiDisplayStatus{featureState=2, scanState=0, activeDisplayState=0, activeDisplay=null, displays=[], sessionInfo=WifiDisplaySessionInfo:
04-05 19:16:58.121 D/WifiDisplayAdapter( 2531):     Client/Owner: Client
04-05 19:16:58.121 D/WifiDisplayAdapter( 2531):     GroupId: 
04-05 19:16:58.121 D/WifiDisplayAdapter( 2531):     Passphrase: 
04-05 19:16:58.121 D/WifiDisplayAdapter( 2531):     SessionId: 0
04-05 19:16:58.121 D/WifiDisplayAdapter( 2531):     IP Address: }
04-05 19:16:58.122 D/WifiDisplayAdapter( 2531): getWifiDisplayStatusLocked: result=WifiDisplayStatus{featureState=2, scanState=0, activeDisplayState=0, activeDisplay=null, displays=[], sessionInfo=WifiDisplaySessionInfo:
04-05 19:16:58.122 D/WifiDisplayAdapter( 2531):     Client/Owner: Client
04-05 19:16:58.122 D/WifiDisplayAdapter( 2531):     GroupId: 
04-05 19:16:58.122 D/WifiDisplayAdapter( 2531):     Passphrase: 
04-05 19:16:58.122 D/WifiDisplayAdapter( 2531):     SessionId: 0
04-05 19:16:58.122 D/WifiDisplayAdapter( 2531):     IP Address: }
04-05 19:16:58.123 D/[+0900]oneconnect[1.8.45.11_01][BEACON_MANAGER_CONTROL_SERVICE]( 6389): WfdUtil.isWfdConnected -  >> false
04-05 19:16:58.123 I/BtGatt.ScanHelper( 3694): onScanResult to scannerId: 5- eventType=0x1b, addressType=0, address=XX:XX:XX:XX:B8:40, primaryPhy=1, secondaryPhy=0, advertisingSid=0xff, txPower=127, rssi=-88, periodicAdvInt=0x0
04-05 19:16:58.123 D/WifiDisplayAdapter( 2531): getWifiDisplayStatusLocked: result=WifiDisplayStatus{featureState=2, scanState=0, activeDisplayState=0, activeDisplay=null, displays=[], sessionInfo=WifiDisplaySessionInfo:
04-05 19:16:58.123 D/WifiDisplayAdapter( 2531):     Client/Owner: Client
04-05 19:16:58.123 D/WifiDisplayAdapter( 2531):     GroupId: 
04-05 19:16:58.123 D/WifiDisplayAdapter( 2531):     Passphrase: 
04-05 19:16:58.123 D/WifiDisplayAdapter( 2531):     SessionId: 0
04-05 19:16:58.123 D/WifiDisplayAdapter( 2531):     IP Address: }
04-05 19:16:58.123 D/WifiDisplayAdapter( 2531): getWifiDisplayStatusLocked: result=WifiDisplayStatus{featureState=2, scanState=0, activeDisplayState=0, activeDisplay=null, displays=[], sessionInfo=WifiDisplaySessionInfo:
04-05 19:16:58.123 D/WifiDisplayAdapter( 2531):     Client/Owner: Client
04-05 19:16:58.123 D/WifiDisplayAdapter( 2531):     GroupId: 
04-05 19:16:58.123 D/WifiDisplayAdapter( 2531):     Passphrase: 
04-05 19:16:58.123 D/WifiDisplayAdapter( 2531):     SessionId: 0
04-05 19:16:58.123 D/WifiDisplayAdapter( 2531):     IP Address: }
04-05 19:16:58.123 D/[+0900]oneconnect[1.8.45.11_01][BEACON_MANAGER_CONTROL_SERVICE]( 6389): WfdUtil.isWfdConnected -  >> false
04-05 19:16:58.123 D/[+0900]oneconnect[1.8.45.11_01][BEACON_MANAGER_CONTROL_SERVICE]( 6389): DexModeCompat.isDexModeEnabled - 
04-05 19:16:58.123 D/[+0900]oneconnect[1.8.45.11_01][BEACON_MANAGER_CONTROL_SERVICE]( 6389): DexModeUtil.getDexMode - not supported
04-05 19:16:58.123 I/[+0900]oneconnect[1.8.45.11_01][BEACON_MANAGER_CONTROL_SERVICE]( 6389): TvOcfParser.onReceive - TV Popup Onboarding is skipped - ($)
04-05 19:16:58.131 I/BtGatt.ScanHelper( 3694): onScanResult to scannerId: 5- eventType=0x1b, addressType=0, address=XX:XX:XX:XX:B8:40, primaryPhy=1, secondaryPhy=0, advertisingSid=0xff, txPower=127, rssi=-90, periodicAdvInt=0x0
04-05 19:16:58.132 D/[+0900]oneconnect[1.8.45.11_01][CORE]( 9893): BleParserForVD.parseTvPacket - |name:($)-[(22)|deviceType:REFRIGERATOR|discoverType:_BLE|services:None|connected:false[TvStatus]-128[TvService]7[TvMirrorChannel]1[TvRegisteredDB][-14, 0, 0, 0, 0, 0]
04-05 19:16:58.133 I/[+0900]oneconnect[1.8.45.11_01][CORE]( 9893): DataConvert.parseBleVd - deviceBle : |name:($)-[(22)|deviceType:REFRIGERATOR|discoverType:_BLE|services:None|connected:false[TvStatus]-128[TvService]7[TvMirrorChannel]1[TvRegisteredDB][-14, 0, 0, 0, 0, 0]
04-05 19:16:58.170 I/vendor.qti.bluetooth@1.1-ibs_handler( 1531): ProcessIbsCmd: Received IBS_SLEEP_IND: 0xFE
04-05 19:16:58.171 I/vendor.qti.bluetooth@1.1-ibs_handler( 1531): ProcessIbsCmd: Received IBS_WAKE_IND: 0xFD
04-05 19:16:58.171 I/vendor.qti.bluetooth@1.1-ibs_handler( 1531): ProcessIbsCmd: Writing IBS_WAKE_ACK
04-05 19:16:58.179 I/BtGatt.ScanHelper( 3694): onScanResult to scannerId: 5- eventType=0x1b, addressType=1, address=XX:XX:XX:XX:C4:A9, primaryPhy=1, secondaryPhy=0, advertisingSid=0xff, txPower=127, rssi=-46, periodicAdvInt=0x0
04-05 19:16:58.200 I/BtGatt.ScanHelper( 3694): onScanResult to scannerId: 5- eventType=0x10, addressType=1, address=XX:XX:XX:XX:4C:1F, primaryPhy=1, secondaryPhy=0, advertisingSid=0xff, txPower=127, rssi=-59, periodicAdvInt=0x0
04-05 19:16:58.200 D/IpClient/wlan0( 3654): interfaceLinkStateChanged: ifindex 45 up
04-05 19:16:58.207 I/BtGatt.ScanHelper( 3694): onScanResult to scannerId: 5- eventType=0x1b, addressType=1, address=XX:XX:XX:XX:AC:CC, primaryPhy=1, secondaryPhy=0, advertisingSid=0xff, txPower=127, rssi=-75, periodicAdvInt=0x0
04-05 19:16:58.207 I/BtGatt.ScanHelper( 3694): onScanResult to scannerId: 5- eventType=0x10, addressType=1, address=XX:XX:XX:XX:3D:96, primaryPhy=1, secondaryPhy=0, advertisingSid=0xff, txPower=127, rssi=-65, periodicAdvInt=0x0
04-05 19:16:58.210 I/sensors-hal( 1542): handle_sns_std_sensor_event:409, [SSC_LIGHT] P: 37(37),c:250,b:11,m:13,cl:4,l:37,s:36,l0:3536,l1:0,s0:3069,s1:0,acl:1,opr:0.92,f(r):93,u(bl):100,if:0,wi:0,si:1,po:101(N:0)
04-05 19:16:58.224 I/BtGatt.ScanHelper( 3694): onScanResult to scannerId: 5- eventType=0x10, addressType=0, address=XX:XX:XX:XX:6C:F8, primaryPhy=1, secondaryPhy=0, advertisingSid=0xff, txPower=127, rssi=-67, periodicAdvInt=0x0
04-05 19:16:58.230 I/[+0900]oneconnect[1.8.45.11_01][CORE]( 9893): BleParserForDaDevice.parseBlePacket - DeviceBleDa : [name]($)-A(11)[BleMac]($)40:CA[DeviceType]AIR_PURIFIER[DeviceInfoVersion]0[DeviceStatus]-128,
04-05 19:16:58.234 D/io_stats( 1074): !@   8,0 r 3441288 128131148 w 8259666 291158148 d 1043371 366145988 f 290018 1041293 iot 5343856 0 th 0 0 0 pt 0 inp 0 0 1169497.113
04-05 19:16:58.235 D/io_stats( 1074): !@ Read_top(KB): sh(18262) 1580 kworker/7:0H(3258) 100 kworker/u16:5(32487) 80
04-05 19:16:58.235 D/io_stats( 1074): !@ Write_top(KB): kworker/u16:1(21508) 1940 bility.talkback(6799) 16 roid.oneconnect(10006) 8
04-05 19:16:58.261 I/BtGatt.ScanHelper( 3694): onScanResult to scannerId: 5- eventType=0x1b, addressType=1, address=XX:XX:XX:XX:CA:E8, primaryPhy=1, secondaryPhy=0, advertisingSid=0xff, txPower=127, rssi=-70, periodicAdvInt=0x0
04-05 19:16:58.270 I/BtGatt.ScanHelper( 3694): onScanResult to scannerId: 5- eventType=0x1b, addressType=1, address=XX:XX:XX:XX:2B:FF, primaryPhy=1, secondaryPhy=0, advertisingSid=0xff, txPower=127, rssi=-82, periodicAdvInt=0x0
04-05 19:16:58.273 I/BtGatt.ScanHelper( 3694): onScanResult to scannerId: 5- eventType=0x1a, addressType=1, address=XX:XX:XX:XX:3D:98, primaryPhy=1, secondaryPhy=0, advertisingSid=0xff, txPower=127, rssi=-63, periodicAdvInt=0x0
04-05 19:16:58.275 I/BtGatt.ScanHelper( 3694): onScanResult to scannerId: 5- eventType=0x10, addressType=1, address=XX:XX:XX:XX:C8:05, primaryPhy=1, secondaryPhy=0, advertisingSid=0xff, txPower=127, rssi=-89, periodicAdvInt=0x0
04-05 19:16:58.276 I/BtGatt.ScanHelper( 3694): onScanResult to scannerId: 9- eventType=0x10, addressType=1, address=XX:XX:XX:XX:C8:05, primaryPhy=1, secondaryPhy=0, advertisingSid=0xff, txPower=127, rssi=-89, periodicAdvInt=0x0
04-05 19:16:58.279 I/BtGatt.ScanHelper( 3694): onScanResult to scannerId: 5- eventType=0x1b, addressType=0, address=XX:XX:XX:XX:B8:40, primaryPhy=1, secondaryPhy=0, advertisingSid=0xff, txPower=127, rssi=-89, periodicAdvInt=0x0
04-05 19:16:58.307 I/BtGatt.ScanHelper( 3694): onScanResult to scannerId: 2- eventType=0x1b, addressType=1, address=XX:XX:XX:XX:2B:71, primaryPhy=1, secondaryPhy=0, advertisingSid=0xff, txPower=127, rssi=-61, periodicAdvInt=0x0
04-05 19:16:58.308 I/BtGatt.ScanHelper( 3694): onScanResult to scannerId: 5- eventType=0x1b, addressType=1, address=XX:XX:XX:XX:2B:71, primaryPhy=1, secondaryPhy=0, advertisingSid=0xff, txPower=127, rssi=-61, periodicAdvInt=0x0
04-05 19:16:58.310 I/BtGatt.ScanHelper( 3694): onScanResult to scannerId: 3- eventType=0x1b, addressType=0, address=XX:XX:XX:XX:39:BD, primaryPhy=1, secondaryPhy=0, advertisingSid=0xff, txPower=127, rssi=-70, periodicAdvInt=0x0
04-05 19:16:58.311 I/BtGatt.ScanHelper( 3694): onScanResult to scannerId: 5- eventType=0x1b, addressType=0, address=XX:XX:XX:XX:39:BD, primaryPhy=1, secondaryPhy=0, advertisingSid=0xff, txPower=127, rssi=-70, periodicAdvInt=0x0
04-05 19:16:58.312 D/[+0900]oneconnect[1.8.45.11_01][CORE]( 9893): BleParserForVD.parseTvPacket - |name:($)-[(26)|deviceType:TV|discoverType:_BLE|services:_TvSoundToMobile|connected:false[TvStatusString]POWER_ON[TvStatus]1[TvService]111[TvMirrorChannel]153[TvRegisteredDB][98, -106, 45, -14, -105, 126][TvYear]2016[TvOcfInfo]0[TvAcmStatus]0[ExTvStatus]0[ExtendedStatus]-1[ModuloSn]-1
04-05 19:16:58.313 I/[+0900]oneconnect[1.8.45.11_01][CORE]( 9893): DataConvert.parseBleVd - deviceBle : |name:($)-[(26)|deviceType:TV|discoverType:_BLE|services:_TvSoundToMobile|connected:false[TvStatusString]POWER_ON[TvStatus]1[TvService]111[TvMirrorChannel]153[TvRegisteredDB][98, -106, 45, -14, -105, 126][TvYear]2016[TvOcfInfo]0[TvAcmStatus]0[ExTvStatus]0[ExtendedStatus]-1[ModuloSn]-1
04-05 19:16:58.315 I/BtGatt.ScanHelper( 3694): onScanResult to scannerId: 3- eventType=0x1b, addressType=0, address=XX:XX:XX:XX:39:BD, primaryPhy=1, secondaryPhy=0, advertisingSid=0xff, txPower=127, rssi=-70, periodicAdvInt=0x0
04-05 19:16:58.316 I/BtGatt.ScanHelper( 3694): onScanResult to scannerId: 5- eventType=0x1b, addressType=0, address=XX:XX:XX:XX:39:BD, primaryPhy=1, secondaryPhy=0, advertisingSid=0xff, txPower=127, rssi=-70, periodicAdvInt=0x0
04-05 19:16:58.317 D/[+0900]oneconnect[1.8.45.11_01][CORE]( 9893): BleParserForVD.parseTvPacket - (Extension)|name:($)-[(26)|deviceType:UNKNOWN|discoverType:_BLE|services:None|connected:false[Type]6[Index]0[MNID]0AJK[SETUPID]101[TvStatusString]EXTENSION[TvStatus]32[TvService]111[TvMirrorChannel]0[TvRegisteredDB]null[TvYear]2017[TvOcfInfo]7[TvAcmStatus]0[ExTvStatus]0[ExtendedStatus]0[ModuloSn]0
04-05 19:16:58.317 I/[+0900]oneconnect[1.8.45.11_01][CORE]( 9893): DataConvert.parseBleVd - deviceBle : |name:($)-[(26)|deviceType:UNKNOWN|discoverType:_BLE|services:None|connected:false[Type]6[Index]0[MNID]0AJK[SETUPID]101[TvStatusString]EXTENSION[TvStatus]32[TvService]111[TvMirrorChannel]0[TvRegisteredDB]null[TvYear]2017[TvOcfInfo]7[TvAcmStatus]0[ExTvStatus]0[ExtendedStatus]0[ModuloSn]0
04-05 19:16:58.324 I/BtGatt.ScanHelper( 3694): onScanResult to scannerId: 5- eventType=0x1b, addressType=0, address=XX:XX:XX:XX:14:6B, primaryPhy=1, secondaryPhy=0, advertisingSid=0xff, txPower=127, rssi=-62, periodicAdvInt=0x0
04-05 19:16:58.335 I/BtGatt.ScanHelper( 3694): onScanResult to scannerId: 5- eventType=0x1b, addressType=0, address=XX:XX:XX:XX:75:E9, primaryPhy=1, secondaryPhy=0, advertisingSid=0xff, txPower=127, rssi=-63, periodicAdvInt=0x0
04-05 19:16:58.348 I/vendor.qti.bluetooth@1.1-ibs_handler( 1531): DeviceSleep: TX Awake, Sending SLEEP_IND
04-05 19:16:58.358 I/BtGatt.ScanHelper( 3694): onScanResult to scannerId: 5- eventType=0x1b, addressType=1, address=XX:XX:XX:XX:46:D1, primaryPhy=1, secondaryPhy=0, advertisingSid=0xff, txPower=127, rssi=-46, periodicAdvInt=0x0
04-05 19:16:58.383 D/AudioTrack( 6816): stop(23030): called with 36000 frames delivered
04-05 19:16:58.385 V/AS.PlaybackActivityMon( 2531): playerEvent(piid=156695, event=PLAYER_STATE_STOPPED, eventValue=0)
04-05 19:16:58.385 V/AS.PlaybackActivityMon( 2531): dispatchPlaybackChange to 8 clients
04-05 19:16:58.386 D/MediaSessionService( 2531): Audio playback is changed, config=AudioPlaybackConfiguration piid:156695 deviceId:3 type:android.media.AudioTrack u/pid:1000/6816 state:stopped attr:AudioAttributes: usage=USAGE_ASSISTANCE_ACCESSIBILITY content=CONTENT_TYPE_UNKNOWN flags=0x900 tags= bundle=null sessionId:184049 mutedState:none  FormatInfo{isSpatialized=false, channelMask=0x1, sampleRate=24000}, removed=false
04-05 19:16:58.386 D/MediaSessionStack( 2531): updateMediaButtonSessionIfNeeded, callers=com.android.server.media.AudioPlayerStateMonitor$MessageHandler.handleMessage:19 android.os.Handler.dispatchMessage:107 
04-05 19:16:58.386 D/MediaSessionStack( 2531): updateMediaButtonSessionIfNeeded, skipping uid=1000
04-05 19:16:58.386 D/MediaSessionStack( 2531): updateMediaButtonSessionIfNeeded, skipping uid=10049
04-05 19:16:58.386 D/MediaSessionStack( 2531): updateMediaButtonSessionIfNeeded, skipping uid=10330
04-05 19:16:58.387 D/MediaRouterService( 2531): onAudioPlayerActiveStateChanged: uid=1000, active=false, delaying
04-05 19:16:58.388 D/SoundCraft.PlayingAudioConditionHandler( 3535): onPlaybackConfigChanged : lastStartedPackageName=null, lastStartedUid=-1, newStartedUid=-1, newStartPackageName=null, thread=Thread[RoutineHandlerThread,5,main]
04-05 19:16:58.389 V/AS.PlaybackActivityMon( 2531): releasePlayer() for piid=156695
04-05 19:16:58.389 V/AS.PlaybackActivityMon( 2531): DuckingManager: removedReleased() player piid: 156695 uid:1000
04-05 19:16:58.389 V/AS.FadeOutManager( 2531): removedReleased() player piid: 156695 uid:1000
04-05 19:16:58.389 V/AS.PlaybackActivityMon( 2531): dispatchPlaybackChange to 8 clients
04-05 19:16:58.390 D/[+0900]oneconnect[1.8.45.11_01][MAIN_UI](10006): MediaPlayContextDelegate.getCurrentPlayingContent - contentType : 1
04-05 19:16:58.390 D/[+0900]oneconnect[1.8.45.11_01][MAIN_UI](10006): MediaPlayContextDelegate.getCurrentPlayingContent - contentType : 4
04-05 19:16:58.390 D/[+0900]oneconnect[1.8.45.11_01][MAIN_UI](10006): MediaPlayContextDelegate.getCurrentPlayingContent - contentType : 4
04-05 19:16:58.390 D/[+0900]oneconnect[1.8.45.11_01][MAIN_UI](10006): MediaPlayContextDelegate.getCurrentPlayingContent - contentType : 4
04-05 19:16:58.390 D/[+0900]oneconnect[1.8.45.11_01][MAIN_UI](10006): MediaPlayContextDelegate.getCurrentPlayingContent - contentType : 4
04-05 19:16:58.390 D/[+0900]oneconnect[1.8.45.11_01][MAIN_UI](10006): MediaPlayContextDelegate.getCurrentPlayingContent - contentType : 4
04-05 19:16:58.390 D/[+0900]oneconnect[1.8.45.11_01][MAIN_UI](10006): MediaPlayContextDelegate.getCurrentPlayingContent - contentType : 1
04-05 19:16:58.390 D/talkback: FailoverTextToSpeech( 6799): Received callback for "talkback_866", returned true
04-05 19:16:58.391 V/talkback: SpeechControllerImpl( 6799): No next item, stopping speech queue
04-05 19:16:58.392 I/MediaFocusControl( 2531): abandonAudioFocus() from uid/pid 10155/6799 clientId=android.media.AudioManager@25659cacom.google.android.accessibility.utils.output.SpeechControllerImpl$5@a5bf73b callingPack=com.samsung.android.accessibility.talkback
04-05 19:16:58.392 D/AS.AudioService( 2531): [Android Auto] isConnectedAndroidAuto = false
04-05 19:16:58.392 D/MediaFocusControl( 2531): abandonAudioFocus, clientId = android.media.AudioManager@25659cacom.google.android.accessibility.utils.output.SpeechControllerImpl$5@a5bf73b
04-05 19:16:58.392 D/[+0900]oneconnect[1.8.45.11_01][MAIN_UI](10006): MediaPlayContextDelegate.getCurrentPlayingContent - contentType : 1
04-05 19:16:58.392 D/[+0900]oneconnect[1.8.45.11_01][MAIN_UI](10006): MediaPlayContextDelegate.getCurrentPlayingContent - contentType : 4
04-05 19:16:58.392 D/MediaFocusControl( 2531): selectFocusStack, uid = 10155, appDevice = 0, device = 2
04-05 19:16:58.392 D/[+0900]oneconnect[1.8.45.11_01][MAIN_UI](10006): MediaPlayContextDelegate.getCurrentPlayingContent - contentType : 4
04-05 19:16:58.392 D/[+0900]oneconnect[1.8.45.11_01][MAIN_UI](10006): MediaPlayContextDelegate.getCurrentPlayingContent - contentType : 4
04-05 19:16:58.392 I/MediaFocusControl( 2531): removeFocusStackEntry client:android.media.AudioManager@25659cacom.google.android.accessibility.utils.output.SpeechControllerImpl$5@a5bf73b
04-05 19:16:58.392 D/[+0900]oneconnect[1.8.45.11_01][MAIN_UI](10006): MediaPlayContextDelegate.getCurrentPlayingContent - contentType : 4
04-05 19:16:58.392 D/[+0900]oneconnect[1.8.45.11_01][MAIN_UI](10006): MediaPlayContextDelegate.getCurrentPlayingContent - contentType : 4
04-05 19:16:58.392 D/[+0900]oneconnect[1.8.45.11_01][MAIN_UI](10006): MediaPlayContextDelegate.getCurrentPlayingContent - contentType : 1
04-05 19:16:58.393 D/SoundCraft.PlayingAudioConditionHandler( 3535): onPlaybackConfigChanged : lastStartedPackageName=null, lastStartedUid=-1, newStartedUid=-1, newStartPackageName=null, thread=Thread[RoutineHandlerThread,5,main]
04-05 19:16:58.394 I/BtGatt.ScanHelper( 3694): onScanResult to scannerId: 5- eventType=0x1b, addressType=1, address=XX:XX:XX:XX:6B:69, primaryPhy=1, secondaryPhy=0, advertisingSid=0xff, txPower=127, rssi=-63, periodicAdvInt=0x0
04-05 19:16:58.394 D/talkback: CallStateMonitor( 6799): Stop monitoring call state.
04-05 19:16:58.394 I/BtGatt.ScanHelper( 3694): onScanResult to scannerId: 5- eventType=0x10, addressType=1, address=XX:XX:XX:XX:3D:96, primaryPhy=1, secondaryPhy=0, advertisingSid=0xff, txPower=127, rssi=-63, periodicAdvInt=0x0
04-05 19:16:58.396 D/talkback: Pipeline( 6799): execute() feedback=Feedback{eventId=null, failovers=[Part= speech= action=SPEAK  text="Showing screen"  hint= null  hintSpeakOptions= null    ]}
04-05 19:16:58.396 D/talkback: Actors( 6799): act() eventId=null part=Part= speech= action=SPEAK  text="Showing screen"  hint= null  hintSpeakOptions= null    
04-05 19:16:58.396 V/talkback: SpeechControllerImpl( 6799): Voice feedback is off.
04-05 19:16:58.396 V/talkback: Pipeline( 6799): execute() success=true for part=Part= speech= action=SPEAK  text="Showing screen"  hint= null  hintSpeakOptions= null    
04-05 19:16:58.396 V/talkback: FullScreenReadActor( 6799): Continuous reading switching to mode: 0
04-05 19:16:58.396 V/talkback: SpeechControllerImpl( 6799): interrupt, stopTtsSpeechCompletely=false
04-05 19:16:58.399 I/SamsungTTS( 6816): [Synthesize] request = en-US-default
04-05 19:16:58.399 D/VibratorManagerService( 2531): Canceling vibration
04-05 19:16:58.399 I/SamsungTTS( 6816): [loadLanguage] : eng-USA-[l03]
04-05 19:16:58.399 I/SamsungTTS( 6816): [Synthesize] Empty input. Caller[10155-com.samsung.android.accessibility.talkback]
04-05 19:16:58.399 W/ContextImpl( 6816): Calling a method in the system process without a qualified user: android.app.ContextImpl.sendBroadcast:1314 android.content.ContextWrapper.sendBroadcast:515 android.speech.tts.TextToSpeechService$SynthThread.broadcastTtsQueueProcessingCompleted:471 android.speech.tts.TextToSpeechService$SynthThread.queueIdle:463 android.os.MessageQueue.next:424 
04-05 19:16:58.400 V/APM_AudioPolicyManager( 1665): selectOutput new bestOutput 13 criteria 0 100 0 0 0 0 0 2 
04-05 19:16:58.400 V/APM_AudioPolicyManager( 1665): selectOutput new bestOutput 21 criteria 0 100 0 0 0 1 0 0 
04-05 19:16:58.400 V/APM_AudioPolicyManager( 1665): getOutput() stream 3 selected devices {AUDIO_DEVICE_OUT_SPEAKER, @:}, output 21
04-05 19:16:58.401 V/APM_AudioPolicyManager( 1665): selectOutput new bestOutput 13 criteria 0 100 0 0 0 0 0 2 
04-05 19:16:58.401 V/APM_AudioPolicyManager( 1665): selectOutput new bestOutput 21 criteria 0 100 0 0 0 1 0 0 
04-05 19:16:58.401 V/APM_AudioPolicyManager( 1665): getOutput() stream 3 selected devices {AUDIO_DEVICE_OUT_SPEAKER, @:}, output 21
04-05 19:16:58.402 V/APM_AudioPolicyManager( 1665): selectOutput new bestOutput 13 criteria 0 100 0 0 0 0 0 2 
04-05 19:16:58.402 V/APM_AudioPolicyManager( 1665): selectOutput new bestOutput 21 criteria 0 100 0 0 0 1 0 0 
04-05 19:16:58.402 V/APM_AudioPolicyManager( 1665): getOutput() stream 3 selected devices {AUDIO_DEVICE_OUT_SPEAKER, @:}, output 21
04-05 19:16:58.404 I/BtGatt.ScanHelper( 3694): onScanResult to scannerId: 3- eventType=0x1b, addressType=0, address=XX:XX:XX:XX:39:BD, primaryPhy=1, secondaryPhy=0, advertisingSid=0xff, txPower=127, rssi=-69, periodicAdvInt=0x0
04-05 19:16:58.404 I/BtGatt.ScanHelper( 3694): onScanResult to scannerId: 5- eventType=0x1b, addressType=0, address=XX:XX:XX:XX:39:BD, primaryPhy=1, secondaryPhy=0, advertisingSid=0xff, txPower=127, rssi=-69, periodicAdvInt=0x0
04-05 19:16:58.404 D/talkback: BrailleDisplay( 6799): BrailleDisplay: stop
04-05 19:16:58.405 I/talkback: BrailleDisplay( 6799): UsbConnectManager: disconnect: false
04-05 19:16:58.405 D/[+0900]oneconnect[1.8.45.11_01][CORE]( 9893): BleParserForVD.parseTvPacket - |name:($)-[(26)|deviceType:TV|discoverType:_BLE|services:_TvSoundToMobile|connected:false[TvStatusString]POWER_ON[TvStatus]1[TvService]111[TvMirrorChannel]153[TvRegisteredDB][98, -106, 45, -14, -105, 126][TvYear]2016[TvOcfInfo]0[TvAcmStatus]0[ExTvStatus]0[ExtendedStatus]-1[ModuloSn]-1
04-05 19:16:58.405 D/talkback: BrailleDisplay( 6799): Connectioneer: serviceEnabled: false, userSettingEnabled: false
04-05 19:16:58.405 D/talkback: BrailleDisplay( 6799): BtConnectManager: stopScan STOP_STOPPED
04-05 19:16:58.405 I/[+0900]oneconnect[1.8.45.11_01][CORE]( 9893): DataConvert.parseBleVd - deviceBle : |name:($)-[(26)|deviceType:TV|discoverType:_BLE|services:_TvSoundToMobile|connected:false[TvStatusString]POWER_ON[TvStatus]1[TvService]111[TvMirrorChannel]153[TvRegisteredDB][98, -106, 45, -14, -105, 126][TvYear]2016[TvOcfInfo]0[TvAcmStatus]0[ExTvStatus]0[ExtendedStatus]-1[ModuloSn]-1
04-05 19:16:58.405 D/talkback: BrailleDisplay( 6799): BtConnectManager: disconnect
04-05 19:16:58.405 I/talkback: BrailleDisplay( 6799): UsbConnectManager: disconnect: false
04-05 19:16:58.406 V/talkback: FullScreenReadActor( 6799): Continuous reading switching to mode: 0
04-05 19:16:58.406 V/talkback: CustomLabelManager( 6799): Shutdown requested.
04-05 19:16:58.406 V/talkback: CustomLabelManager( 6799): All tasks completed and shutdown requested.  Releasing database.
04-05 19:16:58.409 I/BtGatt.ScanHelper( 3694): onScanResult to scannerId: 3- eventType=0x1b, addressType=0, address=XX:XX:XX:XX:39:BD, primaryPhy=1, secondaryPhy=0, advertisingSid=0xff, txPower=127, rssi=-69, periodicAdvInt=0x0
04-05 19:16:58.409 V/APM_AudioPolicyManager( 1665): getOutputForAttrInt() attributes={ Content type: AUDIO_CONTENT_TYPE_UNKNOWN Usage: AUDIO_USAGE_ASSISTANCE_ACCESSIBILITY Source: AUDIO_SOURCE_INVALID Flags: 0x900 Tags:  } stream=AUDIO_STREAM_ACCESSIBILITY session 184057 selectedDeviceId 0
04-05 19:16:58.410 I/BtGatt.ScanHelper( 3694): onScanResult to scannerId: 5- eventType=0x1b, addressType=0, address=XX:XX:XX:XX:39:BD, primaryPhy=1, secondaryPhy=0, advertisingSid=0xff, txPower=127, rssi=-69, periodicAdvInt=0x0
04-05 19:16:58.410 V/APM_AudioPolicyManager( 1665): getOutputForAttrInt() device {AUDIO_DEVICE_OUT_SPEAKER, @:}, sampling rate 24000, format 0x1, channel mask 0x1, flags 0x4 stream AUDIO_STREAM_ACCESSIBILITY
04-05 19:16:58.410 V/APM_AudioPolicyManager( 1665): selectOutput new bestOutput 13 criteria 0 100 0 0 0 0 4 2 
04-05 19:16:58.410 V/APM_AudioPolicyManager( 1665): selectOutput new bestOutput 29 criteria 0 100 0 0 0 1 2 0 
04-05 19:16:58.410 V/APM_AudioPolicyManager( 1665): getOutputForAttrInt returns output 29 selectedDeviceId 3
04-05 19:16:58.410 V/APM_AudioPolicyManager( 1665): getOutputForAttr() returns output 29 requestedPortId 0 selectedDeviceId 3 for port ID 23031
04-05 19:16:58.410 I/AudioFlinger( 1665): nonSecFlag 4, secFlag 0, outputFlags 4
04-05 19:16:58.411 D/AudioFlinger( 1665): AUDIO_OUTPUT_FLAG_FAST denied: sharedBuffer=0x0 frameCount=4096 mFrameCount=192 format=0x1 mFormat=0x5 isLinear=1 channelMask=0x1 sampleRate=24000 mSampleRate=48000 hasFastMixer=1 tid=-1 fastTrackAvailMask=0xf8
04-05 19:16:58.411 D/[+0900]oneconnect[1.8.45.11_01][CORE]( 9893): BleParserForVD.parseTvPacket - (Extension)|name:($)-[(26)|deviceType:UNKNOWN|discoverType:_BLE|services:None|connected:false[Type]6[Index]0[MNID]0AJK[SETUPID]101[TvStatusString]EXTENSION[TvStatus]32[TvService]111[TvMirrorChannel]0[TvRegisteredDB]null[TvYear]2017[TvOcfInfo]7[TvAcmStatus]0[ExTvStatus]0[ExtendedStatus]0[ModuloSn]0
04-05 19:16:58.411 I/AudioFlinger( 1665): FastTrack denied, resize fc 1440
04-05 19:16:58.411 I/[+0900]oneconnect[1.8.45.11_01][CORE]( 9893): DataConvert.parseBleVd - deviceBle : |name:($)-[(26)|deviceType:UNKNOWN|discoverType:_BLE|services:None|connected:false[Type]6[Index]0[MNID]0AJK[SETUPID]101[TvStatusString]EXTENSION[TvStatus]32[TvService]111[TvMirrorChannel]0[TvRegisteredDB]null[TvYear]2017[TvOcfInfo]7[TvAcmStatus]0[ExTvStatus]0[ExtendedStatus]0[ModuloSn]0
04-05 19:16:58.411 D/AudioFlinger( 1665): Client defaulted notificationFrames to 480 for frameCount 4096
04-05 19:16:58.412 I/BCMGR[11.2.04.4](11787): BeaconMainController] onReceive - [1 : ST packet!][2 : ST packet!][3 : ST packet!][4 : ST packet!][5 : ST packet!][6 : ST packet!][7 : ST packet!][8 : ST packet!][9 : ST packet!][10 : ST packet!]
04-05 19:16:58.413 I/BtGatt.ScanHelper( 3694): onScanResult to scannerId: 5- eventType=0x10, addressType=1, address=XX:XX:XX:XX:4C:1F, primaryPhy=1, secondaryPhy=0, advertisingSid=0xff, txPower=127, rssi=-56, periodicAdvInt=0x0
04-05 19:16:58.414 I/AF::Track( 1665): setMixerOutConfig expectKey 202
04-05 19:16:58.414 I/AF::Track( 1665): setMixerOutConfig select, mixer out f 5, s 48000, thread out f 5, s 48000
04-05 19:16:58.416 V/AS.PlaybackActivityMon( 2531): trackPlayer() new piid=156703
04-05 19:16:58.416 V/talkback: ImageCaptioner( 6799): shutdownImageDescription isImageDescriptionProcessorInitializing=false
04-05 19:16:58.417 V/AS.PlaybackActivityMon( 2531): playerEvent(piid=156703, event=PLAYER_UPDATE_PORT_ID, eventValue=23031)
04-05 19:16:58.417 D/AudioTrack( 6816): setVolume(1.000000, 1.000000) pid : 6816
04-05 19:16:58.417 V/AS.PlaybackActivityMon( 2531): playerEvent(piid=156703, event=PLAYER_STATE_STOPPED, eventValue=0)
04-05 19:16:58.417 V/AS.PlaybackActivityMon( 2531): dispatchPlaybackChange to 7 clients
04-05 19:16:58.417 D/VibratorManagerService( 2531): Canceling vibration
04-05 19:16:58.418 V/talkback: SpeechControllerImpl( 6799): interrupt, stopTtsSpeechCompletely=false
04-05 19:16:58.418 V/APM_AudioPolicyManager( 1665): releaseOutput portId 23031
04-05 19:16:58.418 V/AS.PlaybackActivityMon( 2531): playerEvent(piid=156703, event=PLAYER_STATE_STOPPED, eventValue=0)
04-05 19:16:58.418 V/APM_AudioPolicyManager( 1665): releaseOutput() 29
04-05 19:16:58.419 I/SamsungTTS( 6816): [Synthesize] request = en-US-default
04-05 19:16:58.419 V/AS.PlaybackActivityMon( 2531): releasePlayer() for piid=156703
04-05 19:16:58.419 V/AS.PlaybackActivityMon( 2531): DuckingManager: removedReleased() player piid: 156703 uid:1000
04-05 19:16:58.419 V/AS.FadeOutManager( 2531): removedReleased() player piid: 156703 uid:1000
04-05 19:16:58.419 I/SamsungTTS( 6816): [loadLanguage] : eng-USA-[l03]
04-05 19:16:58.419 V/AS.PlaybackActivityMon( 2531): dispatchPlaybackChange to 7 clients
04-05 19:16:58.419 I/SamsungTTS( 6816): [Synthesize] Empty input. Caller[10155-com.samsung.android.accessibility.talkback]
04-05 19:16:58.419 D/audioserver( 1665): logFgsApiEnd: FGS Logger Transaction failed, -129
04-05 19:16:58.419 W/ContextImpl( 6816): Calling a method in the system process without a qualified user: android.app.ContextImpl.sendBroadcast:1314 android.content.ContextWrapper.sendBroadcast:515 android.speech.tts.TextToSpeechService$SynthThread.broadcastTtsQueueProcessingCompleted:471 android.speech.tts.TextToSpeechService$SynthThread.queueIdle:463 android.os.MessageQueue.next:424 
04-05 19:16:58.419 D/[+0900]oneconnect[1.8.45.11_01][MAIN_UI](10006): MediaPlayContextDelegate.getCurrentPlayingContent - contentType : 1
04-05 19:16:58.419 D/[+0900]oneconnect[1.8.45.11_01][MAIN_UI](10006): MediaPlayContextDelegate.getCurrentPlayingContent - contentType : 4
04-05 19:16:58.419 D/[+0900]oneconnect[1.8.45.11_01][MAIN_UI](10006): MediaPlayContextDelegate.getCurrentPlayingContent - contentType : 4
04-05 19:16:58.419 D/[+0900]oneconnect[1.8.45.11_01][MAIN_UI](10006): MediaPlayContextDelegate.getCurrentPlayingContent - contentType : 4
04-05 19:16:58.419 D/[+0900]oneconnect[1.8.45.11_01][MAIN_UI](10006): MediaPlayContextDelegate.getCurrentPlayingContent - contentType : 4
04-05 19:16:58.419 D/[+0900]oneconnect[1.8.45.11_01][MAIN_UI](10006): MediaPlayContextDelegate.getCurrentPlayingContent - contentType : 4
04-05 19:16:58.419 D/[+0900]oneconnect[1.8.45.11_01][MAIN_UI](10006): MediaPlayContextDelegate.getCurrentPlayingContent - contentType : 1
04-05 19:16:58.419 V/APM_AudioPolicyManager( 1665): selectOutput new bestOutput 13 criteria 0 100 0 0 0 0 0 2 
04-05 19:16:58.419 V/APM_AudioPolicyManager( 1665): selectOutput new bestOutput 21 criteria 0 100 0 0 0 1 0 0 
04-05 19:16:58.419 V/APM_AudioPolicyManager( 1665): getOutput() stream 3 selected devices {AUDIO_DEVICE_OUT_SPEAKER, @:}, output 21
04-05 19:16:58.419 V/APM_AudioPolicyManager( 1665): selectOutput new bestOutput 13 criteria 0 100 0 0 0 0 0 2 
04-05 19:16:58.420 V/APM_AudioPolicyManager( 1665): selectOutput new bestOutput 21 criteria 0 100 0 0 0 1 0 0 
04-05 19:16:58.420 V/APM_AudioPolicyManager( 1665): getOutput() stream 3 selected devices {AUDIO_DEVICE_OUT_SPEAKER, @:}, output 21
04-05 19:16:58.420 D/SoundCraft.PlayingAudioConditionHandler( 3535): onPlaybackConfigChanged : lastStartedPackageName=null, lastStartedUid=-1, newStartedUid=-1, newStartPackageName=null, thread=Thread[RoutineHandlerThread,5,main]
04-05 19:16:58.420 V/APM_AudioPolicyManager( 1665): selectOutput new bestOutput 13 criteria 0 100 0 0 0 0 0 2 
04-05 19:16:58.420 V/APM_AudioPolicyManager( 1665): selectOutput new bestOutput 21 criteria 0 100 0 0 0 1 0 0 
04-05 19:16:58.420 V/APM_AudioPolicyManager( 1665): getOutput() stream 3 selected devices {AUDIO_DEVICE_OUT_SPEAKER, @:}, output 21
04-05 19:16:58.420 D/SoundCraft.PlayingAudioConditionHandler( 3535): onPlaybackConfigChanged : lastStartedPackageName=null, lastStartedUid=-1, newStartedUid=-1, newStartPackageName=null, thread=Thread[RoutineHandlerThread,5,main]
04-05 19:16:58.421 D/[+0900]oneconnect[1.8.45.11_01][MAIN_UI](10006): MediaPlayContextDelegate.getCurrentPlayingContent - contentType : 1
04-05 19:16:58.421 D/[+0900]oneconnect[1.8.45.11_01][MAIN_UI](10006): MediaPlayContextDelegate.getCurrentPlayingContent - contentType : 4
04-05 19:16:58.421 D/[+0900]oneconnect[1.8.45.11_01][MAIN_UI](10006): MediaPlayContextDelegate.getCurrentPlayingContent - contentType : 4
04-05 19:16:58.421 D/[+0900]oneconnect[1.8.45.11_01][MAIN_UI](10006): MediaPlayContextDelegate.getCurrentPlayingContent - contentType : 4
04-05 19:16:58.421 D/[+0900]oneconnect[1.8.45.11_01][MAIN_UI](10006): MediaPlayContextDelegate.getCurrentPlayingContent - contentType : 4
04-05 19:16:58.421 D/[+0900]oneconnect[1.8.45.11_01][MAIN_UI](10006): MediaPlayContextDelegate.getCurrentPlayingContent - contentType : 4
04-05 19:16:58.421 D/[+0900]oneconnect[1.8.45.11_01][MAIN_UI](10006): MediaPlayContextDelegate.getCurrentPlayingContent - contentType : 1
04-05 19:16:58.421 W/ContextImpl( 6816): Calling a method in the system process without a qualified user: android.app.ContextImpl.sendBroadcast:1314 android.content.ContextWrapper.sendBroadcast:515 android.speech.tts.TextToSpeechService$SynthThread.broadcastTtsQueueProcessingCompleted:471 android.speech.tts.TextToSpeechService$SynthThread.queueIdle:463 android.os.MessageQueue.next:424 
04-05 19:16:58.421 V/talkback: SpeechControllerObserverInterpreter( 6799): Shutdown requested.
04-05 19:16:58.421 D/TextToSpeechManagerPerUserService( 2531): Unbinding TTS engine: com.samsung.SMT. Reason: client disconnection request
04-05 19:16:58.422 I/VRI[Screen search]@1c97192( 6799): onDisplayChanged oldDisplayState=2 newDisplayState=2
04-05 19:16:58.422 I/VRI[Screen search]@c91e2f9( 6799): onDisplayChanged oldDisplayState=2 newDisplayState=2
04-05 19:16:58.422 I/VRI[Screen search]@a882b40( 6799): onDisplayChanged oldDisplayState=2 newDisplayState=2
04-05 19:16:58.422 V/APM_AudioPolicyManager( 1665): getOutputForAttrInt() attributes={ Content type: AUDIO_CONTENT_TYPE_UNKNOWN Usage: AUDIO_USAGE_ASSISTANCE_ACCESSIBILITY Source: AUDIO_SOURCE_INVALID Flags: 0x900 Tags:  } stream=AUDIO_STREAM_ACCESSIBILITY session 184065 selectedDeviceId 0
04-05 19:16:58.422 V/APM_AudioPolicyManager( 1665): getOutputForAttrInt() device {AUDIO_DEVICE_OUT_SPEAKER, @:}, sampling rate 24000, format 0x1, channel mask 0x1, flags 0x4 stream AUDIO_STREAM_ACCESSIBILITY
04-05 19:16:58.422 V/APM_AudioPolicyManager( 1665): selectOutput new bestOutput 13 criteria 0 100 0 0 0 0 4 2 
04-05 19:16:58.422 V/APM_AudioPolicyManager( 1665): selectOutput new bestOutput 29 criteria 0 100 0 0 0 1 2 0 
04-05 19:16:58.422 V/APM_AudioPolicyManager( 1665): getOutputForAttrInt returns output 29 selectedDeviceId 3
04-05 19:16:58.422 V/APM_AudioPolicyManager( 1665): getOutputForAttr() returns output 29 requestedPortId 0 selectedDeviceId 3 for port ID 23032
04-05 19:16:58.422 I/AudioFlinger( 1665): nonSecFlag 4, secFlag 0, outputFlags 4
04-05 19:16:58.422 D/AudioFlinger( 1665): AUDIO_OUTPUT_FLAG_FAST denied: sharedBuffer=0x0 frameCount=4096 mFrameCount=192 format=0x1 mFormat=0x5 isLinear=1 channelMask=0x1 sampleRate=24000 mSampleRate=48000 hasFastMixer=1 tid=-1 fastTrackAvailMask=0xf8
04-05 19:16:58.422 I/AudioFlinger( 1665): FastTrack denied, resize fc 1440
04-05 19:16:58.422 D/AudioFlinger( 1665): Client defaulted notificationFrames to 480 for frameCount 4096
04-05 19:16:58.423 E/BRListParser( 2531): isInAllowList() Intent=android.intent.action.BOOT_COMPLETED Package=com.samsung.android.accessibility.talkback is not in allowlist!
04-05 19:16:58.423 D/ActivityManagerServiceExt( 2531): action:android.intent.action.BOOT_COMPLETED callerPackage:com.samsung.android.accessibility.talkback is not registered!
04-05 19:16:58.424 D/CompatChangeReporter( 2531): Compat change id reported: 311208629; UID 1000; state: ENABLED
04-05 19:16:58.424 I/AF::Track( 1665): setMixerOutConfig expectKey 202
04-05 19:16:58.424 I/AF::Track( 1665): setMixerOutConfig select, mixer out f 5, s 48000, thread out f 5, s 48000
04-05 19:16:58.425 V/AS.PlaybackActivityMon( 2531): trackPlayer() new piid=156711
04-05 19:16:58.426 D/AudioTrack( 6816): setVolume(1.000000, 1.000000) pid : 6816
04-05 19:16:58.426 V/AS.PlaybackActivityMon( 2531): playerEvent(piid=156711, event=PLAYER_UPDATE_PORT_ID, eventValue=23032)
04-05 19:16:58.426 V/AS.PlaybackActivityMon( 2531): playerEvent(piid=156711, event=PLAYER_STATE_STOPPED, eventValue=0)
04-05 19:16:58.426 V/AS.PlaybackActivityMon( 2531): dispatchPlaybackChange to 7 clients
04-05 19:16:58.427 D/audioserver( 1665): logFgsApiEnd: FGS Logger Transaction failed, -129
04-05 19:16:58.427 V/AS.PlaybackActivityMon( 2531): releasePlayer() for piid=156711
04-05 19:16:58.427 V/AS.PlaybackActivityMon( 2531): DuckingManager: removedReleased() player piid: 156711 uid:1000
04-05 19:16:58.427 V/AS.FadeOutManager( 2531): removedReleased() player piid: 156711 uid:1000
04-05 19:16:58.427 V/AS.PlaybackActivityMon( 2531): dispatchPlaybackChange to 7 clients
04-05 19:16:58.427 V/APM_AudioPolicyManager( 1665): releaseOutput portId 23032
04-05 19:16:58.427 D/[+0900]oneconnect[1.8.45.11_01][MAIN_UI](10006): MediaPlayContextDelegate.getCurrentPlayingContent - contentType : 1
04-05 19:16:58.427 D/[+0900]oneconnect[1.8.45.11_01][MAIN_UI](10006): MediaPlayContextDelegate.getCurrentPlayingContent - contentType : 4
04-05 19:16:58.427 D/[+0900]oneconnect[1.8.45.11_01][MAIN_UI](10006): MediaPlayContextDelegate.getCurrentPlayingContent - contentType : 4
04-05 19:16:58.427 D/[+0900]oneconnect[1.8.45.11_01][MAIN_UI](10006): MediaPlayContextDelegate.getCurrentPlayingContent - contentType : 4
04-05 19:16:58.427 D/[+0900]oneconnect[1.8.45.11_01][MAIN_UI](10006): MediaPlayContextDelegate.getCurrentPlayingContent - contentType : 4
04-05 19:16:58.427 D/[+0900]oneconnect[1.8.45.11_01][MAIN_UI](10006): MediaPlayContextDelegate.getCurrentPlayingContent - contentType : 4
04-05 19:16:58.427 D/[+0900]oneconnect[1.8.45.11_01][MAIN_UI](10006): MediaPlayContextDelegate.getCurrentPlayingContent - contentType : 1
04-05 19:16:58.427 V/APM_AudioPolicyManager( 1665): releaseOutput() 29
04-05 19:16:58.428 D/[+0900]oneconnect[1.8.45.11_01][MAIN_UI](10006): MediaPlayContextDelegate.getCurrentPlayingContent - contentType : 1
04-05 19:16:58.428 D/[+0900]oneconnect[1.8.45.11_01][MAIN_UI](10006): MediaPlayContextDelegate.getCurrentPlayingContent - contentType : 4
04-05 19:16:58.428 D/[+0900]oneconnect[1.8.45.11_01][MAIN_UI](10006): MediaPlayContextDelegate.getCurrentPlayingContent - contentType : 4
04-05 19:16:58.428 D/[+0900]oneconnect[1.8.45.11_01][MAIN_UI](10006): MediaPlayContextDelegate.getCurrentPlayingContent - contentType : 4
04-05 19:16:58.428 D/[+0900]oneconnect[1.8.45.11_01][MAIN_UI](10006): MediaPlayContextDelegate.getCurrentPlayingContent - contentType : 4
04-05 19:16:58.428 D/[+0900]oneconnect[1.8.45.11_01][MAIN_UI](10006): MediaPlayContextDelegate.getCurrentPlayingContent - contentType : 4
04-05 19:16:58.428 D/[+0900]oneconnect[1.8.45.11_01][MAIN_UI](10006): MediaPlayContextDelegate.getCurrentPlayingContent - contentType : 1
04-05 19:16:58.428 D/SoundCraft.PlayingAudioConditionHandler( 3535): onPlaybackConfigChanged : lastStartedPackageName=null, lastStartedUid=-1, newStartedUid=-1, newStartPackageName=null, thread=Thread[RoutineHandlerThread,5,main]
04-05 19:16:58.429 D/SoundCraft.PlayingAudioConditionHandler( 3535): onPlaybackConfigChanged : lastStartedPackageName=null, lastStartedUid=-1, newStartedUid=-1, newStartPackageName=null, thread=Thread[RoutineHandlerThread,5,main]
04-05 19:16:58.429 W/TextToSpeechManagerPerUserService( 2531): Disconnected from TTS engine
04-05 19:16:58.430 W/ServiceConnector.Impl( 2531): mayInterruptIfRunning not supported - ignoring
04-05 19:16:58.430 I/TextToSpeech( 6799): Disconnected from TTS engine
04-05 19:16:58.430 I/VRI[Screen search]@1c97192( 6799): onDisplayChanged oldDisplayState=2 newDisplayState=2
04-05 19:16:58.430 I/VRI[Screen search]@c91e2f9( 6799): onDisplayChanged oldDisplayState=2 newDisplayState=2
04-05 19:16:58.430 I/VRI[Screen search]@a882b40( 6799): onDisplayChanged oldDisplayState=2 newDisplayState=2
04-05 19:16:58.431 I/BtGatt.ScanHelper( 3694): onScanResult to scannerId: 5- eventType=0x1b, addressType=1, address=XX:XX:XX:XX:B8:17, primaryPhy=1, secondaryPhy=0, advertisingSid=0xff, txPower=127, rssi=-85, periodicAdvInt=0x0
04-05 19:16:58.431 I/SurfaceFlinger( 1674): id=30329 createSurf, flag=84004, WindowToken{268a774 type=2032 android.os.Binder@c4d3347}#30329
04-05 19:16:58.433 I/SurfaceFlinger( 1674): id=30330 createSurf, flag=84004, WindowToken{4ec8d12 type=2032 android.os.Binder@14cd49d}#30330
04-05 19:16:58.434 W/EnhancedConfirmationService( 2531): The packageName should not be null.
04-05 19:16:58.434 D/KNOX_MDM_SettingsProvider( 2531): isChangeAllowed() : name = accessibility_enabled
04-05 19:16:58.434 D/MagnificationConnectionManager( 2531): requestConnection :true mConnectionState : 3
