04-05 19:16:56.582 D/NavBarStateManager( 3535): NavBarStates(0) getSpaceWidth(land: true): 118
04-05 19:16:56.582 D/Navbar.Store( 3535): ----handleEvent(0) value= 118
04-05 19:16:56.582 D/Navbar.Store( 3535): ----handleEvent(0) GetInflateButtonWidth(buttonSpec=left_remote_view, landscape=false) [Module] SamsungNavigationBarInflaterView
04-05 19:16:56.582 D/Navbar.Store( 3535): ------[Band]STABLE_LAYOUT_PACK_INFLATE_NAVBAR
04-05 19:16:56.582 D/NavBarStateManager( 3535): NavBarStates(0) getSpaceWidth(land: false): 118
04-05 19:16:56.582 D/Navbar.Store( 3535): ----handleEvent(0) value= 118
04-05 19:16:56.582 I/HYPER-HAL( 1549): [RequestManager.cpp]acquire(): Acquired ID : 1245855  [1554 / 24]    HINT :      list : [UCLAMP_MIN_BOOST / 50] [TID / 3755] [TID / 3756] [TID / 3535] [TID / 3753] 
04-05 19:16:56.582 D/Navbar.Store( 3535): ----handleEvent(0) GetInflateButtonWidth(buttonSpec=right_remote_view, landscape=false) [Module] SamsungNavigationBarInflaterView
04-05 19:16:56.582 D/Navbar.Store( 3535): ------[Band]STABLE_LAYOUT_PACK_INFLATE_NAVBAR
04-05 19:16:56.582 D/NavBarStateManager( 3535): NavBarStates(0) getSpaceWidth(land: false): 118
04-05 19:16:56.582 D/Navbar.Store( 3535): ----handleEvent(0) value= 118
04-05 19:16:56.583 D/Navbar.Store( 3535): ----handleEvent(0) GetInflateButtonWidth(buttonSpec=left_remote_view, landscape=true) [Module] SamsungNavigationBarInflaterView
04-05 19:16:56.583 D/Navbar.Store( 3535): ------[Band]STABLE_LAYOUT_PACK_INFLATE_NAVBAR
04-05 19:16:56.583 D/NavBarStateManager( 3535): NavBarStates(0) getSpaceWidth(land: true): 118
04-05 19:16:56.583 D/Navbar.Store( 3535): ----handleEvent(0) value= 118
04-05 19:16:56.583 I/AccessibilityManagerService( 2531): semIsAccessibilityServiceEnabled()
04-05 19:16:56.583 I/AccessibilityManagerService( 2531): semIsAccessibilityServiceEnabled()
04-05 19:16:56.583 D/Navbar.Store( 3535): ----handleEvent(0) GetInflateButtonWidth(buttonSpec=right_remote_view, landscape=true) [Module] SamsungNavigationBarInflaterView
04-05 19:16:56.583 D/Navbar.Store( 3535): ------[Band]STABLE_LAYOUT_PACK_INFLATE_NAVBAR
04-05 19:16:56.583 D/NavBarStateManager( 3535): NavBarStates(0) getSpaceWidth(land: true): 118
04-05 19:16:56.583 D/Navbar.Store( 3535): ----handleEvent(0) value= 118
04-05 19:16:56.583 D/Navbar.Store( 3535): ----handleEvent(0) GetNavBarSidePadding(landscape=false) [Module] SamsungNavigationBarInflaterView
04-05 19:16:56.583 D/Navbar.Store( 3535): ------[Band]STABLE_LAYOUT_PACK_INFLATE_NAVBAR_SIDE_PADDING
04-05 19:16:56.583 D/AS.AudioService( 2531): Accessibility volume enabled = false
04-05 19:16:56.583 D/NavBarStateManager( 3535): NavBarStates(0) getNavBarSidePadding: 0
04-05 19:16:56.583 D/Navbar.Store( 3535): ----handleEvent(0) value= 0
04-05 19:16:56.583 D/Navbar.Store( 3535): ----handleEvent(0) GetNavBarSidePadding(landscape=true) [Module] SamsungNavigationBarInflaterView
04-05 19:16:56.583 D/Navbar.Store( 3535): ------[Band]STABLE_LAYOUT_PACK_INFLATE_NAVBAR_SIDE_PADDING
04-05 19:16:56.583 D/NavBarStateManager( 3535): NavBarStates(0) getNavBarSidePadding: 0
04-05 19:16:56.583 D/Navbar.Store( 3535): ----handleEvent(0) value= 0
04-05 19:16:56.583 D/Navbar.Store( 3535): ----handleEvent(0) GetNavBarSidePadding(landscape=false) [Module] SamsungNavigationBarInflaterView
04-05 19:16:56.583 D/Navbar.Store( 3535): ------[Band]STABLE_LAYOUT_PACK_INFLATE_NAVBAR_SIDE_PADDING
04-05 19:16:56.583 D/NavBarStateManager( 3535): NavBarStates(0) getNavBarSidePadding: 0
04-05 19:16:56.583 D/Navbar.Store( 3535): ----handleEvent(0) value= 0
04-05 19:16:56.583 D/Navbar.Store( 3535): ----handleEvent(0) GetNavBarSidePadding(landscape=true) [Module] SamsungNavigationBarInflaterView
04-05 19:16:56.583 D/Navbar.Store( 3535): ------[Band]STABLE_LAYOUT_PACK_INFLATE_NAVBAR_SIDE_PADDING
04-05 19:16:56.583 D/NavBarStateManager( 3535): NavBarStates(0) getNavBarSidePadding: 0
04-05 19:16:56.583 D/Navbar.Store( 3535): ----handleEvent(0) value= 0
04-05 19:16:56.583 D/Navbar.Store( 3535): ----handleEvent(0) OnUpdateRemoteViewContainer(rotation=0, leftContainer=android.widget.LinearLayout{588cee6 V.E...... ......I. 0,0-0,0 #7f0a0624 app:id/left_remoteview}, rightContainer=android.widget.LinearLayout{efd587d V.E...... ......I. 0,0-0,0 #7f0a09df app:id/right_remoteview}, contextualButtonVisible=true, darkIntensity=1.0, displayId=0) [Module] SamsungNavigationBarView
04-05 19:16:56.583 I/Telecom ( 2531): SamsungTelecomServiceImpl : isInCall - callingPackage : android / callingUser : UserHandle{0} / hasCrossUserAccess : true
04-05 19:16:56.583 D/Navbar.Store( 3535): ------[Band]REMOTE_VIEW_PACK_SET_REMOTEVIEW_CONTAINER
04-05 19:16:56.583 D/Navbar.Store( 3535): --------apply(0) NavBarStoreAction$UpdateRemoteViewContainer
04-05 19:16:56.584 D/Navbar.Store( 3535): --------apply(0) NavBarStoreAction$UpdateRemoteViewDarkIntensity
04-05 19:16:56.584 D/Navbar.Store( 3535): ----handleEvent(1) OnUpdateRemoteViewContainer(rotation=0, leftContainer=android.widget.LinearLayout{588cee6 I.E...... ......I. 0,0-0,0 #7f0a0624 app:id/left_remoteview}, rightContainer=android.widget.LinearLayout{efd587d I.E...... ......I. 0,0-0,0 #7f0a09df app:id/right_remoteview}, contextualButtonVisible=true, darkIntensity=1.0, displayId=0) [Module] SamsungNavigationBarView
04-05 19:16:56.584 D/Navbar.Store( 3535): ----apply(0) NavBarStoreAction$UpdateNavBarIconAndHints
04-05 19:16:56.584 I/BCL@CoreSvc( 6066): (BixbyStatusProvider) Is Bixby running? false
04-05 19:16:56.585 D/AS.AudioService( 2531): updateVolumeGroupIndex for stream 10, muted=false, device=1, index=58, group AUDIO_STREAM_ACCESSIBILITY Muted=false, Index=6, forceMuteState=false
04-05 19:16:56.585 I/BCL@CoreSvc( 6066): (BixbyStatusProvider) Is Bixby running? false
04-05 19:16:56.585 D/AS.AudioService( 2531): updateVolumeGroupIndex for stream 10, muted=false, device=4, index=85, group AUDIO_STREAM_ACCESSIBILITY Muted=false, Index=9, forceMuteState=false
04-05 19:16:56.585 D/AS.AudioService( 2531): updateVolumeGroupIndex for stream 10, muted=false, device=8, index=85, group AUDIO_STREAM_ACCESSIBILITY Muted=false, Index=9, forceMuteState=false
04-05 19:16:56.585 D/BluetoothA2dp( 2531): getActiveDevice()
04-05 19:16:56.585 V/talkback: SpeechControllerImpl( 6799): Bixby doesn't block TTS. attached:false/dualmic:false hotword:false mic:false
04-05 19:16:56.585 V/talkback: SpeechControllerImpl( 6799): Speaking fragment text="TalkBack off", utteranceId=talkback_866, TtsSpan=null, locale=null, event=null
04-05 19:16:56.586 D/AS.AudioService( 2531): isBluetoothDualModeActive=false
04-05 19:16:56.586 D/AS.AudioService( 2531): updateVolumeGroupIndex for stream 10, muted=false, device=128, index=85, group AUDIO_STREAM_ACCESSIBILITY Muted=false, Index=9, forceMuteState=false
04-05 19:16:56.586 D/AS.AudioService( 2531): updateVolumeGroupIndex for stream 10, muted=false, device=32768, index=150, group AUDIO_STREAM_ACCESSIBILITY Muted=false, Index=15, forceMuteState=false
04-05 19:16:56.587 D/AS.AudioService( 2531): updateVolumeGroupIndex for stream 10, muted=false, device=67108864, index=85, group AUDIO_STREAM_ACCESSIBILITY Muted=false, Index=9, forceMuteState=false
04-05 19:16:56.587 D/talkback: FailoverTextToSpeech( 6799): Speak call for talkback_866 returned 0
04-05 19:16:56.587 I/SamsungTTS( 6816): [Synthesize] request = en-US-default
04-05 19:16:56.587 V/talkback: Pipeline( 6799): execute() success=true for part=Part= speech= action=SPEAK  text="TalkBack off"  options= queueMode=QUEUE/UNINTERRUPTIBLE  flags=FLAG_NO_HISTORY,FLAG_FORCE_FEEDBACK_EVEN_IF_AUDIO_PLAYBACK_ACTIVE,FLAG_FORCE_FEEDBACK_EVEN_IF_MICROPHONE_ACTIVE,FLAG_FORCE_FEEDBACK_EVEN_IF_SSB_ACTIVE,FLAG_FORCE_FEEDBACK_EVEN_IF_PHONE_CALL_ACTIVE  speechParams=Bundle[{pitch=1.0}]    hint= null  hintSpeakOptions= null    
04-05 19:16:56.587 I/SamsungTTS( 6816): [loadLanguage] : eng-USA-[l03]
04-05 19:16:56.587 I/SamsungTTS( 6816): [Synthesize] text = jQB7aenbwbbbUNGLyJ8mAQ==
04-05 19:16:56.587 I/SamsungTTS( 6816): [Synthesize] eng-USA-l03 Speed[100] Pitch[100] StreamType[10] Caller[10155-com.samsung.android.accessibility.talkback]
04-05 19:16:56.587 V/AS.PlaybackActivityMon( 2531): releasePlayer() for piid=150415
04-05 19:16:56.587 V/AS.PlaybackActivityMon( 2531): DuckingManager: removedReleased() player piid: 150415 uid:10155
04-05 19:16:56.587 V/AS.FadeOutManager( 2531): removedReleased() player piid: 150415 uid:10155
04-05 19:16:56.588 V/AS.PlaybackActivityMon( 2531): dispatchPlaybackChange to 8 clients
04-05 19:16:56.588 V/APM_AudioPolicyManager( 1665): setForceUse() usage 7, config 0, mPhoneState 0
04-05 19:16:56.588 W/APM_AudioPolicyManager( 1665): setForceUse() usage 7, config 0 is already set
04-05 19:16:56.589 V/APM_AudioPolicyManager( 1665): releaseOutput portId 23023
04-05 19:16:56.589 D/AS.AudioService( 2531): setStreamVolumeIndexAS(8, 11, 2)
04-05 19:16:56.589 V/APM_AudioPolicyManager( 1665): releaseOutput() 29
04-05 19:16:56.590 I/AccessibilityManagerService( 2531): semIsAccessibilityServiceEnabled()
04-05 19:16:56.590 V/APM_AudioPolicyManager( 1665): canBeSpatializedInt check can be spatialized devices[AUDIO_DEVICE_OUT_SPEAKER, @:]
04-05 19:16:56.590 I/APM_AudioPolicyManager( 1665): getSpatializerOutput getSpatializerOutput[21]
04-05 19:16:56.590 I/AccessibilityManagerService( 2531): semIsAccessibilityServiceEnabled()
04-05 19:16:56.590 V/APM_AudioPolicyManager( 1665): setVolumeCurveIndex stream AUDIO_STREAM_DTMF, device 0x00000002, index 11
04-05 19:16:56.590 D/AS.AudioService( 2531): Accessibility volume enabled = false
04-05 19:16:56.590 I/AccessibilityManagerService( 2531): semIsAccessibilityServiceEnabled()
04-05 19:16:56.590 I/AccessibilityManagerService( 2531): semIsAccessibilityServiceEnabled()
04-05 19:16:56.590 D/audioserver( 1665): logFgsApiEnd: FGS Logger Transaction failed, -129
04-05 19:16:56.590 D/AS.AudioService( 2531): Accessibility volume enabled = false
04-05 19:16:56.590 D/AS.AudioService( 2531): Touch exploration enabled=false stream override delay is now 0 ms
04-05 19:16:56.590 D/AS.AudioService( 2531): setStreamVolumeIndexAS(8, 11, 1073741824)
04-05 19:16:56.591 V/APM_AudioPolicyManager( 1665): selectOutput new bestOutput 13 criteria 0 100 0 0 0 0 0 2 
04-05 19:16:56.591 V/APM_AudioPolicyManager( 1665): selectOutput new bestOutput 21 criteria 0 100 0 0 0 1 0 0 
04-05 19:16:56.591 V/APM_AudioPolicyManager( 1665): getOutput() stream 3 selected devices {AUDIO_DEVICE_OUT_SPEAKER, @:}, output 21
04-05 19:16:56.591 V/APM_AudioPolicyManager( 1665): setVolumeCurveIndex stream AUDIO_STREAM_DTMF, device 0x40000000, index 11
04-05 19:16:56.591 I/SafetyCenterAccessibilityListener(19578): accessibility event occurred, safety center feature not enabled.
04-05 19:16:56.591 D/SoundCraft.PlayingAudioConditionHandler( 3535): onPlaybackConfigChanged : lastStartedPackageName=null, lastStartedUid=-1, newStartedUid=-1, newStartPackageName=null, thread=Thread[RoutineHandlerThread,5,main]
04-05 19:16:56.592 D/AS.AudioService( 2531): setStreamVolumeIndexAS(10, 6, 1)
04-05 19:16:56.592 V/APM_AudioPolicyManager( 1665): selectOutput new bestOutput 13 criteria 0 100 0 0 0 0 0 2 
04-05 19:16:56.592 D/audioserver( 1665): logFgsApiEnd: FGS Logger Transaction failed, -129
04-05 19:16:56.592 V/APM_AudioPolicyManager( 1665): selectOutput new bestOutput 21 criteria 0 100 0 0 0 1 0 0 
04-05 19:16:56.592 V/APM_AudioPolicyManager( 1665): getOutput() stream 3 selected devices {AUDIO_DEVICE_OUT_SPEAKER, @:}, output 21
04-05 19:16:56.592 D/BluetoothA2dp( 3535): getActiveDevice()
04-05 19:16:56.592 V/APM_AudioPolicyManager( 1665): releaseOutput portId 22994
04-05 19:16:56.592 V/APM_AudioPolicyManager( 1665): releaseOutput() 29
04-05 19:16:56.592 V/APM_AudioPolicyManager( 1665): setVolumeCurveIndex stream AUDIO_STREAM_ACCESSIBILITY, device 0x00000001, index 6
04-05 19:16:56.592 D/audioserver( 1665): logFgsApiEnd: FGS Logger Transaction failed, -129
04-05 19:16:56.592 V/APM_AudioPolicyManager( 1665): releaseOutput portId 23015
04-05 19:16:56.592 V/APM_AudioPolicyManager( 1665): releaseOutput() 29
04-05 19:16:56.592 V/APM_AudioPolicyManager( 1665): releaseOutput portId 23027
04-05 19:16:56.592 V/APM_AudioPolicyManager( 1665): releaseOutput() 29
04-05 19:16:56.593 D/AS.AudioService( 2531): setStreamVolumeIndexAS(10, 6, 2)
04-05 19:16:56.593 D/audioserver( 1665): logFgsApiEnd: FGS Logger Transaction failed, -129
04-05 19:16:56.593 V/APM_AudioPolicyManager( 1665): setVolumeCurveIndex stream AUDIO_STREAM_ACCESSIBILITY, device 0x00000002, index 6
04-05 19:16:56.593 D/VibratorManagerService( 2531): Canceling vibration
04-05 19:16:56.594 D/AS.AudioService( 2531): setStreamVolumeIndexAS(10, 9, 4)
04-05 19:16:56.594 V/APM_AudioPolicyManager( 1665): selectOutput new bestOutput 13 criteria 0 100 0 0 0 0 0 2 
04-05 19:16:56.594 V/APM_AudioPolicyManager( 1665): selectOutput new bestOutput 21 criteria 0 100 0 0 0 1 0 0 
04-05 19:16:56.594 V/APM_AudioPolicyManager( 1665): getOutput() stream 3 selected devices {AUDIO_DEVICE_OUT_SPEAKER, @:}, output 21
04-05 19:16:56.594 D/BluetoothA2dp( 3535): getActiveDevice()
04-05 19:16:56.594 V/APM_AudioPolicyManager( 1665): setVolumeCurveIndex stream AUDIO_STREAM_ACCESSIBILITY, device 0x00000004, index 9
04-05 19:16:56.594 D/AS.AudioService( 2531): setStreamVolumeIndexAS(10, 9, 8)
04-05 19:16:56.595 V/APM_AudioPolicyManager( 1665): setVolumeCurveIndex stream AUDIO_STREAM_ACCESSIBILITY, device 0x00000008, index 9
04-05 19:16:56.595 D/AS.AudioService( 2531): setStreamVolumeIndexAS(10, 9, 128)
04-05 19:16:56.596 V/APM_AudioPolicyManager( 1665): getOutputForAttrInt() attributes={ Content type: AUDIO_CONTENT_TYPE_UNKNOWN Usage: AUDIO_USAGE_ASSISTANCE_ACCESSIBILITY Source: AUDIO_SOURCE_INVALID Flags: 0x900 Tags:  } stream=AUDIO_STREAM_ACCESSIBILITY session 184049 selectedDeviceId 0
04-05 19:16:56.596 V/APM_AudioPolicyManager( 1665): getOutputForAttrInt() device {AUDIO_DEVICE_OUT_SPEAKER, @:}, sampling rate 24000, format 0x1, channel mask 0x1, flags 0x4 stream AUDIO_STREAM_ACCESSIBILITY
04-05 19:16:56.596 V/APM_AudioPolicyManager( 1665): selectOutput new bestOutput 13 criteria 0 100 0 0 0 0 4 2 
04-05 19:16:56.596 V/APM_AudioPolicyManager( 1665): selectOutput new bestOutput 29 criteria 0 100 0 0 0 1 2 0 
04-05 19:16:56.596 V/APM_AudioPolicyManager( 1665): getOutputForAttrInt returns output 29 selectedDeviceId 3
04-05 19:16:56.596 V/APM_AudioPolicyManager( 1665): getOutputForAttr() returns output 29 requestedPortId 0 selectedDeviceId 3 for port ID 23030
04-05 19:16:56.596 I/AudioFlinger( 1665): nonSecFlag 4, secFlag 0, outputFlags 4
04-05 19:16:56.596 D/AudioFlinger( 1665): AUDIO_OUTPUT_FLAG_FAST denied: sharedBuffer=0x0 frameCount=4096 mFrameCount=192 format=0x1 mFormat=0x5 isLinear=1 channelMask=0x1 sampleRate=24000 mSampleRate=48000 hasFastMixer=1 tid=-1 fastTrackAvailMask=0xf8
04-05 19:16:56.596 V/APM_AudioPolicyManager( 1665): setVolumeCurveIndex stream AUDIO_STREAM_ACCESSIBILITY, device 0x00000080, index 9
04-05 19:16:56.596 I/ActivityManager( 2531): Killing 21574:com.google.android.apps.turbo:aab/u0a272 (adj 995): empty #33
04-05 19:16:56.596 I/AudioFlinger( 1665): FastTrack denied, resize fc 1440
04-05 19:16:56.596 D/AudioFlinger( 1665): Client defaulted notificationFrames to 480 for frameCount 4096
04-05 19:16:56.597 I/AF::Track( 1665): setMixerOutConfig expectKey 202
04-05 19:16:56.597 I/AF::Track( 1665): setMixerOutConfig select, mixer out f 5, s 48000, thread out f 5, s 48000
04-05 19:16:56.598 D/AS.AudioService( 2531): setStreamVolumeIndexAS(10, 15, 32768)
04-05 19:16:56.598 V/APM_AudioPolicyManager( 1665): setVolumeCurveIndex stream AUDIO_STREAM_ACCESSIBILITY, device 0x00008000, index 15
04-05 19:16:56.598 D/Navbar.Store( 3535): --------handleEvent(0) OnUpdateRemoteViewContainer(rotation=0, leftContainer=android.widget.LinearLayout{588cee6 I.E...... ......I. 0,0-0,0 #7f0a0624 app:id/left_remoteview}, rightContainer=android.widget.LinearLayout{efd587d I.E...... ......I. 0,0-0,0 #7f0a09df app:id/right_remoteview}, contextualButtonVisible=true, darkIntensity=1.0, displayId=0) [Module] SamsungNavigationBarView
04-05 19:16:56.598 D/Navbar.Store( 3535): ----------[Band]REMOTE_VIEW_PACK_SET_REMOTEVIEW_CONTAINER
04-05 19:16:56.598 D/Navbar.Store( 3535): ------------apply(0) NavBarStoreAction$UpdateRemoteViewContainer
04-05 19:16:56.598 D/Navbar.Store( 3535): ------------apply(0) NavBarStoreAction$UpdateRemoteViewDarkIntensity
04-05 19:16:56.599 D/Navbar.Store( 3535): --------handleEvent(1) OnUpdateRemoteViewContainer(rotation=0, leftContainer=android.widget.LinearLayout{588cee6 I.E...... ......I. 0,0-0,0 #7f0a0624 app:id/left_remoteview}, rightContainer=android.widget.LinearLayout{efd587d I.E...... ......I. 0,0-0,0 #7f0a09df app:id/right_remoteview}, contextualButtonVisible=true, darkIntensity=1.0, displayId=0) [Module] SamsungNavigationBarView
04-05 19:16:56.599 D/NavBarView( 3535): disableBack=false (useAltBack=false, handlingGestures=false, disabledFlagBack=false, isBottomGesture=false, isImeRenderingNavButtons=false)
04-05 19:16:56.599 V/AS.PlaybackActivityMon( 2531): trackPlayer() new piid=156695
04-05 19:16:56.599 D/Navbar.Store( 3535): ----handleEvent(0) OnUpdateSysUiStateFlag(noArguments=true) [Module] SamsungNavigationBarView
04-05 19:16:56.599 D/Navbar.Store( 3535): ------[Band]GESTURE_PACK_UPDATE_SYSTEMUI_STATE_FLAG
04-05 19:16:56.599 D/Navbar.Store( 3535): ------[Band] (afterAction) GESTURE_PACK_UPDATE_SYSTEMUI_STATE_FLAG
04-05 19:16:56.599 D/AudioTrack( 6816): setVolume(0.146780, 0.146780) pid : 6816
04-05 19:16:56.599 V/AS.PlaybackActivityMon( 2531): playerEvent(piid=156695, event=PLAYER_UPDATE_PORT_ID, eventValue=23030)
04-05 19:16:56.599 D/HoneySpace.TISBinder( 4205): onActiveNavBarRegionChanges: Not yet implemented
04-05 19:16:56.599 D/AS.AudioService( 2531): setStreamVolumeIndexAS(10, 9, 67108864)
04-05 19:16:56.599 V/APM_AudioPolicyManager( 1665): setVolumeCurveIndex stream AUDIO_STREAM_ACCESSIBILITY, device 0x04000000, index 9
04-05 19:16:56.600 D/AS.AudioService( 2531): setStreamVolumeIndexAS(10, 8, 1073741824)
04-05 19:16:56.600 V/APM_AudioPolicyManager( 1665): setVolumeCurveIndex stream AUDIO_STREAM_ACCESSIBILITY, device 0x40000000, index 8
04-05 19:16:56.601 I/VSyncReactor( 1674): Current= 24, Period= 24, Distance= 24
04-05 19:16:56.601 D/vol.VolumeDialogControl( 3535): onVolumeChangedW stream = 10, flags = 0, lastAudibleStreamVolume = 6, changed = true, showUI = false, dualAudio = false, musicStreamState=[routedToHeadset=false, routedToBuds=false, routedToBuds3=false, routedToHomeMini=false, routedToHearingAid=false, remoteFixedVolume=false, remoteSpeaker=false]
04-05 19:16:56.602 I/SoundCraft.VolumeManager( 3535): updateVolumeState VolumeModel(volume=51, minVolume=0, maxVolume=150, device=2, enable=true, isBroadcast=false, isAllSoundMute=false, isZenMode=0, isZenModeDisabled=false, isSmartViewEnabled=false, isMusicShareEnabled=false, isDisallowAdjustVolume=false)
04-05 19:16:56.602 D/VolumeSeekBar( 3535): [QP volume] updateVolumeModel model: VolumeModel(volume=51, minVolume=0, maxVolume=150, device=0, enable=true, isBroadcast=false, isAllSoundMute=false, isZenMode=0, isZenModeDisabled=false, isSmartViewEnabled=false, isMusicShareEnabled=false, isDisallowAdjustVolume=false) isTracking : false
04-05 19:16:56.602 D/VolumeSeekBar( 3535): [QP volume] updateVolumeModel model: VolumeModel(volume=51, minVolume=0, maxVolume=150, device=0, enable=true, isBroadcast=false, isAllSoundMute=false, isZenMode=0, isZenModeDisabled=false, isSmartViewEnabled=false, isMusicShareEnabled=false, isDisallowAdjustVolume=false) isTracking : false
04-05 19:16:56.603 I/SurfaceFlinger( 1674): Layer [WindowToken{aa04111 type=2032 android.os.Binder@cb4ed38}#30325] hidden!! flag(0)
04-05 19:16:56.603 I/SurfaceFlinger( 1674): destroyed WindowToken{d719c0c type=2032 android.os.Binder@1353b3f}#26793
04-05 19:16:56.603 I/SurfaceFlinger( 1674): destroyed WindowToken{97f889e type=2032 android.os.Binder@c5f96d9}#29115
04-05 19:16:56.603 I/SurfaceFlinger( 1674): destroyed dc47c7b Screen search#29117
04-05 19:16:56.603 I/SurfaceFlinger( 1674): [WindowToken{57d0077 type=2032 android.os.Binder@e351276}#30326] attach to parent LayerHierarchy{RequestedLayerState{Leaf:29:31#69 parentId=68} 3 children}
04-05 19:16:56.603 I/SurfaceFlinger( 1674): [WindowToken{aa04111 type=2032 android.os.Binder@cb4ed38}#30325] attach to parent LayerHierarchy{RequestedLayerState{Leaf:29:31#39 parentId=38} 2 children}
04-05 19:16:56.603 I/SurfaceFlinger( 1674): [LayerHierarchy{RequestedLayerState{WindowToken{ba9c795 type=2032 android.os.Binder@1562b4c}#29116 z=1} no children}] reparent to OffscreenRoot
04-05 19:16:56.603 I/SurfaceFlinger( 1674): [LayerHierarchy{RequestedLayerState{WindowToken{ba9c795 type=2032 android.os.Binder@1562b4c}#29116 z=1} no children}] RelativeParent to null
04-05 19:16:56.603 I/SurfaceFlinger( 1674): [LayerHierarchy{RequestedLayerState{WindowToken{6ec4f6a type=2032 android.os.Binder@4334955}#26794} no children}] reparent to OffscreenRoot
04-05 19:16:56.603 I/SurfaceFlinger( 1674): [LayerHierarchy{RequestedLayerState{WindowToken{6ec4f6a type=2032 android.os.Binder@4334955}#26794} no children}] RelativeParent to null
04-05 19:16:56.603 D/NavBarStateManager( 3535): NavBarStates(0) canUseNavBarBackgroundFrame: false
04-05 19:16:56.603 I/Layer   ( 1674): id=26793 Destroyed WindowToken{d719c0c type=2032 android.os.Binder@1353b3f}#26793
04-05 19:16:56.603 I/Layer   ( 1674): id=29117 Destroyed dc47c7b Screen search#29117
04-05 19:16:56.603 I/Layer   ( 1674): id=29115 Destroyed WindowToken{97f889e type=2032 android.os.Binder@c5f96d9}#29115
04-05 19:16:56.604 I/SurfaceFlinger( 1674): id=26794 Removed WindowToken{6ec4f6a type=2032 android.os.Binder@4334955}#26794 (185)
04-05 19:16:56.604 I/SurfaceFlinger( 1674): id=29116 Removed WindowToken{ba9c795 type=2032 android.os.Binder@1562b4c}#29116 (185)
04-05 19:16:56.604 D/[+0900]oneconnect[1.8.45.11_01][MAIN_UI](10006): MediaPlayContextDelegate.getCurrentPlayingContent - contentType : 1
04-05 19:16:56.604 D/[+0900]oneconnect[1.8.45.11_01][MAIN_UI](10006): MediaPlayContextDelegate.getCurrentPlayingContent - contentType : 4
04-05 19:16:56.604 D/[+0900]oneconnect[1.8.45.11_01][MAIN_UI](10006): MediaPlayContextDelegate.getCurrentPlayingContent - contentType : 4
04-05 19:16:56.604 D/[+0900]oneconnect[1.8.45.11_01][MAIN_UI](10006): MediaPlayContextDelegate.getCurrentPlayingContent - contentType : 4
04-05 19:16:56.604 D/[+0900]oneconnect[1.8.45.11_01][MAIN_UI](10006): MediaPlayContextDelegate.getCurrentPlayingContent - contentType : 0
04-05 19:16:56.604 D/[+0900]oneconnect[1.8.45.11_01][MAIN_UI](10006): MediaPlayContextDelegate.getCurrentPlayingContent - contentType : 4
04-05 19:16:56.604 D/[+0900]oneconnect[1.8.45.11_01][MAIN_UI](10006): MediaPlayContextDelegate.getCurrentPlayingContent - contentType : 4
04-05 19:16:56.604 D/[+0900]oneconnect[1.8.45.11_01][MAIN_UI](10006): MediaPlayContextDelegate.getCurrentPlayingContent - contentType : 1
04-05 19:16:56.604 D/[+0900]oneconnect[1.8.45.11_01][MAIN_UI](10006): MediaPlayContextDelegate.contextFlow - MediaPlayContext(contentType=UNKNOWN)
04-05 19:16:56.604 D/[+0900]oneconnect[1.8.45.11_01][MAIN_UI](10006): IntelligenceSuggestionDomainTransformResource.subscribeSource.onEach - SUCCESS, null, null partial source is published
04-05 19:16:56.605 D/[+0900]oneconnect[1.8.45.11_01][MAIN_UI](10006): IntelligenceSuggestionDomainTransformResource.subscribeSource.collect - 
04-05 19:16:56.605 D/HoneySpace.TISBinder( 4205): onActiveNavBarRegionChanges: Not yet implemented
04-05 19:16:56.606 D/Navbar.Store( 3535): ----handleEvent(0) OnUpdateRemoteViewContainer(rotation=0, leftContainer=android.widget.LinearLayout{588cee6 I.E...... ......I. 0,0-118,144 #7f0a0624 app:id/left_remoteview}, rightContainer=android.widget.LinearLayout{efd587d I.E...... ......I. 962,0-1080,144 #7f0a09df app:id/right_remoteview}, contextualButtonVisible=true, darkIntensity=1.0, displayId=0) [Module] SamsungNavigationBarView
04-05 19:16:56.606 D/Navbar.Store( 3535): ------[Band]REMOTE_VIEW_PACK_SET_REMOTEVIEW_CONTAINER
04-05 19:16:56.606 D/Navbar.Store( 3535): --------apply(0) NavBarStoreAction$UpdateRemoteViewContainer
04-05 19:16:56.606 D/Navbar.Store( 3535): --------apply(0) NavBarStoreAction$UpdateRemoteViewDarkIntensity
04-05 19:16:56.606 D/Navbar.Store( 3535): ----handleEvent(1) OnUpdateRemoteViewContainer(rotation=0, leftContainer=android.widget.LinearLayout{588cee6 I.E...... ......I. 0,0-118,144 #7f0a0624 app:id/left_remoteview}, rightContainer=android.widget.LinearLayout{efd587d I.E...... ......I. 962,0-1080,144 #7f0a09df app:id/right_remoteview}, contextualButtonVisible=true, darkIntensity=1.0, displayId=0) [Module] SamsungNavigationBarView
04-05 19:16:56.606 D/Navbar.Store( 3535): handleEvent(0) OnNavBarUpdateA11YService(clickable=true, longClickable=true) [Module] NavigationBar
04-05 19:16:56.606 D/Navbar.Store( 3535): --[Band]SETUPWIZARD_PACK_UPDATE_A11Y_SERVICE
04-05 19:16:56.606 D/Navbar.Store( 3535): handleEvent(0) OnButtonOrderChanged(noArguments=true) [Module] NavigationBar
04-05 19:16:56.606 D/Navbar.Store( 3535): --[Band]CONFIG_PACK_KEY_ORDER_CHANGED
04-05 19:16:56.606 D/Navbar.Store( 3535): ----apply(0) NavBarStoreAction$ReinflateNavBar
04-05 19:16:56.607 D/Navbar.Store( 3535): ----handleEvent(0) GetInflateLayoutID(vertical=false) [Module] SamsungNavigationBarInflaterView
04-05 19:16:56.607 D/Navbar.Store( 3535): ------[Band]STABLE_LAYOUT_PACK_GET_INFLATE_LAYOUT_ID
04-05 19:16:56.607 D/NavBarStateManager( 3535): NavBarStates(0) getLayoutID(vertical: false): 2131559221
04-05 19:16:56.607 D/Navbar.Store( 3535): ----handleEvent(0) value= 2131559221
04-05 19:16:56.607 D/Navbar.Store( 3535): ----handleEvent(0) GetInflateLayoutID(vertical=true) [Module] SamsungNavigationBarInflaterView
04-05 19:16:56.607 D/Navbar.Store( 3535): ------[Band]STABLE_LAYOUT_PACK_GET_INFLATE_LAYOUT_ID
04-05 19:16:56.607 D/NavBarStateManager( 3535): NavBarStates(0) getLayoutID(vertical: true): 2131559223
04-05 19:16:56.607 D/Navbar.Store( 3535): ----handleEvent(0) value= 2131559223
04-05 19:16:56.607 D/Navbar.Store( 3535): ----handleEvent(0) GetDefaultLayout(noArguments=true) [Module] SamsungNavigationBarInflaterView
04-05 19:16:56.607 D/Navbar.Store( 3535): ------[Band]STABLE_LAYOUT_PACK_GET_DEFAULT_LAYOUT
04-05 19:16:56.607 D/NavBarStateManager( 3535): NavBarStates(0) getDefaultLayout: left,recent;home;back,right
04-05 19:16:56.607 D/Navbar.Store( 3535): ----handleEvent(0) value= left,recent;home;back,right
04-05 19:16:56.608 D/Navbar.Store( 3535): ----handleEvent(0) GetInflateButtonWidth(buttonSpec=left, landscape=false) [Module] SamsungNavigationBarInflaterView
04-05 19:16:56.608 D/Navbar.Store( 3535): ------[Band]STABLE_LAYOUT_PACK_INFLATE_NAVBAR
04-05 19:16:56.608 D/NavBarStateManager( 3535): NavBarStates(0) getSpaceWidth(land: false): 118
04-05 19:16:56.608 D/Navbar.Store( 3535): ----handleEvent(0) value= 118
04-05 19:16:56.608 D/Navbar.Store( 3535): ----handleEvent(0) GetInflateButtonWidth(buttonSpec=recent, landscape=false) [Module] SamsungNavigationBarInflaterView
04-05 19:16:56.608 D/Navbar.Store( 3535): ------[Band]STABLE_LAYOUT_PACK_INFLATE_NAVBAR
04-05 19:16:56.608 D/NavBarStateManager( 3535): NavBarStates(0) getButtonWidth(land: false): 239
04-05 19:16:56.608 D/Navbar.Store( 3535): ----handleEvent(0) value= 239
04-05 19:16:56.609 D/Navbar.Store( 3535): ----handleEvent(0) GetInflateButtonWidth(buttonSpec=left, landscape=true) [Module] SamsungNavigationBarInflaterView
04-05 19:16:56.609 D/Navbar.Store( 3535): ------[Band]STABLE_LAYOUT_PACK_INFLATE_NAVBAR
04-05 19:16:56.609 D/NavBarStateManager( 3535): NavBarStates(0) getSpaceWidth(land: true): 118
04-05 19:16:56.609 D/Navbar.Store( 3535): ----handleEvent(0) value= 118
04-05 19:16:56.609 D/Navbar.Store( 3535): ----handleEvent(0) GetInflateButtonWidth(buttonSpec=recent, landscape=true) [Module] SamsungNavigationBarInflaterView
04-05 19:16:56.609 D/Navbar.Store( 3535): ------[Band]STABLE_LAYOUT_PACK_INFLATE_NAVBAR
04-05 19:16:56.609 D/NavBarStateManager( 3535): NavBarStates(0) getButtonWidth(land: true): 239
04-05 19:16:56.609 D/Navbar.Store( 3535): ----handleEvent(0) value= 239
04-05 19:16:56.609 D/Navbar.Store( 3535): ----handleEvent(0) GetInflateButtonWidth(buttonSpec=home, landscape=false) [Module] SamsungNavigationBarInflaterView
04-05 19:16:56.609 D/Navbar.Store( 3535): ------[Band]STABLE_LAYOUT_PACK_INFLATE_NAVBAR
04-05 19:16:56.609 D/NavBarStateManager( 3535): NavBarStates(0) getButtonWidth(land: false): 239
04-05 19:16:56.609 D/Navbar.Store( 3535): ----handleEvent(0) value= 239
04-05 19:16:56.609 D/Navbar.Store( 3535): ----handleEvent(0) GetInflateButtonWidth(buttonSpec=home, landscape=true) [Module] SamsungNavigationBarInflaterView
04-05 19:16:56.609 D/Navbar.Store( 3535): ------[Band]STABLE_LAYOUT_PACK_INFLATE_NAVBAR
04-05 19:16:56.609 D/NavBarStateManager( 3535): NavBarStates(0) getButtonWidth(land: true): 239
04-05 19:16:56.609 D/Navbar.Store( 3535): ----handleEvent(0) value= 239
04-05 19:16:56.610 D/Navbar.Store( 3535): ----handleEvent(0) GetInflateButtonWidth(buttonSpec=back, landscape=false) [Module] SamsungNavigationBarInflaterView
04-05 19:16:56.610 D/Navbar.Store( 3535): ------[Band]STABLE_LAYOUT_PACK_INFLATE_NAVBAR
04-05 19:16:56.610 D/NavBarStateManager( 3535): NavBarStates(0) getButtonWidth(land: false): 239
04-05 19:16:56.610 D/Navbar.Store( 3535): ----handleEvent(0) value= 239
04-05 19:16:56.610 D/Navbar.Store( 3535): ----handleEvent(0) GetInflateButtonWidth(buttonSpec=right, landscape=false) [Module] SamsungNavigationBarInflaterView
04-05 19:16:56.610 D/Navbar.Store( 3535): ------[Band]STABLE_LAYOUT_PACK_INFLATE_NAVBAR
04-05 19:16:56.610 D/NavBarStateManager( 3535): NavBarStates(0) getSpaceWidth(land: false): 118
04-05 19:16:56.610 D/Navbar.Store( 3535): ----handleEvent(0) value= 118
04-05 19:16:56.610 D/Navbar.Store( 3535): ----handleEvent(0) GetInflateButtonWidth(buttonSpec=back, landscape=true) [Module] SamsungNavigationBarInflaterView
04-05 19:16:56.610 D/Navbar.Store( 3535): ------[Band]STABLE_LAYOUT_PACK_INFLATE_NAVBAR
04-05 19:16:56.610 D/NavBarStateManager( 3535): NavBarStates(0) getButtonWidth(land: true): 239
04-05 19:16:56.610 D/Navbar.Store( 3535): ----handleEvent(0) value= 239
04-05 19:16:56.611 D/Navbar.Store( 3535): ----handleEvent(0) GetInflateButtonWidth(buttonSpec=right, landscape=true) [Module] SamsungNavigationBarInflaterView
04-05 19:16:56.611 D/Navbar.Store( 3535): ------[Band]STABLE_LAYOUT_PACK_INFLATE_NAVBAR
04-05 19:16:56.611 D/NavBarStateManager( 3535): NavBarStates(0) getSpaceWidth(land: true): 118
04-05 19:16:56.611 D/Navbar.Store( 3535): ----handleEvent(0) value= 118
04-05 19:16:56.611 D/Navbar.Store( 3535): ----handleEvent(0) GetInflateButtonWidth(buttonSpec=left_remote_view, landscape=false) [Module] SamsungNavigationBarInflaterView
04-05 19:16:56.611 D/Navbar.Store( 3535): ------[Band]STABLE_LAYOUT_PACK_INFLATE_NAVBAR
04-05 19:16:56.611 D/NavBarStateManager( 3535): NavBarStates(0) getSpaceWidth(land: false): 118
04-05 19:16:56.611 D/Navbar.Store( 3535): ----handleEvent(0) value= 118
04-05 19:16:56.611 D/Navbar.Store( 3535): ----handleEvent(0) GetInflateButtonWidth(buttonSpec=right_remote_view, landscape=false) [Module] SamsungNavigationBarInflaterView
04-05 19:16:56.611 D/Navbar.Store( 3535): ------[Band]STABLE_LAYOUT_PACK_INFLATE_NAVBAR
04-05 19:16:56.611 D/NavBarStateManager( 3535): NavBarStates(0) getSpaceWidth(land: false): 118
04-05 19:16:56.611 D/Navbar.Store( 3535): ----handleEvent(0) value= 118
04-05 19:16:56.612 I/BtGatt.ScanHelper( 3694): onScanResult to scannerId: 3- eventType=0x1b, addressType=0, address=XX:XX:XX:XX:39:BD, primaryPhy=1, secondaryPhy=0, advertisingSid=0xff, txPower=127, rssi=-66, periodicAdvInt=0x0
04-05 19:16:56.612 D/Navbar.Store( 3535): ----handleEvent(0) GetInflateButtonWidth(buttonSpec=left_remote_view, landscape=true) [Module] SamsungNavigationBarInflaterView
04-05 19:16:56.612 D/Navbar.Store( 3535): ------[Band]STABLE_LAYOUT_PACK_INFLATE_NAVBAR
04-05 19:16:56.612 D/NavBarStateManager( 3535): NavBarStates(0) getSpaceWidth(land: true): 118
04-05 19:16:56.612 D/Navbar.Store( 3535): ----handleEvent(0) value= 118
04-05 19:16:56.612 D/Navbar.Store( 3535): ----handleEvent(0) GetInflateButtonWidth(buttonSpec=right_remote_view, landscape=true) [Module] SamsungNavigationBarInflaterView
04-05 19:16:56.612 D/Navbar.Store( 3535): ------[Band]STABLE_LAYOUT_PACK_INFLATE_NAVBAR
04-05 19:16:56.612 D/NavBarStateManager( 3535): NavBarStates(0) getSpaceWidth(land: true): 118
04-05 19:16:56.612 D/Navbar.Store( 3535): ----handleEvent(0) value= 118
04-05 19:16:56.612 D/Navbar.Store( 3535): ----handleEvent(0) GetNavBarSidePadding(landscape=false) [Module] SamsungNavigationBarInflaterView
04-05 19:16:56.612 D/Navbar.Store( 3535): ------[Band]STABLE_LAYOUT_PACK_INFLATE_NAVBAR_SIDE_PADDING
04-05 19:16:56.612 D/NavBarStateManager( 3535): NavBarStates(0) getNavBarSidePadding: 0
04-05 19:16:56.612 D/Navbar.Store( 3535): ----handleEvent(0) value= 0
04-05 19:16:56.612 D/Navbar.Store( 3535): ----handleEvent(0) GetNavBarSidePadding(landscape=true) [Module] SamsungNavigationBarInflaterView
04-05 19:16:56.612 D/Navbar.Store( 3535): ------[Band]STABLE_LAYOUT_PACK_INFLATE_NAVBAR_SIDE_PADDING
04-05 19:16:56.612 D/NavBarStateManager( 3535): NavBarStates(0) getNavBarSidePadding: 0
04-05 19:16:56.612 D/Navbar.Store( 3535): ----handleEvent(0) value= 0
04-05 19:16:56.612 D/Navbar.Store( 3535): ----handleEvent(0) GetNavBarSidePadding(landscape=false) [Module] SamsungNavigationBarInflaterView
04-05 19:16:56.612 D/Navbar.Store( 3535): ------[Band]STABLE_LAYOUT_PACK_INFLATE_NAVBAR_SIDE_PADDING
04-05 19:16:56.612 D/NavBarStateManager( 3535): NavBarStates(0) getNavBarSidePadding: 0
04-05 19:16:56.612 D/Navbar.Store( 3535): ----handleEvent(0) value= 0
04-05 19:16:56.612 D/Navbar.Store( 3535): ----handleEvent(0) GetNavBarSidePadding(landscape=true) [Module] SamsungNavigationBarInflaterView
04-05 19:16:56.612 D/Navbar.Store( 3535): ------[Band]STABLE_LAYOUT_PACK_INFLATE_NAVBAR_SIDE_PADDING
04-05 19:16:56.612 D/NavBarStateManager( 3535): NavBarStates(0) getNavBarSidePadding: 0
04-05 19:16:56.612 D/Navbar.Store( 3535): ----handleEvent(0) value= 0
04-05 19:16:56.612 D/Navbar.Store( 3535): ----handleEvent(0) OnUpdateRemoteViewContainer(rotation=0, leftContainer=android.widget.LinearLayout{f7e4a3d V.E...... ......I. 0,0-0,0 #7f0a0624 app:id/left_remoteview}, rightContainer=android.widget.LinearLayout{99c7100 V.E...... ......I. 0,0-0,0 #7f0a09df app:id/right_remoteview}, contextualButtonVisible=true, darkIntensity=1.0, displayId=0) [Module] SamsungNavigationBarView
04-05 19:16:56.612 D/Navbar.Store( 3535): ------[Band]REMOTE_VIEW_PACK_SET_REMOTEVIEW_CONTAINER
04-05 19:16:56.612 D/Navbar.Store( 3535): --------apply(0) NavBarStoreAction$UpdateRemoteViewContainer
04-05 19:16:56.612 D/Navbar.Store( 3535): --------apply(0) NavBarStoreAction$UpdateRemoteViewDarkIntensity
04-05 19:16:56.612 D/Navbar.Store( 3535): ----handleEvent(1) OnUpdateRemoteViewContainer(rotation=0, leftContainer=android.widget.LinearLayout{f7e4a3d I.E...... ......I. 0,0-0,0 #7f0a0624 app:id/left_remoteview}, rightContainer=android.widget.LinearLayout{99c7100 I.E...... ......I. 0,0-0,0 #7f0a09df app:id/right_remoteview}, contextualButtonVisible=true, darkIntensity=1.0, displayId=0) [Module] SamsungNavigationBarView
04-05 19:16:56.612 D/Navbar.Store( 3535): ----apply(0) NavBarStoreAction$UpdateNavBarIconAndHints
04-05 19:16:56.613 I/BtGatt.ScanHelper( 3694): onScanResult to scannerId: 5- eventType=0x1b, addressType=0, address=XX:XX:XX:XX:39:BD, primaryPhy=1, secondaryPhy=0, advertisingSid=0xff, txPower=127, rssi=-66, periodicAdvInt=0x0
04-05 19:16:56.613 D/[+0900]oneconnect[1.8.45.11_01][MAIN_UI](10006): IntelligenceSuggestionDomainTransformResource.PartialRequestHandler.addPartialRequests - requested:[TransformRequest(isFullTransform=true, state=SUCCESS, source=IntelligenceSuggestionSource(intelligenceTemplateDomain=IntelligenceTemplateDomain(version=3.2.1, conditionDefinitions=[ExpressionDefinition(alias=airpurifier_ready_to_sleep_mode, expression=ExpressionEquation(scope=DEVICE, operands=[Alias(scope=null, name=airpurifier_support_sleep_mode, operation=null), ExpressionEquation(scope=null, operands=[Alias(scope=null, name=airpurifier_off, operation=null), Alias(scope=null, name=airpurifier_on_and_ready_to_sleep_mode, operation=null)], logicalOperator=OR)], logicalOperator=AND)), ExpressionDefinition(alias=airpurifier_on_and_ready_to_sleep_mode, expression=ExpressionEquation(scope=DEVICE, operands=[Alias(scope=null, name=airpurifier_support_sleep_mode, operation=null), Alias(scope=null, name=airpurifier_on, operation=null), Alias(scope=null, name=airpurifier_not_sleep_mode, operation=null)], logicalOperator=AND)), ExpressionDefinition(alias=airpurifier_off_with_supporting_sleep_mode, expression=ExpressionEquation(scope=DEVICE, operands=[Alias(scope=null, name=airpurifier_off, operation=null), Alias(scope=null, name=airpurifier_support_sleep_mode, operation=null)], logicalOperator=AND)), ExpressionDefinition(alias=airpurifier_on_and_ready_to_ai_purify_mode, expression=ExpressionEquation(scope=DEVICE, operands=[ExpressionEquation(scope=DEVICE, operands=[Alias(scope=null, name=airpurifier_periodic_sensing_off, operation=null), Alias(scope=null, name=airpurifier_ai_purify_off, operation=null)], logicalOperator=OR), Alias(scope=null, name=airpurifier_support_periodic_sensing, operation=null), Alias(scope=null, name=airpurifier_support_ai_purify, operation=null), Alias(scope=null, name=airpurifier_on, operation=null)], logicalOperator=AND)), ExpressionDefinition(alias=airconditioner_on_and_ready_to_windfree_mode, expression=ExpressionEquation(scope=DEVICE, operands=[Alias(scope=null, name=airconditioner_support_windfree_mode, operation=null), Alias(scope=null, name=airconditioner_on, operation=null), Alias(scope=null, name=airconditioner_not_windfree_mode, operation=null), Alias(scope=null, name=airconditioner_auto_or_ai_mode, operation=IntelligenceOperation(operator=NOT, operand=null, unit=null))], logicalOperator=AND)), ExpressionDefinition(alias=airconditioner_on_and_ready_to_ai_purify_mode, expression=ExpressionEquation(scope=DEVICE, operands=[Alias(scope=null, name=airconditioner_support_ai_purify, operation=null), Alias(scope=null, name=airconditioner_on, operation=null), Alias(scope=null, name=airconditioner_ai_purify_off, operation=null)], logicalOperator=AND)), ExpressionDefinition(alias=dehumidifier_on_and_ready_to_quiet_mode, expression=ExpressionEquation(scope=DEVICE, operands=[Alias(scope=null, name=dehumidifier_support_quiet_mode, operation=null), Alias(scope=null, name=dehumidifier_on, operation=null), Alias(scope=null, name=dehumidifier_not_quiet_mode, operation=null)], logicalOperator=AND)), ExpressionDefinition(alias=light_ready_to_adaptive, expression=ExpressionEquation(scope=DEVICE, operands=[Alias(scope=null, name=light_support_adaptive, operation=null), ExpressionEquation(scope=null, operands=[Alias(scope=null, name=light_off, operation=null), ExpressionEquation(scope=null, operands=[Alias(scope=null, name=light_on, operation=null), Alias(scope=null, name=light_adaptive_off, operation=null)], logicalOperator=AND)], logicalOperator=OR)], logicalOperator=AND)), ExpressionDefinition(alias=select_off_light_with_supporting_adaptive_mode, expression=ExpressionEquation(scope=DEVICE, operands=[Alias(scope=null, name=light_support_adaptive, operation=null), Alias(scope=null, name=light_off, operation=null)], logicalOperator=AND)), ExpressionDefinition(alias=light_support_colortemperature_3000_or_implicitly_supported, expression=ExpressionEquation(scope=DEVICE, operands=[Alias(scope=null, name=light_support_colortemperature_3000, operation=nul
04-05 19:16:56.613 D/[+0900]oneconnect[1.8.45.11_01][MAIN_UI](10006): IntelligenceSuggestionDomainTransformResource.PartialRequestHandler.getPendingRequestIdsWithPrevState - externalCondition:true, onPartialFetching:false, pending requests size:1
04-05 19:16:56.614 D/[+0900]oneconnect[1.8.45.11_01][MAIN_UI](10006): IntelligenceSuggestionDomainTransformResource.subscribeSource - block partial transform case. do entire transform
04-05 19:16:56.614 D/[+0900]oneconnect[1.8.45.11_01][MAIN_UI](10006): ShmConditionResolver.clearAndAddAll - securityModeDomains:[]
04-05 19:16:56.614 D/[+0900]oneconnect[1.8.45.11_01][MAIN_UI](10006): ServiceConditionResolver.clearAndAddAll - serviceInfoDomains:[ServiceInfoDomain(locationId=e37e30dc-01d6-429d-abbf-731d5d8a9973, serviceCode=KITCHEN, endpointAppId=72984924-0a8b-4980-a493-8eed44b09a25, installedAppId=1cc91029-6eae-4e79-836f-8ff7b6788d66, serviceDevices=[], displayName=Food, description=Get personalized recipes and meal plans that you can use with your new oven., appIconUrl=https://montage-contents-acpt.samsungiots.com/contents/03895f91-b587-37b6-b8dd-94bd941d7a72/app/Food_service.png, cardBgImageUrl=https://montage-contents-acpt.samsungiots.com/contents/03895f91-b587-37b6-b8dd-94bd941d7a72/app/sc_aos.png, servicePlugins=[ServicePlugin(type=PPK, uri=wwst://com.samsung.kics, storeLink=null, additionalData={}), ServicePlugin(type=UNKNOWN, uri={SERVER_URL}/plugin_cooking/v1/index.html, storeLink=null, additionalData={})], principalType=LOCATION, permissions=[WRITE_INSTALLED_APPS, DELETE_INSTALLED_APPS], additionalData={UNKNOWN=["w:installedapps","d:installedapps"], SUPPORT_CHILD_ACCOUNT=false, INDOOR_MAP_ADDRESS_ID=null, CARD_ORDER=1, SERVICE_GROUP=HomeLife, FORCE_INSTALLED_CARD=false, DASHBOARD_CARD_ENABLED=true}, supportedVersion={galaxyOneUIOnly=false}), ServiceInfoDomain(locationId=e37e30dc-01d6-429d-abbf-731d5d8a9973, serviceCode=HCW, endpointAppId=adbb3797-219d-4879-b877-c78505db16cb, installedAppId=8087e2c6-d4a6-4c97-92d9-488677743086, serviceDevices=[ServiceDevice(deviceId=f53ed16b-2899-43e0-282c-dbefe195cb37, displayName=세탁기, createdTime=1769660731000)], displayName=Home Care, description=Keep your home appliances in top condition., appIconUrl=https://montage-contents-acpt.samsungiots.com/contents/03895f91-b587-37b6-b8dd-94bd941d7a72/app/SmartThingsHCM.png, cardBgImageUrl=https://montage-contents-acpt.samsungiots.com/contents/03895f91-b587-37b6-b8dd-94bd941d7a72/app/img_promotion_homecare_2022.png, servicePlugins=[ServicePlugin(type=PPK, uri=wwst://com.samsung.hcw, storeLink=null, additionalData={}), ServicePlugin(type=UNKNOWN, uri={SERVER_URL}/plugin_hcw/v1/index.html, storeLink=null, additionalData={})], principalType=LOCATION, permissions=[WRITE_INSTALLED_APPS, DELETE_INSTALLED_APPS], additionalData={UNKNOWN=["w:installedapps","d:installedapps"], SUPPORT_CHILD_ACCOUNT=true, INDOOR_MAP_ADDRESS_ID=null, CARD_ORDER=6, FORCE_INSTALLED_CARD=false, DASHBOARD_CARD_ENABLED=true}, supportedVersion={galaxyOneUIOnly=false}), ServiceInfoDomain(locationId=e37e30dc-01d6-429d-abbf-731d5d8a9973, serviceCode=PUBLIC_DR, endpointAppId=4b47c998-520d-4946-974c-977564b2183c, installedAppId=783b1314-2ccb-443e-8e21-21a745aa7a00, serviceDevices=[ServiceDevice(deviceId=3523afe6-60e1-bdfe-9ce7-720c2746ab43, displayName=65" OLED, createdTime=1769659607000), ServiceDevice(deviceId=f53ed16b-2899-43e0-282c-dbefe195cb37, displayName=세탁기, createdTime=1769660731000)], displayName=Energy, description=Monitor and control the energy usage of your devices., appIconUrl=https://montage-contents-acpt.samsungiots.com/contents/03895f91-b587-37b6-b8dd-94bd941d7a72/apps/icon_updated.png, cardBgImageUrl=https://montage-contents-acpt.samsungiots.com/contents/03895f91-b587-37b6-b8dd-94bd941d7a72/apps/img_promo111.png, servicePlugins=[ServicePlugin(type=PPK, uri=wwst://com.samsung.android.plugin.PublicSmartEnergyPlugin, storeLink=null, additionalData={}), ServicePlugin(type=UNKNOWN, uri={SERVER_URL}/plugin_energy/v1/index.html, storeLink=null, additionalData={})], principalType=LOCATION, permissions=[WRITE_INSTALLED_APPS, DELETE_INSTALLED_APPS], additionalData={UNKNOWN=["w:installedapps","d:installedapps"], SUPPORT_CHILD_ACCOUNT=true, INDOOR_MAP_ADDRESS_ID=null, CARD_ORDER=2, FORCE_INSTALLED_CARD=false, DASHBOARD_CARD_ENABLED=true}, supportedVersion={galaxyOneUIOnly=false}), ServiceInfoDomain(locationId=e37e30dc-01d6-429d-abbf-731d5d8a9973, serviceCode=ST_PET, endpointAppId=64d6920c-6019-4909-93a9-b99aca2f053c, installedAppId=d5c0d551-ee0d-4c52-8651-2a6efb2ac262, serviceDevices=[], displayName=Pet Care, description=Care for your furry friend even when you're not 
04-05 19:16:56.613 D/[+0900]oneconnect[1.8.45.11_01][CORE]( 9893): BleParserForVD.parseTvPacket - |name:($)-[(26)|deviceType:TV|discoverType:_BLE|services:_TvSoundToMobile|connected:false[TvStatusString]POWER_ON[TvStatus]1[TvService]111[TvMirrorChannel]153[TvRegisteredDB][98, -106, 45, -14, -105, 126][TvYear]2016[TvOcfInfo]0[TvAcmStatus]0[ExTvStatus]0[ExtendedStatus]-1[ModuloSn]-1
04-05 19:16:56.614 D/[+0900]oneconnect[1.8.45.11_01][MAIN_UI](10006): MusicSyncContextConditionResolver.clearAndAddAll - musicSyncContexts: []
04-05 19:16:56.614 D/[+0900]oneconnect[1.8.45.11_01][MAIN_UI](10006): MediaPlayContextConditionResolver.clearAndAddAll - contentType: UNKNOWN
04-05 19:16:56.614 D/[+0900]oneconnect[1.8.45.11_01][MAIN_UI](10006): SleepReportConditionResolver.clearAndAddAll - sleepSettingDomains: []
04-05 19:16:56.614 I/[+0900]oneconnect[1.8.45.11_01][MAIN_UI](10006): ChildAccount.isChildAccountSupported - providerVersion=1.7
04-05 19:16:56.614 I/[+0900]oneconnect[1.8.45.11_01][CORE]( 9893): DataConvert.parseBleVd - deviceBle : |name:($)-[(26)|deviceType:TV|discoverType:_BLE|services:_TvSoundToMobile|connected:false[TvStatusString]POWER_ON[TvStatus]1[TvService]111[TvMirrorChannel]153[TvRegisteredDB][98, -106, 45, -14, -105, 126][TvYear]2016[TvOcfInfo]0[TvAcmStatus]0[ExTvStatus]0[ExtendedStatus]-1[ModuloSn]-1
04-05 19:16:56.614 I/ActivityManager( 2531): Changes in 10121 8 to 3, 0 to 16
04-05 19:16:56.615 I/SamsungAccount(12029): [AccountManagerProvider] isChildAccount
04-05 19:16:56.616 I/SamsungAccount(12029): [AccountManagerProvider] Calling package : android.oneconnect.
04-05 19:16:56.616 D/Navbar.Store( 3535): --------handleEvent(0) OnUpdateRemoteViewContainer(rotation=0, leftContainer=android.widget.LinearLayout{f7e4a3d I.E...... ......I. 0,0-0,0 #7f0a0624 app:id/left_remoteview}, rightContainer=android.widget.LinearLayout{99c7100 I.E...... ......I. 0,0-0,0 #7f0a09df app:id/right_remoteview}, contextualButtonVisible=true, darkIntensity=1.0, displayId=0) [Module] SamsungNavigationBarView
04-05 19:16:56.617 D/Navbar.Store( 3535): ----------[Band]REMOTE_VIEW_PACK_SET_REMOTEVIEW_CONTAINER
04-05 19:16:56.617 D/Navbar.Store( 3535): ------------apply(0) NavBarStoreAction$UpdateRemoteViewContainer
04-05 19:16:56.617 D/Navbar.Store( 3535): ------------apply(0) NavBarStoreAction$UpdateRemoteViewDarkIntensity
04-05 19:16:56.617 D/Navbar.Store( 3535): --------handleEvent(1) OnUpdateRemoteViewContainer(rotation=0, leftContainer=android.widget.LinearLayout{f7e4a3d I.E...... ......I. 0,0-0,0 #7f0a0624 app:id/left_remoteview}, rightContainer=android.widget.LinearLayout{99c7100 I.E...... ......I. 0,0-0,0 #7f0a09df app:id/right_remoteview}, contextualButtonVisible=true, darkIntensity=1.0, displayId=0) [Module] SamsungNavigationBarView
04-05 19:16:56.617 D/NavBarView( 3535): disableBack=false (useAltBack=false, handlingGestures=false, disabledFlagBack=false, isBottomGesture=false, isImeRenderingNavButtons=false)
04-05 19:16:56.617 D/Navbar.Store( 3535): ----handleEvent(0) OnUpdateSysUiStateFlag(noArguments=true) [Module] SamsungNavigationBarView
04-05 19:16:56.617 D/Navbar.Store( 3535): ------[Band]GESTURE_PACK_UPDATE_SYSTEMUI_STATE_FLAG
04-05 19:16:56.617 D/Navbar.Store( 3535): ------[Band] (afterAction) GESTURE_PACK_UPDATE_SYSTEMUI_STATE_FLAG
04-05 19:16:56.617 D/HoneySpace.TISBinder( 4205): onActiveNavBarRegionChanges: Not yet implemented
04-05 19:16:56.617 D/SecVolume.VolumePanelStore( 3535): dispatch [ACTION_ACCESSIBILITY_MODE_CHANGED with [STATE_UPDATE], currentAction={isFromOutside : true}, currentState={activeStream=10(vol=1), stream=10(vol=1) } isHasVibrator : true, isMediaDefaultEnabled : true, isShowA11yStream : true, isConfigurationChanged : true, isSetupWizardComplete : true, isVoiceCapable : true, timeOutControls : 10000, cutoutHeight : 71, stream : 10, earProtectLevel : 909, iconTargetState : 2, ringerModeInternal : 2, activeStream : 10, iconCurrentState : 2, timeOutControlsText : 10000, pinDevice : 0, timeOut : 10000, systemTimeNow : 1165574968}
04-05 19:16:56.617 D/SecVolume.VolumePanelStore( 3535):   > New State : [STATE_NO_DISPATCH]
04-05 19:16:56.617 D/Navbar.Store( 3535): ----handleEvent(0) OnUpdateRemoteViewContainer(rotation=0, leftContainer=android.widget.LinearLayout{f7e4a3d I.E...... ......I. 0,0-0,0 #7f0a0624 app:id/left_remoteview}, rightContainer=android.widget.LinearLayout{99c7100 I.E...... ......I. 0,0-0,0 #7f0a09df app:id/right_remoteview}, contextualButtonVisible=true, darkIntensity=1.0, displayId=0) [Module] SamsungNavigationBarView
04-05 19:16:56.617 D/Navbar.Store( 3535): ------[Band]REMOTE_VIEW_PACK_SET_REMOTEVIEW_CONTAINER
04-05 19:16:56.617 D/Navbar.Store( 3535): --------apply(0) NavBarStoreAction$UpdateRemoteViewContainer
04-05 19:16:56.617 D/Navbar.Store( 3535): --------apply(0) NavBarStoreAction$UpdateRemoteViewDarkIntensity
04-05 19:16:56.617 D/Navbar.Store( 3535): ----handleEvent(1) OnUpdateRemoteViewContainer(rotation=0, leftContainer=android.widget.LinearLayout{f7e4a3d I.E...... ......I. 0,0-0,0 #7f0a0624 app:id/left_remoteview}, rightContainer=android.widget.LinearLayout{99c7100 I.E...... ......I. 0,0-0,0 #7f0a09df app:id/right_remoteview}, contextualButtonVisible=true, darkIntensity=1.0, displayId=0) [Module] SamsungNavigationBarView
04-05 19:16:56.617 D/Navbar.Store( 3535): handleEvent(0) OnNavBarUpdateA11YService(clickable=true, longClickable=true) [Module] NavigationBar
04-05 19:16:56.617 D/Navbar.Store( 3535): --[Band]SETUPWIZARD_PACK_UPDATE_A11Y_SERVICE
04-05 19:16:56.617 D/Navbar.Store( 3535): handleEvent(0) OnButtonOrderChanged(noArguments=true) [Module] NavigationBar
